<?xml version='1.0' encoding='UTF-8'?>
<hotspot_log version='160 1' process='6017' time_ms='1462186596133'>
<vm_version>
<name>
Java HotSpot(TM) 64-Bit Server VM
</name>
<release>
25.73-b02
</release>
<info>
Java HotSpot(TM) 64-Bit Server VM (25.73-b02) for bsd-amd64 JRE (1.8.0_73-b02), built on Jan 29 2016 15:02:00 by &quot;java_re&quot; with gcc 4.2.1 (Based on Apple Inc. build 5658) (LLVM build 2336.11.00)
</info>
</vm_version>
<vm_arguments>
<args>
-Xmx50m -Xms50m -XX:+UseConcMarkSweepGC -XX:+UnlockDiagnosticVMOptions -XX:+PrintGCDetails -XX:+LogVMOutput 
</args>
<command>
dacapo-9.12-bach.jar tradesoap -n 5
</command>
<launcher>
SUN_STANDARD
</launcher>
<properties>
java.vm.specification.name=Java Virtual Machine Specification
java.vm.version=25.73-b02
java.vm.name=Java HotSpot(TM) 64-Bit Server VM
java.vm.info=mixed mode, sharing
java.ext.dirs=/Users/deNsuh/Library/Java/Extensions:/Library/Java/JavaVirtualMachines/jdk1.8.0_73.jdk/Contents/Home/jre/lib/ext:/Library/Java/Extensions:/Network/Library/Java/Extensions:/System/Library/Java/Extensions:/usr/lib/java
java.endorsed.dirs=/Library/Java/JavaVirtualMachines/jdk1.8.0_73.jdk/Contents/Home/jre/lib/endorsed
sun.boot.library.path=/Library/Java/JavaVirtualMachines/jdk1.8.0_73.jdk/Contents/Home/jre/lib
java.library.path=/Users/deNsuh/Library/Java/Extensions:/Library/Java/Extensions:/Network/Library/Java/Extensions:/System/Library/Java/Extensions:/usr/lib/java:.
java.home=/Library/Java/JavaVirtualMachines/jdk1.8.0_73.jdk/Contents/Home/jre
java.class.path=dacapo-9.12-bach.jar
sun.boot.class.path=/Library/Java/JavaVirtualMachines/jdk1.8.0_73.jdk/Contents/Home/jre/lib/resources.jar:/Library/Java/JavaVirtualMachines/jdk1.8.0_73.jdk/Contents/Home/jre/lib/rt.jar:/Library/Java/JavaVirtualMachines/jdk1.8.0_73.jdk/Contents/Home/jre/lib/sunrsasign.jar:/Library/Java/JavaVirtualMachines/jdk1.8.0_73.jdk/Contents/Home/jre/lib/jsse.jar:/Library/Java/JavaVirtualMachines/jdk1.8.0_73.jdk/Contents/Home/jre/lib/jce.jar:/Library/Java/JavaVirtualMachines/jdk1.8.0_73.jdk/Contents/Home/jre/lib/charsets.jar:/Library/Java/JavaVirtualMachines/jdk1.8.0_73.jdk/Contents/Home/jre/lib/jfr.jar:/Library/Java/JavaVirtualMachines/jdk1.8.0_73.jdk/Contents/Home/jre/classes
java.vm.specification.vendor=Oracle Corporation
java.vm.specification.version=1.8
java.vm.vendor=Oracle Corporation
sun.java.command=dacapo-9.12-bach.jar tradesoap -n 5
sun.java.launcher=SUN_STANDARD
</properties>
</vm_arguments>
<tty>
<blob name='MethodHandlesAdapterBlob' size='32000'>
<sect index='1' size='32000' free='31628'/>
</blob>
<writer thread='5891'/>
<dependency_failed type='leaf_type' ctxk='java/util/zip/CRC32' witness='sun/util/calendar/ZoneInfoFile$Checksum' stamp='1.920'/>
<dependency_failed type='leaf_type' ctxk='java/util/zip/CRC32' witness='sun/util/calendar/ZoneInfoFile$Checksum' stamp='1.920'/>
<dependency_failed type='leaf_type' ctxk='java/util/zip/CRC32' witness='sun/util/calendar/ZoneInfoFile$Checksum' stamp='1.920'/>
<writer thread='11779'/>
[GC (Allocation Failure) [ParNew: 13696K-&gt;1663K(15360K), 0.0037433 secs] 13696K-&gt;2112K(49536K), 0.0038528 secs] [Times: user=0.00 sys=0.00, real=0.00 secs] 
<writer thread='5891'/>
<dependency_failed type='unique_concrete_method' ctxk='java/io/DataInput' x='java/io/DataInputStream readUnsignedShort ()I' witness='java/io/DataInput' stamp='2.026'/>
<writer thread='11779'/>
[GC (Allocation Failure) [ParNew: 15359K-&gt;1663K(15360K), 0.0074919 secs] 15808K-&gt;4427K(49536K), 0.0075548 secs] [Times: user=0.02 sys=0.00, real=0.01 secs] 
<writer thread='5891'/>
<dependency_failed type='leaf_type' ctxk='java/util/ArrayList' witness='com/sun/istack/FinalArrayList' stamp='2.455'/>
<dependency_failed type='leaf_type' ctxk='java/util/ArrayList' witness='com/sun/istack/FinalArrayList' stamp='2.455'/>
<dependency_failed type='leaf_type' ctxk='java/util/ArrayList' witness='com/sun/istack/FinalArrayList' stamp='2.455'/>
<dependency_failed type='leaf_type' ctxk='java/util/ArrayList' witness='com/sun/istack/FinalArrayList' stamp='2.455'/>
<dependency_failed type='leaf_type' ctxk='java/util/ArrayList' witness='com/sun/istack/FinalArrayList' stamp='2.455'/>
<dependency_failed type='leaf_type' ctxk='java/util/ArrayList' witness='com/sun/istack/FinalArrayList' stamp='2.455'/>
<dependency_failed type='leaf_type' ctxk='java/util/ArrayList' witness='com/sun/istack/FinalArrayList' stamp='2.455'/>
<dependency_failed type='leaf_type' ctxk='java/util/ArrayList' witness='com/sun/istack/FinalArrayList' stamp='2.455'/>
<dependency_failed type='leaf_type' ctxk='java/util/ArrayList' witness='com/sun/istack/FinalArrayList' stamp='2.455'/>
<dependency_failed type='leaf_type' ctxk='java/util/ArrayList' witness='com/sun/istack/FinalArrayList' stamp='2.455'/>
<dependency_failed type='leaf_type' ctxk='java/lang/ThreadLocal' witness='com/sun/xml/bind/v2/ClassFactory$1' stamp='2.589'/>
<dependency_failed type='leaf_type' ctxk='java/lang/ThreadLocal' witness='com/sun/xml/bind/v2/ClassFactory$1' stamp='2.589'/>
<dependency_failed type='leaf_type' ctxk='java/lang/ThreadLocal' witness='com/sun/xml/bind/v2/ClassFactory$1' stamp='2.589'/>
<writer thread='11779'/>
[GC (Allocation Failure) [ParNew: 15359K-&gt;1663K(15360K), 0.0051518 secs] 18123K-&gt;5955K(49536K), 0.0052455 secs] [Times: user=0.01 sys=0.00, real=0.01 secs] 
<writer thread='5891'/>
<dependency_failed type='unique_concrete_method' ctxk='java/lang/Exception' x='java/lang/Throwable fillInStackTrace ()Ljava/lang/Throwable;' witness='com/sun/org/apache/xerces/internal/impl/XMLEntityScanner$1' stamp='2.845'/>
<dependency_failed type='unique_concrete_method' ctxk='java/lang/Throwable' x='java/lang/Throwable fillInStackTrace ()Ljava/lang/Throwable;' witness='com/sun/org/apache/xerces/internal/impl/XMLEntityScanner$1' stamp='2.845'/>
<dependency_failed type='unique_concrete_method' ctxk='java/lang/Throwable' x='java/lang/Throwable fillInStackTrace ()Ljava/lang/Throwable;' witness='com/sun/org/apache/xerces/internal/impl/XMLEntityScanner$1' stamp='2.845'/>
<writer thread='11779'/>
[GC (Allocation Failure) [ParNew: 15359K-&gt;1664K(15360K), 0.0144227 secs] 19651K-&gt;6832K(49536K), 0.0144946 secs] [Times: user=0.05 sys=0.00, real=0.02 secs] 
<writer thread='21511'/>
<dependency_failed type='unique_concrete_method' ctxk='java/net/URLStreamHandler' x='java/net/URLStreamHandler getDefaultPort ()I' witness='sun/net/www/protocol/http/Handler' stamp='3.154'/>
<dependency_failed type='leaf_type' ctxk='java/io/BufferedReader' witness='java/io/LineNumberReader' stamp='3.243'/>
<dependency_failed type='unique_concrete_method' ctxk='java/lang/ThreadLocal' x='java/lang/ThreadLocal getMap (Ljava/lang/Thread;)Ljava/lang/ThreadLocal$ThreadLocalMap;' witness='java/lang/InheritableThreadLocal' stamp='3.264'/>
<dependency_failed type='leaf_type' ctxk='java/util/Properties' witness='java/security/Provider' stamp='3.267'/>
<dependency_failed type='leaf_type' ctxk='java/util/Properties' witness='java/security/Provider' stamp='3.267'/>
<dependency_failed type='leaf_type' ctxk='java/util/ArrayList$Itr' witness='java/util/ArrayList$ListItr' stamp='3.343'/>
<dependency_failed type='leaf_type' ctxk='java/util/ArrayList$Itr' witness='java/util/ArrayList$ListItr' stamp='3.343'/>
<dependency_failed type='leaf_type' ctxk='java/util/ArrayList$Itr' witness='java/util/ArrayList$ListItr' stamp='3.343'/>
<writer thread='11779'/>
[GC (Allocation Failure) [ParNew: 15360K-&gt;1663K(15360K), 0.0070877 secs] 20528K-&gt;9190K(49536K), 0.0071818 secs] [Times: user=0.03 sys=0.00, real=0.01 secs] 
[GC (Allocation Failure) [ParNew: 15359K-&gt;1664K(15360K), 0.0111574 secs] 22886K-&gt;10863K(49536K), 0.0112424 secs] [Times: user=0.03 sys=0.01, real=0.01 secs] 
[GC (Allocation Failure) [ParNew: 15360K-&gt;1258K(15360K), 0.0034175 secs] 24559K-&gt;10791K(49536K), 0.0034946 secs] [Times: user=0.01 sys=0.00, real=0.00 secs] 
[GC (Allocation Failure) [ParNew: 14954K-&gt;1664K(15360K), 0.0032343 secs] 24487K-&gt;11513K(49536K), 0.0033164 secs] [Times: user=0.01 sys=0.00, real=0.00 secs] 
[GC (Allocation Failure) [ParNew: 15360K-&gt;1307K(15360K), 0.0062517 secs] 25209K-&gt;11571K(49536K), 0.0063278 secs] [Times: user=0.01 sys=0.00, real=0.00 secs] 
[GC (Allocation Failure) [ParNew: 15003K-&gt;1664K(15360K), 0.0054931 secs] 25267K-&gt;13012K(49536K), 0.0055757 secs] [Times: user=0.02 sys=0.00, real=0.00 secs] 
[GC (Allocation Failure) [ParNew: 15360K-&gt;1663K(15360K), 0.0065532 secs] 26708K-&gt;14840K(49536K), 0.0066311 secs] [Times: user=0.02 sys=0.00, real=0.01 secs] 
[GC (Allocation Failure) [ParNew: 15359K-&gt;1500K(15360K), 0.0047893 secs] 28536K-&gt;15308K(49536K), 0.0048748 secs] [Times: user=0.02 sys=0.00, real=0.00 secs] 
[GC (CMS Initial Mark) [1 CMS-initial-mark: 13808K(34176K)] 15387K(49536K), 0.0014616 secs] [Times: user=0.00 sys=0.00, real=0.00 secs] 
<writer thread='11267'/>
[CMS-concurrent-mark-start]
[CMS-concurrent-mark: 0.018/0.018 secs] [Times: user=0.07 sys=0.00, real=0.02 secs] 
[CMS-concurrent-preclean-start]
[CMS-concurrent-preclean: 0.001/0.001 secs] [Times: user=0.00 sys=0.00, real=0.00 secs] 
[CMS-concurrent-abortable-preclean-start]
<writer thread='5891'/>
<dependency_failed type='leaf_type' ctxk='java/security/cert/Certificate' witness='java/security/cert/X509Certificate' stamp='5.298'/>
<dependency_failed type='leaf_type' ctxk='java/security/cert/Certificate' witness='java/security/cert/X509Certificate' stamp='5.298'/>
<writer thread='11779'/>
[GC (Allocation Failure) [ParNew: 15196K-&gt;1664K(15360K), 0.0056586 secs] 29004K-&gt;16563K(49536K), 0.0057377 secs] [Times: user=0.02 sys=0.00, real=0.01 secs] 
<writer thread='21511'/>
<dependency_failed type='unique_concrete_method' ctxk='java/util/ArrayList' x='java/util/ArrayList add (Ljava/lang/Object;)Z' witness='javax/management/AttributeList' stamp='5.431'/>
<writer thread='18435'/>
<dependency_failed type='unique_concrete_method' ctxk='java/util/ArrayList' x='java/util/ArrayList add (Ljava/lang/Object;)Z' witness='javax/management/AttributeList' stamp='5.435'/>
<writer thread='18947'/>
<dependency_failed type='unique_concrete_method' ctxk='java/util/ArrayList' x='java/util/ArrayList add (Ljava/lang/Object;)Z' witness='javax/management/AttributeList' stamp='5.445'/>
<writer thread='21511'/>
<dependency_failed type='leaf_type' ctxk='java/io/FileOutputStream' witness='java/net/SocketOutputStream' stamp='5.481'/>
<dependency_failed type='leaf_type' ctxk='java/io/FileOutputStream' witness='java/net/SocketOutputStream' stamp='5.481'/>
<dependency_failed type='leaf_type' ctxk='java/io/FileOutputStream' witness='java/net/SocketOutputStream' stamp='5.481'/>
<dependency_failed type='leaf_type' ctxk='java/io/FileOutputStream' witness='java/net/SocketOutputStream' stamp='5.481'/>
<dependency_failed type='leaf_type' ctxk='java/io/FileOutputStream' witness='java/net/SocketOutputStream' stamp='5.481'/>
<writer thread='11267'/>
[CMS-concurrent-abortable-preclean: 0.159/0.265 secs] [Times: user=0.85 sys=0.04, real=0.26 secs] 
<writer thread='11779'/>
[GC (CMS Final Remark) [YG occupancy: 8647 K (15360 K)][Rescan (parallel) , 0.0026679 secs][weak refs processing, 0.0000594 secs][class unloading, 0.0051505 secs][scrub symbol table, 0.0042439 secs][scrub string table, 0.0006952 secs][1 CMS-remark: 14899K(34176K)] 23547K(49536K), 0.0139466 secs] [Times: user=0.02 sys=0.00, real=0.01 secs] 
<writer thread='11267'/>
[CMS-concurrent-sweep-start]
<writer thread='21511'/>
<dependency_failed type='leaf_type' ctxk='java/io/FileInputStream' witness='java/net/SocketInputStream' stamp='5.498'/>
<dependency_failed type='leaf_type' ctxk='java/io/FileInputStream' witness='java/net/SocketInputStream' stamp='5.498'/>
<dependency_failed type='leaf_type' ctxk='java/io/FileInputStream' witness='java/net/SocketInputStream' stamp='5.498'/>
<dependency_failed type='leaf_type' ctxk='java/io/FileInputStream' witness='java/net/SocketInputStream' stamp='5.498'/>
<dependency_failed type='leaf_type' ctxk='java/io/FileInputStream' witness='java/net/SocketInputStream' stamp='5.498'/>
<writer thread='11267'/>
[CMS-concurrent-sweep: 0.008/0.009 secs] [Times: user=0.03 sys=0.00, real=0.00 secs] 
[CMS-concurrent-reset-start]
[CMS-concurrent-reset: 0.000/0.000 secs] [Times: user=0.00 sys=0.00, real=0.00 secs] 
<writer thread='5891'/>
<dependency_failed type='leaf_type' ctxk='java/io/ByteArrayInputStream' witness='sun/security/util/DerInputBuffer' stamp='5.591'/>
<dependency_failed type='unique_concrete_method' ctxk='sun/nio/cs/ArrayDecoder' x='sun/nio/cs/UTF_8$Decoder decode ([BII[C)I' witness='sun/nio/cs/ArrayDecoder' stamp='5.631'/>
<dependency_failed type='unique_concrete_method' ctxk='sun/nio/cs/ArrayDecoder' x='sun/nio/cs/UTF_8$Decoder decode ([BII[C)I' witness='sun/nio/cs/ArrayDecoder' stamp='5.631'/>
<writer thread='11779'/>
[GC (Allocation Failure) [ParNew: 15360K-&gt;1664K(15360K), 0.0053925 secs] 24574K-&gt;12171K(49536K), 0.0054884 secs] [Times: user=0.02 sys=0.00, real=0.00 secs] 
<writer thread='5891'/>
<dependency_failed type='abstract_with_unique_concrete_subtype' ctxk='java/nio/charset/CharsetEncoder' x='sun/nio/cs/UTF_8$Encoder' witness='sun/nio/cs/ISO_8859_1$Encoder' stamp='5.666'/>
<dependency_failed type='abstract_with_unique_concrete_subtype' ctxk='java/nio/charset/CharsetEncoder' x='sun/nio/cs/UTF_8$Encoder' witness='sun/nio/cs/ISO_8859_1$Encoder' stamp='5.666'/>
<dependency_failed type='abstract_with_unique_concrete_subtype' ctxk='java/nio/charset/CharsetEncoder' x='sun/nio/cs/UTF_8$Encoder' witness='sun/nio/cs/ISO_8859_1$Encoder' stamp='5.666'/>
<dependency_failed type='unique_concrete_method' ctxk='sun/nio/cs/ArrayEncoder' x='sun/nio/cs/UTF_8$Encoder encode ([CII[B)I' witness='sun/nio/cs/ArrayEncoder' stamp='5.666'/>
<dependency_failed type='no_finalizable_subclasses' ctxk='java/util/Hashtable' witness='sun/security/ssl/SunJSSE' stamp='5.724'/>
<dependency_failed type='no_finalizable_subclasses' ctxk='java/util/Dictionary' witness='sun/security/ssl/SunJSSE' stamp='5.724'/>
<writer thread='11779'/>
[GC (Allocation Failure) [ParNew: 15360K-&gt;1663K(15360K), 0.0066605 secs] 25867K-&gt;14127K(49536K), 0.0067463 secs] [Times: user=0.02 sys=0.00, real=0.01 secs] 
[GC (Allocation Failure) [ParNew: 15354K-&gt;1664K(15360K), 0.0049234 secs] 27817K-&gt;15610K(49536K), 0.0050081 secs] [Times: user=0.02 sys=0.00, real=0.01 secs] 
<writer thread='21511'/>
<dependency_failed type='unique_concrete_method' ctxk='java/util/zip/ZipInputStream' x='java/util/zip/ZipInputStream read ([BII)I' witness='java/util/jar/JarInputStream' stamp='6.052'/>
<dependency_failed type='leaf_type' ctxk='java/util/zip/ZipInputStream' witness='java/util/jar/JarInputStream' stamp='6.052'/>
<writer thread='11779'/>
[GC (Allocation Failure) [ParNew: 15360K-&gt;1663K(15360K), 0.0034522 secs] 29306K-&gt;16142K(49536K), 0.0035387 secs] [Times: user=0.02 sys=0.00, real=0.00 secs] 
<writer thread='28163'/>
<dependency_failed type='leaf_type' ctxk='java/util/Date' witness='java/sql/Date' stamp='6.102'/>
<dependency_failed type='leaf_type' ctxk='java/util/Date' witness='java/sql/Date' stamp='6.102'/>
<dependency_failed type='leaf_type' ctxk='java/math/BigInteger' witness='org/apache/axis/types/NonPositiveInteger' stamp='6.123'/>
<dependency_failed type='leaf_type' ctxk='java/math/BigInteger' witness='org/apache/axis/types/NonPositiveInteger' stamp='6.123'/>
<writer thread='11779'/>
[GC (Allocation Failure) [ParNew: 15359K-&gt;1636K(15360K), 0.0039979 secs] 29838K-&gt;17074K(49536K), 0.0040829 secs] [Times: user=0.02 sys=0.00, real=0.01 secs] 
[GC (Allocation Failure) [ParNew: 15332K-&gt;1085K(15360K), 0.0033650 secs] 30770K-&gt;17095K(49536K), 0.0034545 secs] [Times: user=0.01 sys=0.00, real=0.00 secs] 
<writer thread='21511'/>
<dependency_failed type='unique_concrete_method' ctxk='java/util/HashMap' x='java/util/HashMap put (Ljava/lang/Object;Ljava/lang/Object;)Ljava/lang/Object;' witness='org/mortbay/jetty/servlet/PathMap' stamp='6.371'/>
<dependency_failed type='unique_concrete_method' ctxk='java/util/HashMap' x='java/util/HashMap put (Ljava/lang/Object;Ljava/lang/Object;)Ljava/lang/Object;' witness='org/mortbay/jetty/servlet/PathMap' stamp='6.371'/>
<dependency_failed type='unique_concrete_method' ctxk='java/util/HashMap' x='java/util/HashMap put (Ljava/lang/Object;Ljava/lang/Object;)Ljava/lang/Object;' witness='org/mortbay/jetty/servlet/PathMap' stamp='6.371'/>
<dependency_failed type='unique_concrete_method' ctxk='java/util/HashMap' x='java/util/HashMap put (Ljava/lang/Object;Ljava/lang/Object;)Ljava/lang/Object;' witness='org/mortbay/jetty/servlet/PathMap' stamp='6.371'/>
<dependency_failed type='unique_concrete_method' ctxk='java/util/HashMap' x='java/util/HashMap put (Ljava/lang/Object;Ljava/lang/Object;)Ljava/lang/Object;' witness='org/mortbay/jetty/servlet/PathMap' stamp='6.371'/>
<dependency_failed type='unique_concrete_method' ctxk='java/util/HashMap' x='java/util/HashMap put (Ljava/lang/Object;Ljava/lang/Object;)Ljava/lang/Object;' witness='org/mortbay/jetty/servlet/PathMap' stamp='6.371'/>
<dependency_failed type='unique_concrete_method' ctxk='java/util/HashMap' x='java/util/HashMap put (Ljava/lang/Object;Ljava/lang/Object;)Ljava/lang/Object;' witness='org/mortbay/jetty/servlet/PathMap' stamp='6.371'/>
<dependency_failed type='unique_concrete_method' ctxk='java/util/HashMap' x='java/util/HashMap put (Ljava/lang/Object;Ljava/lang/Object;)Ljava/lang/Object;' witness='org/mortbay/jetty/servlet/PathMap' stamp='6.371'/>
<dependency_failed type='unique_concrete_method' ctxk='java/util/HashMap' x='java/util/HashMap put (Ljava/lang/Object;Ljava/lang/Object;)Ljava/lang/Object;' witness='org/mortbay/jetty/servlet/PathMap' stamp='6.371'/>
<dependency_failed type='unique_concrete_method' ctxk='java/util/HashMap' x='java/util/HashMap put (Ljava/lang/Object;Ljava/lang/Object;)Ljava/lang/Object;' witness='org/mortbay/jetty/servlet/PathMap' stamp='6.371'/>
<dependency_failed type='unique_concrete_method' ctxk='java/util/HashMap' x='java/util/HashMap put (Ljava/lang/Object;Ljava/lang/Object;)Ljava/lang/Object;' witness='org/mortbay/jetty/servlet/PathMap' stamp='6.371'/>
<dependency_failed type='unique_concrete_method' ctxk='java/util/HashMap' x='java/util/HashMap put (Ljava/lang/Object;Ljava/lang/Object;)Ljava/lang/Object;' witness='org/mortbay/jetty/servlet/PathMap' stamp='6.371'/>
<dependency_failed type='unique_concrete_method' ctxk='java/util/HashMap' x='java/util/HashMap put (Ljava/lang/Object;Ljava/lang/Object;)Ljava/lang/Object;' witness='org/mortbay/jetty/servlet/PathMap' stamp='6.371'/>
<dependency_failed type='unique_concrete_method' ctxk='java/util/HashMap' x='java/util/HashMap put (Ljava/lang/Object;Ljava/lang/Object;)Ljava/lang/Object;' witness='org/mortbay/jetty/servlet/PathMap' stamp='6.371'/>
<writer thread='11779'/>
[GC (Allocation Failure) [ParNew: 14781K-&gt;1342K(15360K), 0.0042244 secs] 30791K-&gt;17892K(49536K), 0.0043451 secs] [Times: user=0.02 sys=0.00, real=0.00 secs] 
<writer thread='31235'/>
<dependency_failed type='leaf_type' ctxk='java/util/StringTokenizer' witness='org/mortbay/util/QuotedStringTokenizer' stamp='6.484'/>
<dependency_failed type='leaf_type' ctxk='java/util/StringTokenizer' witness='org/mortbay/util/QuotedStringTokenizer' stamp='6.484'/>
<dependency_failed type='leaf_type' ctxk='java/util/StringTokenizer' witness='org/mortbay/util/QuotedStringTokenizer' stamp='6.484'/>
<dependency_failed type='leaf_type' ctxk='java/util/StringTokenizer' witness='org/mortbay/util/QuotedStringTokenizer' stamp='6.484'/>
<dependency_failed type='leaf_type' ctxk='java/util/StringTokenizer' witness='org/mortbay/util/QuotedStringTokenizer' stamp='6.484'/>
<dependency_failed type='leaf_type' ctxk='java/util/StringTokenizer' witness='org/mortbay/util/QuotedStringTokenizer' stamp='6.484'/>
<dependency_failed type='leaf_type' ctxk='java/util/StringTokenizer' witness='org/mortbay/util/QuotedStringTokenizer' stamp='6.484'/>
<dependency_failed type='leaf_type' ctxk='java/util/StringTokenizer' witness='org/mortbay/util/QuotedStringTokenizer' stamp='6.484'/>
<dependency_failed type='leaf_type' ctxk='java/util/StringTokenizer' witness='org/mortbay/util/QuotedStringTokenizer' stamp='6.484'/>
<dependency_failed type='leaf_type' ctxk='java/util/StringTokenizer' witness='org/mortbay/util/QuotedStringTokenizer' stamp='6.484'/>
<writer thread='21511'/>
<dependency_failed type='leaf_type' ctxk='java/util/Collections$SynchronizedMap' witness='java/util/Collections$SynchronizedSortedMap' stamp='6.597'/>
<dependency_failed type='unique_concrete_method' ctxk='java/io/ByteArrayOutputStream' x='java/io/ByteArrayOutputStream reset ()V' witness='sun/security/ssl/OutputRecord' stamp='6.677'/>
<dependency_failed type='unique_concrete_method' ctxk='java/util/jar/JarFile' x='java/util/jar/JarFile getJarEntry (Ljava/lang/String;)Ljava/util/jar/JarEntry;' witness='org/apache/geronimo/deployment/util/NestedJarFile' stamp='6.729'/>
<dependency_failed type='unique_concrete_method' ctxk='java/util/jar/JarFile' x='java/util/zip/ZipFile getName ()Ljava/lang/String;' witness='org/apache/geronimo/deployment/util/NestedJarFile' stamp='6.729'/>
<dependency_failed type='unique_concrete_method' ctxk='java/util/jar/JarFile' x='java/util/jar/JarFile getJarEntry (Ljava/lang/String;)Ljava/util/jar/JarEntry;' witness='org/apache/geronimo/deployment/util/NestedJarFile' stamp='6.729'/>
<dependency_failed type='unique_concrete_method' ctxk='java/util/jar/JarFile' x='java/util/jar/JarFile getJarEntry (Ljava/lang/String;)Ljava/util/jar/JarEntry;' witness='org/apache/geronimo/deployment/util/NestedJarFile' stamp='6.729'/>
<dependency_failed type='unique_concrete_method' ctxk='java/util/jar/JarFile' x='java/util/jar/JarFile getJarEntry (Ljava/lang/String;)Ljava/util/jar/JarEntry;' witness='org/apache/geronimo/deployment/util/NestedJarFile' stamp='6.729'/>
<dependency_failed type='unique_concrete_method' ctxk='java/util/jar/JarFile' x='java/util/zip/ZipFile getName ()Ljava/lang/String;' witness='org/apache/geronimo/deployment/util/NestedJarFile' stamp='6.729'/>
<dependency_failed type='unique_concrete_method' ctxk='java/util/jar/JarFile' x='java/util/jar/JarFile getInputStream (Ljava/util/zip/ZipEntry;)Ljava/io/InputStream;' witness='org/apache/geronimo/deployment/util/NestedJarFile' stamp='6.729'/>
<dependency_failed type='unique_concrete_method' ctxk='java/util/jar/JarFile' x='java/util/jar/JarFile getJarEntry (Ljava/lang/String;)Ljava/util/jar/JarEntry;' witness='org/apache/geronimo/deployment/util/NestedJarFile' stamp='6.729'/>
<writer thread='11779'/>
[GC (Allocation Failure) [ParNew: 15038K-&gt;1664K(15360K), 0.0038440 secs] 31588K-&gt;18704K(49536K), 0.0042325 secs] [Times: user=0.01 sys=0.00, real=0.00 secs] 
[GC (Allocation Failure) [ParNew: 15360K-&gt;1664K(15360K), 0.0049408 secs] 32400K-&gt;20247K(49536K), 0.0050676 secs] [Times: user=0.02 sys=0.00, real=0.01 secs] 
[GC (Allocation Failure) [ParNew: 15360K-&gt;1309K(15360K), 0.0038845 secs] 33943K-&gt;20994K(49536K), 0.0039982 secs] [Times: user=0.01 sys=0.01, real=0.01 secs] 
<writer thread='21511'/>
<dependency_failed type='unique_concrete_method' ctxk='java/util/Hashtable' x='java/util/Hashtable rehash ()V' witness='org/apache/juli/logging/impl/WeakHashtable' stamp='7.287'/>
<writer thread='11779'/>
[GC (Allocation Failure) [ParNew: 15005K-&gt;1513K(15360K), 0.0036615 secs] 34690K-&gt;21815K(49536K), 0.0037744 secs] [Times: user=0.01 sys=0.00, real=0.00 secs] 
[GC (Allocation Failure) [ParNew: 15209K-&gt;1027K(15360K), 0.0031414 secs] 35511K-&gt;21828K(49536K), 0.0032893 secs] [Times: user=0.01 sys=0.00, real=0.01 secs] 
[GC (Allocation Failure) [ParNew: 14723K-&gt;1458K(15360K), 0.0091727 secs] 35524K-&gt;22259K(49536K), 0.0093009 secs] [Times: user=0.02 sys=0.00, real=0.01 secs] 
[GC (Allocation Failure) [ParNew: 15154K-&gt;1664K(15360K), 0.0052090 secs] 35955K-&gt;23539K(49536K), 0.0053615 secs] [Times: user=0.02 sys=0.00, real=0.01 secs] 
[GC (Allocation Failure) [ParNew: 15360K-&gt;1664K(15360K), 0.0048297 secs] 37235K-&gt;24718K(49536K), 0.0049511 secs] [Times: user=0.02 sys=0.00, real=0.00 secs] 
<writer thread='21511'/>
<dependency_failed type='leaf_type' ctxk='javax/management/MBeanAttributeInfo' witness='javax/management/openmbean/OpenMBeanAttributeInfoSupport' stamp='8.067'/>
<dependency_failed type='leaf_type' ctxk='javax/management/MBeanAttributeInfo' witness='javax/management/openmbean/OpenMBeanAttributeInfoSupport' stamp='8.067'/>
<dependency_failed type='leaf_type' ctxk='javax/management/MBeanParameterInfo' witness='javax/management/openmbean/OpenMBeanParameterInfoSupport' stamp='8.107'/>
<dependency_failed type='leaf_type' ctxk='javax/management/MBeanParameterInfo' witness='javax/management/openmbean/OpenMBeanParameterInfoSupport' stamp='8.107'/>
<dependency_failed type='leaf_type' ctxk='javax/management/MBeanOperationInfo' witness='javax/management/openmbean/OpenMBeanOperationInfoSupport' stamp='8.109'/>
<dependency_failed type='leaf_type' ctxk='javax/management/MBeanOperationInfo' witness='javax/management/openmbean/OpenMBeanOperationInfoSupport' stamp='8.109'/>
<dependency_failed type='leaf_type' ctxk='java/io/File' witness='org/apache/derby/impl/io/DirFile' stamp='8.217'/>
<dependency_failed type='leaf_type' ctxk='java/io/File' witness='org/apache/derby/impl/io/DirFile' stamp='8.217'/>
<dependency_failed type='leaf_type' ctxk='java/io/File' witness='org/apache/derby/impl/io/DirFile' stamp='8.217'/>
<dependency_failed type='leaf_type' ctxk='java/io/File' witness='org/apache/derby/impl/io/DirFile' stamp='8.217'/>
<dependency_failed type='leaf_type' ctxk='java/io/File' witness='org/apache/derby/impl/io/DirFile' stamp='8.217'/>
<dependency_failed type='leaf_type' ctxk='java/io/File' witness='org/apache/derby/impl/io/DirFile' stamp='8.217'/>
<dependency_failed type='leaf_type' ctxk='java/io/File' witness='org/apache/derby/impl/io/DirFile' stamp='8.217'/>
<dependency_failed type='leaf_type' ctxk='java/io/File' witness='org/apache/derby/impl/io/DirFile' stamp='8.217'/>
<dependency_failed type='leaf_type' ctxk='java/io/File' witness='org/apache/derby/impl/io/DirFile' stamp='8.217'/>
<dependency_failed type='leaf_type' ctxk='java/io/File' witness='org/apache/derby/impl/io/DirFile' stamp='8.217'/>
<dependency_failed type='leaf_type' ctxk='java/io/File' witness='org/apache/derby/impl/io/DirFile' stamp='8.217'/>
<writer thread='11779'/>
[Full GC (System.gc()) [CMS: 23054K-&gt;21861K(34176K), 0.0910783 secs] 33304K-&gt;21861K(49536K), [Metaspace: 38848K-&gt;38848K(1085440K)], 0.0912142 secs] [Times: user=0.11 sys=0.00, real=0.09 secs] 
[GC (CMS Initial Mark) [1 CMS-initial-mark: 21861K(34176K)] 21861K(49536K), 0.0012321 secs] [Times: user=0.00 sys=0.00, real=0.01 secs] 
<writer thread='11267'/>
[CMS-concurrent-mark-start]
<writer thread='11779'/>
[Full GC (System.gc()) [CMS
<writer thread='11267'/>
[CMS-concurrent-mark: 0.029/0.030 secs] [Times: user=0.04 sys=0.00, real=0.03 secs] 
<writer thread='11779'/>
 (concurrent mode interrupted): 21861K-&gt;20956K(34176K), 0.1239847 secs] 22122K-&gt;20956K(49536K), [Metaspace: 38850K-&gt;38850K(1085440K)], 0.1240948 secs] [Times: user=0.12 sys=0.00, real=0.12 secs] 
<writer thread='21511'/>
<dependency_failed type='leaf_type' ctxk='java/io/DataOutputStream' witness='org/apache/derby/iapi/services/io/FormatIdOutputStream' stamp='8.466'/>
<dependency_failed type='leaf_type' ctxk='java/io/DataOutputStream' witness='org/apache/derby/iapi/services/io/FormatIdOutputStream' stamp='8.466'/>
<dependency_failed type='leaf_type' ctxk='java/io/DataOutputStream' witness='org/apache/derby/iapi/services/io/FormatIdOutputStream' stamp='8.466'/>
<dependency_failed type='leaf_type' ctxk='java/io/DataOutputStream' witness='org/apache/derby/iapi/services/io/FormatIdOutputStream' stamp='8.466'/>
<dependency_failed type='leaf_type' ctxk='java/io/DataOutputStream' witness='org/apache/derby/iapi/services/io/FormatIdOutputStream' stamp='8.466'/>
<dependency_failed type='leaf_type' ctxk='java/io/DataOutputStream' witness='org/apache/derby/iapi/services/io/FormatIdOutputStream' stamp='8.466'/>
<dependency_failed type='leaf_type' ctxk='java/io/DataOutputStream' witness='org/apache/derby/iapi/services/io/FormatIdOutputStream' stamp='8.466'/>
<dependency_failed type='leaf_type' ctxk='java/io/DataOutputStream' witness='org/apache/derby/iapi/services/io/FormatIdOutputStream' stamp='8.466'/>
<dependency_failed type='leaf_type' ctxk='java/io/DataOutputStream' witness='org/apache/derby/iapi/services/io/FormatIdOutputStream' stamp='8.466'/>
<dependency_failed type='leaf_type' ctxk='java/io/DataOutputStream' witness='org/apache/derby/iapi/services/io/FormatIdOutputStream' stamp='8.466'/>
<dependency_failed type='leaf_type' ctxk='java/io/DataOutputStream' witness='org/apache/derby/iapi/services/io/FormatIdOutputStream' stamp='8.466'/>
<dependency_failed type='leaf_type' ctxk='java/io/DataOutputStream' witness='org/apache/derby/iapi/services/io/FormatIdOutputStream' stamp='8.466'/>
<dependency_failed type='leaf_type' ctxk='java/io/DataInputStream' witness='org/apache/derby/iapi/services/io/FormatIdInputStream' stamp='8.468'/>
<dependency_failed type='leaf_type' ctxk='java/io/DataInputStream' witness='org/apache/derby/iapi/services/io/FormatIdInputStream' stamp='8.468'/>
<dependency_failed type='leaf_type' ctxk='java/io/DataInputStream' witness='org/apache/derby/iapi/services/io/FormatIdInputStream' stamp='8.468'/>
<dependency_failed type='leaf_type' ctxk='java/io/DataInputStream' witness='org/apache/derby/iapi/services/io/FormatIdInputStream' stamp='8.468'/>
<dependency_failed type='leaf_type' ctxk='java/io/DataInputStream' witness='org/apache/derby/iapi/services/io/FormatIdInputStream' stamp='8.468'/>
<dependency_failed type='leaf_type' ctxk='java/io/DataInputStream' witness='org/apache/derby/iapi/services/io/FormatIdInputStream' stamp='8.468'/>
<dependency_failed type='leaf_type' ctxk='java/io/DataInputStream' witness='org/apache/derby/iapi/services/io/FormatIdInputStream' stamp='8.468'/>
<dependency_failed type='leaf_type' ctxk='java/io/DataInputStream' witness='org/apache/derby/iapi/services/io/FormatIdInputStream' stamp='8.468'/>
<dependency_failed type='leaf_type' ctxk='java/io/DataInputStream' witness='org/apache/derby/iapi/services/io/FormatIdInputStream' stamp='8.468'/>
<dependency_failed type='leaf_type' ctxk='java/io/DataInputStream' witness='org/apache/derby/iapi/services/io/FormatIdInputStream' stamp='8.468'/>
<dependency_failed type='abstract_with_unique_concrete_subtype' ctxk='java/lang/CharacterData' x='java/lang/CharacterDataLatin1' witness='java/lang/CharacterData00' stamp='8.592'/>
<dependency_failed type='abstract_with_unique_concrete_subtype' ctxk='java/lang/CharacterData' x='java/lang/CharacterDataLatin1' witness='java/lang/CharacterData00' stamp='8.592'/>
<dependency_failed type='abstract_with_unique_concrete_subtype' ctxk='java/lang/CharacterData' x='java/lang/CharacterDataLatin1' witness='java/lang/CharacterData00' stamp='8.592'/>
<dependency_failed type='abstract_with_unique_concrete_subtype' ctxk='java/lang/CharacterData' x='java/lang/CharacterDataLatin1' witness='java/lang/CharacterData00' stamp='8.592'/>
<dependency_failed type='abstract_with_unique_concrete_subtype' ctxk='java/lang/CharacterData' x='java/lang/CharacterDataLatin1' witness='java/lang/CharacterData00' stamp='8.592'/>
<dependency_failed type='abstract_with_unique_concrete_subtype' ctxk='java/lang/CharacterData' x='java/lang/CharacterDataLatin1' witness='java/lang/CharacterData00' stamp='8.592'/>
<writer thread='11779'/>
[GC (Allocation Failure) [ParNew: 13696K-&gt;1664K(15360K), 0.0026646 secs] 34652K-&gt;23412K(49536K), 0.0028277 secs] [Times: user=0.01 sys=0.00, real=0.01 secs] 
[GC (Allocation Failure) [ParNew: 15360K-&gt;1663K(15360K), 0.0033181 secs] 37108K-&gt;24046K(49536K), 0.0034731 secs] [Times: user=0.01 sys=0.00, real=0.00 secs] 
[GC (Allocation Failure) [ParNew: 15359K-&gt;1664K(15360K), 0.0043832 secs] 37742K-&gt;24947K(49536K), 0.0045165 secs] [Times: user=0.02 sys=0.00, real=0.00 secs] 
[GC (Allocation Failure) [ParNew: 15360K-&gt;1663K(15360K), 0.0037708 secs] 38643K-&gt;25947K(49536K), 0.0039285 secs] [Times: user=0.01 sys=0.00, real=0.00 secs] 
[GC (Allocation Failure) [ParNew: 15359K-&gt;1382K(15360K), 0.0036213 secs] 39643K-&gt;26271K(49536K), 0.0037674 secs] [Times: user=0.01 sys=0.00, real=0.00 secs] 
[GC (Allocation Failure) [ParNew: 15078K-&gt;1167K(15360K), 0.0034217 secs] 39967K-&gt;26543K(49536K), 0.0035885 secs] [Times: user=0.01 sys=0.00, real=0.01 secs] 
[GC (Allocation Failure) [ParNew: 14863K-&gt;1111K(15360K), 0.0026017 secs] 40239K-&gt;26728K(49536K), 0.0027141 secs] [Times: user=0.01 sys=0.00, real=0.00 secs] 
[GC (Allocation Failure) [ParNew: 14807K-&gt;966K(15360K), 0.0031024 secs] 40424K-&gt;26951K(49536K), 0.0032688 secs] [Times: user=0.01 sys=0.00, real=0.00 secs] 
[GC (Allocation Failure) [ParNew: 14662K-&gt;1663K(15360K), 0.0046687 secs] 40647K-&gt;28445K(49536K), 0.0047941 secs] [Times: user=0.02 sys=0.00, real=0.00 secs] 
[GC (Allocation Failure) [ParNew: 15359K-&gt;1550K(15360K), 0.0060680 secs] 42141K-&gt;29299K(49536K), 0.0062091 secs] [Times: user=0.01 sys=0.00, real=0.01 secs] 
[GC (Allocation Failure) [ParNew: 15246K-&gt;1416K(15360K), 0.0043504 secs] 42995K-&gt;29908K(49536K), 0.0044637 secs] [Times: user=0.02 sys=0.00, real=0.01 secs] 
[GC (Allocation Failure) [ParNew: 15112K-&gt;1533K(15360K), 0.0049976 secs] 43604K-&gt;30441K(49536K), 0.0051472 secs] [Times: user=0.01 sys=0.01, real=0.00 secs] 
[GC (Allocation Failure) [ParNew: 15229K-&gt;1119K(15360K), 0.0050884 secs] 44137K-&gt;31217K(49536K), 0.0052236 secs] [Times: user=0.02 sys=0.00, real=0.00 secs] 
[GC (CMS Initial Mark) [1 CMS-initial-mark: 30097K(34176K)] 31472K(49536K), 0.0020831 secs] [Times: user=0.01 sys=0.00, real=0.01 secs] 
<writer thread='11267'/>
[CMS-concurrent-mark-start]
[CMS-concurrent-mark: 0.083/0.083 secs] [Times: user=0.27 sys=0.00, real=0.08 secs] 
[CMS-concurrent-preclean-start]
[CMS-concurrent-preclean: 0.005/0.005 secs] [Times: user=0.02 sys=0.00, real=0.00 secs] 
[CMS-concurrent-abortable-preclean-start]
<writer thread='11779'/>
[GC (Allocation Failure) [ParNew: 14815K-&gt;1275K(15360K), 0.0047090 secs] 44913K-&gt;31797K(49536K), 0.0048211 secs] [Times: user=0.02 sys=0.00, real=0.01 secs] 
<writer thread='11267'/>
[CMS-concurrent-abortable-preclean: 0.026/0.233 secs] [Times: user=0.68 sys=0.02, real=0.24 secs] 
<writer thread='11779'/>
[GC (CMS Final Remark) [YG occupancy: 11555 K (15360 K)][Rescan (parallel) , 0.0039818 secs][weak refs processing, 0.0001785 secs][class unloading, 0.0120664 secs][scrub symbol table, 0.0098115 secs][scrub string table, 0.0006932 secs][1 CMS-remark: 30521K(34176K)] 42077K(49536K), 0.0275017 secs] [Times: user=0.07 sys=0.00, real=0.02 secs] 
<writer thread='11267'/>
[CMS-concurrent-sweep-start]
[CMS-concurrent-sweep: 0.033/0.044 secs] [Times: user=0.12 sys=0.00, real=0.05 secs] 
[CMS-concurrent-reset-start]
[CMS-concurrent-reset: 0.000/0.000 secs] [Times: user=0.00 sys=0.00, real=0.00 secs] 
<writer thread='11779'/>
[GC (Allocation Failure) [ParNew: 14971K-&gt;1126K(15360K), 0.0041271 secs] 43688K-&gt;30425K(49536K), 0.0042870 secs] [Times: user=0.01 sys=0.00, real=0.01 secs] 
<writer thread='21511'/>
<dependency_failed type='unique_concrete_method' ctxk='java/util/HashMap' x='java/util/HashMap containsKey (Ljava/lang/Object;)Z' witness='org/apache/axis/utils/IdentityHashMap' stamp='11.403'/>
<dependency_failed type='unique_concrete_method' ctxk='java/util/HashMap' x='java/util/HashMap containsKey (Ljava/lang/Object;)Z' witness='org/apache/axis/utils/IdentityHashMap' stamp='11.403'/>
<dependency_failed type='unique_concrete_method' ctxk='java/util/HashMap' x='java/util/HashMap containsKey (Ljava/lang/Object;)Z' witness='org/apache/axis/utils/IdentityHashMap' stamp='11.403'/>
<dependency_failed type='unique_concrete_method' ctxk='java/util/HashMap' x='java/util/HashMap containsKey (Ljava/lang/Object;)Z' witness='org/apache/axis/utils/IdentityHashMap' stamp='11.403'/>
<dependency_failed type='unique_concrete_method' ctxk='java/util/HashMap' x='java/util/HashMap containsKey (Ljava/lang/Object;)Z' witness='org/apache/axis/utils/IdentityHashMap' stamp='11.403'/>
<dependency_failed type='unique_concrete_method' ctxk='java/util/HashMap' x='java/util/HashMap containsKey (Ljava/lang/Object;)Z' witness='org/apache/axis/utils/IdentityHashMap' stamp='11.403'/>
<dependency_failed type='unique_concrete_method' ctxk='java/util/HashMap' x='java/util/HashMap containsKey (Ljava/lang/Object;)Z' witness='org/apache/axis/utils/IdentityHashMap' stamp='11.403'/>
<dependency_failed type='unique_concrete_method' ctxk='java/util/HashMap' x='java/util/HashMap containsKey (Ljava/lang/Object;)Z' witness='org/apache/axis/utils/IdentityHashMap' stamp='11.403'/>
<dependency_failed type='unique_concrete_method' ctxk='java/util/HashMap' x='java/util/HashMap containsKey (Ljava/lang/Object;)Z' witness='org/apache/axis/utils/IdentityHashMap' stamp='11.403'/>
<dependency_failed type='unique_concrete_method' ctxk='java/util/HashMap' x='java/util/HashMap containsKey (Ljava/lang/Object;)Z' witness='org/apache/axis/utils/IdentityHashMap' stamp='11.403'/>
<dependency_failed type='unique_concrete_method' ctxk='java/util/HashMap' x='java/util/HashMap containsKey (Ljava/lang/Object;)Z' witness='org/apache/axis/utils/IdentityHashMap' stamp='11.403'/>
<dependency_failed type='unique_concrete_method' ctxk='java/util/HashMap' x='java/util/HashMap containsKey (Ljava/lang/Object;)Z' witness='org/apache/axis/utils/IdentityHashMap' stamp='11.403'/>
<dependency_failed type='unique_concrete_method' ctxk='java/util/HashMap' x='java/util/HashMap containsKey (Ljava/lang/Object;)Z' witness='org/apache/axis/utils/IdentityHashMap' stamp='11.403'/>
<writer thread='11779'/>
[GC (Allocation Failure) [ParNew: 14822K-&gt;1065K(15360K), 0.0033374 secs] 44121K-&gt;30887K(49536K), 0.0034647 secs] [Times: user=0.01 sys=0.00, real=0.01 secs] 
<writer thread='21511'/>
<dependency_failed type='unique_concrete_method' ctxk='java/lang/ClassLoader' x='java/lang/Object equals (Ljava/lang/Object;)Z' witness='org/apache/openjpa/lib/util/MultiClassLoader' stamp='11.546'/>
<dependency_failed type='unique_concrete_method' ctxk='java/lang/ClassLoader' x='java/lang/Object equals (Ljava/lang/Object;)Z' witness='org/apache/openjpa/lib/util/MultiClassLoader' stamp='11.546'/>
<dependency_failed type='unique_concrete_method' ctxk='java/lang/ClassLoader' x='java/lang/Object equals (Ljava/lang/Object;)Z' witness='org/apache/openjpa/lib/util/MultiClassLoader' stamp='11.546'/>
<dependency_failed type='unique_concrete_method' ctxk='java/util/ArrayList' x='java/util/ArrayList remove (Ljava/lang/Object;)Z' witness='org/apache/openjpa/event/LifecycleEventManager$ListenerList' stamp='11.699'/>
<writer thread='11779'/>
[GC (Allocation Failure) [ParNew: 14761K-&gt;1664K(15360K), 0.0027724 secs] 44583K-&gt;31790K(49536K), 0.0029509 secs] [Times: user=0.01 sys=0.00, real=0.00 secs] 
[GC (Allocation Failure) [ParNew: 15360K-&gt;1591K(15360K), 0.0052187 secs] 45486K-&gt;32404K(49536K), 0.0054198 secs] [Times: user=0.02 sys=0.01, real=0.01 secs] 
[GC (Allocation Failure) [ParNew: 15287K-&gt;1043K(15360K), 0.0029609 secs] 46100K-&gt;32078K(49536K), 0.0033898 secs] [Times: user=0.01 sys=0.00, real=0.00 secs] 
[GC (Allocation Failure) [ParNew: 14739K-&gt;905K(15360K), 0.0038382 secs] 45774K-&gt;32469K(49536K), 0.0041159 secs] [Times: user=0.01 sys=0.00, real=0.00 secs] 
[GC (CMS Initial Mark) [1 CMS-initial-mark: 31564K(34176K)] 32469K(49536K), 0.0019658 secs] [Times: user=0.00 sys=0.00, real=0.00 secs] 
<writer thread='11267'/>
[CMS-concurrent-mark-start]
<writer thread='21511'/>
<dependency_failed type='abstract_with_unique_concrete_subtype' ctxk='sun/misc/Resource' x='sun/misc/URLClassPath$JarLoader$2' witness='sun/misc/URLClassPath$FileLoader$1' stamp='12.302'/>
<dependency_failed type='abstract_with_unique_concrete_subtype' ctxk='sun/misc/Resource' x='sun/misc/URLClassPath$JarLoader$2' witness='sun/misc/URLClassPath$FileLoader$1' stamp='12.302'/>
<dependency_failed type='abstract_with_unique_concrete_subtype' ctxk='sun/misc/Resource' x='sun/misc/URLClassPath$JarLoader$2' witness='sun/misc/URLClassPath$FileLoader$1' stamp='12.302'/>
<dependency_failed type='abstract_with_unique_concrete_subtype' ctxk='sun/misc/Resource' x='sun/misc/URLClassPath$JarLoader$2' witness='sun/misc/URLClassPath$FileLoader$1' stamp='12.302'/>
<dependency_failed type='abstract_with_unique_concrete_subtype' ctxk='sun/misc/Resource' x='sun/misc/URLClassPath$JarLoader$2' witness='sun/misc/URLClassPath$FileLoader$1' stamp='12.302'/>
<dependency_failed type='abstract_with_unique_concrete_subtype' ctxk='sun/misc/Resource' x='sun/misc/URLClassPath$JarLoader$2' witness='sun/misc/URLClassPath$FileLoader$1' stamp='12.302'/>
<dependency_failed type='abstract_with_unique_concrete_subtype' ctxk='sun/misc/Resource' x='sun/misc/URLClassPath$JarLoader$2' witness='sun/misc/URLClassPath$FileLoader$1' stamp='12.302'/>
<writer thread='11267'/>
[CMS-concurrent-mark: 0.072/0.073 secs] [Times: user=0.21 sys=0.00, real=0.08 secs] 
[CMS-concurrent-preclean-start]
[CMS-concurrent-preclean: 0.001/0.001 secs] [Times: user=0.00 sys=0.00, real=0.00 secs] 
[CMS-concurrent-abortable-preclean-start]
<writer thread='11779'/>
[GC (Allocation Failure) [ParNew: 14601K-&gt;1541K(15360K), 0.0031377 secs] 46165K-&gt;33105K(49536K), 0.0032556 secs] [Times: user=0.02 sys=0.00, real=0.01 secs] 
<writer thread='11267'/>
[CMS-concurrent-abortable-preclean: 0.161/1.428 secs] [Times: user=1.25 sys=0.04, real=1.43 secs] 
<writer thread='11779'/>
[GC (CMS Final Remark) [YG occupancy: 8690 K (15360 K)][Rescan (parallel) , 0.0033064 secs][weak refs processing, 0.0000988 secs][class unloading, 0.0096838 secs][scrub symbol table, 0.0097369 secs][scrub string table, 0.0007028 secs][1 CMS-remark: 31564K(34176K)] 40255K(49536K), 0.0242130 secs] [Times: user=0.03 sys=0.00, real=0.02 secs] 
<writer thread='11267'/>
[CMS-concurrent-sweep-start]
[CMS-concurrent-sweep: 0.030/0.031 secs] [Times: user=0.07 sys=0.01, real=0.03 secs] 
[CMS-concurrent-reset-start]
[CMS-concurrent-reset: 0.000/0.000 secs] [Times: user=0.00 sys=0.00, real=0.00 secs] 
<writer thread='11779'/>
[Full GC (System.gc()) [CMS: 30337K-&gt;32320K(34176K), 0.1480465 secs] 41959K-&gt;32320K(49536K), [Metaspace: 57766K-&gt;57766K(1101824K)], 0.1482614 secs] [Times: user=0.18 sys=0.00, real=0.15 secs] 
[GC (CMS Initial Mark) [1 CMS-initial-mark: 32320K(34176K)] 32400K(49536K), 0.0016855 secs] [Times: user=0.01 sys=0.00, real=0.00 secs] 
<writer thread='11267'/>
[CMS-concurrent-mark-start]
[CMS-concurrent-mark: 0.077/0.095 secs] [Times: user=0.27 sys=0.01, real=0.10 secs] 
[CMS-concurrent-preclean-start]
[CMS-concurrent-preclean: 0.001/0.002 secs] [Times: user=0.00 sys=0.00, real=0.00 secs] 
[CMS-concurrent-abortable-preclean-start]
<writer thread='129539'/>
<dependency_failed type='unique_concrete_method' ctxk='sun/util/calendar/BaseCalendar' x='sun/util/calendar/BaseCalendar isLeapYear (I)Z' witness='sun/util/calendar/JulianCalendar' stamp='14.394'/>
<dependency_failed type='unique_concrete_method' ctxk='sun/util/calendar/BaseCalendar$Date' x='sun/util/calendar/CalendarDate isNormalized ()Z' witness='sun/util/calendar/ImmutableGregorianDate' stamp='14.399'/>
<dependency_failed type='unique_concrete_method' ctxk='sun/util/calendar/BaseCalendar$Date' x='sun/util/calendar/CalendarDate isNormalized ()Z' witness='sun/util/calendar/ImmutableGregorianDate' stamp='14.399'/>
<dependency_failed type='unique_concrete_method' ctxk='sun/util/calendar/BaseCalendar$Date' x='sun/util/calendar/CalendarDate isNormalized ()Z' witness='sun/util/calendar/ImmutableGregorianDate' stamp='14.399'/>
<dependency_failed type='unique_concrete_method' ctxk='sun/util/calendar/BaseCalendar$Date' x='sun/util/calendar/CalendarDate isNormalized ()Z' witness='sun/util/calendar/ImmutableGregorianDate' stamp='14.399'/>
<writer thread='11779'/>
[GC (Allocation Failure) [ParNew: 13696K-&gt;1663K(15360K), 0.0032287 secs] 46016K-&gt;34082K(49536K), 0.0033466 secs] [Times: user=0.02 sys=0.00, real=0.00 secs] 
[GC (Allocation Failure) [ParNew (promotion failed): 15359K-&gt;14728K(15360K), 0.0092208 secs][CMS
<writer thread='11267'/>
[CMS-concurrent-abortable-preclean: 0.103/0.600 secs] [Times: user=1.89 sys=0.04, real=0.60 secs] 
<writer thread='11779'/>
 (concurrent mode failure): 33337K-&gt;32776K(34176K), 0.1424112 secs] 47778K-&gt;32776K(49536K), [Metaspace: 58765K-&gt;58765K(1103872K)], 0.1518084 secs] [Times: user=0.16 sys=0.00, real=0.15 secs] 
[GC (Allocation Failure) [ParNew: 13696K-&gt;280K(15360K), 0.0016549 secs] 46472K-&gt;33057K(49536K), 0.0017973 secs] [Times: user=0.00 sys=0.00, real=0.00 secs] 
[GC (CMS Initial Mark) [1 CMS-initial-mark: 32776K(34176K)] 33149K(49536K), 0.0019032 secs] [Times: user=0.01 sys=0.00, real=0.00 secs] 
<writer thread='11267'/>
[CMS-concurrent-mark-start]
[CMS-concurrent-mark: 0.080/0.080 secs] [Times: user=0.27 sys=0.01, real=0.08 secs] 
[CMS-concurrent-preclean-start]
[CMS-concurrent-preclean: 0.001/0.001 secs] [Times: user=0.00 sys=0.00, real=0.00 secs] 
[CMS-concurrent-abortable-preclean-start]
<writer thread='11779'/>
[GC (Allocation Failure) [ParNew: 13976K-&gt;294K(15360K), 0.0018872 secs] 46753K-&gt;33071K(49536K), 0.0020306 secs] [Times: user=0.00 sys=0.00, real=0.00 secs] 
[GC (Allocation Failure) [ParNew: 13990K-&gt;423K(15360K), 0.0022689 secs] 46767K-&gt;33200K(49536K), 0.0024155 secs] [Times: user=0.01 sys=0.00, real=0.00 secs] 
[GC (Allocation Failure) [ParNew: 14119K-&gt;549K(15360K), 0.0020240 secs] 46896K-&gt;33326K(49536K), 0.0021635 secs] [Times: user=0.01 sys=0.00, real=0.00 secs] 
[GC (Allocation Failure) [ParNew: 14245K-&gt;632K(15360K), 0.0019641 secs] 47022K-&gt;33409K(49536K), 0.0021264 secs] [Times: user=0.01 sys=0.00, real=0.00 secs] 
[GC (Allocation Failure) [ParNew: 14328K-&gt;900K(15360K), 0.0040438 secs] 47105K-&gt;33677K(49536K), 0.0044568 secs] [Times: user=0.02 sys=0.01, real=0.01 secs] 
[GC (Allocation Failure) [ParNew: 14596K-&gt;797K(15360K), 0.0024403 secs] 47373K-&gt;33693K(49536K), 0.0025850 secs] [Times: user=0.01 sys=0.00, real=0.00 secs] 
[GC (Allocation Failure) [ParNew: 14493K-&gt;825K(15360K), 0.0022838 secs] 47389K-&gt;33808K(49536K), 0.0024362 secs] [Times: user=0.01 sys=0.00, real=0.00 secs] 
[GC (Allocation Failure) [ParNew: 14521K-&gt;828K(15360K), 0.0024108 secs] 47504K-&gt;33896K(49536K), 0.0025691 secs] [Times: user=0.01 sys=0.00, real=0.00 secs] 
[GC (Allocation Failure) [ParNew: 14524K-&gt;692K(15360K), 0.0024071 secs] 47592K-&gt;33848K(49536K), 0.0025577 secs] [Times: user=0.01 sys=0.00, real=0.00 secs] 
[GC (Allocation Failure) [ParNew: 14388K-&gt;826K(15360K), 0.0023169 secs] 47544K-&gt;34071K(49536K), 0.0024790 secs] [Times: user=0.01 sys=0.00, real=0.01 secs] 
[GC (Allocation Failure) [ParNew: 14522K-&gt;829K(15360K), 0.0022987 secs] 47767K-&gt;34162K(49536K), 0.0024549 secs] [Times: user=0.01 sys=0.00, real=0.01 secs] 
[GC (Allocation Failure) [ParNew: 14525K-&gt;816K(15360K), 0.0053084 secs] 47858K-&gt;34253K(49536K), 0.0056137 secs] [Times: user=0.02 sys=0.00, real=0.00 secs] 
[GC (Allocation Failure) [ParNew: 14512K-&gt;847K(15360K), 0.0022737 secs] 47949K-&gt;34371K(49536K), 0.0024274 secs] [Times: user=0.01 sys=0.00, real=0.00 secs] 
[GC (Allocation Failure) [ParNew: 14543K-&gt;800K(15360K), 0.0055806 secs] 48067K-&gt;34409K(49536K), 0.0059254 secs] [Times: user=0.02 sys=0.00, real=0.00 secs] 
[GC (Allocation Failure) [ParNew: 14496K-&gt;838K(15360K), 0.0023148 secs] 48105K-&gt;34531K(49536K), 0.0024659 secs] [Times: user=0.01 sys=0.00, real=0.01 secs] 
[GC (Allocation Failure) [ParNew: 14534K-&gt;855K(15360K), 0.0023505 secs] 48227K-&gt;34630K(49536K), 0.0025000 secs] [Times: user=0.01 sys=0.00, real=0.00 secs] 
[GC (Allocation Failure) [ParNew: 14551K-&gt;1010K(15360K), 0.0067946 secs] 48326K-&gt;34866K(49536K), 0.0070923 secs] [Times: user=0.01 sys=0.00, real=0.01 secs] 
[GC (Allocation Failure) [ParNew: 14706K-&gt;822K(15360K), 0.0023366 secs] 48562K-&gt;34764K(49536K), 0.0024829 secs] [Times: user=0.01 sys=0.00, real=0.00 secs] 
[GC (Allocation Failure) [ParNew (promotion failed): 14518K-&gt;14486K(15360K), 0.0086127 secs][CMS
<writer thread='11267'/>
[CMS-concurrent-abortable-preclean: 0.248/1.493 secs] [Times: user=4.34 sys=0.13, real=1.50 secs] 
<writer thread='11779'/>
 (concurrent mode failure): 33992K-&gt;34175K(34176K), 0.1762824 secs] 48460K-&gt;34484K(49536K), [Metaspace: 58896K-&gt;58896K(1103872K)], 0.1852709 secs] [Times: user=0.33 sys=0.01, real=0.18 secs] 
[Full GC (Allocation Failure) [CMS: 34175K-&gt;34175K(34176K), 0.1392634 secs] 49535K-&gt;34494K(49536K), [Metaspace: 58896K-&gt;58896K(1103872K)], 0.1394625 secs] [Times: user=0.14 sys=0.00, real=0.14 secs] 
[GC (CMS Initial Mark) [1 CMS-initial-mark: 34175K(34176K)] 34680K(49536K), 0.0017794 secs] [Times: user=0.01 sys=0.00, real=0.00 secs] 
<writer thread='11267'/>
[CMS-concurrent-mark-start]
[CMS-concurrent-mark: 0.083/0.083 secs] [Times: user=0.28 sys=0.01, real=0.09 secs] 
[CMS-concurrent-preclean-start]
<writer thread='11779'/>
[Full GC (Allocation Failure) [CMS
<writer thread='11267'/>
[CMS-concurrent-preclean: 0.051/0.053 secs] [Times: user=0.12 sys=0.00, real=0.05 secs] 
<writer thread='11779'/>
 (concurrent mode failure): 34175K-&gt;34175K(34176K), 0.1935926 secs] 49535K-&gt;34588K(49536K), [Metaspace: 58896K-&gt;58896K(1103872K)], 0.1937672 secs] [Times: user=0.32 sys=0.00, real=0.20 secs] 
[Full GC (Allocation Failure) [CMS: 34175K-&gt;34175K(34176K), 0.1460162 secs] 49535K-&gt;34675K(49536K), [Metaspace: 58900K-&gt;58900K(1103872K)], 0.1461868 secs] [Times: user=0.34 sys=0.01, real=0.15 secs] 
[GC (CMS Initial Mark) [1 CMS-initial-mark: 34175K(34176K)] 35045K(49536K), 0.0018328 secs] [Times: user=0.01 sys=0.00, real=0.00 secs] 
<writer thread='11267'/>
[CMS-concurrent-mark-start]
<writer thread='11779'/>
[Full GC (Allocation Failure) [CMS
<writer thread='11267'/>
[CMS-concurrent-mark: 0.112/0.115 secs] [Times: user=0.37 sys=0.01, real=0.12 secs] 
<writer thread='11779'/>
 (concurrent mode failure): 34175K-&gt;34175K(34176K), 0.1910449 secs] 49535K-&gt;34751K(49536K), [Metaspace: 58900K-&gt;58900K(1103872K)], 0.1912048 secs] [Times: user=0.38 sys=0.01, real=0.19 secs] 
[Full GC (Allocation Failure) [CMS: 34175K-&gt;34175K(34176K), 0.1831422 secs] 49535K-&gt;34878K(49536K), [Metaspace: 58920K-&gt;58920K(1103872K)], 0.1833077 secs] [Times: user=0.47 sys=0.01, real=0.19 secs] 
[GC (CMS Initial Mark) [1 CMS-initial-mark: 34175K(34176K)] 34967K(49536K), 0.0018188 secs] [Times: user=0.00 sys=0.00, real=0.00 secs] 
<writer thread='11267'/>
[CMS-concurrent-mark-start]
[CMS-concurrent-mark: 0.089/0.089 secs] [Times: user=0.31 sys=0.01, real=0.09 secs] 
[CMS-concurrent-preclean-start]
<writer thread='11779'/>
[Full GC (Allocation Failure) [CMS
<writer thread='11267'/>
[CMS-concurrent-preclean: 0.045/0.048 secs] [Times: user=0.11 sys=0.00, real=0.05 secs] 
<writer thread='11779'/>
 (concurrent mode failure): 34175K-&gt;34175K(34176K), 0.1940448 secs] 49535K-&gt;34951K(49536K), [Metaspace: 58920K-&gt;58920K(1103872K)], 0.1942015 secs] [Times: user=0.25 sys=0.00, real=0.20 secs] 
[Full GC (Allocation Failure) [CMS: 34175K-&gt;34175K(34176K), 0.1383143 secs] 49535K-&gt;35043K(49536K), [Metaspace: 58920K-&gt;58920K(1103872K)], 0.1384776 secs] [Times: user=0.26 sys=0.01, real=0.13 secs] 
[GC (CMS Initial Mark) [1 CMS-initial-mark: 34175K(34176K)] 35704K(49536K), 0.0021183 secs] [Times: user=0.01 sys=0.00, real=0.00 secs] 
<writer thread='11267'/>
[CMS-concurrent-mark-start]
<writer thread='11779'/>
[Full GC (Allocation Failure) [CMS
<writer thread='11267'/>
[CMS-concurrent-mark: 0.112/0.115 secs] [Times: user=0.30 sys=0.01, real=0.11 secs] 
<writer thread='11779'/>
 (concurrent mode failure): 34175K-&gt;34175K(34176K), 0.1973942 secs] 49535K-&gt;35149K(49536K), [Metaspace: 58921K-&gt;58921K(1103872K)], 0.1975461 secs] [Times: user=0.22 sys=0.00, real=0.20 secs] 
[Full GC (Allocation Failure) [CMS: 34175K-&gt;34175K(34176K), 0.1392984 secs] 49535K-&gt;35250K(49536K), [Metaspace: 58921K-&gt;58921K(1103872K)], 0.1394722 secs] [Times: user=0.15 sys=0.00, real=0.14 secs] 
[GC (CMS Initial Mark) [1 CMS-initial-mark: 34175K(34176K)] 38881K(49536K), 0.0056989 secs] [Times: user=0.02 sys=0.00, real=0.00 secs] 
<writer thread='11267'/>
[CMS-concurrent-mark-start]
<writer thread='11779'/>
[Full GC (Allocation Failure) [CMS
<writer thread='11267'/>
[CMS-concurrent-mark: 0.095/0.097 secs] [Times: user=0.28 sys=0.00, real=0.10 secs] 
<writer thread='11779'/>
 (concurrent mode failure): 34175K-&gt;34175K(34176K), 0.1747302 secs] 49535K-&gt;35339K(49536K), [Metaspace: 58921K-&gt;58921K(1103872K)], 0.1749316 secs] [Times: user=0.34 sys=0.01, real=0.18 secs] 
[Full GC (Allocation Failure) [CMS: 34175K-&gt;34175K(34176K), 0.1360087 secs] 49535K-&gt;35419K(49536K), [Metaspace: 58921K-&gt;58921K(1103872K)], 0.1361561 secs] [Times: user=0.14 sys=0.00, real=0.14 secs] 
[GC (CMS Initial Mark) [1 CMS-initial-mark: 34175K(34176K)] 35707K(49536K), 0.0019981 secs] [Times: user=0.01 sys=0.00, real=0.00 secs] 
<writer thread='11267'/>
[CMS-concurrent-mark-start]
<writer thread='11779'/>
[Full GC (Allocation Failure) [CMS
<writer thread='11267'/>
[CMS-concurrent-mark: 0.087/0.089 secs] [Times: user=0.27 sys=0.00, real=0.09 secs] 
<writer thread='11779'/>
 (concurrent mode failure): 34175K-&gt;34175K(34176K), 0.1687761 secs] 49535K-&gt;35456K(49536K), [Metaspace: 58921K-&gt;58921K(1103872K)], 0.1689511 secs] [Times: user=0.17 sys=0.01, real=0.17 secs] 
[Full GC (Allocation Failure) [CMS: 34175K-&gt;34175K(34176K), 0.1512263 secs] 49535K-&gt;35489K(49536K), [Metaspace: 58885K-&gt;58885K(1103872K)], 0.1513872 secs] [Times: user=0.14 sys=0.01, real=0.15 secs] 
[GC (CMS Initial Mark) [1 CMS-initial-mark: 34175K(34176K)] 35640K(49536K), 0.0020297 secs] [Times: user=0.00 sys=0.00, real=0.01 secs] 
<writer thread='11267'/>
[CMS-concurrent-mark-start]
[CMS-concurrent-mark: 0.095/0.095 secs] [Times: user=0.33 sys=0.00, real=0.09 secs] 
[CMS-concurrent-preclean-start]
<writer thread='11779'/>
[Full GC (Allocation Failure) [CMS
<writer thread='11267'/>
[CMS-concurrent-preclean: 0.042/0.044 secs] [Times: user=0.05 sys=0.00, real=0.05 secs] 
<writer thread='11779'/>
 (concurrent mode failure): 34176K-&gt;34175K(34176K), 0.2183137 secs] 49535K-&gt;35440K(49536K), [Metaspace: 58863K-&gt;58863K(1103872K)], 0.2185361 secs] [Times: user=0.20 sys=0.00, real=0.21 secs] 
[Full GC (Allocation Failure) [CMS: 34175K-&gt;34175K(34176K), 0.1543378 secs] 49535K-&gt;35433K(49536K), [Metaspace: 58806K-&gt;58806K(1103872K)], 0.1546114 secs] [Times: user=0.18 sys=0.00, real=0.15 secs] 
[GC (CMS Initial Mark) [1 CMS-initial-mark: 34175K(34176K)] 36480K(49536K), 0.0022386 secs] [Times: user=0.01 sys=0.00, real=0.01 secs] 
<writer thread='11267'/>
[CMS-concurrent-mark-start]
<writer thread='11779'/>
[Full GC (Allocation Failure) [CMS
<writer thread='11267'/>
[CMS-concurrent-mark: 0.097/0.161 secs] [Times: user=0.44 sys=0.02, real=0.17 secs] 
<writer thread='11779'/>
 (concurrent mode failure): 34175K-&gt;34176K(34176K), 0.1904322 secs] 49531K-&gt;36077K(49536K), [Metaspace: 58875K-&gt;58875K(1103872K)], 0.1907258 secs] [Times: user=0.18 sys=0.00, real=0.20 secs] 
[Full GC (Allocation Failure) [CMS: 34176K-&gt;34175K(34176K), 0.1471870 secs] 49535K-&gt;37144K(49536K), [Metaspace: 59219K-&gt;59219K(1103872K)], 0.1473718 secs] [Times: user=0.14 sys=0.00, real=0.15 secs] 
[GC (CMS Initial Mark) [1 CMS-initial-mark: 34175K(34176K)] 37652K(49536K), 0.0030767 secs] [Times: user=0.01 sys=0.00, real=0.00 secs] 
<writer thread='11267'/>
[CMS-concurrent-mark-start]
[CMS-concurrent-mark: 0.099/0.116 secs] [Times: user=0.38 sys=0.01, real=0.12 secs] 
[CMS-concurrent-preclean-start]
<writer thread='11779'/>
[Full GC (Allocation Failure) [CMS
<writer thread='11267'/>
[CMS-concurrent-preclean: 0.067/0.094 secs] [Times: user=0.27 sys=0.01, real=0.09 secs] 
<writer thread='11779'/>
 (concurrent mode failure): 34175K-&gt;34175K(34176K), 0.2137884 secs] 49535K-&gt;37710K(49536K), [Metaspace: 59296K-&gt;59296K(1103872K)], 0.2140854 secs] [Times: user=0.32 sys=0.00, real=0.21 secs] 
[Full GC (Allocation Failure) [CMS: 34175K-&gt;34175K(34176K), 0.1498164 secs] 49531K-&gt;38518K(49536K), [Metaspace: 59253K-&gt;59253K(1103872K)], 0.1499761 secs] [Times: user=0.14 sys=0.00, real=0.15 secs] 
[GC (CMS Initial Mark) [1 CMS-initial-mark: 34175K(34176K)] 38602K(49536K), 0.0038784 secs] [Times: user=0.01 sys=0.00, real=0.01 secs] 
<writer thread='11267'/>
[CMS-concurrent-mark-start]
<writer thread='11779'/>
[Full GC (Allocation Failure) [CMS
<writer thread='11267'/>
[CMS-concurrent-mark: 0.128/0.131 secs] [Times: user=0.41 sys=0.02, real=0.13 secs] 
<writer thread='11779'/>
 (concurrent mode failure): 34175K-&gt;34175K(34176K), 0.1854598 secs] 49535K-&gt;38572K(49536K), [Metaspace: 59309K-&gt;59309K(1103872K)], 0.1856408 secs] [Times: user=0.26 sys=0.01, real=0.19 secs] 
[Full GC (Allocation Failure) [CMS: 34175K-&gt;34174K(34176K), 0.1536198 secs] 49535K-&gt;38501K(49536K), [Metaspace: 59363K-&gt;59363K(1103872K)], 0.1537964 secs] [Times: user=0.15 sys=0.00, real=0.15 secs] 
[GC (CMS Initial Mark) [1 CMS-initial-mark: 34174K(34176K)] 47870K(49536K), 0.0077878 secs] [Times: user=0.02 sys=0.00, real=0.01 secs] 
<writer thread='11267'/>
[CMS-concurrent-mark-start]
<writer thread='11779'/>
[Full GC (Allocation Failure) [CMS
<writer thread='11267'/>
[CMS-concurrent-mark: 0.079/0.084 secs] [Times: user=0.20 sys=0.01, real=0.09 secs] 
<writer thread='11779'/>
 (concurrent mode failure): 34175K-&gt;34175K(34176K), 0.1860389 secs] 49535K-&gt;38468K(49536K), [Metaspace: 59419K-&gt;59419K(1103872K)], 0.1867571 secs] [Times: user=0.19 sys=0.00, real=0.18 secs] 
[Full GC (Allocation Failure) [CMS: 34175K-&gt;34162K(34176K), 0.1632960 secs] 49525K-&gt;38492K(49536K), [Metaspace: 59418K-&gt;59418K(1103872K)], 0.1635316 secs] [Times: user=0.35 sys=0.01, real=0.16 secs] 
[GC (CMS Initial Mark) [1 CMS-initial-mark: 34162K(34176K)] 40568K(49536K), 0.0050949 secs] [Times: user=0.02 sys=0.00, real=0.00 secs] 
<writer thread='11267'/>
[CMS-concurrent-mark-start]
<writer thread='11779'/>
[Full GC (Allocation Failure) [CMS
<writer thread='11267'/>
[CMS-concurrent-mark: 0.113/0.115 secs] [Times: user=0.37 sys=0.01, real=0.12 secs] 
<writer thread='11779'/>
 (concurrent mode failure): 34170K-&gt;34175K(34176K), 0.2272174 secs] 49530K-&gt;38352K(49536K), [Metaspace: 59481K-&gt;59481K(1103872K)], 0.2276570 secs] [Times: user=0.46 sys=0.01, real=0.22 secs] 
[Full GC (Allocation Failure) [CMS: 34175K-&gt;34162K(34176K), 0.1616295 secs] 49535K-&gt;38081K(49536K), [Metaspace: 59114K-&gt;59114K(1103872K)], 0.1618555 secs] [Times: user=0.20 sys=0.00, real=0.16 secs] 
[GC (CMS Initial Mark) [1 CMS-initial-mark: 34162K(34176K)] 47858K(49536K), 0.0070630 secs] [Times: user=0.02 sys=0.00, real=0.01 secs] 
<writer thread='11267'/>
[CMS-concurrent-mark-start]
<writer thread='11779'/>
[Full GC (Allocation Failure) [CMS
<writer thread='11267'/>
[CMS-concurrent-mark: 0.084/0.090 secs] [Times: user=0.22 sys=0.01, real=0.09 secs] 
<writer thread='11779'/>
 (concurrent mode failure): 34175K-&gt;34176K(34176K), 0.2567529 secs] 49535K-&gt;37900K(49536K), [Metaspace: 59063K-&gt;59063K(1103872K)], 0.2574216 secs] [Times: user=0.48 sys=0.01, real=0.26 secs] 
[Full GC (Allocation Failure) [CMS: 34176K-&gt;34176K(34176K), 0.2009784 secs] 49535K-&gt;37797K(49536K), [Metaspace: 58815K-&gt;58815K(1103872K)], 0.2012038 secs] [Times: user=0.37 sys=0.00, real=0.20 secs] 
[GC (CMS Initial Mark) [1 CMS-initial-mark: 34176K(34176K)] 47872K(49536K), 0.0069495 secs] [Times: user=0.02 sys=0.00, real=0.01 secs] 
<writer thread='11267'/>
[CMS-concurrent-mark-start]
<writer thread='11779'/>
[Full GC (Allocation Failure) [CMS
<writer thread='11267'/>
[CMS-concurrent-mark: 0.083/0.085 secs] [Times: user=0.22 sys=0.01, real=0.08 secs] 
<writer thread='11779'/>
 (concurrent mode failure): 34176K-&gt;34176K(34176K), 0.1988960 secs] 49535K-&gt;37829K(49536K), [Metaspace: 58857K-&gt;58857K(1103872K)], 0.1990810 secs] [Times: user=0.26 sys=0.00, real=0.20 secs] 
[Full GC (Allocation Failure) [CMS: 34176K-&gt;34176K(34176K), 0.1434027 secs] 49532K-&gt;37828K(49536K), [Metaspace: 58857K-&gt;58857K(1103872K)], 0.1435741 secs] [Times: user=0.14 sys=0.01, real=0.14 secs] 
[GC (CMS Initial Mark) [1 CMS-initial-mark: 34176K(34176K)] 38210K(49536K), 0.0034215 secs] [Times: user=0.02 sys=0.00, real=0.00 secs] 
<writer thread='11267'/>
[CMS-concurrent-mark-start]
<writer thread='11779'/>
[Full GC (Allocation Failure) [CMS
<writer thread='11267'/>
[CMS-concurrent-mark: 0.088/0.091 secs] [Times: user=0.22 sys=0.01, real=0.11 secs] 
<writer thread='11779'/>
 (concurrent mode failure): 34176K-&gt;34176K(34176K), 0.2007399 secs] 49527K-&gt;38057K(49536K), [Metaspace: 58918K-&gt;58918K(1103872K)], 0.2009515 secs] [Times: user=0.21 sys=0.00, real=0.20 secs] 
[Full GC (Allocation Failure) [CMS: 34176K-&gt;34175K(34176K), 0.1530444 secs] 49535K-&gt;37615K(49536K), [Metaspace: 58918K-&gt;58918K(1103872K)], 0.1532377 secs] [Times: user=0.16 sys=0.00, real=0.15 secs] 
[GC (CMS Initial Mark) [1 CMS-initial-mark: 34175K(34176K)] 38762K(49536K), 0.0028478 secs] [Times: user=0.01 sys=0.00, real=0.00 secs] 
<writer thread='11267'/>
[CMS-concurrent-mark-start]
<writer thread='11779'/>
[Full GC (Allocation Failure) [CMS
<writer thread='11267'/>
[CMS-concurrent-mark: 0.117/0.121 secs] [Times: user=0.35 sys=0.02, real=0.13 secs] 
<writer thread='11779'/>
 (concurrent mode failure): 34176K-&gt;34175K(34176K), 0.1671236 secs] 49536K-&gt;37694K(49536K), [Metaspace: 58906K-&gt;58906K(1103872K)], 0.1673147 secs] [Times: user=0.16 sys=0.00, real=0.17 secs] 
[Full GC (Allocation Failure) [CMS: 34175K-&gt;34175K(34176K), 0.1324811 secs] 49535K-&gt;37652K(49536K), [Metaspace: 58906K-&gt;58906K(1103872K)], 0.1326258 secs] [Times: user=0.13 sys=0.00, real=0.14 secs] 
[GC (CMS Initial Mark) [1 CMS-initial-mark: 34175K(34176K)] 37754K(49536K), 0.0027325 secs] [Times: user=0.00 sys=0.00, real=0.00 secs] 
<writer thread='11267'/>
[CMS-concurrent-mark-start]
<writer thread='11779'/>
[Full GC (Allocation Failure) [CMS
<writer thread='11267'/>
[CMS-concurrent-mark: 0.106/0.113 secs] [Times: user=0.28 sys=0.01, real=0.11 secs] 
<writer thread='11779'/>
 (concurrent mode failure): 34175K-&gt;34175K(34176K), 0.1856349 secs] 49521K-&gt;37666K(49536K), [Metaspace: 58914K-&gt;58914K(1103872K)], 0.1857838 secs] [Times: user=0.18 sys=0.00, real=0.19 secs] 
[Full GC (Allocation Failure) [CMS: 34175K-&gt;34173K(34176K), 0.1303941 secs] 49532K-&gt;37728K(49536K), [Metaspace: 59010K-&gt;59010K(1103872K)], 0.1305343 secs] [Times: user=0.13 sys=0.00, real=0.13 secs] 
[GC (CMS Initial Mark) [1 CMS-initial-mark: 34173K(34176K)] 38424K(49536K), 0.0033676 secs] [Times: user=0.01 sys=0.00, real=0.00 secs] 
<writer thread='11267'/>
[CMS-concurrent-mark-start]
<writer thread='11779'/>
[Full GC (Allocation Failure) [CMS
<writer thread='11267'/>
[CMS-concurrent-mark: 0.121/0.124 secs] [Times: user=0.32 sys=0.02, real=0.13 secs] 
<writer thread='11779'/>
 (concurrent mode failure): 34175K-&gt;34175K(34176K), 0.1956131 secs] 49535K-&gt;37727K(49536K), [Metaspace: 59062K-&gt;59062K(1103872K)], 0.1957709 secs] [Times: user=0.19 sys=0.00, real=0.20 secs] 
[Full GC (Allocation Failure) [CMS: 34175K-&gt;34175K(34176K), 0.1598914 secs] 49533K-&gt;38031K(49536K), [Metaspace: 59077K-&gt;59077K(1103872K)], 0.1600303 secs] [Times: user=0.15 sys=0.01, real=0.16 secs] 
[GC (CMS Initial Mark) [1 CMS-initial-mark: 34175K(34176K)] 38994K(49536K), 0.0033850 secs] [Times: user=0.01 sys=0.00, real=0.00 secs] 
<writer thread='11267'/>
[CMS-concurrent-mark-start]
<writer thread='11779'/>
[Full GC (Allocation Failure) [CMS
<writer thread='11267'/>
[CMS-concurrent-mark: 0.101/0.103 secs] [Times: user=0.31 sys=0.01, real=0.10 secs] 
<writer thread='11779'/>
 (concurrent mode failure): 34175K-&gt;34174K(34176K), 0.1680790 secs] 49529K-&gt;37531K(49536K), [Metaspace: 59089K-&gt;59089K(1103872K)], 0.1682591 secs] [Times: user=0.18 sys=0.00, real=0.17 secs] 
[Full GC (Allocation Failure) [CMS: 34174K-&gt;34173K(34176K), 0.1471849 secs] 49526K-&gt;37493K(49536K), [Metaspace: 59154K-&gt;59154K(1103872K)], 0.1477570 secs] [Times: user=0.16 sys=0.00, real=0.14 secs] 
[GC (CMS Initial Mark) [1 CMS-initial-mark: 34173K(34176K)] 47869K(49536K), 0.0091685 secs] [Times: user=0.03 sys=0.00, real=0.01 secs] 
<writer thread='11267'/>
[CMS-concurrent-mark-start]
<writer thread='11779'/>
[Full GC (Allocation Failure) [CMS
<writer thread='11267'/>
[CMS-concurrent-mark: 0.068/0.079 secs] [Times: user=0.18 sys=0.00, real=0.08 secs] 
<writer thread='11779'/>
 (concurrent mode failure): 34175K-&gt;34172K(34176K), 0.1912520 secs] 49535K-&gt;37409K(49536K), [Metaspace: 59206K-&gt;59206K(1103872K)], 0.1925840 secs] [Times: user=0.19 sys=0.01, real=0.19 secs] 
[Full GC (Allocation Failure) [CMS: 34172K-&gt;34170K(34176K), 0.1393239 secs] 49527K-&gt;37821K(49536K), [Metaspace: 59266K-&gt;59266K(1103872K)], 0.1394994 secs] [Times: user=0.14 sys=0.00, real=0.14 secs] 
[GC (CMS Initial Mark) [1 CMS-initial-mark: 34170K(34176K)] 38085K(49536K), 0.0031029 secs] [Times: user=0.01 sys=0.00, real=0.00 secs] 
<writer thread='11267'/>
[CMS-concurrent-mark-start]
<writer thread='11779'/>
[Full GC (Allocation Failure) [CMS
<writer thread='11267'/>
[CMS-concurrent-mark: 0.077/0.083 secs] [Times: user=0.20 sys=0.01, real=0.08 secs] 
<writer thread='11779'/>
 (concurrent mode failure): 34175K-&gt;34171K(34176K), 0.1945809 secs] 49535K-&gt;37685K(49536K), [Metaspace: 59305K-&gt;59305K(1103872K)], 0.1947834 secs] [Times: user=0.21 sys=0.00, real=0.19 secs] 
[Full GC (Allocation Failure) [CMS: 34174K-&gt;34170K(34176K), 0.1395812 secs] 49534K-&gt;37677K(49536K), [Metaspace: 59356K-&gt;59356K(1105920K)], 0.1400341 secs] [Times: user=0.16 sys=0.00, real=0.14 secs] 
[GC (CMS Initial Mark) [1 CMS-initial-mark: 34170K(34176K)] 38139K(49536K), 0.0035180 secs] [Times: user=0.01 sys=0.00, real=0.01 secs] 
<writer thread='11267'/>
[CMS-concurrent-mark-start]
<writer thread='11779'/>
[Full GC (Allocation Failure) [CMS
<writer thread='11267'/>
[CMS-concurrent-mark: 0.101/0.104 secs] [Times: user=0.30 sys=0.01, real=0.10 secs] 
<writer thread='11779'/>
 (concurrent mode failure): 34170K-&gt;34172K(34176K), 0.1722572 secs] 49528K-&gt;37349K(49536K), [Metaspace: 59401K-&gt;59401K(1105920K)], 0.1724176 secs] [Times: user=0.20 sys=0.01, real=0.18 secs] 
[Full GC (Allocation Failure) [CMS: 34172K-&gt;34171K(34176K), 0.1493681 secs] 49532K-&gt;37513K(49536K), [Metaspace: 59423K-&gt;59423K(1105920K)], 0.1495567 secs] [Times: user=0.18 sys=0.00, real=0.15 secs] 
[Full GC (Allocation Failure) [CMS: 34174K-&gt;34171K(34176K), 0.1480475 secs] 49533K-&gt;37729K(49536K), [Metaspace: 59426K-&gt;59426K(1105920K)], 0.1482445 secs] [Times: user=0.15 sys=0.01, real=0.15 secs] 
[GC (CMS Initial Mark) [1 CMS-initial-mark: 34171K(34176K)] 47867K(49536K), 0.0054903 secs] [Times: user=0.02 sys=0.00, real=0.01 secs] 
<writer thread='11267'/>
[CMS-concurrent-mark-start]
<writer thread='11779'/>
[Full GC (Allocation Failure) [CMS
<writer thread='11267'/>
[CMS-concurrent-mark: 0.071/0.073 secs] [Times: user=0.16 sys=0.00, real=0.07 secs] 
<writer thread='11779'/>
 (concurrent mode failure): 34175K-&gt;34173K(34176K), 0.1978187 secs] 49535K-&gt;37473K(49536K), [Metaspace: 59521K-&gt;59521K(1105920K)], 0.1980193 secs] [Times: user=0.22 sys=0.00, real=0.19 secs] 
[Full GC (Allocation Failure) [CMS: 34173K-&gt;34170K(34176K), 0.1432572 secs] 49529K-&gt;37492K(49536K), [Metaspace: 59580K-&gt;59580K(1105920K)], 0.1434350 secs] [Times: user=0.15 sys=0.01, real=0.15 secs] 
[GC (CMS Initial Mark) [1 CMS-initial-mark: 34170K(34176K)] 44231K(49536K), 0.0048222 secs] [Times: user=0.02 sys=0.00, real=0.01 secs] 
<writer thread='11267'/>
[CMS-concurrent-mark-start]
<writer thread='11779'/>
[Full GC (Allocation Failure) [CMS
<writer thread='11267'/>
[CMS-concurrent-mark: 0.077/0.085 secs] [Times: user=0.23 sys=0.01, real=0.08 secs] 
<writer thread='11779'/>
 (concurrent mode failure): 34175K-&gt;34173K(34176K), 0.1769744 secs] 49535K-&gt;37780K(49536K), [Metaspace: 59652K-&gt;59652K(1105920K)], 0.1771894 secs] [Times: user=0.34 sys=0.01, real=0.18 secs] 
[Full GC (Allocation Failure) [CMS: 34173K-&gt;34172K(34176K), 0.1430979 secs] 49531K-&gt;37551K(49536K), [Metaspace: 59687K-&gt;59687K(1105920K)], 0.1434385 secs] [Times: user=0.15 sys=0.00, real=0.14 secs] 
[GC (CMS Initial Mark) [1 CMS-initial-mark: 34172K(34176K)] 40541K(49536K), 0.0035102 secs] [Times: user=0.01 sys=0.01, real=0.01 secs] 
<writer thread='11267'/>
[CMS-concurrent-mark-start]
<writer thread='11779'/>
[Full GC (Allocation Failure) [CMS
<writer thread='11267'/>
[CMS-concurrent-mark: 0.080/0.082 secs] [Times: user=0.19 sys=0.00, real=0.08 secs] 
<writer thread='11779'/>
 (concurrent mode failure): 34175K-&gt;34170K(34176K), 0.1950009 secs] 49535K-&gt;37583K(49536K), [Metaspace: 59745K-&gt;59745K(1105920K)], 0.1951979 secs] [Times: user=0.19 sys=0.00, real=0.20 secs] 
[Full GC (Allocation Failure) [CMS: 34170K-&gt;34167K(34176K), 0.1565906 secs] 49527K-&gt;37607K(49536K), [Metaspace: 59784K-&gt;59784K(1105920K)], 0.1568260 secs] [Times: user=0.15 sys=0.01, real=0.15 secs] 
[GC (CMS Initial Mark) [1 CMS-initial-mark: 34167K(34176K)] 43376K(49536K), 0.0067630 secs] [Times: user=0.01 sys=0.00, real=0.01 secs] 
<writer thread='11267'/>
[CMS-concurrent-mark-start]
<writer thread='11779'/>
[Full GC (Allocation Failure) [CMS
<writer thread='11267'/>
[CMS-concurrent-mark: 0.088/0.091 secs] [Times: user=0.21 sys=0.01, real=0.09 secs] 
<writer thread='11779'/>
 (concurrent mode failure): 34175K-&gt;34166K(34176K), 0.2099205 secs] 49534K-&gt;37769K(49536K), [Metaspace: 59815K-&gt;59815K(1105920K)], 0.2100900 secs] [Times: user=0.27 sys=0.00, real=0.21 secs] 
[Full GC (Allocation Failure) [CMS: 34168K-&gt;34175K(34176K), 0.1538222 secs] 49528K-&gt;37817K(49536K), [Metaspace: 59845K-&gt;59845K(1105920K)], 0.1546852 secs] [Times: user=0.16 sys=0.00, real=0.15 secs] 
[GC (CMS Initial Mark) [1 CMS-initial-mark: 34175K(34176K)] 40311K(49536K), 0.0034873 secs] [Times: user=0.01 sys=0.00, real=0.00 secs] 
<writer thread='11267'/>
[CMS-concurrent-mark-start]
<writer thread='11779'/>
[Full GC (Allocation Failure) [CMS
<writer thread='11267'/>
[CMS-concurrent-mark: 0.098/0.102 secs] [Times: user=0.19 sys=0.01, real=0.10 secs] 
<writer thread='11779'/>
 (concurrent mode failure): 34175K-&gt;34175K(34176K), 0.2062943 secs] 49535K-&gt;37687K(49536K), [Metaspace: 59860K-&gt;59860K(1105920K)], 0.2064656 secs] [Times: user=0.20 sys=0.00, real=0.20 secs] 
[Full GC (Allocation Failure) [CMS: 34175K-&gt;34175K(34176K), 0.1639700 secs] 49535K-&gt;37610K(49536K), [Metaspace: 59883K-&gt;59883K(1105920K)], 0.1641893 secs] [Times: user=0.16 sys=0.00, real=0.16 secs] 
[GC (CMS Initial Mark) [1 CMS-initial-mark: 34175K(34176K)] 47871K(49536K), 0.0066613 secs] [Times: user=0.02 sys=0.00, real=0.01 secs] 
<writer thread='11267'/>
[CMS-concurrent-mark-start]
<writer thread='11779'/>
[Full GC (Allocation Failure) [CMS
<writer thread='11267'/>
[CMS-concurrent-mark: 0.073/0.075 secs] [Times: user=0.16 sys=0.01, real=0.07 secs] 
<writer thread='11779'/>
 (concurrent mode failure): 34175K-&gt;34175K(34176K), 0.1895845 secs] 49516K-&gt;37639K(49536K), [Metaspace: 59988K-&gt;59988K(1105920K)], 0.1897517 secs] [Times: user=0.18 sys=0.00, real=0.19 secs] 
[Full GC (Allocation Failure) [CMS: 34175K-&gt;34175K(34176K), 0.1528388 secs] 49524K-&gt;37770K(49536K), [Metaspace: 59995K-&gt;59995K(1105920K)], 0.1530050 secs] [Times: user=0.16 sys=0.00, real=0.16 secs] 
[GC (CMS Initial Mark) [1 CMS-initial-mark: 34175K(34176K)] 38153K(49536K), 0.0030509 secs] [Times: user=0.00 sys=0.00, real=0.00 secs] 
<writer thread='11267'/>
[CMS-concurrent-mark-start]
<writer thread='11779'/>
[Full GC (Allocation Failure) [CMS
<writer thread='11267'/>
[CMS-concurrent-mark: 0.102/0.104 secs] [Times: user=0.24 sys=0.01, real=0.11 secs] 
<writer thread='11779'/>
 (concurrent mode failure): 34175K-&gt;34174K(34176K), 0.1973385 secs] 49534K-&gt;37670K(49536K), [Metaspace: 60009K-&gt;60009K(1105920K)], 0.1975000 secs] [Times: user=0.19 sys=0.00, real=0.20 secs] 
[Full GC (Allocation Failure) [CMS: 34174K-&gt;34174K(34176K), 0.1561528 secs] 49528K-&gt;37646K(49536K), [Metaspace: 60049K-&gt;60049K(1105920K)], 0.1565819 secs] [Times: user=0.14 sys=0.01, real=0.16 secs] 
[GC (CMS Initial Mark) [1 CMS-initial-mark: 34174K(34176K)] 47870K(49536K), 0.0090764 secs] [Times: user=0.03 sys=0.00, real=0.01 secs] 
<writer thread='11267'/>
[CMS-concurrent-mark-start]
<writer thread='11779'/>
[Full GC (Allocation Failure) [CMS
<writer thread='11267'/>
[CMS-concurrent-mark: 0.072/0.074 secs] [Times: user=0.13 sys=0.01, real=0.08 secs] 
<writer thread='11779'/>
 (concurrent mode failure): 34174K-&gt;34174K(34176K), 0.2119660 secs] 49531K-&gt;37717K(49536K), [Metaspace: 60122K-&gt;60122K(1105920K)], 0.2121480 secs] [Times: user=0.20 sys=0.00, real=0.21 secs] 
[Full GC (Allocation Failure) [CMS: 34175K-&gt;34174K(34176K), 0.1548296 secs] 49535K-&gt;37668K(49536K), [Metaspace: 60127K-&gt;60127K(1105920K)], 0.1550122 secs] [Times: user=0.18 sys=0.01, real=0.15 secs] 
[GC (CMS Initial Mark) [1 CMS-initial-mark: 34174K(34176K)] 47870K(49536K), 0.0052360 secs] [Times: user=0.02 sys=0.00, real=0.01 secs] 
<writer thread='11267'/>
[CMS-concurrent-mark-start]
<writer thread='11779'/>
[Full GC (Allocation Failure) [CMS
<writer thread='11267'/>
[CMS-concurrent-mark: 0.078/0.083 secs] [Times: user=0.20 sys=0.01, real=0.08 secs] 
<writer thread='11779'/>
 (concurrent mode failure): 34175K-&gt;34173K(34176K), 0.2191197 secs] 49535K-&gt;37582K(49536K), [Metaspace: 60181K-&gt;60181K(1105920K)], 0.2192842 secs] [Times: user=0.28 sys=0.00, real=0.22 secs] 
[Full GC (Allocation Failure) [CMS: 34175K-&gt;34173K(34176K), 0.1481370 secs] 49535K-&gt;37593K(49536K), [Metaspace: 60184K-&gt;60184K(1105920K)], 0.1483160 secs] [Times: user=0.16 sys=0.00, real=0.15 secs] 
[GC (CMS Initial Mark) [1 CMS-initial-mark: 34173K(34176K)] 43445K(49536K), 0.0052911 secs] [Times: user=0.01 sys=0.00, real=0.01 secs] 
<writer thread='11267'/>
[CMS-concurrent-mark-start]
<writer thread='11779'/>
[Full GC (Allocation Failure) [CMS
<writer thread='11267'/>
[CMS-concurrent-mark: 0.087/0.090 secs] [Times: user=0.15 sys=0.01, real=0.09 secs] 
<writer thread='11779'/>
 (concurrent mode failure): 34176K-&gt;34173K(34176K), 0.2290550 secs] 49536K-&gt;37675K(49536K), [Metaspace: 60214K-&gt;60214K(1105920K)], 0.2292846 secs] [Times: user=0.22 sys=0.01, real=0.23 secs] 
[Full GC (Allocation Failure) [CMS: 34175K-&gt;34168K(34176K), 0.2208663 secs] 49535K-&gt;37662K(49536K), [Metaspace: 60222K-&gt;60222K(1105920K)], 0.2216032 secs] [Times: user=0.41 sys=0.01, real=0.22 secs] 
[Full GC (Allocation Failure) [CMS: 34168K-&gt;34175K(34176K), 0.2054151 secs] 49526K-&gt;37203K(49536K), [Metaspace: 60222K-&gt;60222K(1105920K)], 0.2056126 secs] [Times: user=0.26 sys=0.00, real=0.21 secs] 
[GC (CMS Initial Mark) [1 CMS-initial-mark: 34175K(34176K)] 47871K(49536K), 0.0079444 secs] [Times: user=0.02 sys=0.01, real=0.01 secs] 
<writer thread='11267'/>
[CMS-concurrent-mark-start]
<writer thread='11779'/>
[Full GC (Allocation Failure) [CMS
<writer thread='11267'/>
[CMS-concurrent-mark: 0.082/0.086 secs] [Times: user=0.13 sys=0.00, real=0.08 secs] 
<writer thread='11779'/>
 (concurrent mode failure): 34175K-&gt;34175K(34176K), 0.2436669 secs] 49535K-&gt;37052K(49536K), [Metaspace: 60226K-&gt;60226K(1105920K)], 0.2438395 secs] [Times: user=0.25 sys=0.00, real=0.24 secs] 
[Full GC (Allocation Failure) [CMS: 34175K-&gt;34176K(34176K), 0.1824801 secs] 49535K-&gt;37447K(49536K), [Metaspace: 60240K-&gt;60240K(1105920K)], 0.1826588 secs] [Times: user=0.21 sys=0.00, real=0.18 secs] 
[Full GC (Allocation Failure) [CMS: 34176K-&gt;34175K(34176K), 0.1703604 secs] 49535K-&gt;36897K(49536K), [Metaspace: 60290K-&gt;60290K(1105920K)], 0.1707049 secs] [Times: user=0.19 sys=0.00, real=0.17 secs] 
[GC (CMS Initial Mark) [1 CMS-initial-mark: 34175K(34176K)] 37016K(49536K), 0.0026483 secs] [Times: user=0.01 sys=0.00, real=0.01 secs] 
<writer thread='11267'/>
[CMS-concurrent-mark-start]
<writer thread='11779'/>
[Full GC (Allocation Failure) [CMS
<writer thread='11267'/>
[CMS-concurrent-mark: 0.088/0.091 secs] [Times: user=0.27 sys=0.01, real=0.09 secs] 
<writer thread='11779'/>
 (concurrent mode failure): 34175K-&gt;34176K(34176K), 0.1777453 secs] 49515K-&gt;37103K(49536K), [Metaspace: 60303K-&gt;60303K(1105920K)], 0.1779453 secs] [Times: user=0.21 sys=0.00, real=0.18 secs] 
[Full GC (Allocation Failure) [CMS: 34176K-&gt;34176K(34176K), 0.1664446 secs] 49535K-&gt;37052K(49536K), [Metaspace: 60311K-&gt;60311K(1105920K)], 0.1666377 secs] [Times: user=0.18 sys=0.00, real=0.16 secs] 
[GC (CMS Initial Mark) [1 CMS-initial-mark: 34176K(34176K)] 38418K(49536K), 0.0037628 secs] [Times: user=0.01 sys=0.00, real=0.00 secs] 
<writer thread='11267'/>
[CMS-concurrent-mark-start]
<writer thread='11779'/>
[Full GC (Allocation Failure) [CMS
<writer thread='11267'/>
[CMS-concurrent-mark: 0.078/0.080 secs] [Times: user=0.21 sys=0.01, real=0.08 secs] 
<writer thread='11779'/>
 (concurrent mode failure): 34176K-&gt;34175K(34176K), 0.2023795 secs] 49531K-&gt;37028K(49536K), [Metaspace: 60311K-&gt;60311K(1105920K)], 0.2025541 secs] [Times: user=0.37 sys=0.00, real=0.20 secs] 
[Full GC (Allocation Failure) [CMS: 34175K-&gt;34175K(34176K), 0.1539392 secs] 49535K-&gt;37107K(49536K), [Metaspace: 60316K-&gt;60316K(1105920K)], 0.1541137 secs] [Times: user=0.30 sys=0.00, real=0.15 secs] 
[GC (CMS Initial Mark) [1 CMS-initial-mark: 34175K(34176K)] 38360K(49536K), 0.0026830 secs] [Times: user=0.01 sys=0.00, real=0.00 secs] 
<writer thread='11267'/>
[CMS-concurrent-mark-start]
<writer thread='11779'/>
[Full GC (Allocation Failure) [CMS
<writer thread='11267'/>
[CMS-concurrent-mark: 0.086/0.091 secs] [Times: user=0.21 sys=0.01, real=0.09 secs] 
<writer thread='11779'/>
 (concurrent mode failure): 34175K-&gt;34175K(34176K), 0.1904768 secs] 49535K-&gt;37091K(49536K), [Metaspace: 60318K-&gt;60318K(1105920K)], 0.1906452 secs] [Times: user=0.18 sys=0.01, real=0.19 secs] 
[Full GC (Allocation Failure) [CMS: 34175K-&gt;34175K(34176K), 0.1593190 secs] 49521K-&gt;37373K(49536K), [Metaspace: 60320K-&gt;60320K(1105920K)], 0.1594943 secs] [Times: user=0.16 sys=0.00, real=0.16 secs] 
[GC (CMS Initial Mark) [1 CMS-initial-mark: 34175K(34176K)] 44599K(49536K), 0.0037039 secs] [Times: user=0.01 sys=0.00, real=0.00 secs] 
<writer thread='11267'/>
[CMS-concurrent-mark-start]
<writer thread='11779'/>
[Full GC (Allocation Failure) [CMS
<writer thread='11267'/>
[CMS-concurrent-mark: 0.075/0.077 secs] [Times: user=0.14 sys=0.00, real=0.08 secs] 
<writer thread='11779'/>
 (concurrent mode failure): 34175K-&gt;34175K(34176K), 0.1945619 secs] 49535K-&gt;37078K(49536K), [Metaspace: 60334K-&gt;60334K(1105920K)], 0.1947659 secs] [Times: user=0.19 sys=0.00, real=0.19 secs] 
[Full GC (Allocation Failure) [CMS: 34175K-&gt;34175K(34176K), 0.1782847 secs] 49535K-&gt;37020K(49536K), [Metaspace: 60336K-&gt;60336K(1105920K)], 0.1784574 secs] [Times: user=0.18 sys=0.01, real=0.18 secs] 
[GC (CMS Initial Mark) [1 CMS-initial-mark: 34175K(34176K)] 38881K(49536K), 0.0027088 secs] [Times: user=0.01 sys=0.00, real=0.01 secs] 
<writer thread='11267'/>
[CMS-concurrent-mark-start]
<writer thread='11779'/>
[Full GC (Allocation Failure) [CMS
<writer thread='11267'/>
[CMS-concurrent-mark: 0.097/0.099 secs] [Times: user=0.24 sys=0.01, real=0.10 secs] 
<writer thread='11779'/>
 (concurrent mode failure): 34175K-&gt;34175K(34176K), 0.1911822 secs] 49531K-&gt;37152K(49536K), [Metaspace: 60375K-&gt;60375K(1105920K)], 0.1913965 secs] [Times: user=0.21 sys=0.01, real=0.19 secs] 
[Full GC (Allocation Failure) [CMS: 34175K-&gt;34175K(34176K), 0.1454462 secs] 49476K-&gt;37168K(49536K), [Metaspace: 60379K-&gt;60379K(1105920K)], 0.1456043 secs] [Times: user=0.15 sys=0.00, real=0.15 secs] 
[GC (CMS Initial Mark) [1 CMS-initial-mark: 34175K(34176K)] 47871K(49536K), 0.0075930 secs] [Times: user=0.02 sys=0.00, real=0.00 secs] 
<writer thread='11267'/>
[CMS-concurrent-mark-start]
<writer thread='11779'/>
[Full GC (Allocation Failure) [CMS
<writer thread='11267'/>
[CMS-concurrent-mark: 0.074/0.076 secs] [Times: user=0.11 sys=0.01, real=0.07 secs] 
<writer thread='11779'/>
 (concurrent mode failure): 34175K-&gt;34175K(34176K), 0.2113738 secs] 49528K-&gt;37029K(49536K), [Metaspace: 60449K-&gt;60449K(1105920K)], 0.2115239 secs] [Times: user=0.20 sys=0.00, real=0.21 secs] 
[Full GC (Allocation Failure) [CMS: 34175K-&gt;34175K(34176K), 0.1512468 secs] 49535K-&gt;36925K(49536K), [Metaspace: 60486K-&gt;60486K(1105920K)], 0.1514128 secs] [Times: user=0.17 sys=0.00, real=0.15 secs] 
[Full GC (Allocation Failure) [CMS: 34175K-&gt;34174K(34176K), 0.1509992 secs] 49530K-&gt;37503K(49536K), [Metaspace: 60498K-&gt;60498K(1105920K)], 0.1512090 secs] [Times: user=0.16 sys=0.00, real=0.15 secs] 
[GC (CMS Initial Mark) [1 CMS-initial-mark: 34174K(34176K)] 47870K(49536K), 0.0079742 secs] [Times: user=0.02 sys=0.00, real=0.01 secs] 
<writer thread='11267'/>
[CMS-concurrent-mark-start]
<writer thread='11779'/>
[Full GC (Allocation Failure) [CMS
<writer thread='11267'/>
[CMS-concurrent-mark: 0.065/0.069 secs] [Times: user=0.10 sys=0.00, real=0.07 secs] 
<writer thread='11779'/>
 (concurrent mode failure): 34175K-&gt;34173K(34176K), 0.2111669 secs] 49535K-&gt;37297K(49536K), [Metaspace: 60508K-&gt;60508K(1105920K)], 0.2114656 secs] [Times: user=0.20 sys=0.00, real=0.21 secs] 
[Full GC (Allocation Failure) [CMS: 34175K-&gt;34173K(34176K), 0.1789437 secs] 49535K-&gt;36995K(49536K), [Metaspace: 60512K-&gt;60512K(1105920K)], 0.1791213 secs] [Times: user=0.17 sys=0.00, real=0.18 secs] 
[GC (CMS Initial Mark) [1 CMS-initial-mark: 34173K(34176K)] 37391K(49536K), 0.0030510 secs] [Times: user=0.01 sys=0.00, real=0.00 secs] 
<writer thread='11267'/>
[CMS-concurrent-mark-start]
<writer thread='11779'/>
[Full GC (Allocation Failure) [CMS
<writer thread='11267'/>
[CMS-concurrent-mark: 0.080/0.083 secs] [Times: user=0.26 sys=0.01, real=0.08 secs] 
<writer thread='11779'/>
 (concurrent mode failure): 34175K-&gt;34175K(34176K), 0.1600798 secs] 49535K-&gt;37029K(49536K), [Metaspace: 60568K-&gt;60568K(1105920K)], 0.1602871 secs] [Times: user=0.18 sys=0.00, real=0.17 secs] 
[Full GC (Allocation Failure) [CMS: 34175K-&gt;34175K(34176K), 0.1563088 secs] 49530K-&gt;37036K(49536K), [Metaspace: 60592K-&gt;60592K(1105920K)], 0.1567762 secs] [Times: user=0.29 sys=0.00, real=0.16 secs] 
[GC (CMS Initial Mark) [1 CMS-initial-mark: 34175K(34176K)] 47871K(49536K), 0.0082847 secs] [Times: user=0.02 sys=0.00, real=0.01 secs] 
<writer thread='11267'/>
[CMS-concurrent-mark-start]
<writer thread='11779'/>
[Full GC (Allocation Failure) [CMS
<writer thread='11267'/>
[CMS-concurrent-mark: 0.063/0.069 secs] [Times: user=0.11 sys=0.01, real=0.07 secs] 
<writer thread='11779'/>
 (concurrent mode failure): 34175K-&gt;34176K(34176K), 0.2053054 secs] 49527K-&gt;37132K(49536K), [Metaspace: 60647K-&gt;60647K(1105920K)], 0.2056493 secs] [Times: user=0.21 sys=0.00, real=0.21 secs] 
[Full GC (Allocation Failure) [CMS: 34176K-&gt;34176K(34176K), 0.1416539 secs] 49533K-&gt;37188K(49536K), [Metaspace: 60689K-&gt;60689K(1105920K)], 0.1418664 secs] [Times: user=0.16 sys=0.00, real=0.14 secs] 
[GC (CMS Initial Mark) [1 CMS-initial-mark: 34176K(34176K)] 37415K(49536K), 0.0023165 secs] [Times: user=0.01 sys=0.00, real=0.00 secs] 
<writer thread='11267'/>
[CMS-concurrent-mark-start]
<writer thread='11779'/>
[Full GC (Allocation Failure) [CMS
<writer thread='11267'/>
[CMS-concurrent-mark: 0.098/0.100 secs] [Times: user=0.23 sys=0.01, real=0.10 secs] 
<writer thread='11779'/>
 (concurrent mode failure): 34176K-&gt;34176K(34176K), 0.1967102 secs] 49536K-&gt;37037K(49536K), [Metaspace: 60706K-&gt;60706K(1105920K)], 0.1969011 secs] [Times: user=0.20 sys=0.00, real=0.19 secs] 
[Full GC (Allocation Failure) [CMS: 34176K-&gt;34175K(34176K), 0.1610172 secs] 49531K-&gt;37054K(49536K), [Metaspace: 60715K-&gt;60715K(1105920K)], 0.1612020 secs] [Times: user=0.15 sys=0.00, real=0.16 secs] 
[Full GC (Allocation Failure) [CMS (concurrent mode failure): 34175K-&gt;34175K(34176K), 0.1580542 secs] 49527K-&gt;37075K(49536K), [Metaspace: 60724K-&gt;60724K(1105920K)], 0.1587936 secs] [Times: user=0.22 sys=0.00, real=0.16 secs] 
[Full GC (Allocation Failure) [CMS: 34175K-&gt;34175K(34176K), 0.1393124 secs] 49535K-&gt;37346K(49536K), [Metaspace: 60765K-&gt;60765K(1105920K)], 0.1394815 secs] [Times: user=0.17 sys=0.00, real=0.14 secs] 
[GC (CMS Initial Mark) [1 CMS-initial-mark: 34175K(34176K)] 38273K(49536K), 0.0028678 secs] [Times: user=0.01 sys=0.00, real=0.00 secs] 
<writer thread='11267'/>
[CMS-concurrent-mark-start]
<writer thread='11779'/>
[Full GC (Allocation Failure) [CMS
<writer thread='11267'/>
[CMS-concurrent-mark: 0.090/0.097 secs] [Times: user=0.20 sys=0.02, real=0.10 secs] 
<writer thread='11779'/>
 (concurrent mode failure): 34175K-&gt;34175K(34176K), 0.2094116 secs] 49522K-&gt;36988K(49536K), [Metaspace: 60766K-&gt;60766K(1105920K)], 0.2096013 secs] [Times: user=0.22 sys=0.00, real=0.21 secs] 
[Full GC (Allocation Failure) [CMS: 34176K-&gt;34175K(34176K), 0.1632729 secs] 49536K-&gt;37127K(49536K), [Metaspace: 60768K-&gt;60768K(1105920K)], 0.1634765 secs] [Times: user=0.17 sys=0.00, real=0.17 secs] 
[GC (CMS Initial Mark) [1 CMS-initial-mark: 34175K(34176K)] 48258K(49536K), 0.0048437 secs] [Times: user=0.01 sys=0.00, real=0.01 secs] 
<writer thread='11267'/>
[CMS-concurrent-mark-start]
<writer thread='11779'/>
[Full GC (Allocation Failure) [CMS
<writer thread='11267'/>
[CMS-concurrent-mark: 0.063/0.065 secs] [Times: user=0.12 sys=0.01, real=0.06 secs] 
<writer thread='11779'/>
 (concurrent mode failure): 34175K-&gt;34175K(34176K), 0.2276958 secs] 49530K-&gt;37073K(49536K), [Metaspace: 60780K-&gt;60780K(1105920K)], 0.2279032 secs] [Times: user=0.24 sys=0.01, real=0.23 secs] 
[Full GC (Allocation Failure) [CMS: 34175K-&gt;34175K(34176K), 0.1588938 secs] 49526K-&gt;37123K(49536K), [Metaspace: 60780K-&gt;60780K(1105920K)], 0.1593155 secs] [Times: user=0.21 sys=0.01, real=0.16 secs] 
[GC (CMS Initial Mark) [1 CMS-initial-mark: 34175K(34176K)] 37359K(49536K), 0.0025577 secs] [Times: user=0.01 sys=0.00, real=0.00 secs] 
<writer thread='11267'/>
[CMS-concurrent-mark-start]
<writer thread='11779'/>
[Full GC (Allocation Failure) [CMS
<writer thread='11267'/>
[CMS-concurrent-mark: 0.073/0.075 secs] [Times: user=0.17 sys=0.01, real=0.08 secs] 
<writer thread='11779'/>
 (concurrent mode failure): 34175K-&gt;34175K(34176K), 0.1849633 secs] 49535K-&gt;37127K(49536K), [Metaspace: 60781K-&gt;60781K(1105920K)], 0.1851426 secs] [Times: user=0.19 sys=0.00, real=0.19 secs] 
[Full GC (Allocation Failure) [CMS: 34175K-&gt;34175K(34176K), 0.1637730 secs] 49535K-&gt;37022K(49536K), [Metaspace: 60781K-&gt;60781K(1105920K)], 0.1639713 secs] [Times: user=0.20 sys=0.01, real=0.16 secs] 
[GC (CMS Initial Mark) [1 CMS-initial-mark: 34175K(34176K)] 38374K(49536K), 0.0031539 secs] [Times: user=0.01 sys=0.00, real=0.00 secs] 
<writer thread='11267'/>
[CMS-concurrent-mark-start]
<writer thread='11779'/>
[Full GC (Allocation Failure) [CMS
<writer thread='11267'/>
[CMS-concurrent-mark: 0.080/0.086 secs] [Times: user=0.20 sys=0.01, real=0.09 secs] 
<writer thread='11779'/>
 (concurrent mode failure): 34175K-&gt;34175K(34176K), 0.1912297 secs] 49521K-&gt;37183K(49536K), [Metaspace: 60786K-&gt;60786K(1105920K)], 0.1914173 secs] [Times: user=0.19 sys=0.00, real=0.20 secs] 
[Full GC (Allocation Failure) [CMS: 34175K-&gt;34176K(34176K), 0.1566121 secs] 49535K-&gt;37117K(49536K), [Metaspace: 60786K-&gt;60786K(1105920K)], 0.1567890 secs] [Times: user=0.16 sys=0.00, real=0.16 secs] 
[GC (CMS Initial Mark) [1 CMS-initial-mark: 34176K(34176K)] 47872K(49536K), 0.0049775 secs] [Times: user=0.02 sys=0.00, real=0.01 secs] 
<writer thread='11267'/>
[CMS-concurrent-mark-start]
<writer thread='11779'/>
[Full GC (Allocation Failure) [CMS
<writer thread='11267'/>
[CMS-concurrent-mark: 0.074/0.076 secs] [Times: user=0.18 sys=0.01, real=0.07 secs] 
<writer thread='11779'/>
 (concurrent mode failure): 34176K-&gt;34175K(34176K), 0.2058359 secs] 49535K-&gt;37019K(49536K), [Metaspace: 60786K-&gt;60786K(1105920K)], 0.2060324 secs] [Times: user=0.39 sys=0.00, real=0.20 secs] 
[Full GC (Allocation Failure) [CMS: 34175K-&gt;34175K(34176K), 0.1640697 secs] 49531K-&gt;37430K(49536K), [Metaspace: 60786K-&gt;60786K(1105920K)], 0.1642544 secs] [Times: user=0.28 sys=0.01, real=0.17 secs] 
[GC (CMS Initial Mark) [1 CMS-initial-mark: 34175K(34176K)] 47278K(49536K), 0.0045318 secs] [Times: user=0.01 sys=0.00, real=0.01 secs] 
<writer thread='11267'/>
[CMS-concurrent-mark-start]
<writer thread='11779'/>
[Full GC (Allocation Failure) [CMS
<writer thread='11267'/>
[CMS-concurrent-mark: 0.067/0.069 secs] [Times: user=0.09 sys=0.01, real=0.07 secs] 
<writer thread='11779'/>
 (concurrent mode failure): 34176K-&gt;34175K(34176K), 0.2175386 secs] 49535K-&gt;36991K(49536K), [Metaspace: 60786K-&gt;60786K(1105920K)], 0.2177273 secs] [Times: user=0.21 sys=0.00, real=0.22 secs] 
[Full GC (Allocation Failure) [CMS: 34175K-&gt;34175K(34176K), 0.1558437 secs] 49528K-&gt;37372K(49536K), [Metaspace: 60787K-&gt;60787K(1105920K)], 0.1560257 secs] [Times: user=0.15 sys=0.00, real=0.15 secs] 
[Full GC (Allocation Failure) [CMS: 34176K-&gt;34175K(34176K), 0.1537251 secs] 49536K-&gt;36949K(49536K), [Metaspace: 60792K-&gt;60792K(1105920K)], 0.1538983 secs] [Times: user=0.15 sys=0.00, real=0.16 secs] 
[GC (CMS Initial Mark) [1 CMS-initial-mark: 34175K(34176K)] 36996K(49536K), 0.0026719 secs] [Times: user=0.01 sys=0.00, real=0.00 secs] 
<writer thread='11267'/>
[CMS-concurrent-mark-start]
<writer thread='11779'/>
[Full GC (Allocation Failure) [CMS
<writer thread='11267'/>
[CMS-concurrent-mark: 0.071/0.074 secs] [Times: user=0.16 sys=0.01, real=0.07 secs] 
<writer thread='11779'/>
 (concurrent mode failure): 34175K-&gt;34176K(34176K), 0.1888668 secs] 49528K-&gt;36952K(49536K), [Metaspace: 60793K-&gt;60793K(1105920K)], 0.1890530 secs] [Times: user=0.18 sys=0.00, real=0.19 secs] 
[Full GC (Allocation Failure) [CMS: 34176K-&gt;34175K(34176K), 0.1553394 secs] 49531K-&gt;36916K(49536K), [Metaspace: 60803K-&gt;60803K(1105920K)], 0.1555672 secs] [Times: user=0.19 sys=0.00, real=0.16 secs] 
[GC (CMS Initial Mark) [1 CMS-initial-mark: 34175K(34176K)] 47871K(49536K), 0.0089428 secs] [Times: user=0.03 sys=0.00, real=0.01 secs] 
<writer thread='11267'/>
[CMS-concurrent-mark-start]
<writer thread='11779'/>
[Full GC (Allocation Failure) [CMS
<writer thread='11267'/>
[CMS-concurrent-mark: 0.072/0.074 secs] [Times: user=0.13 sys=0.01, real=0.07 secs] 
<writer thread='11779'/>
 (concurrent mode failure): 34175K-&gt;34175K(34176K), 0.2123161 secs] 49535K-&gt;37056K(49536K), [Metaspace: 60805K-&gt;60805K(1105920K)], 0.2125223 secs] [Times: user=0.20 sys=0.00, real=0.21 secs] 
[Full GC (Allocation Failure) [CMS: 34175K-&gt;34176K(34176K), 0.1728148 secs] 49535K-&gt;37116K(49536K), [Metaspace: 60805K-&gt;60805K(1105920K)], 0.1730091 secs] [Times: user=0.24 sys=0.01, real=0.17 secs] 
[GC (CMS Initial Mark) [1 CMS-initial-mark: 34176K(34176K)] 37980K(49536K), 0.0030123 secs] [Times: user=0.01 sys=0.00, real=0.00 secs] 
<writer thread='11267'/>
[CMS-concurrent-mark-start]
<writer thread='11779'/>
[Full GC (Allocation Failure) [CMS
<writer thread='11267'/>
[CMS-concurrent-mark: 0.077/0.080 secs] [Times: user=0.20 sys=0.01, real=0.08 secs] 
<writer thread='11779'/>
 (concurrent mode failure): 34176K-&gt;34175K(34176K), 0.1997945 secs] 49530K-&gt;37067K(49536K), [Metaspace: 60805K-&gt;60805K(1105920K)], 0.2000441 secs] [Times: user=0.22 sys=0.00, real=0.20 secs] 
[Full GC (Allocation Failure) [CMS: 34175K-&gt;34175K(34176K), 0.1602994 secs] 49535K-&gt;36995K(49536K), [Metaspace: 60805K-&gt;60805K(1105920K)], 0.1642907 secs] [Times: user=0.18 sys=0.00, real=0.17 secs] 
[GC (CMS Initial Mark) [1 CMS-initial-mark: 34175K(34176K)] 37170K(49536K), 0.0025193 secs] [Times: user=0.00 sys=0.00, real=0.00 secs] 
<writer thread='11267'/>
[CMS-concurrent-mark-start]
<writer thread='11779'/>
[Full GC (Allocation Failure) [CMS
<writer thread='11267'/>
[CMS-concurrent-mark: 0.071/0.080 secs] [Times: user=0.22 sys=0.02, real=0.08 secs] 
<writer thread='11779'/>
 (concurrent mode failure): 34175K-&gt;34175K(34176K), 0.1718530 secs] 49535K-&gt;37153K(49536K), [Metaspace: 60805K-&gt;60805K(1105920K)], 0.1721260 secs] [Times: user=0.19 sys=0.01, real=0.17 secs] 
[Full GC (Allocation Failure) [CMS: 34175K-&gt;34175K(34176K), 0.1600904 secs] 49535K-&gt;37068K(49536K), [Metaspace: 60805K-&gt;60805K(1105920K)], 0.1603335 secs] [Times: user=0.18 sys=0.00, real=0.16 secs] 
[GC (CMS Initial Mark) [1 CMS-initial-mark: 34175K(34176K)] 37193K(49536K), 0.0025393 secs] [Times: user=0.00 sys=0.00, real=0.00 secs] 
<writer thread='11267'/>
[CMS-concurrent-mark-start]
<writer thread='11779'/>
[Full GC (Allocation Failure) [CMS
<writer thread='11267'/>
[CMS-concurrent-mark: 0.070/0.073 secs] [Times: user=0.20 sys=0.01, real=0.08 secs] 
<writer thread='11779'/>
 (concurrent mode failure): 34175K-&gt;34175K(34176K), 0.1798989 secs] 49535K-&gt;37008K(49536K), [Metaspace: 60808K-&gt;60808K(1105920K)], 0.1800817 secs] [Times: user=0.19 sys=0.00, real=0.18 secs] 
[Full GC (Allocation Failure) [CMS: 34175K-&gt;34175K(34176K), 0.1539008 secs] 49528K-&gt;36947K(49536K), [Metaspace: 60808K-&gt;60808K(1105920K)], 0.1540793 secs] [Times: user=0.16 sys=0.00, real=0.16 secs] 
[GC (CMS Initial Mark) [1 CMS-initial-mark: 34175K(34176K)] 37070K(49536K), 0.0025606 secs] [Times: user=0.00 sys=0.00, real=0.00 secs] 
<writer thread='11267'/>
[CMS-concurrent-mark-start]
<writer thread='11779'/>
[Full GC (Allocation Failure) [CMS
<writer thread='11267'/>
[CMS-concurrent-mark: 0.072/0.074 secs] [Times: user=0.18 sys=0.01, real=0.08 secs] 
<writer thread='11779'/>
 (concurrent mode failure): 34175K-&gt;34176K(34176K), 0.1927677 secs] 49535K-&gt;37242K(49536K), [Metaspace: 60808K-&gt;60808K(1105920K)], 0.1929826 secs] [Times: user=0.37 sys=0.01, real=0.19 secs] 
[Full GC (Allocation Failure) [CMS: 34176K-&gt;34176K(34176K), 0.1613722 secs] 49535K-&gt;37114K(49536K), [Metaspace: 60808K-&gt;60808K(1105920K)], 0.1615573 secs] [Times: user=0.31 sys=0.01, real=0.16 secs] 
[GC (CMS Initial Mark) [1 CMS-initial-mark: 34176K(34176K)] 47958K(49536K), 0.0051931 secs] [Times: user=0.02 sys=0.00, real=0.00 secs] 
<writer thread='11267'/>
[CMS-concurrent-mark-start]
<writer thread='11779'/>
[Full GC (Allocation Failure) [CMS
<writer thread='11267'/>
[CMS-concurrent-mark: 0.064/0.066 secs] [Times: user=0.14 sys=0.00, real=0.07 secs] 
<writer thread='11779'/>
 (concurrent mode failure): 34176K-&gt;34176K(34176K), 0.2097661 secs] 49535K-&gt;37134K(49536K), [Metaspace: 60808K-&gt;60808K(1105920K)], 0.2099447 secs] [Times: user=0.25 sys=0.00, real=0.21 secs] 
[Full GC (Allocation Failure) [CMS: 34176K-&gt;34176K(34176K), 0.1500987 secs] 49531K-&gt;37087K(49536K), [Metaspace: 60808K-&gt;60808K(1105920K)], 0.1502628 secs] [Times: user=0.15 sys=0.00, real=0.15 secs] 
[GC (CMS Initial Mark) [1 CMS-initial-mark: 34176K(34176K)] 38188K(49536K), 0.0031149 secs] [Times: user=0.01 sys=0.00, real=0.00 secs] 
<writer thread='11267'/>
[CMS-concurrent-mark-start]
<writer thread='11779'/>
[Full GC (Allocation Failure) [CMS
<writer thread='11267'/>
[CMS-concurrent-mark: 0.076/0.079 secs] [Times: user=0.20 sys=0.01, real=0.08 secs] 
<writer thread='11779'/>
 (concurrent mode failure): 34176K-&gt;34175K(34176K), 0.1856177 secs] 49535K-&gt;36993K(49536K), [Metaspace: 60808K-&gt;60808K(1105920K)], 0.1857917 secs] [Times: user=0.20 sys=0.00, real=0.19 secs] 
[Full GC (Allocation Failure) [CMS: 34175K-&gt;34175K(34176K), 0.1536719 secs] 49526K-&gt;37169K(49536K), [Metaspace: 60808K-&gt;60808K(1105920K)], 0.1538493 secs] [Times: user=0.15 sys=0.00, real=0.15 secs] 
[GC (CMS Initial Mark) [1 CMS-initial-mark: 34175K(34176K)] 47871K(49536K), 0.0051438 secs] [Times: user=0.02 sys=0.00, real=0.00 secs] 
<writer thread='11267'/>
[CMS-concurrent-mark-start]
<writer thread='11779'/>
[Full GC (Allocation Failure) [CMS
<writer thread='11267'/>
[CMS-concurrent-mark: 0.066/0.068 secs] [Times: user=0.09 sys=0.00, real=0.07 secs] 
<writer thread='11779'/>
 (concurrent mode failure): 34176K-&gt;34175K(34176K), 0.2133953 secs] 49535K-&gt;37101K(49536K), [Metaspace: 60808K-&gt;60808K(1105920K)], 0.2137859 secs] [Times: user=0.21 sys=0.01, real=0.21 secs] 
[Full GC (Allocation Failure) [CMS: 34175K-&gt;34175K(34176K), 0.1561263 secs] 49535K-&gt;37186K(49536K), [Metaspace: 60809K-&gt;60809K(1105920K)], 0.1562954 secs] [Times: user=0.16 sys=0.00, real=0.15 secs] 
[GC (CMS Initial Mark) [1 CMS-initial-mark: 34175K(34176K)] 47871K(49536K), 0.0065324 secs] [Times: user=0.02 sys=0.00, real=0.00 secs] 
<writer thread='11267'/>
[CMS-concurrent-mark-start]
<writer thread='11779'/>
[Full GC (Allocation Failure) [CMS
<writer thread='11267'/>
[CMS-concurrent-mark: 0.064/0.066 secs] [Times: user=0.08 sys=0.00, real=0.07 secs] 
<writer thread='11779'/>
 (concurrent mode failure): 34175K-&gt;34176K(34176K), 0.2174608 secs] 49528K-&gt;37038K(49536K), [Metaspace: 60809K-&gt;60809K(1105920K)], 0.2176134 secs] [Times: user=0.21 sys=0.01, real=0.22 secs] 
[Full GC (Allocation Failure) [CMS: 34176K-&gt;34176K(34176K), 0.1533533 secs] 49535K-&gt;37099K(49536K), [Metaspace: 60809K-&gt;60809K(1105920K)], 0.1535915 secs] [Times: user=0.15 sys=0.00, real=0.16 secs] 
[GC (CMS Initial Mark) [1 CMS-initial-mark: 34176K(34176K)] 47476K(49536K), 0.0057540 secs] [Times: user=0.02 sys=0.00, real=0.01 secs] 
<writer thread='11267'/>
[CMS-concurrent-mark-start]
<writer thread='11779'/>
[Full GC (Allocation Failure) [CMS
<writer thread='11267'/>
[CMS-concurrent-mark: 0.074/0.079 secs] [Times: user=0.18 sys=0.00, real=0.09 secs] 
<writer thread='11779'/>
 (concurrent mode failure): 34176K-&gt;34175K(34176K), 0.2213330 secs] 49535K-&gt;37160K(49536K), [Metaspace: 60809K-&gt;60809K(1105920K)], 0.2216826 secs] [Times: user=0.31 sys=0.01, real=0.22 secs] 
[Full GC (Allocation Failure) [CMS: 34175K-&gt;34176K(34176K), 0.1591333 secs] 49520K-&gt;37285K(49536K), [Metaspace: 60809K-&gt;60809K(1105920K)], 0.1593260 secs] [Times: user=0.15 sys=0.00, real=0.16 secs] 
[GC (CMS Initial Mark) [1 CMS-initial-mark: 34176K(34176K)] 47872K(49536K), 0.0047136 secs] [Times: user=0.02 sys=0.00, real=0.01 secs] 
<writer thread='11267'/>
[CMS-concurrent-mark-start]
<writer thread='11779'/>
[Full GC (Allocation Failure) [CMS
<writer thread='11267'/>
[CMS-concurrent-mark: 0.065/0.068 secs] [Times: user=0.11 sys=0.00, real=0.07 secs] 
<writer thread='11779'/>
 (concurrent mode failure): 34176K-&gt;34175K(34176K), 0.2014442 secs] 49531K-&gt;37006K(49536K), [Metaspace: 60809K-&gt;60809K(1105920K)], 0.2016448 secs] [Times: user=0.20 sys=0.00, real=0.20 secs] 
[Full GC (Allocation Failure) [CMS: 34175K-&gt;34175K(34176K), 0.1555298 secs] 49535K-&gt;37019K(49536K), [Metaspace: 60809K-&gt;60809K(1105920K)], 0.1557196 secs] [Times: user=0.18 sys=0.00, real=0.16 secs] 
[GC (CMS Initial Mark) [1 CMS-initial-mark: 34175K(34176K)] 45386K(49536K), 0.0081446 secs] [Times: user=0.02 sys=0.00, real=0.00 secs] 
<writer thread='11267'/>
[CMS-concurrent-mark-start]
<writer thread='11779'/>
[Full GC (Allocation Failure) [CMS
<writer thread='11267'/>
[CMS-concurrent-mark: 0.087/0.089 secs] [Times: user=0.21 sys=0.01, real=0.09 secs] 
<writer thread='11779'/>
 (concurrent mode failure): 34175K-&gt;34175K(34176K), 0.1778719 secs] 49531K-&gt;37358K(49536K), [Metaspace: 60809K-&gt;60809K(1105920K)], 0.1780503 secs] [Times: user=0.18 sys=0.00, real=0.18 secs] 
[Full GC (Allocation Failure) [CMS: 34175K-&gt;34175K(34176K), 0.1475141 secs] 49528K-&gt;37077K(49536K), [Metaspace: 60809K-&gt;60809K(1105920K)], 0.1476886 secs] [Times: user=0.24 sys=0.00, real=0.15 secs] 
[GC (CMS Initial Mark) [1 CMS-initial-mark: 34175K(34176K)] 37467K(49536K), 0.0024448 secs] [Times: user=0.01 sys=0.00, real=0.00 secs] 
<writer thread='11267'/>
[CMS-concurrent-mark-start]
<writer thread='11779'/>
[Full GC (Allocation Failure) [CMS
<writer thread='11267'/>
[CMS-concurrent-mark: 0.085/0.089 secs] [Times: user=0.21 sys=0.01, real=0.09 secs] 
<writer thread='11779'/>
 (concurrent mode failure): 34175K-&gt;34175K(34176K), 0.1958542 secs] 49535K-&gt;37169K(49536K), [Metaspace: 60809K-&gt;60809K(1105920K)], 0.1960335 secs] [Times: user=0.21 sys=0.00, real=0.20 secs] 
[Full GC (Allocation Failure) [CMS: 34175K-&gt;34176K(34176K), 0.1612586 secs] 49534K-&gt;37277K(49536K), [Metaspace: 60809K-&gt;60809K(1105920K)], 0.1614646 secs] [Times: user=0.31 sys=0.00, real=0.16 secs] 
[Full GC (Allocation Failure) [CMS: 34176K-&gt;34175K(34176K), 0.1470443 secs] 49536K-&gt;37019K(49536K), [Metaspace: 60810K-&gt;60810K(1105920K)], 0.1472354 secs] [Times: user=0.17 sys=0.01, real=0.14 secs] 
[GC (CMS Initial Mark) [1 CMS-initial-mark: 34175K(34176K)] 37046K(49536K), 0.0028144 secs] [Times: user=0.00 sys=0.00, real=0.01 secs] 
<writer thread='11267'/>
[CMS-concurrent-mark-start]
<writer thread='11779'/>
[Full GC (Allocation Failure) [CMS
<writer thread='11267'/>
[CMS-concurrent-mark: 0.096/0.098 secs] [Times: user=0.20 sys=0.01, real=0.10 secs] 
<writer thread='11779'/>
 (concurrent mode failure): 34175K-&gt;34175K(34176K), 0.2073531 secs] 49529K-&gt;37100K(49536K), [Metaspace: 60811K-&gt;60811K(1105920K)], 0.2075345 secs] [Times: user=0.21 sys=0.00, real=0.21 secs] 
[Full GC (Allocation Failure) [CMS: 34175K-&gt;34175K(34176K), 0.1486277 secs] 49533K-&gt;37161K(49536K), [Metaspace: 60811K-&gt;60811K(1105920K)], 0.1488261 secs] [Times: user=0.15 sys=0.00, real=0.15 secs] 
[Full GC (Allocation Failure) [CMS: 34175K-&gt;34175K(34176K), 0.1602841 secs] 49535K-&gt;37159K(49536K), [Metaspace: 60811K-&gt;60811K(1105920K)], 0.1604701 secs] [Times: user=0.19 sys=0.00, real=0.16 secs] 
[GC (CMS Initial Mark) [1 CMS-initial-mark: 34175K(34176K)] 37537K(49536K), 0.0026382 secs] [Times: user=0.01 sys=0.00, real=0.00 secs] 
<writer thread='11267'/>
[CMS-concurrent-mark-start]
<writer thread='11779'/>
[Full GC (Allocation Failure) [CMS
<writer thread='11267'/>
[CMS-concurrent-mark: 0.070/0.072 secs] [Times: user=0.17 sys=0.01, real=0.08 secs] 
<writer thread='11779'/>
 (concurrent mode failure): 34175K-&gt;34175K(34176K), 0.1779959 secs] 49534K-&gt;37105K(49536K), [Metaspace: 60811K-&gt;60811K(1105920K)], 0.1781980 secs] [Times: user=0.17 sys=0.00, real=0.18 secs] 
[Full GC (Allocation Failure) [CMS: 34175K-&gt;34175K(34176K), 0.1658626 secs] 49534K-&gt;37124K(49536K), [Metaspace: 60811K-&gt;60811K(1105920K)], 0.1660252 secs] [Times: user=0.18 sys=0.00, real=0.17 secs] 
[GC (CMS Initial Mark) [1 CMS-initial-mark: 34175K(34176K)] 47871K(49536K), 0.0046749 secs] [Times: user=0.02 sys=0.00, real=0.01 secs] 
<writer thread='11267'/>
[CMS-concurrent-mark-start]
<writer thread='11779'/>
[Full GC (Allocation Failure) [CMS
<writer thread='11267'/>
[CMS-concurrent-mark: 0.062/0.064 secs] [Times: user=0.09 sys=0.01, real=0.06 secs] 
<writer thread='11779'/>
 (concurrent mode failure): 34175K-&gt;34172K(34176K), 0.2036547 secs] 49535K-&gt;37065K(49536K), [Metaspace: 60811K-&gt;60811K(1105920K)], 0.2038465 secs] [Times: user=0.20 sys=0.01, real=0.20 secs] 
[Full GC (Allocation Failure) [CMS: 34174K-&gt;34171K(34176K), 0.1532001 secs] 49534K-&gt;37362K(49536K), [Metaspace: 60812K-&gt;60812K(1105920K)], 0.1533855 secs] [Times: user=0.16 sys=0.00, real=0.16 secs] 
[GC (CMS Initial Mark) [1 CMS-initial-mark: 34171K(34176K)] 39480K(49536K), 0.0030952 secs] [Times: user=0.01 sys=0.00, real=0.01 secs] 
<writer thread='11267'/>
[CMS-concurrent-mark-start]
<writer thread='11779'/>
[Full GC (Allocation Failure) [CMS
<writer thread='11267'/>
[CMS-concurrent-mark: 0.072/0.074 secs] [Times: user=0.17 sys=0.01, real=0.08 secs] 
<writer thread='11779'/>
 (concurrent mode failure): 34171K-&gt;34171K(34176K), 0.1790371 secs] 49528K-&gt;37308K(49536K), [Metaspace: 60812K-&gt;60812K(1105920K)], 0.1792379 secs] [Times: user=0.17 sys=0.00, real=0.17 secs] 
[Full GC (Allocation Failure) [CMS: 34175K-&gt;34172K(34176K), 0.1585866 secs] 49535K-&gt;37185K(49536K), [Metaspace: 60812K-&gt;60812K(1105920K)], 0.1587537 secs] [Times: user=0.17 sys=0.00, real=0.16 secs] 
[GC (CMS Initial Mark) [1 CMS-initial-mark: 34172K(34176K)] 40345K(49536K), 0.0030701 secs] [Times: user=0.01 sys=0.00, real=0.01 secs] 
<writer thread='11267'/>
[CMS-concurrent-mark-start]
<writer thread='11779'/>
[Full GC (Allocation Failure) [CMS
<writer thread='11267'/>
[CMS-concurrent-mark: 0.062/0.067 secs] [Times: user=0.11 sys=0.00, real=0.06 secs] 
<writer thread='11779'/>
 (concurrent mode failure): 34172K-&gt;34172K(34176K), 0.1981083 secs] 49526K-&gt;37181K(49536K), [Metaspace: 60812K-&gt;60812K(1105920K)], 0.1997140 secs] [Times: user=0.19 sys=0.01, real=0.20 secs] 
[Full GC (Allocation Failure) [CMS: 34172K-&gt;34169K(34176K), 0.1548258 secs] 49530K-&gt;37010K(49536K), [Metaspace: 60812K-&gt;60812K(1105920K)], 0.1550269 secs] [Times: user=0.16 sys=0.00, real=0.15 secs] 
[GC (CMS Initial Mark) [1 CMS-initial-mark: 34169K(34176K)] 37518K(49536K), 0.0025832 secs] [Times: user=0.00 sys=0.00, real=0.00 secs] 
<writer thread='11267'/>
[CMS-concurrent-mark-start]
<writer thread='11779'/>
[Full GC (Allocation Failure) [CMS
<writer thread='11267'/>
[CMS-concurrent-mark: 0.080/0.085 secs] [Times: user=0.20 sys=0.01, real=0.08 secs] 
<writer thread='11779'/>
 (concurrent mode failure): 34172K-&gt;34169K(34176K), 0.1832906 secs] 49532K-&gt;37087K(49536K), [Metaspace: 60814K-&gt;60814K(1105920K)], 0.1836095 secs] [Times: user=0.18 sys=0.00, real=0.18 secs] 
[Full GC (Allocation Failure) [CMS: 34169K-&gt;34175K(34176K), 0.1571711 secs] 49521K-&gt;37141K(49536K), [Metaspace: 60814K-&gt;60814K(1105920K)], 0.1573588 secs] [Times: user=0.18 sys=0.01, real=0.16 secs] 
[GC (CMS Initial Mark) [1 CMS-initial-mark: 34175K(34176K)] 48096K(49536K), 0.0071827 secs] [Times: user=0.02 sys=0.00, real=0.01 secs] 
<writer thread='11267'/>
[CMS-concurrent-mark-start]
<writer thread='11779'/>
[Full GC (Allocation Failure) [CMS
<writer thread='11267'/>
[CMS-concurrent-mark: 0.064/0.066 secs] [Times: user=0.07 sys=0.00, real=0.07 secs] 
<writer thread='11779'/>
 (concurrent mode failure): 34175K-&gt;34175K(34176K), 0.2127013 secs] 49535K-&gt;37078K(49536K), [Metaspace: 60814K-&gt;60814K(1105920K)], 0.2128543 secs] [Times: user=0.20 sys=0.00, real=0.21 secs] 
[Full GC (Allocation Failure) [CMS: 34175K-&gt;34175K(34176K), 0.1473988 secs] 49535K-&gt;37062K(49536K), [Metaspace: 60814K-&gt;60814K(1105920K)], 0.1475958 secs] [Times: user=0.15 sys=0.00, real=0.15 secs] 
[GC (CMS Initial Mark) [1 CMS-initial-mark: 34175K(34176K)] 37107K(49536K), 0.0023623 secs] [Times: user=0.01 sys=0.00, real=0.00 secs] 
<writer thread='11267'/>
[CMS-concurrent-mark-start]
<writer thread='11779'/>
[Full GC (Allocation Failure) [CMS
<writer thread='11267'/>
[CMS-concurrent-mark: 0.099/0.103 secs] [Times: user=0.28 sys=0.01, real=0.10 secs] 
<writer thread='11779'/>
 (concurrent mode failure): 34175K-&gt;34175K(34176K), 0.1996041 secs] 49532K-&gt;37030K(49536K), [Metaspace: 60817K-&gt;60817K(1105920K)], 0.1998019 secs] [Times: user=0.24 sys=0.00, real=0.20 secs] 
[Full GC (Allocation Failure) [CMS: 34175K-&gt;34175K(34176K), 0.1575405 secs] 49535K-&gt;37273K(49536K), [Metaspace: 60818K-&gt;60818K(1105920K)], 0.1577155 secs] [Times: user=0.18 sys=0.01, real=0.16 secs] 
[GC (CMS Initial Mark) [1 CMS-initial-mark: 34175K(34176K)] 47871K(49536K), 0.0048412 secs] [Times: user=0.02 sys=0.00, real=0.01 secs] 
<writer thread='11267'/>
[CMS-concurrent-mark-start]
<writer thread='11779'/>
[Full GC (Allocation Failure) [CMS
<writer thread='11267'/>
[CMS-concurrent-mark: 0.060/0.062 secs] [Times: user=0.09 sys=0.01, real=0.06 secs] 
<writer thread='11779'/>
 (concurrent mode failure): 34175K-&gt;34175K(34176K), 0.2076158 secs] 49526K-&gt;37302K(49536K), [Metaspace: 60818K-&gt;60818K(1105920K)], 0.2077986 secs] [Times: user=0.20 sys=0.00, real=0.21 secs] 
[Full GC (Allocation Failure) [CMS: 34175K-&gt;34175K(34176K), 0.1526108 secs] 49535K-&gt;37082K(49536K), [Metaspace: 60818K-&gt;60818K(1105920K)], 0.1528038 secs] [Times: user=0.15 sys=0.00, real=0.15 secs] 
[GC (CMS Initial Mark) [1 CMS-initial-mark: 34175K(34176K)] 37322K(49536K), 0.0023544 secs] [Times: user=0.01 sys=0.00, real=0.00 secs] 
<writer thread='11267'/>
[CMS-concurrent-mark-start]
<writer thread='11779'/>
[Full GC (Allocation Failure) [CMS
<writer thread='11267'/>
[CMS-concurrent-mark: 0.068/0.080 secs] [Times: user=0.19 sys=0.01, real=0.08 secs] 
<writer thread='11779'/>
 (concurrent mode failure): 34175K-&gt;34175K(34176K), 0.1920694 secs] 49525K-&gt;37182K(49536K), [Metaspace: 60818K-&gt;60818K(1105920K)], 0.1922741 secs] [Times: user=0.21 sys=0.01, real=0.19 secs] 
[Full GC (Allocation Failure) [CMS: 34175K-&gt;34174K(34176K), 0.1500826 secs] 49533K-&gt;37150K(49536K), [Metaspace: 60818K-&gt;60818K(1105920K)], 0.1502322 secs] [Times: user=0.15 sys=0.00, real=0.15 secs] 
[GC (CMS Initial Mark) [1 CMS-initial-mark: 34174K(34176K)] 44071K(49536K), 0.0035272 secs] [Times: user=0.01 sys=0.00, real=0.00 secs] 
<writer thread='11267'/>
[CMS-concurrent-mark-start]
<writer thread='11779'/>
[Full GC (Allocation Failure) [CMS
<writer thread='11267'/>
[CMS-concurrent-mark: 0.057/0.059 secs] [Times: user=0.07 sys=0.00, real=0.06 secs] 
<writer thread='11779'/>
 (concurrent mode failure): 34174K-&gt;34174K(34176K), 0.2142860 secs] 49532K-&gt;37171K(49536K), [Metaspace: 60818K-&gt;60818K(1105920K)], 0.2144318 secs] [Times: user=0.20 sys=0.01, real=0.21 secs] 
[Full GC (Allocation Failure) [CMS: 34175K-&gt;34175K(34176K), 0.1582754 secs] 49535K-&gt;37230K(49536K), [Metaspace: 60818K-&gt;60818K(1105920K)], 0.1584779 secs] [Times: user=0.16 sys=0.00, real=0.16 secs] 
[GC (CMS Initial Mark) [1 CMS-initial-mark: 34175K(34176K)] 47871K(49536K), 0.0094169 secs] [Times: user=0.03 sys=0.00, real=0.01 secs] 
<writer thread='11267'/>
[CMS-concurrent-mark-start]
<writer thread='11779'/>
[Full GC (Allocation Failure) [CMS
<writer thread='11267'/>
[CMS-concurrent-mark: 0.085/0.089 secs] [Times: user=0.18 sys=0.01, real=0.09 secs] 
<writer thread='11779'/>
 (concurrent mode failure): 34176K-&gt;34174K(34176K), 0.2009879 secs] 49536K-&gt;37161K(49536K), [Metaspace: 60818K-&gt;60818K(1105920K)], 0.2011980 secs] [Times: user=0.22 sys=0.00, real=0.20 secs] 
[Full GC (Allocation Failure) [CMS: 34174K-&gt;34174K(34176K), 0.1614932 secs] 49531K-&gt;37154K(49536K), [Metaspace: 60818K-&gt;60818K(1105920K)], 0.1616497 secs] [Times: user=0.19 sys=0.00, real=0.17 secs] 
[GC (CMS Initial Mark) [1 CMS-initial-mark: 34174K(34176K)] 37379K(49536K), 0.0024313 secs] [Times: user=0.00 sys=0.00, real=0.00 secs] 
<writer thread='11267'/>
[CMS-concurrent-mark-start]
<writer thread='11779'/>
[Full GC (Allocation Failure) [CMS
<writer thread='11267'/>
[CMS-concurrent-mark: 0.070/0.072 secs] [Times: user=0.16 sys=0.01, real=0.07 secs] 
<writer thread='11779'/>
 (concurrent mode failure): 34175K-&gt;34174K(34176K), 0.1818938 secs] 49535K-&gt;36973K(49536K), [Metaspace: 60818K-&gt;60818K(1105920K)], 0.1820620 secs] [Times: user=0.17 sys=0.00, real=0.18 secs] 
[Full GC (Allocation Failure) [CMS: 34174K-&gt;34173K(34176K), 0.1592066 secs] 49528K-&gt;37109K(49536K), [Metaspace: 60818K-&gt;60818K(1105920K)], 0.1597866 secs] [Times: user=0.15 sys=0.00, real=0.16 secs] 
[GC (CMS Initial Mark) [1 CMS-initial-mark: 34173K(34176K)] 37179K(49536K), 0.0043670 secs] [Times: user=0.01 sys=0.00, real=0.00 secs] 
<writer thread='11267'/>
[CMS-concurrent-mark-start]
<writer thread='11779'/>
[Full GC (Allocation Failure) [CMS
<writer thread='11267'/>
[CMS-concurrent-mark: 0.094/0.097 secs] [Times: user=0.29 sys=0.02, real=0.09 secs] 
<writer thread='11779'/>
 (concurrent mode failure): 34175K-&gt;34174K(34176K), 0.1816127 secs] 49535K-&gt;37113K(49536K), [Metaspace: 60818K-&gt;60818K(1105920K)], 0.1818031 secs] [Times: user=0.21 sys=0.00, real=0.18 secs] 
[Full GC (Allocation Failure) [CMS: 34174K-&gt;34173K(34176K), 0.1574013 secs] 49519K-&gt;37161K(49536K), [Metaspace: 60818K-&gt;60818K(1105920K)], 0.1575808 secs] [Times: user=0.18 sys=0.00, real=0.15 secs] 
[GC (CMS Initial Mark) [1 CMS-initial-mark: 34173K(34176K)] 47869K(49536K), 0.0047814 secs] [Times: user=0.02 sys=0.00, real=0.01 secs] 
<writer thread='11267'/>
[CMS-concurrent-mark-start]
<writer thread='11779'/>
[Full GC (Allocation Failure) [CMS
<writer thread='11267'/>
[CMS-concurrent-mark: 0.057/0.062 secs] [Times: user=0.07 sys=0.00, real=0.06 secs] 
<writer thread='11779'/>
 (concurrent mode failure): 34173K-&gt;34171K(34176K), 0.2075181 secs] 49532K-&gt;37152K(49536K), [Metaspace: 60818K-&gt;60818K(1105920K)], 0.2076734 secs] [Times: user=0.19 sys=0.00, real=0.20 secs] 
[Full GC (Allocation Failure) [CMS: 34171K-&gt;34170K(34176K), 0.1486943 secs] 49516K-&gt;37164K(49536K), [Metaspace: 60818K-&gt;60818K(1105920K)], 0.1488621 secs] [Times: user=0.15 sys=0.00, real=0.15 secs] 
[GC (CMS Initial Mark) [1 CMS-initial-mark: 34170K(34176K)] 37247K(49536K), 0.0025870 secs] [Times: user=0.01 sys=0.00, real=0.00 secs] 
<writer thread='11267'/>
[CMS-concurrent-mark-start]
<writer thread='11779'/>
[Full GC (Allocation Failure) [CMS
<writer thread='11267'/>
[CMS-concurrent-mark: 0.092/0.094 secs] [Times: user=0.22 sys=0.02, real=0.10 secs] 
<writer thread='11779'/>
 (concurrent mode failure): 34175K-&gt;34172K(34176K), 0.1995629 secs] 49535K-&gt;37018K(49536K), [Metaspace: 60818K-&gt;60818K(1105920K)], 0.1997378 secs] [Times: user=0.22 sys=0.01, real=0.20 secs] 
[Full GC (Allocation Failure) [CMS: 34172K-&gt;34169K(34176K), 0.1578633 secs] 49517K-&gt;37147K(49536K), [Metaspace: 60818K-&gt;60818K(1105920K)], 0.1580515 secs] [Times: user=0.19 sys=0.00, real=0.16 secs] 
[Full GC (Allocation Failure) [CMS (concurrent mode failure): 34175K-&gt;34167K(34176K), 0.1562965 secs] 49535K-&gt;37119K(49536K), [Metaspace: 60818K-&gt;60818K(1105920K)], 0.1565022 secs] [Times: user=0.17 sys=0.00, real=0.16 secs] 
[Full GC (Allocation Failure) [CMS: 34167K-&gt;34166K(34176K), 0.1533965 secs] 49516K-&gt;37267K(49536K), [Metaspace: 60818K-&gt;60818K(1105920K)], 0.1535516 secs] [Times: user=0.14 sys=0.00, real=0.15 secs] 
[GC (CMS Initial Mark) [1 CMS-initial-mark: 34166K(34176K)] 47862K(49536K), 0.0079598 secs] [Times: user=0.02 sys=0.00, real=0.01 secs] 
<writer thread='11267'/>
[CMS-concurrent-mark-start]
<writer thread='11779'/>
[Full GC (Allocation Failure) [CMS
<writer thread='11267'/>
[CMS-concurrent-mark: 0.101/0.104 secs] [Times: user=0.18 sys=0.00, real=0.10 secs] 
<writer thread='11779'/>
 (concurrent mode failure): 34176K-&gt;34166K(34176K), 0.3670962 secs] 49536K-&gt;37226K(49536K), [Metaspace: 60818K-&gt;60818K(1105920K)], 0.3672927 secs] [Times: user=0.31 sys=0.01, real=0.37 secs] 
[Full GC (Allocation Failure) [CMS: 34175K-&gt;34166K(34176K), 0.1856742 secs] 49535K-&gt;37006K(49536K), [Metaspace: 60818K-&gt;60818K(1105920K)], 0.1858565 secs] [Times: user=0.21 sys=0.00, real=0.18 secs] 
[GC (CMS Initial Mark) [1 CMS-initial-mark: 34166K(34176K)] 37100K(49536K), 0.0032159 secs] [Times: user=0.01 sys=0.00, real=0.01 secs] 
<writer thread='11267'/>
[CMS-concurrent-mark-start]
<writer thread='11779'/>
[Full GC (Allocation Failure) [CMS
<writer thread='11267'/>
[CMS-concurrent-mark: 0.097/0.101 secs] [Times: user=0.25 sys=0.02, real=0.10 secs] 
<writer thread='11779'/>
 (concurrent mode failure): 34166K-&gt;34175K(34176K), 0.2177637 secs] 49526K-&gt;37166K(49536K), [Metaspace: 60829K-&gt;60829K(1105920K)], 0.2182566 secs] [Times: user=0.26 sys=0.01, real=0.22 secs] 
[Full GC (Allocation Failure) [CMS: 34175K-&gt;34175K(34176K), 0.1988600 secs] 49535K-&gt;37434K(49536K), [Metaspace: 60829K-&gt;60829K(1105920K)], 0.1990418 secs] [Times: user=0.23 sys=0.01, real=0.20 secs] 
[GC (CMS Initial Mark) [1 CMS-initial-mark: 34175K(34176K)] 47871K(49536K), 0.0159562 secs] [Times: user=0.03 sys=0.00, real=0.02 secs] 
<writer thread='11267'/>
[CMS-concurrent-mark-start]
<writer thread='11779'/>
[Full GC (Allocation Failure) [CMS
<writer thread='11267'/>
[CMS-concurrent-mark: 0.135/0.143 secs] [Times: user=0.16 sys=0.01, real=0.14 secs] 
<writer thread='11779'/>
 (concurrent mode failure): 34175K-&gt;34175K(34176K), 0.3653525 secs] 49535K-&gt;37188K(49536K), [Metaspace: 60829K-&gt;60829K(1105920K)], 0.3657609 secs] [Times: user=0.27 sys=0.01, real=0.36 secs] 
[Full GC (Allocation Failure) [CMS: 34175K-&gt;34175K(34176K), 0.1917189 secs] 49535K-&gt;37451K(49536K), [Metaspace: 60829K-&gt;60829K(1105920K)], 0.1919051 secs] [Times: user=0.17 sys=0.01, real=0.20 secs] 
[GC (CMS Initial Mark) [1 CMS-initial-mark: 34175K(34176K)] 44272K(49536K), 0.0071501 secs] [Times: user=0.02 sys=0.00, real=0.01 secs] 
<writer thread='11267'/>
[CMS-concurrent-mark-start]
<writer thread='11779'/>
[Full GC (Allocation Failure) [CMS
<writer thread='11267'/>
[CMS-concurrent-mark: 0.090/0.094 secs] [Times: user=0.20 sys=0.00, real=0.10 secs] 
<writer thread='11779'/>
 (concurrent mode failure): 34175K-&gt;34175K(34176K), 0.2096064 secs] 49535K-&gt;37457K(49536K), [Metaspace: 60830K-&gt;60830K(1105920K)], 0.2098023 secs] [Times: user=0.23 sys=0.00, real=0.21 secs] 
[Full GC (Allocation Failure) [CMS: 34176K-&gt;34175K(34176K), 0.1881927 secs] 49535K-&gt;37110K(49536K), [Metaspace: 60830K-&gt;60830K(1105920K)], 0.1883766 secs] [Times: user=0.19 sys=0.00, real=0.18 secs] 
[GC (CMS Initial Mark) [1 CMS-initial-mark: 34175K(34176K)] 37230K(49536K), 0.0037442 secs] [Times: user=0.01 sys=0.00, real=0.00 secs] 
<writer thread='11267'/>
[CMS-concurrent-mark-start]
<writer thread='11779'/>
[Full GC (Allocation Failure) [CMS
<writer thread='11267'/>
[CMS-concurrent-mark: 0.087/0.091 secs] [Times: user=0.19 sys=0.02, real=0.09 secs] 
<writer thread='11779'/>
 (concurrent mode failure): 34175K-&gt;34175K(34176K), 0.3227609 secs] 49535K-&gt;37370K(49536K), [Metaspace: 60830K-&gt;60830K(1105920K)], 0.3229429 secs] [Times: user=0.26 sys=0.00, real=0.32 secs] 
[Full GC (Allocation Failure) [CMS: 34175K-&gt;34176K(34176K), 0.2677117 secs] 49535K-&gt;37160K(49536K), [Metaspace: 60830K-&gt;60830K(1105920K)], 0.2679620 secs] [Times: user=0.21 sys=0.01, real=0.27 secs] 
[GC (CMS Initial Mark) [1 CMS-initial-mark: 34176K(34176K)] 37751K(49536K), 0.0034154 secs] [Times: user=0.01 sys=0.00, real=0.01 secs] 
<writer thread='11267'/>
[CMS-concurrent-mark-start]
[CMS-concurrent-mark: 0.086/0.086 secs] [Times: user=0.26 sys=0.01, real=0.08 secs] 
[CMS-concurrent-preclean-start]
<writer thread='11779'/>
[Full GC (Allocation Failure) [CMS
<writer thread='11267'/>
[CMS-concurrent-preclean: 0.060/0.062 secs] [Times: user=0.14 sys=0.00, real=0.06 secs] 
<writer thread='11779'/>
 (concurrent mode failure): 34176K-&gt;34175K(34176K), 0.3255718 secs] 49534K-&gt;37196K(49536K), [Metaspace: 60831K-&gt;60831K(1105920K)], 0.3257656 secs] [Times: user=0.26 sys=0.01, real=0.33 secs] 
[Full GC (Allocation Failure) [CMS: 34175K-&gt;34175K(34176K), 0.2422188 secs] 49529K-&gt;36969K(49536K), [Metaspace: 60834K-&gt;60834K(1105920K)], 0.2429469 secs] [Times: user=0.21 sys=0.00, real=0.25 secs] 
[GC (CMS Initial Mark) [1 CMS-initial-mark: 34175K(34176K)] 37738K(49536K), 0.0026588 secs] [Times: user=0.01 sys=0.00, real=0.00 secs] 
<writer thread='11267'/>
[CMS-concurrent-mark-start]
<writer thread='11779'/>
[Full GC (Allocation Failure) [CMS
<writer thread='11267'/>
[CMS-concurrent-mark: 0.087/0.090 secs] [Times: user=0.22 sys=0.02, real=0.09 secs] 
<writer thread='11779'/>
 (concurrent mode failure): 34175K-&gt;34175K(34176K), 0.1862395 secs] 49534K-&gt;37112K(49536K), [Metaspace: 60835K-&gt;60835K(1105920K)], 0.1864214 secs] [Times: user=0.19 sys=0.00, real=0.19 secs] 
[Full GC (Allocation Failure) [CMS: 34175K-&gt;34176K(34176K), 0.2008542 secs] 49522K-&gt;37141K(49536K), [Metaspace: 60835K-&gt;60835K(1105920K)], 0.2013007 secs] [Times: user=0.19 sys=0.00, real=0.20 secs] 
[GC (CMS Initial Mark) [1 CMS-initial-mark: 34176K(34176K)] 37258K(49536K), 0.0024086 secs] [Times: user=0.01 sys=0.00, real=0.00 secs] 
<writer thread='11267'/>
[CMS-concurrent-mark-start]
[CMS-concurrent-mark: 0.087/0.087 secs] [Times: user=0.28 sys=0.01, real=0.09 secs] 
[CMS-concurrent-preclean-start]
<writer thread='11779'/>
[Full GC (Allocation Failure) [CMS
<writer thread='11267'/>
[CMS-concurrent-preclean: 0.050/0.052 secs] [Times: user=0.12 sys=0.00, real=0.05 secs] 
<writer thread='11779'/>
 (concurrent mode failure): 34176K-&gt;34175K(34176K), 0.1944196 secs] 49535K-&gt;37163K(49536K), [Metaspace: 60835K-&gt;60835K(1105920K)], 0.1946125 secs] [Times: user=0.21 sys=0.00, real=0.19 secs] 
[Full GC (Allocation Failure) [CMS: 34175K-&gt;34175K(34176K), 0.1606559 secs] 49534K-&gt;37066K(49536K), [Metaspace: 60836K-&gt;60836K(1105920K)], 0.1608850 secs] [Times: user=0.16 sys=0.00, real=0.16 secs] 
[GC (CMS Initial Mark) [1 CMS-initial-mark: 34175K(34176K)] 37400K(49536K), 0.0033213 secs] [Times: user=0.01 sys=0.00, real=0.01 secs] 
<writer thread='11267'/>
[CMS-concurrent-mark-start]
<writer thread='11779'/>
[Full GC (Allocation Failure) [CMS
<writer thread='11267'/>
[CMS-concurrent-mark: 0.146/0.149 secs] [Times: user=0.37 sys=0.02, real=0.15 secs] 
<writer thread='11779'/>
 (concurrent mode failure): 34175K-&gt;34175K(34176K), 0.1943182 secs] 49524K-&gt;37105K(49536K), [Metaspace: 60836K-&gt;60836K(1105920K)], 0.1945346 secs] [Times: user=0.20 sys=0.00, real=0.19 secs] 
[Full GC (Allocation Failure) [CMS: 34176K-&gt;34175K(34176K), 0.1796638 secs] 49535K-&gt;37205K(49536K), [Metaspace: 60836K-&gt;60836K(1105920K)], 0.1798398 secs] [Times: user=0.16 sys=0.00, real=0.18 secs] 
[GC (CMS Initial Mark) [1 CMS-initial-mark: 34175K(34176K)] 47871K(49536K), 0.0044243 secs] [Times: user=0.02 sys=0.00, real=0.00 secs] 
<writer thread='11267'/>
[CMS-concurrent-mark-start]
<writer thread='11779'/>
[Full GC (Allocation Failure) [CMS
<writer thread='11267'/>
[CMS-concurrent-mark: 0.057/0.063 secs] [Times: user=0.09 sys=0.01, real=0.06 secs] 
<writer thread='11779'/>
 (concurrent mode failure): 34175K-&gt;34175K(34176K), 0.2231951 secs] 49535K-&gt;37405K(49536K), [Metaspace: 60836K-&gt;60836K(1105920K)], 0.2241171 secs] [Times: user=0.22 sys=0.00, real=0.23 secs] 
[Full GC (Allocation Failure) [CMS: 34175K-&gt;34175K(34176K), 0.1854566 secs] 49532K-&gt;37200K(49536K), [Metaspace: 60836K-&gt;60836K(1105920K)], 0.1856357 secs] [Times: user=0.18 sys=0.00, real=0.19 secs] 
[GC (CMS Initial Mark) [1 CMS-initial-mark: 34175K(34176K)] 37654K(49536K), 0.0033085 secs] [Times: user=0.01 sys=0.00, real=0.00 secs] 
<writer thread='11267'/>
[CMS-concurrent-mark-start]
<writer thread='11779'/>
[Full GC (Allocation Failure) [CMS
<writer thread='11267'/>
[CMS-concurrent-mark: 0.138/0.142 secs] [Times: user=0.30 sys=0.01, real=0.15 secs] 
<writer thread='11779'/>
 (concurrent mode failure): 34175K-&gt;34175K(34176K), 0.2381471 secs] 49534K-&gt;37274K(49536K), [Metaspace: 60836K-&gt;60836K(1105920K)], 0.2383818 secs] [Times: user=0.43 sys=0.00, real=0.23 secs] 
[Full GC (Allocation Failure) [CMS: 34175K-&gt;34176K(34176K), 0.2100418 secs] 49535K-&gt;37520K(49536K), [Metaspace: 60836K-&gt;60836K(1105920K)], 0.2102317 secs] [Times: user=0.22 sys=0.00, real=0.21 secs] 
[GC (CMS Initial Mark) [1 CMS-initial-mark: 34176K(34176K)] 39023K(49536K), 0.0030236 secs] [Times: user=0.01 sys=0.00, real=0.00 secs] 
<writer thread='11267'/>
[CMS-concurrent-mark-start]
<writer thread='11779'/>
[Full GC (Allocation Failure) [CMS
<writer thread='11267'/>
[CMS-concurrent-mark: 0.106/0.110 secs] [Times: user=0.24 sys=0.00, real=0.12 secs] 
<writer thread='11779'/>
 (concurrent mode failure): 34176K-&gt;34175K(34176K), 0.2616730 secs] 49535K-&gt;37228K(49536K), [Metaspace: 60836K-&gt;60836K(1105920K)], 0.2622723 secs] [Times: user=0.21 sys=0.01, real=0.26 secs] 
[Full GC (Allocation Failure) [CMS: 34175K-&gt;34175K(34176K), 0.1993465 secs] 49534K-&gt;37488K(49536K), [Metaspace: 60836K-&gt;60836K(1105920K)], 0.1995509 secs] [Times: user=0.17 sys=0.01, real=0.20 secs] 
[GC (CMS Initial Mark) [1 CMS-initial-mark: 34175K(34176K)] 38625K(49536K), 0.0043765 secs] [Times: user=0.00 sys=0.00, real=0.00 secs] 
<writer thread='11267'/>
[CMS-concurrent-mark-start]
<writer thread='11779'/>
[Full GC (Allocation Failure) [CMS
<writer thread='11267'/>
[CMS-concurrent-mark: 0.080/0.083 secs] [Times: user=0.26 sys=0.01, real=0.09 secs] 
<writer thread='11779'/>
 (concurrent mode failure): 34175K-&gt;34175K(34176K), 0.1988415 secs] 49535K-&gt;37210K(49536K), [Metaspace: 60836K-&gt;60836K(1105920K)], 0.1990331 secs] [Times: user=0.20 sys=0.00, real=0.19 secs] 
[Full GC (Allocation Failure) [CMS: 34175K-&gt;34176K(34176K), 0.1789881 secs] 49535K-&gt;37244K(49536K), [Metaspace: 60836K-&gt;60836K(1105920K)], 0.1791634 secs] [Times: user=0.16 sys=0.00, real=0.18 secs] 
[GC (CMS Initial Mark) [1 CMS-initial-mark: 34176K(34176K)] 37441K(49536K), 0.0025655 secs] [Times: user=0.01 sys=0.00, real=0.00 secs] 
<writer thread='11267'/>
[CMS-concurrent-mark-start]
<writer thread='11779'/>
[Full GC (Allocation Failure) [CMS
<writer thread='11267'/>
[CMS-concurrent-mark: 0.103/0.106 secs] [Times: user=0.20 sys=0.01, real=0.11 secs] 
<writer thread='11779'/>
 (concurrent mode failure): 34176K-&gt;34176K(34176K), 0.3038493 secs] 49531K-&gt;37174K(49536K), [Metaspace: 60836K-&gt;60836K(1105920K)], 0.3049616 secs] [Times: user=0.23 sys=0.01, real=0.31 secs] 
[Full GC (Allocation Failure) [CMS: 34176K-&gt;34175K(34176K), 0.3434215 secs] 49536K-&gt;37152K(49536K), [Metaspace: 60836K-&gt;60836K(1105920K)], 0.3445922 secs] [Times: user=0.23 sys=0.00, real=0.34 secs] 
[GC (CMS Initial Mark) [1 CMS-initial-mark: 34175K(34176K)] 37831K(49536K), 0.0042676 secs] [Times: user=0.01 sys=0.00, real=0.00 secs] 
<writer thread='11267'/>
[CMS-concurrent-mark-start]
<writer thread='11779'/>
[Full GC (Allocation Failure) [CMS
<writer thread='11267'/>
[CMS-concurrent-mark: 0.150/0.153 secs] [Times: user=0.36 sys=0.01, real=0.16 secs] 
<writer thread='11779'/>
 (concurrent mode failure): 34175K-&gt;34175K(34176K), 0.3779277 secs] 49535K-&gt;37190K(49536K), [Metaspace: 60836K-&gt;60836K(1105920K)], 0.3781345 secs] [Times: user=0.25 sys=0.01, real=0.38 secs] 
[Full GC (Allocation Failure) [CMS: 34176K-&gt;34176K(34176K), 0.1962401 secs] 49536K-&gt;37171K(49536K), [Metaspace: 60836K-&gt;60836K(1105920K)], 0.1964406 secs] [Times: user=0.18 sys=0.01, real=0.19 secs] 
[GC (CMS Initial Mark) [1 CMS-initial-mark: 34176K(34176K)] 38092K(49536K), 0.0033832 secs] [Times: user=0.01 sys=0.00, real=0.00 secs] 
<writer thread='11267'/>
[CMS-concurrent-mark-start]
<writer thread='11779'/>
[Full GC (Allocation Failure) [CMS
<writer thread='11267'/>
[CMS-concurrent-mark: 0.103/0.109 secs] [Times: user=0.23 sys=0.01, real=0.11 secs] 
<writer thread='11779'/>
 (concurrent mode failure): 34176K-&gt;34175K(34176K), 0.3577965 secs] 49533K-&gt;37560K(49536K), [Metaspace: 60836K-&gt;60836K(1105920K)], 0.3599713 secs] [Times: user=0.29 sys=0.01, real=0.36 secs] 
[Full GC (Allocation Failure) [CMS: 34175K-&gt;34175K(34176K), 0.1621209 secs] 49535K-&gt;37321K(49536K), [Metaspace: 60836K-&gt;60836K(1105920K)], 0.1623344 secs] [Times: user=0.19 sys=0.00, real=0.17 secs] 
[GC (CMS Initial Mark) [1 CMS-initial-mark: 34175K(34176K)] 38803K(49536K), 0.0036727 secs] [Times: user=0.02 sys=0.00, real=0.01 secs] 
<writer thread='11267'/>
[CMS-concurrent-mark-start]
<writer thread='11779'/>
[Full GC (Allocation Failure) [CMS
<writer thread='11267'/>
[CMS-concurrent-mark: 0.076/0.078 secs] [Times: user=0.16 sys=0.01, real=0.07 secs] 
<writer thread='11779'/>
 (concurrent mode failure): 34175K-&gt;34175K(34176K), 0.4619690 secs] 49535K-&gt;37173K(49536K), [Metaspace: 60836K-&gt;60836K(1105920K)], 0.4621258 secs] [Times: user=0.34 sys=0.01, real=0.47 secs] 
[Full GC (Allocation Failure) [CMS: 34175K-&gt;34175K(34176K), 0.1852997 secs] 49535K-&gt;37399K(49536K), [Metaspace: 60836K-&gt;60836K(1105920K)], 0.1859225 secs] [Times: user=0.18 sys=0.00, real=0.18 secs] 
[GC (CMS Initial Mark) [1 CMS-initial-mark: 34175K(34176K)] 40809K(49536K), 0.0038207 secs] [Times: user=0.01 sys=0.00, real=0.01 secs] 
<writer thread='11267'/>
[CMS-concurrent-mark-start]
<writer thread='11779'/>
[Full GC (Allocation Failure) [CMS
<writer thread='11267'/>
[CMS-concurrent-mark: 0.080/0.082 secs] [Times: user=0.16 sys=0.01, real=0.09 secs] 
<writer thread='11779'/>
 (concurrent mode failure): 34175K-&gt;34176K(34176K), 0.3254593 secs] 49534K-&gt;37284K(49536K), [Metaspace: 60836K-&gt;60836K(1105920K)], 0.3256578 secs] [Times: user=0.29 sys=0.00, real=0.33 secs] 
[Full GC (Allocation Failure) [CMS: 34176K-&gt;34175K(34176K), 0.1583152 secs] 49535K-&gt;37188K(49536K), [Metaspace: 60836K-&gt;60836K(1105920K)], 0.1585258 secs] [Times: user=0.16 sys=0.00, real=0.16 secs] 
[GC (CMS Initial Mark) [1 CMS-initial-mark: 34175K(34176K)] 38106K(49536K), 0.0033210 secs] [Times: user=0.01 sys=0.00, real=0.00 secs] 
<writer thread='11267'/>
[CMS-concurrent-mark-start]
<writer thread='11779'/>
[Full GC (Allocation Failure) [CMS
<writer thread='11267'/>
[CMS-concurrent-mark: 0.102/0.104 secs] [Times: user=0.22 sys=0.02, real=0.10 secs] 
<writer thread='11779'/>
 (concurrent mode failure): 34175K-&gt;34175K(34176K), 0.2085060 secs] 49535K-&gt;37210K(49536K), [Metaspace: 60836K-&gt;60836K(1105920K)], 0.2086676 secs] [Times: user=0.22 sys=0.01, real=0.21 secs] 
[Full GC (Allocation Failure) [CMS: 34175K-&gt;34175K(34176K), 0.1744505 secs] 49535K-&gt;37162K(49536K), [Metaspace: 60836K-&gt;60836K(1105920K)], 0.1746443 secs] [Times: user=0.22 sys=0.00, real=0.17 secs] 
[Full GC (Allocation Failure) [CMS: 34175K-&gt;34176K(34176K), 0.1645472 secs] 49535K-&gt;37180K(49536K), [Metaspace: 60836K-&gt;60836K(1105920K)], 0.1647401 secs] [Times: user=0.16 sys=0.00, real=0.16 secs] 
[GC (CMS Initial Mark) [1 CMS-initial-mark: 34176K(34176K)] 37354K(49536K), 0.0026368 secs] [Times: user=0.00 sys=0.00, real=0.01 secs] 
<writer thread='11267'/>
[CMS-concurrent-mark-start]
<writer thread='11779'/>
[Full GC (Allocation Failure) [CMS
<writer thread='11267'/>
[CMS-concurrent-mark: 0.087/0.089 secs] [Times: user=0.26 sys=0.02, real=0.09 secs] 
<writer thread='11779'/>
 (concurrent mode failure): 34176K-&gt;34175K(34176K), 0.1717770 secs] 49534K-&gt;37211K(49536K), [Metaspace: 60836K-&gt;60836K(1105920K)], 0.1719834 secs] [Times: user=0.18 sys=0.00, real=0.17 secs] 
[Full GC (Allocation Failure) [CMS: 34175K-&gt;34175K(34176K), 0.1560588 secs] 49523K-&gt;37279K(49536K), [Metaspace: 60836K-&gt;60836K(1105920K)], 0.1565064 secs] [Times: user=0.15 sys=0.00, real=0.15 secs] 
[GC (CMS Initial Mark) [1 CMS-initial-mark: 34175K(34176K)] 37373K(49536K), 0.0044135 secs] [Times: user=0.01 sys=0.00, real=0.01 secs] 
<writer thread='11267'/>
[CMS-concurrent-mark-start]
<writer thread='11779'/>
[Full GC (Allocation Failure) [CMS
<writer thread='11267'/>
[CMS-concurrent-mark: 0.065/0.067 secs] [Times: user=0.16 sys=0.02, real=0.06 secs] 
<writer thread='11779'/>
 (concurrent mode failure): 34175K-&gt;34175K(34176K), 0.1772744 secs] 49535K-&gt;37193K(49536K), [Metaspace: 60836K-&gt;60836K(1105920K)], 0.1774720 secs] [Times: user=0.18 sys=0.01, real=0.17 secs] 
[Full GC (Allocation Failure) [CMS: 34175K-&gt;34175K(34176K), 0.1608839 secs] 49521K-&gt;37410K(49536K), [Metaspace: 60836K-&gt;60836K(1105920K)], 0.1610644 secs] [Times: user=0.27 sys=0.00, real=0.16 secs] 
[GC (CMS Initial Mark) [1 CMS-initial-mark: 34175K(34176K)] 47871K(49536K), 0.0051046 secs] [Times: user=0.02 sys=0.00, real=0.00 secs] 
<writer thread='11267'/>
[CMS-concurrent-mark-start]
<writer thread='11779'/>
[Full GC (Allocation Failure) [CMS
<writer thread='11267'/>
[CMS-concurrent-mark: 0.079/0.083 secs] [Times: user=0.14 sys=0.01, real=0.09 secs] 
<writer thread='11779'/>
 (concurrent mode failure): 34175K-&gt;34175K(34176K), 0.1963504 secs] 49520K-&gt;37155K(49536K), [Metaspace: 60836K-&gt;60836K(1105920K)], 0.1966529 secs] [Times: user=0.20 sys=0.01, real=0.20 secs] 
[Full GC (Allocation Failure) [CMS: 34175K-&gt;34176K(34176K), 0.1556481 secs] 49529K-&gt;37209K(49536K), [Metaspace: 60836K-&gt;60836K(1105920K)], 0.1558205 secs] [Times: user=0.15 sys=0.00, real=0.15 secs] 
[GC (CMS Initial Mark) [1 CMS-initial-mark: 34176K(34176K)] 48236K(49536K), 0.0105853 secs] [Times: user=0.04 sys=0.00, real=0.01 secs] 
<writer thread='11267'/>
[CMS-concurrent-mark-start]
<writer thread='11779'/>
[Full GC (Allocation Failure) [CMS
<writer thread='11267'/>
[CMS-concurrent-mark: 0.058/0.060 secs] [Times: user=0.05 sys=0.00, real=0.06 secs] 
<writer thread='11779'/>
 (concurrent mode failure): 34176K-&gt;34175K(34176K), 0.3094917 secs] 49535K-&gt;37179K(49536K), [Metaspace: 60836K-&gt;60836K(1105920K)], 0.3097162 secs] [Times: user=0.25 sys=0.01, real=0.31 secs] 
[Full GC (Allocation Failure) [CMS: 34175K-&gt;34175K(34176K), 0.1997168 secs] 49535K-&gt;37114K(49536K), [Metaspace: 60836K-&gt;60836K(1105920K)], 0.1999304 secs] [Times: user=0.20 sys=0.00, real=0.20 secs] 
[GC (CMS Initial Mark) [1 CMS-initial-mark: 34175K(34176K)] 37262K(49536K), 0.0027208 secs] [Times: user=0.01 sys=0.00, real=0.00 secs] 
<writer thread='11267'/>
[CMS-concurrent-mark-start]
<writer thread='11779'/>
[Full GC (Allocation Failure) [CMS
<writer thread='11267'/>
[CMS-concurrent-mark: 0.073/0.075 secs] [Times: user=0.15 sys=0.01, real=0.08 secs] 
<writer thread='11779'/>
 (concurrent mode failure): 34175K-&gt;34175K(34176K), 0.2451147 secs] 49535K-&gt;37192K(49536K), [Metaspace: 60836K-&gt;60836K(1105920K)], 0.2452878 secs] [Times: user=0.22 sys=0.00, real=0.25 secs] 
[Full GC (Allocation Failure) [CMS: 34175K-&gt;34175K(34176K), 0.1949696 secs] 49528K-&gt;37187K(49536K), [Metaspace: 60836K-&gt;60836K(1105920K)], 0.1951723 secs] [Times: user=0.24 sys=0.00, real=0.19 secs] 
[GC (CMS Initial Mark) [1 CMS-initial-mark: 34175K(34176K)] 37248K(49536K), 0.0031394 secs] [Times: user=0.00 sys=0.00, real=0.01 secs] 
<writer thread='11267'/>
[CMS-concurrent-mark-start]
<writer thread='11779'/>
[Full GC (Allocation Failure) [CMS
<writer thread='11267'/>
[CMS-concurrent-mark: 0.085/0.087 secs] [Times: user=0.23 sys=0.01, real=0.08 secs] 
<writer thread='11779'/>
 (concurrent mode failure): 34175K-&gt;34175K(34176K), 0.1859408 secs] 49521K-&gt;37078K(49536K), [Metaspace: 60836K-&gt;60836K(1105920K)], 0.1861403 secs] [Times: user=0.18 sys=0.00, real=0.19 secs] 
[Full GC (Allocation Failure) [CMS: 34175K-&gt;34175K(34176K), 0.1634136 secs] 49535K-&gt;37157K(49536K), [Metaspace: 60836K-&gt;60836K(1105920K)], 0.1635786 secs] [Times: user=0.16 sys=0.00, real=0.16 secs] 
[Full GC (Allocation Failure) [CMS: 34175K-&gt;34175K(34176K), 0.1476726 secs] 49528K-&gt;37314K(49536K), [Metaspace: 60836K-&gt;60836K(1105920K)], 0.1478552 secs] [Times: user=0.15 sys=0.00, real=0.15 secs] 
[Full GC (Allocation Failure) [CMS: 34175K-&gt;34175K(34176K), 0.1492034 secs] 49535K-&gt;37213K(49536K), [Metaspace: 60836K-&gt;60836K(1105920K)], 0.1494028 secs] [Times: user=0.16 sys=0.00, real=0.14 secs] 
[GC (CMS Initial Mark) [1 CMS-initial-mark: 34175K(34176K)] 38482K(49536K), 0.0031717 secs] [Times: user=0.01 sys=0.00, real=0.00 secs] 
<writer thread='11267'/>
[CMS-concurrent-mark-start]
<writer thread='11779'/>
[Full GC (Allocation Failure) [CMS
<writer thread='11267'/>
[CMS-concurrent-mark: 0.092/0.094 secs] [Times: user=0.24 sys=0.02, real=0.10 secs] 
<writer thread='11779'/>
 (concurrent mode failure): 34175K-&gt;34173K(34176K), 0.2013481 secs] 49532K-&gt;37193K(49536K), [Metaspace: 60836K-&gt;60836K(1105920K)], 0.2015315 secs] [Times: user=0.31 sys=0.01, real=0.21 secs] 
[Full GC (Allocation Failure) [CMS: 34175K-&gt;34173K(34176K), 0.1562251 secs] 49535K-&gt;37355K(49536K), [Metaspace: 60837K-&gt;60837K(1105920K)], 0.1566395 secs] [Times: user=0.15 sys=0.00, real=0.15 secs] 
[GC (CMS Initial Mark) [1 CMS-initial-mark: 34173K(34176K)] 47869K(49536K), 0.0047896 secs] [Times: user=0.02 sys=0.00, real=0.01 secs] 
<writer thread='11267'/>
[CMS-concurrent-mark-start]
<writer thread='11779'/>
[Full GC (Allocation Failure) [CMS
<writer thread='11267'/>
[CMS-concurrent-mark: 0.057/0.059 secs] [Times: user=0.07 sys=0.00, real=0.06 secs] 
<writer thread='11779'/>
 (concurrent mode failure): 34173K-&gt;34175K(34176K), 0.2111612 secs] 49531K-&gt;37159K(49536K), [Metaspace: 60839K-&gt;60839K(1105920K)], 0.2113564 secs] [Times: user=0.21 sys=0.00, real=0.21 secs] 
[Full GC (Allocation Failure) [CMS: 34175K-&gt;34175K(34176K), 0.1558204 secs] 49535K-&gt;37367K(49536K), [Metaspace: 60844K-&gt;60844K(1105920K)], 0.1559948 secs] [Times: user=0.16 sys=0.00, real=0.15 secs] 
[GC (CMS Initial Mark) [1 CMS-initial-mark: 34175K(34176K)] 38136K(49536K), 0.0033832 secs] [Times: user=0.01 sys=0.00, real=0.00 secs] 
<writer thread='11267'/>
[CMS-concurrent-mark-start]
<writer thread='11779'/>
[Full GC (Allocation Failure) [CMS
<writer thread='11267'/>
[CMS-concurrent-mark: 0.072/0.074 secs] [Times: user=0.16 sys=0.01, real=0.08 secs] 
<writer thread='11779'/>
 (concurrent mode failure): 34176K-&gt;34175K(34176K), 0.1910293 secs] 49535K-&gt;37243K(49536K), [Metaspace: 60846K-&gt;60846K(1105920K)], 0.1912114 secs] [Times: user=0.20 sys=0.01, real=0.19 secs] 
[Full GC (Allocation Failure) [CMS: 34175K-&gt;34175K(34176K), 0.1593999 secs] 49534K-&gt;37395K(49536K), [Metaspace: 60847K-&gt;60847K(1105920K)], 0.1595850 secs] [Times: user=0.17 sys=0.00, real=0.16 secs] 
[Full GC (Allocation Failure) [CMS: 34175K-&gt;34175K(34176K), 0.1727349 secs] 49534K-&gt;37144K(49536K), [Metaspace: 60850K-&gt;60850K(1105920K)], 0.1729314 secs] [Times: user=0.20 sys=0.00, real=0.17 secs] 
[GC (CMS Initial Mark) [1 CMS-initial-mark: 34175K(34176K)] 47871K(49536K), 0.0047722 secs] [Times: user=0.02 sys=0.00, real=0.01 secs] 
<writer thread='11267'/>
[CMS-concurrent-mark-start]
<writer thread='11779'/>
[Full GC (Allocation Failure) [CMS
<writer thread='11267'/>
[CMS-concurrent-mark: 0.068/0.070 secs] [Times: user=0.12 sys=0.00, real=0.07 secs] 
<writer thread='11779'/>
 (concurrent mode failure): 34175K-&gt;34175K(34176K), 0.2035689 secs] 49535K-&gt;37307K(49536K), [Metaspace: 60850K-&gt;60850K(1105920K)], 0.2037783 secs] [Times: user=0.20 sys=0.00, real=0.21 secs] 
[Full GC (Allocation Failure) [CMS: 34175K-&gt;34175K(34176K), 0.1565845 secs] 49535K-&gt;37300K(49536K), [Metaspace: 60852K-&gt;60852K(1105920K)], 0.1587714 secs] [Times: user=0.15 sys=0.00, real=0.16 secs] 
[Full GC (Allocation Failure) [CMS: 34175K-&gt;34175K(34176K), 0.1567080 secs] 49535K-&gt;37222K(49536K), [Metaspace: 60852K-&gt;60852K(1105920K)], 0.1568843 secs] [Times: user=0.16 sys=0.01, real=0.15 secs] 
[GC (CMS Initial Mark) [1 CMS-initial-mark: 34175K(34176K)] 37577K(49536K), 0.0026624 secs] [Times: user=0.00 sys=0.00, real=0.00 secs] 
<writer thread='11267'/>
[CMS-concurrent-mark-start]
<writer thread='11779'/>
[Full GC (Allocation Failure) [CMS
<writer thread='11267'/>
[CMS-concurrent-mark: 0.077/0.079 secs] [Times: user=0.22 sys=0.01, real=0.08 secs] 
<writer thread='11779'/>
 (concurrent mode failure): 34175K-&gt;34175K(34176K), 0.1704043 secs] 49535K-&gt;37361K(49536K), [Metaspace: 60853K-&gt;60853K(1105920K)], 0.1706042 secs] [Times: user=0.17 sys=0.00, real=0.17 secs] 
[Full GC (Allocation Failure) [CMS: 34175K-&gt;34176K(34176K), 0.1610244 secs] 49524K-&gt;37263K(49536K), [Metaspace: 60853K-&gt;60853K(1105920K)], 0.1611766 secs] [Times: user=0.15 sys=0.00, real=0.16 secs] 
[Full GC (Allocation Failure) [CMS: 34176K-&gt;34176K(34176K), 0.1528261 secs] 49535K-&gt;37228K(49536K), [Metaspace: 60856K-&gt;60856K(1105920K)], 0.1529763 secs] [Times: user=0.15 sys=0.00, real=0.15 secs] 
[GC (CMS Initial Mark) [1 CMS-initial-mark: 34176K(34176K)] 47872K(49536K), 0.0066956 secs] [Times: user=0.02 sys=0.00, real=0.01 secs] 
<writer thread='11267'/>
[CMS-concurrent-mark-start]
<writer thread='11779'/>
[Full GC (Allocation Failure) [CMS
<writer thread='11267'/>
[CMS-concurrent-mark: 0.057/0.060 secs] [Times: user=0.09 sys=0.00, real=0.06 secs] 
<writer thread='11779'/>
 (concurrent mode failure): 34176K-&gt;34175K(34176K), 0.2100378 secs] 49535K-&gt;37320K(49536K), [Metaspace: 60856K-&gt;60856K(1105920K)], 0.2102245 secs] [Times: user=0.20 sys=0.00, real=0.21 secs] 
[Full GC (Allocation Failure) [CMS: 34175K-&gt;34175K(34176K), 0.1549414 secs] 49535K-&gt;37402K(49536K), [Metaspace: 60856K-&gt;60856K(1105920K)], 0.1551071 secs] [Times: user=0.15 sys=0.00, real=0.16 secs] 
[Full GC (Allocation Failure) [CMS: 34175K-&gt;34175K(34176K), 0.1460361 secs] 49530K-&gt;37350K(49536K), [Metaspace: 60858K-&gt;60858K(1105920K)], 0.1462362 secs] [Times: user=0.28 sys=0.00, real=0.14 secs] 
[GC (CMS Initial Mark) [1 CMS-initial-mark: 34175K(34176K)] 37390K(49536K), 0.0030935 secs] [Times: user=0.00 sys=0.00, real=0.01 secs] 
<writer thread='11267'/>
[CMS-concurrent-mark-start]
<writer thread='11779'/>
[Full GC (Allocation Failure) [CMS
<writer thread='11267'/>
[CMS-concurrent-mark: 0.087/0.090 secs] [Times: user=0.27 sys=0.01, real=0.09 secs] 
<writer thread='11779'/>
 (concurrent mode failure): 34175K-&gt;34175K(34176K), 0.1767629 secs] 49528K-&gt;37170K(49536K), [Metaspace: 60858K-&gt;60858K(1105920K)], 0.1769673 secs] [Times: user=0.35 sys=0.01, real=0.18 secs] 
[Full GC (Allocation Failure) [CMS: 34175K-&gt;34175K(34176K), 0.1600311 secs] 49531K-&gt;37272K(49536K), [Metaspace: 60858K-&gt;60858K(1105920K)], 0.1602123 secs] [Times: user=0.25 sys=0.00, real=0.16 secs] 
[GC (CMS Initial Mark) [1 CMS-initial-mark: 34175K(34176K)] 37948K(49536K), 0.0034256 secs] [Times: user=0.01 sys=0.00, real=0.00 secs] 
<writer thread='11267'/>
[CMS-concurrent-mark-start]
<writer thread='11779'/>
[Full GC (Allocation Failure) [CMS
<writer thread='11267'/>
[CMS-concurrent-mark: 0.088/0.090 secs] [Times: user=0.28 sys=0.01, real=0.09 secs] 
<writer thread='11779'/>
 (concurrent mode failure): 34175K-&gt;34176K(34176K), 0.1655629 secs] 49535K-&gt;37442K(49536K), [Metaspace: 60858K-&gt;60858K(1105920K)], 0.1657624 secs] [Times: user=0.30 sys=0.00, real=0.17 secs] 
[Full GC (Allocation Failure) [CMS: 34176K-&gt;34175K(34176K), 0.1550109 secs] 49528K-&gt;37336K(49536K), [Metaspace: 60867K-&gt;60867K(1105920K)], 0.1552059 secs] [Times: user=0.29 sys=0.00, real=0.16 secs] 
[GC (CMS Initial Mark) [1 CMS-initial-mark: 34175K(34176K)] 43487K(49536K), 0.0047196 secs] [Times: user=0.01 sys=0.00, real=0.00 secs] 
<writer thread='11267'/>
[CMS-concurrent-mark-start]
<writer thread='11779'/>
[Full GC (Allocation Failure) [CMS
<writer thread='11267'/>
[CMS-concurrent-mark: 0.062/0.065 secs] [Times: user=0.13 sys=0.01, real=0.07 secs] 
<writer thread='11779'/>
 (concurrent mode failure): 34175K-&gt;34175K(34176K), 0.1891033 secs] 49535K-&gt;37320K(49536K), [Metaspace: 60869K-&gt;60869K(1105920K)], 0.1892871 secs] [Times: user=0.20 sys=0.01, real=0.19 secs] 
[Full GC (Allocation Failure) [CMS: 34176K-&gt;34175K(34176K), 0.1554565 secs] 49536K-&gt;37421K(49536K), [Metaspace: 60869K-&gt;60869K(1105920K)], 0.1556047 secs] [Times: user=0.15 sys=0.00, real=0.16 secs] 
[GC (CMS Initial Mark) [1 CMS-initial-mark: 34175K(34176K)] 37495K(49536K), 0.0026979 secs] [Times: user=0.01 sys=0.00, real=0.00 secs] 
<writer thread='11267'/>
[CMS-concurrent-mark-start]
[CMS-concurrent-mark: 0.087/0.087 secs] [Times: user=0.29 sys=0.01, real=0.09 secs] 
[CMS-concurrent-preclean-start]
<writer thread='11779'/>
[Full GC (Allocation Failure) [CMS
<writer thread='11267'/>
[CMS-concurrent-preclean: 0.061/0.063 secs] [Times: user=0.16 sys=0.00, real=0.06 secs] 
<writer thread='11779'/>
 (concurrent mode failure): 34175K-&gt;34175K(34176K), 0.2023649 secs] 49535K-&gt;37281K(49536K), [Metaspace: 60869K-&gt;60869K(1105920K)], 0.2025512 secs] [Times: user=0.32 sys=0.01, real=0.20 secs] 
[Full GC (Allocation Failure) [CMS: 34176K-&gt;34175K(34176K), 0.1571492 secs] 49536K-&gt;37330K(49536K), [Metaspace: 60869K-&gt;60869K(1105920K)], 0.1573694 secs] [Times: user=0.35 sys=0.00, real=0.15 secs] 
[GC (CMS Initial Mark) [1 CMS-initial-mark: 34175K(34176K)] 37382K(49536K), 0.0029973 secs] [Times: user=0.01 sys=0.00, real=0.01 secs] 
<writer thread='11267'/>
[CMS-concurrent-mark-start]
<writer thread='11779'/>
[Full GC (Allocation Failure) [CMS
<writer thread='11267'/>
[CMS-concurrent-mark: 0.064/0.069 secs] [Times: user=0.17 sys=0.01, real=0.07 secs] 
<writer thread='11779'/>
 (concurrent mode failure): 34175K-&gt;34175K(34176K), 0.1959002 secs] 49528K-&gt;37313K(49536K), [Metaspace: 60869K-&gt;60869K(1105920K)], 0.1961670 secs] [Times: user=0.22 sys=0.00, real=0.19 secs] 
[Full GC (Allocation Failure) [CMS: 34175K-&gt;34175K(34176K), 0.1536865 secs] 49525K-&gt;37371K(49536K), [Metaspace: 60869K-&gt;60869K(1105920K)], 0.1538665 secs] [Times: user=0.14 sys=0.00, real=0.15 secs] 
[GC (CMS Initial Mark) [1 CMS-initial-mark: 34175K(34176K)] 37807K(49536K), 0.0033768 secs] [Times: user=0.01 sys=0.00, real=0.01 secs] 
<writer thread='11267'/>
[CMS-concurrent-mark-start]
<writer thread='11779'/>
[Full GC (Allocation Failure) [CMS
<writer thread='11267'/>
[CMS-concurrent-mark: 0.176/0.192 secs] [Times: user=0.33 sys=0.03, real=0.19 secs] 
<writer thread='11779'/>
 (concurrent mode failure): 34175K-&gt;34175K(34176K), 0.2711482 secs] 49535K-&gt;37316K(49536K), [Metaspace: 60869K-&gt;60869K(1105920K)], 0.2728873 secs] [Times: user=0.48 sys=0.01, real=0.28 secs] 
[Full GC (Allocation Failure) [CMS: 34176K-&gt;34176K(34176K), 0.1531283 secs] 49535K-&gt;37454K(49536K), [Metaspace: 60869K-&gt;60869K(1105920K)], 0.1532943 secs] [Times: user=0.17 sys=0.00, real=0.15 secs] 
[Full GC (Allocation Failure) [CMS: 34176K-&gt;34175K(34176K), 0.1529688 secs] 49530K-&gt;37313K(49536K), [Metaspace: 60869K-&gt;60869K(1105920K)], 0.1531557 secs] [Times: user=0.17 sys=0.00, real=0.15 secs] 
[GC (CMS Initial Mark) [1 CMS-initial-mark: 34175K(34176K)] 37351K(49536K), 0.0030787 secs] [Times: user=0.01 sys=0.00, real=0.00 secs] 
<writer thread='11267'/>
[CMS-concurrent-mark-start]
<writer thread='11779'/>
[Full GC (Allocation Failure) [CMS
<writer thread='11267'/>
[CMS-concurrent-mark: 0.074/0.077 secs] [Times: user=0.22 sys=0.01, real=0.08 secs] 
<writer thread='11779'/>
 (concurrent mode failure): 34175K-&gt;34175K(34176K), 0.1904901 secs] 49534K-&gt;37279K(49536K), [Metaspace: 60869K-&gt;60869K(1105920K)], 0.1907305 secs] [Times: user=0.35 sys=0.00, real=0.20 secs] 
[Full GC (Allocation Failure) [CMS: 34175K-&gt;34175K(34176K), 0.1573302 secs] 49535K-&gt;37494K(49536K), [Metaspace: 60870K-&gt;60870K(1105920K)], 0.1575437 secs] [Times: user=0.30 sys=0.01, real=0.16 secs] 
[GC (CMS Initial Mark) [1 CMS-initial-mark: 34175K(34176K)] 37651K(49536K), 0.0031263 secs] [Times: user=0.01 sys=0.00, real=0.00 secs] 
<writer thread='11267'/>
[CMS-concurrent-mark-start]
<writer thread='11779'/>
[Full GC (Allocation Failure) [CMS
<writer thread='11267'/>
[CMS-concurrent-mark: 0.074/0.076 secs] [Times: user=0.19 sys=0.01, real=0.08 secs] 
<writer thread='11779'/>
 (concurrent mode failure): 34175K-&gt;34175K(34176K), 0.1851071 secs] 49532K-&gt;37247K(49536K), [Metaspace: 60870K-&gt;60870K(1105920K)], 0.1853021 secs] [Times: user=0.19 sys=0.00, real=0.18 secs] 
[Full GC (Allocation Failure) [CMS: 34175K-&gt;34175K(34176K), 0.1546856 secs] 49535K-&gt;37386K(49536K), [Metaspace: 60870K-&gt;60870K(1105920K)], 0.1548469 secs] [Times: user=0.15 sys=0.01, real=0.16 secs] 
[Full GC (Allocation Failure) [CMS: 34175K-&gt;34175K(34176K), 0.1516707 secs] 49535K-&gt;37678K(49536K), [Metaspace: 60870K-&gt;60870K(1105920K)], 0.1518203 secs] [Times: user=0.15 sys=0.00, real=0.15 secs] 
[GC (CMS Initial Mark) [1 CMS-initial-mark: 34175K(34176K)] 37723K(49536K), 0.0034036 secs] [Times: user=0.01 sys=0.00, real=0.01 secs] 
<writer thread='11267'/>
[CMS-concurrent-mark-start]
<writer thread='11779'/>
[Full GC (Allocation Failure) [CMS
<writer thread='11267'/>
[CMS-concurrent-mark: 0.079/0.083 secs] [Times: user=0.24 sys=0.01, real=0.08 secs] 
<writer thread='11779'/>
 (concurrent mode failure): 34175K-&gt;34175K(34176K), 0.1878456 secs] 49535K-&gt;37438K(49536K), [Metaspace: 60870K-&gt;60870K(1105920K)], 0.1880357 secs] [Times: user=0.22 sys=0.01, real=0.19 secs] 
[Full GC (Allocation Failure) [CMS: 34175K-&gt;34175K(34176K), 0.1686807 secs] 49535K-&gt;37170K(49536K), [Metaspace: 60870K-&gt;60870K(1105920K)], 0.1688820 secs] [Times: user=0.16 sys=0.00, real=0.17 secs] 
[Full GC (Allocation Failure) [CMS: 34175K-&gt;34175K(34176K), 0.1883604 secs] 49534K-&gt;37864K(49536K), [Metaspace: 60870K-&gt;60870K(1105920K)], 0.1886092 secs] [Times: user=0.35 sys=0.01, real=0.19 secs] 
[GC (CMS Initial Mark) [1 CMS-initial-mark: 34175K(34176K)] 38958K(49536K), 0.0049645 secs] [Times: user=0.02 sys=0.00, real=0.01 secs] 
<writer thread='11267'/>
[CMS-concurrent-mark-start]
<writer thread='11779'/>
[Full GC (Allocation Failure) [CMS
<writer thread='11267'/>
[CMS-concurrent-mark: 0.086/0.092 secs] [Times: user=0.17 sys=0.01, real=0.09 secs] 
<writer thread='11779'/>
 (concurrent mode failure): 34175K-&gt;34175K(34176K), 0.2036412 secs] 49528K-&gt;37227K(49536K), [Metaspace: 60870K-&gt;60870K(1105920K)], 0.2038930 secs] [Times: user=0.21 sys=0.00, real=0.21 secs] 
[Full GC (Allocation Failure) [CMS: 34175K-&gt;34175K(34176K), 0.1547482 secs] 49528K-&gt;37443K(49536K), [Metaspace: 60870K-&gt;60870K(1105920K)], 0.1549079 secs] [Times: user=0.15 sys=0.00, real=0.16 secs] 
[Full GC (Allocation Failure) [CMS: 34176K-&gt;34176K(34176K), 0.1521344 secs] 49535K-&gt;37483K(49536K), [Metaspace: 60870K-&gt;60870K(1105920K)], 0.1523420 secs] [Times: user=0.15 sys=0.00, real=0.15 secs] 
[GC (CMS Initial Mark) [1 CMS-initial-mark: 34176K(34176K)] 47872K(49536K), 0.0121781 secs] [Times: user=0.03 sys=0.00, real=0.02 secs] 
<writer thread='11267'/>
[CMS-concurrent-mark-start]
<writer thread='11779'/>
[Full GC (Allocation Failure) [CMS
<writer thread='11267'/>
[CMS-concurrent-mark: 0.065/0.068 secs] [Times: user=0.15 sys=0.00, real=0.07 secs] 
<writer thread='11779'/>
 (concurrent mode failure): 34176K-&gt;34175K(34176K), 0.2058560 secs] 49535K-&gt;37319K(49536K), [Metaspace: 60870K-&gt;60870K(1105920K)], 0.2060325 secs] [Times: user=0.31 sys=0.00, real=0.20 secs] 
[Full GC (Allocation Failure) [CMS: 34175K-&gt;34175K(34176K), 0.1548117 secs] 49533K-&gt;37372K(49536K), [Metaspace: 60870K-&gt;60870K(1105920K)], 0.1549979 secs] [Times: user=0.15 sys=0.00, real=0.16 secs] 
[Full GC (Allocation Failure) [CMS: 34175K-&gt;34175K(34176K), 0.1631799 secs] 49535K-&gt;37315K(49536K), [Metaspace: 60870K-&gt;60870K(1105920K)], 0.1633561 secs] [Times: user=0.16 sys=0.01, real=0.16 secs] 
[GC (CMS Initial Mark) [1 CMS-initial-mark: 34175K(34176K)] 37385K(49536K), 0.0029917 secs] [Times: user=0.01 sys=0.00, real=0.00 secs] 
<writer thread='11267'/>
[CMS-concurrent-mark-start]
<writer thread='11779'/>
[Full GC (Allocation Failure) [CMS
<writer thread='11267'/>
[CMS-concurrent-mark: 0.072/0.074 secs] [Times: user=0.20 sys=0.01, real=0.08 secs] 
<writer thread='11779'/>
 (concurrent mode failure): 34175K-&gt;34175K(34176K), 0.1759840 secs] 49535K-&gt;37301K(49536K), [Metaspace: 60871K-&gt;60871K(1105920K)], 0.1761695 secs] [Times: user=0.19 sys=0.00, real=0.17 secs] 
[Full GC (Allocation Failure) [CMS: 34175K-&gt;34175K(34176K), 0.1634454 secs] 49535K-&gt;37379K(49536K), [Metaspace: 60871K-&gt;60871K(1105920K)], 0.1636482 secs] [Times: user=0.16 sys=0.00, real=0.17 secs] 
[GC (CMS Initial Mark) [1 CMS-initial-mark: 34175K(34176K)] 46415K(49536K), 0.0139279 secs] [Times: user=0.02 sys=0.00, real=0.01 secs] 
<writer thread='11267'/>
[CMS-concurrent-mark-start]
<writer thread='11779'/>
[Full GC (Allocation Failure) [CMS
<writer thread='11267'/>
[CMS-concurrent-mark: 0.059/0.062 secs] [Times: user=0.12 sys=0.00, real=0.06 secs] 
<writer thread='11779'/>
 (concurrent mode failure): 34175K-&gt;34175K(34176K), 0.2049641 secs] 49535K-&gt;37138K(49536K), [Metaspace: 60871K-&gt;60871K(1105920K)], 0.2052899 secs] [Times: user=0.21 sys=0.00, real=0.21 secs] 
[Full GC (Allocation Failure) [CMS: 34175K-&gt;34176K(34176K), 0.1776398 secs] 49535K-&gt;37385K(49536K), [Metaspace: 60873K-&gt;60873K(1105920K)], 0.1778383 secs] [Times: user=0.18 sys=0.00, real=0.17 secs] 
[GC (CMS Initial Mark) [1 CMS-initial-mark: 34176K(34176K)] 47872K(49536K), 0.0049503 secs] [Times: user=0.02 sys=0.00, real=0.00 secs] 
<writer thread='11267'/>
[CMS-concurrent-mark-start]
<writer thread='11779'/>
[Full GC (Allocation Failure) [CMS
<writer thread='11267'/>
[CMS-concurrent-mark: 0.059/0.062 secs] [Times: user=0.10 sys=0.00, real=0.06 secs] 
<writer thread='11779'/>
 (concurrent mode failure): 34176K-&gt;34175K(34176K), 0.2161001 secs] 49534K-&gt;37292K(49536K), [Metaspace: 60873K-&gt;60873K(1105920K)], 0.2162734 secs] [Times: user=0.21 sys=0.00, real=0.21 secs] 
[Full GC (Allocation Failure) [CMS: 34175K-&gt;34175K(34176K), 0.1669862 secs] 49521K-&gt;37311K(49536K), [Metaspace: 60873K-&gt;60873K(1105920K)], 0.1674817 secs] [Times: user=0.18 sys=0.00, real=0.16 secs] 
[GC (CMS Initial Mark) [1 CMS-initial-mark: 34175K(34176K)] 37559K(49536K), 0.0037830 secs] [Times: user=0.01 sys=0.00, real=0.00 secs] 
<writer thread='11267'/>
[CMS-concurrent-mark-start]
<writer thread='11779'/>
[Full GC (Allocation Failure) [CMS
<writer thread='11267'/>
[CMS-concurrent-mark: 0.093/0.096 secs] [Times: user=0.27 sys=0.01, real=0.10 secs] 
<writer thread='11779'/>
 (concurrent mode failure): 34175K-&gt;34175K(34176K), 0.1593225 secs] 49532K-&gt;37266K(49536K), [Metaspace: 60873K-&gt;60873K(1105920K)], 0.1594697 secs] [Times: user=0.16 sys=0.00, real=0.16 secs] 
[Full GC (Allocation Failure) [CMS: 34175K-&gt;34175K(34176K), 0.1517554 secs] 49535K-&gt;37322K(49536K), [Metaspace: 60873K-&gt;60873K(1105920K)], 0.1519231 secs] [Times: user=0.15 sys=0.00, real=0.15 secs] 
[GC (CMS Initial Mark) [1 CMS-initial-mark: 34175K(34176K)] 37446K(49536K), 0.0028561 secs] [Times: user=0.01 sys=0.00, real=0.01 secs] 
<writer thread='11267'/>
[CMS-concurrent-mark-start]
<writer thread='11779'/>
[Full GC (Allocation Failure) [CMS
<writer thread='11267'/>
[CMS-concurrent-mark: 0.091/0.094 secs] [Times: user=0.24 sys=0.02, real=0.09 secs] 
<writer thread='11779'/>
 (concurrent mode failure): 34175K-&gt;34175K(34176K), 0.1850894 secs] 49535K-&gt;37483K(49536K), [Metaspace: 60873K-&gt;60873K(1105920K)], 0.1854670 secs] [Times: user=0.19 sys=0.00, real=0.19 secs] 
[Full GC (Allocation Failure) [CMS: 34176K-&gt;34175K(34176K), 0.1565929 secs] 49535K-&gt;37354K(49536K), [Metaspace: 60873K-&gt;60873K(1105920K)], 0.1567692 secs] [Times: user=0.17 sys=0.00, real=0.16 secs] 
[GC (CMS Initial Mark) [1 CMS-initial-mark: 34175K(34176K)] 37601K(49536K), 0.0034367 secs] [Times: user=0.01 sys=0.00, real=0.00 secs] 
<writer thread='11267'/>
[CMS-concurrent-mark-start]
<writer thread='11779'/>
[Full GC (Allocation Failure) [CMS
<writer thread='11267'/>
[CMS-concurrent-mark: 0.068/0.070 secs] [Times: user=0.16 sys=0.01, real=0.07 secs] 
<writer thread='11779'/>
 (concurrent mode failure): 34175K-&gt;34175K(34176K), 0.1826188 secs] 49532K-&gt;37408K(49536K), [Metaspace: 60873K-&gt;60873K(1105920K)], 0.1828066 secs] [Times: user=0.19 sys=0.00, real=0.19 secs] 
[Full GC (Allocation Failure) [CMS: 34175K-&gt;34175K(34176K), 0.1653749 secs] 49530K-&gt;37391K(49536K), [Metaspace: 60873K-&gt;60873K(1105920K)], 0.1655970 secs] [Times: user=0.16 sys=0.00, real=0.17 secs] 
[GC (CMS Initial Mark) [1 CMS-initial-mark: 34175K(34176K)] 47871K(49536K), 0.0050316 secs] [Times: user=0.01 sys=0.00, real=0.00 secs] 
<writer thread='11267'/>
[CMS-concurrent-mark-start]
<writer thread='11779'/>
[Full GC (Allocation Failure) [CMS
<writer thread='11267'/>
[CMS-concurrent-mark: 0.068/0.070 secs] [Times: user=0.11 sys=0.01, real=0.07 secs] 
<writer thread='11779'/>
 (concurrent mode failure): 34175K-&gt;34175K(34176K), 0.1953460 secs] 49535K-&gt;37421K(49536K), [Metaspace: 60873K-&gt;60873K(1105920K)], 0.1955016 secs] [Times: user=0.19 sys=0.00, real=0.20 secs] 
[Full GC (Allocation Failure) [CMS: 34175K-&gt;34175K(34176K), 0.1530909 secs] 49534K-&gt;37330K(49536K), [Metaspace: 60873K-&gt;60873K(1105920K)], 0.1532740 secs] [Times: user=0.16 sys=0.00, real=0.15 secs] 
[GC (CMS Initial Mark) [1 CMS-initial-mark: 34175K(34176K)] 37339K(49536K), 0.0030256 secs] [Times: user=0.00 sys=0.00, real=0.01 secs] 
<writer thread='11267'/>
[CMS-concurrent-mark-start]
[CMS-concurrent-mark: 0.090/0.090 secs] [Times: user=0.30 sys=0.01, real=0.09 secs] 
[CMS-concurrent-preclean-start]
<writer thread='11779'/>
[Full GC (Allocation Failure) [CMS
<writer thread='11267'/>
[CMS-concurrent-preclean: 0.049/0.051 secs] [Times: user=0.10 sys=0.01, real=0.05 secs] 
<writer thread='11779'/>
 (concurrent mode failure): 34175K-&gt;34176K(34176K), 0.4172534 secs] 49535K-&gt;37367K(49536K), [Metaspace: 60873K-&gt;60873K(1105920K)], 0.4175034 secs] [Times: user=0.44 sys=0.01, real=0.42 secs] 
[Full GC (Allocation Failure) [CMS: 34176K-&gt;34176K(34176K), 0.2690707 secs] 49535K-&gt;37292K(49536K), [Metaspace: 60873K-&gt;60873K(1105920K)], 0.2692614 secs] [Times: user=0.25 sys=0.01, real=0.27 secs] 
[GC (CMS Initial Mark) [1 CMS-initial-mark: 34176K(34176K)] 37450K(49536K), 0.0030888 secs] [Times: user=0.00 sys=0.00, real=0.00 secs] 
<writer thread='11267'/>
[CMS-concurrent-mark-start]
<writer thread='11779'/>
[Full GC (Allocation Failure) [CMS
<writer thread='11267'/>
[CMS-concurrent-mark: 0.079/0.081 secs] [Times: user=0.21 sys=0.01, real=0.08 secs] 
<writer thread='11779'/>
 (concurrent mode failure): 34176K-&gt;34176K(34176K), 0.2033037 secs] 49535K-&gt;37263K(49536K), [Metaspace: 60873K-&gt;60873K(1105920K)], 0.2037517 secs] [Times: user=0.20 sys=0.00, real=0.20 secs] 
[Full GC (Allocation Failure) [CMS: 34176K-&gt;34175K(34176K), 0.1582455 secs] 49535K-&gt;37935K(49536K), [Metaspace: 60877K-&gt;60877K(1105920K)], 0.1584374 secs] [Times: user=0.17 sys=0.00, real=0.16 secs] 
[GC (CMS Initial Mark) [1 CMS-initial-mark: 34175K(34176K)] 39545K(49536K), 0.0060575 secs] [Times: user=0.02 sys=0.01, real=0.00 secs] 
<writer thread='11267'/>
[CMS-concurrent-mark-start]
<writer thread='11779'/>
[Full GC (Allocation Failure) [CMS
<writer thread='11267'/>
[CMS-concurrent-mark: 0.069/0.073 secs] [Times: user=0.17 sys=0.00, real=0.08 secs] 
<writer thread='11779'/>
 (concurrent mode failure): 34175K-&gt;34175K(34176K), 0.1891231 secs] 49535K-&gt;37252K(49536K), [Metaspace: 60877K-&gt;60877K(1105920K)], 0.1896280 secs] [Times: user=0.21 sys=0.00, real=0.19 secs] 
[Full GC (Allocation Failure) [CMS: 34176K-&gt;34176K(34176K), 0.1512489 secs] 49536K-&gt;37788K(49536K), [Metaspace: 60878K-&gt;60878K(1105920K)], 0.1518065 secs] [Times: user=0.16 sys=0.01, real=0.15 secs] 
[GC (CMS Initial Mark) [1 CMS-initial-mark: 34176K(34176K)] 47872K(49536K), 0.0057386 secs] [Times: user=0.02 sys=0.00, real=0.00 secs] 
<writer thread='11267'/>
[CMS-concurrent-mark-start]
<writer thread='11779'/>
[Full GC (Allocation Failure) [CMS
<writer thread='11267'/>
[CMS-concurrent-mark: 0.058/0.063 secs] [Times: user=0.09 sys=0.00, real=0.06 secs] 
<writer thread='11779'/>
 (concurrent mode failure): 34176K-&gt;34175K(34176K), 0.2174907 secs] 49536K-&gt;37474K(49536K), [Metaspace: 60878K-&gt;60878K(1105920K)], 0.2176388 secs] [Times: user=0.20 sys=0.00, real=0.22 secs] 
[Full GC (Allocation Failure) [CMS: 34175K-&gt;34175K(34176K), 0.1727697 secs] 49533K-&gt;37499K(49536K), [Metaspace: 60878K-&gt;60878K(1105920K)], 0.1729884 secs] [Times: user=0.17 sys=0.00, real=0.18 secs] 
[GC (CMS Initial Mark) [1 CMS-initial-mark: 34175K(34176K)] 37715K(49536K), 0.0034894 secs] [Times: user=0.01 sys=0.00, real=0.00 secs] 
<writer thread='11267'/>
[CMS-concurrent-mark-start]
<writer thread='11779'/>
[Full GC (Allocation Failure) [CMS
<writer thread='11267'/>
[CMS-concurrent-mark: 0.085/0.090 secs] [Times: user=0.17 sys=0.00, real=0.09 secs] 
<writer thread='11779'/>
 (concurrent mode failure): 34175K-&gt;34175K(34176K), 0.2169976 secs] 49535K-&gt;37850K(49536K), [Metaspace: 60878K-&gt;60878K(1105920K)], 0.2171939 secs] [Times: user=0.22 sys=0.00, real=0.22 secs] 
[Full GC (Allocation Failure) [CMS: 34176K-&gt;34175K(34176K), 0.1677921 secs] 49535K-&gt;37925K(49536K), [Metaspace: 60878K-&gt;60878K(1105920K)], 0.1681526 secs] [Times: user=0.16 sys=0.00, real=0.17 secs] 
[Full GC (Allocation Failure) [CMS: 34175K-&gt;34175K(34176K), 0.1609699 secs] 49535K-&gt;37502K(49536K), [Metaspace: 60878K-&gt;60878K(1105920K)], 0.1612567 secs] [Times: user=0.15 sys=0.01, real=0.16 secs] 
[GC (CMS Initial Mark) [1 CMS-initial-mark: 34175K(34176K)] 37662K(49536K), 0.0031292 secs] [Times: user=0.00 sys=0.00, real=0.01 secs] 
<writer thread='11267'/>
[CMS-concurrent-mark-start]
<writer thread='11779'/>
[Full GC (Allocation Failure) [CMS
<writer thread='11267'/>
[CMS-concurrent-mark: 0.078/0.081 secs] [Times: user=0.22 sys=0.01, real=0.08 secs] 
<writer thread='11779'/>
 (concurrent mode failure): 34176K-&gt;34175K(34176K), 0.3350765 secs] 49536K-&gt;37290K(49536K), [Metaspace: 60878K-&gt;60878K(1105920K)], 0.3355051 secs] [Times: user=0.28 sys=0.01, real=0.34 secs] 
[Full GC (Allocation Failure) [CMS: 34175K-&gt;34176K(34176K), 0.1644512 secs] 49535K-&gt;37784K(49536K), [Metaspace: 60878K-&gt;60878K(1105920K)], 0.1650763 secs] [Times: user=0.17 sys=0.01, real=0.17 secs] 
[GC (CMS Initial Mark) [1 CMS-initial-mark: 34176K(34176K)] 37858K(49536K), 0.0036039 secs] [Times: user=0.01 sys=0.00, real=0.00 secs] 
<writer thread='11267'/>
[CMS-concurrent-mark-start]
<writer thread='11779'/>
[Full GC (Allocation Failure) [CMS
<writer thread='11267'/>
[CMS-concurrent-mark: 0.070/0.072 secs] [Times: user=0.18 sys=0.00, real=0.07 secs] 
<writer thread='11779'/>
 (concurrent mode failure): 34176K-&gt;34175K(34176K), 0.1819382 secs] 49536K-&gt;37194K(49536K), [Metaspace: 60880K-&gt;60880K(1105920K)], 0.1820950 secs] [Times: user=0.18 sys=0.00, real=0.18 secs] 
[Full GC (Allocation Failure) [CMS: 34175K-&gt;34176K(34176K), 0.1526712 secs] 49519K-&gt;37340K(49536K), [Metaspace: 60881K-&gt;60881K(1105920K)], 0.1528236 secs] [Times: user=0.15 sys=0.01, real=0.15 secs] 
[GC (CMS Initial Mark) [1 CMS-initial-mark: 34176K(34176K)] 37510K(49536K), 0.0027571 secs] [Times: user=0.01 sys=0.00, real=0.01 secs] 
<writer thread='11267'/>
[CMS-concurrent-mark-start]
<writer thread='11779'/>
[Full GC (Allocation Failure) [CMS
<writer thread='11267'/>
[CMS-concurrent-mark: 0.095/0.098 secs] [Times: user=0.26 sys=0.01, real=0.09 secs] 
<writer thread='11779'/>
 (concurrent mode failure): 34176K-&gt;34176K(34176K), 0.1772471 secs] 49529K-&gt;37373K(49536K), [Metaspace: 60881K-&gt;60881K(1105920K)], 0.1774154 secs] [Times: user=0.20 sys=0.00, real=0.18 secs] 
[Full GC (Allocation Failure) [CMS: 34176K-&gt;34176K(34176K), 0.1794405 secs] 49535K-&gt;37365K(49536K), [Metaspace: 60881K-&gt;60881K(1105920K)], 0.1796391 secs] [Times: user=0.15 sys=0.00, real=0.18 secs] 
[GC (CMS Initial Mark) [1 CMS-initial-mark: 34176K(34176K)] 37543K(49536K), 0.0038286 secs] [Times: user=0.01 sys=0.00, real=0.01 secs] 
<writer thread='11267'/>
[CMS-concurrent-mark-start]
[CMS-concurrent-mark: 0.101/0.101 secs] [Times: user=0.24 sys=0.01, real=0.10 secs] 
[CMS-concurrent-preclean-start]
<writer thread='11779'/>
[Full GC (Allocation Failure) [CMS
<writer thread='11267'/>
[CMS-concurrent-preclean: 0.081/0.085 secs] [Times: user=0.12 sys=0.01, real=0.09 secs] 
<writer thread='11779'/>
 (concurrent mode failure): 34176K-&gt;34175K(34176K), 0.3861141 secs] 49528K-&gt;37329K(49536K), [Metaspace: 60881K-&gt;60881K(1105920K)], 0.3866969 secs] [Times: user=0.32 sys=0.00, real=0.39 secs] 
[Full GC (Allocation Failure) [CMS: 34175K-&gt;34175K(34176K), 0.2013226 secs] 49533K-&gt;37399K(49536K), [Metaspace: 60881K-&gt;60881K(1105920K)], 0.2016637 secs] [Times: user=0.18 sys=0.01, real=0.20 secs] 
[GC (CMS Initial Mark) [1 CMS-initial-mark: 34175K(34176K)] 38264K(49536K), 0.0037040 secs] [Times: user=0.01 sys=0.00, real=0.01 secs] 
<writer thread='11267'/>
[CMS-concurrent-mark-start]
<writer thread='11779'/>
[Full GC (Allocation Failure) [CMS
<writer thread='11267'/>
[CMS-concurrent-mark: 0.087/0.090 secs] [Times: user=0.27 sys=0.01, real=0.09 secs] 
<writer thread='11779'/>
 (concurrent mode failure): 34175K-&gt;34175K(34176K), 0.1879363 secs] 49530K-&gt;37288K(49536K), [Metaspace: 60881K-&gt;60881K(1105920K)], 0.1884664 secs] [Times: user=0.20 sys=0.00, real=0.19 secs] 
[Full GC (Allocation Failure) [CMS: 34175K-&gt;34175K(34176K), 0.1811700 secs] 49535K-&gt;37312K(49536K), [Metaspace: 60886K-&gt;60886K(1105920K)], 0.1816304 secs] [Times: user=0.17 sys=0.00, real=0.19 secs] 
[GC (CMS Initial Mark) [1 CMS-initial-mark: 34175K(34176K)] 37523K(49536K), 0.0040280 secs] [Times: user=0.01 sys=0.01, real=0.00 secs] 
<writer thread='11267'/>
[CMS-concurrent-mark-start]
<writer thread='11779'/>
[Full GC (Allocation Failure) [CMS
<writer thread='11267'/>
[CMS-concurrent-mark: 0.091/0.093 secs] [Times: user=0.31 sys=0.00, real=0.10 secs] 
<writer thread='11779'/>
 (concurrent mode failure): 34175K-&gt;34175K(34176K), 0.1795799 secs] 49529K-&gt;37415K(49536K), [Metaspace: 60886K-&gt;60886K(1105920K)], 0.1801323 secs] [Times: user=0.23 sys=0.01, real=0.18 secs] 
[Full GC (Allocation Failure) [CMS: 34175K-&gt;34175K(34176K), 0.3373605 secs] 49528K-&gt;37611K(49536K), [Metaspace: 60886K-&gt;60886K(1105920K)], 0.3376800 secs] [Times: user=0.36 sys=0.01, real=0.34 secs] 
[GC (CMS Initial Mark) [1 CMS-initial-mark: 34175K(34176K)] 43966K(49536K), 0.0052447 secs] [Times: user=0.01 sys=0.00, real=0.00 secs] 
<writer thread='11267'/>
[CMS-concurrent-mark-start]
<writer thread='11779'/>
[Full GC (Allocation Failure) [CMS
<writer thread='11267'/>
[CMS-concurrent-mark: 0.083/0.113 secs] [Times: user=0.15 sys=0.01, real=0.11 secs] 
<writer thread='11779'/>
 (concurrent mode failure): 34175K-&gt;34175K(34176K), 0.3446528 secs] 49533K-&gt;37331K(49536K), [Metaspace: 60886K-&gt;60886K(1105920K)], 0.3454702 secs] [Times: user=0.32 sys=0.01, real=0.34 secs] 
[Full GC (Allocation Failure) [CMS: 34175K-&gt;34175K(34176K), 0.2174980 secs] 49535K-&gt;37386K(49536K), [Metaspace: 60886K-&gt;60886K(1105920K)], 0.2176914 secs] [Times: user=0.21 sys=0.00, real=0.21 secs] 
[GC (CMS Initial Mark) [1 CMS-initial-mark: 34175K(34176K)] 37452K(49536K), 0.0051235 secs] [Times: user=0.01 sys=0.00, real=0.00 secs] 
<writer thread='11267'/>
[CMS-concurrent-mark-start]
<writer thread='11779'/>
[Full GC (Allocation Failure) [CMS
<writer thread='11267'/>
[CMS-concurrent-mark: 0.091/0.094 secs] [Times: user=0.24 sys=0.01, real=0.10 secs] 
<writer thread='11779'/>
 (concurrent mode failure): 34175K-&gt;34175K(34176K), 0.2291007 secs] 49535K-&gt;37360K(49536K), [Metaspace: 60886K-&gt;60886K(1105920K)], 0.2293830 secs] [Times: user=0.23 sys=0.00, real=0.23 secs] 
[Full GC (Allocation Failure) [CMS: 34175K-&gt;34175K(34176K), 0.1854103 secs] 49529K-&gt;37261K(49536K), [Metaspace: 60888K-&gt;60888K(1105920K)], 0.1858467 secs] [Times: user=0.17 sys=0.00, real=0.19 secs] 
[GC (CMS Initial Mark) [1 CMS-initial-mark: 34175K(34176K)] 37308K(49536K), 0.0027225 secs] [Times: user=0.00 sys=0.00, real=0.00 secs] 
<writer thread='11267'/>
[CMS-concurrent-mark-start]
<writer thread='11779'/>
[Full GC (Allocation Failure) [CMS
<writer thread='11267'/>
[CMS-concurrent-mark: 0.059/0.060 secs] [Times: user=0.12 sys=0.01, real=0.06 secs] 
<writer thread='11779'/>
 (concurrent mode failure): 34175K-&gt;34175K(34176K), 0.2212874 secs] 49531K-&gt;37460K(49536K), [Metaspace: 60888K-&gt;60888K(1105920K)], 0.2216377 secs] [Times: user=0.20 sys=0.00, real=0.23 secs] 
[Full GC (Allocation Failure) [CMS: 34175K-&gt;34175K(34176K), 0.2043101 secs] 49535K-&gt;37233K(49536K), [Metaspace: 60888K-&gt;60888K(1105920K)], 0.2047916 secs] [Times: user=0.32 sys=0.01, real=0.21 secs] 
[GC (CMS Initial Mark) [1 CMS-initial-mark: 34175K(34176K)] 37269K(49536K), 0.0039492 secs] [Times: user=0.01 sys=0.00, real=0.00 secs] 
<writer thread='11267'/>
[CMS-concurrent-mark-start]
<writer thread='11779'/>
[Full GC (Allocation Failure) [CMS
<writer thread='11267'/>
[CMS-concurrent-mark: 0.098/0.101 secs] [Times: user=0.23 sys=0.01, real=0.10 secs] 
<writer thread='11779'/>
 (concurrent mode failure): 34175K-&gt;34176K(34176K), 0.2276176 secs] 49535K-&gt;37301K(49536K), [Metaspace: 60888K-&gt;60888K(1105920K)], 0.2278727 secs] [Times: user=0.21 sys=0.00, real=0.23 secs] 
[Full GC (Allocation Failure) [CMS: 34176K-&gt;34175K(34176K), 0.2479718 secs] 49535K-&gt;37357K(49536K), [Metaspace: 60888K-&gt;60888K(1105920K)], 0.2485806 secs] [Times: user=0.21 sys=0.00, real=0.24 secs] 
[Full GC (Allocation Failure) [CMS: 34175K-&gt;34176K(34176K), 0.2419718 secs] 49530K-&gt;37370K(49536K), [Metaspace: 60888K-&gt;60888K(1105920K)], 0.2434138 secs] [Times: user=0.32 sys=0.01, real=0.25 secs] 
[GC (CMS Initial Mark) [1 CMS-initial-mark: 34176K(34176K)] 37527K(49536K), 0.0033396 secs] [Times: user=0.01 sys=0.00, real=0.00 secs] 
<writer thread='11267'/>
[CMS-concurrent-mark-start]
<writer thread='11779'/>
[Full GC (Allocation Failure) [CMS
<writer thread='11267'/>
[CMS-concurrent-mark: 0.096/0.103 secs] [Times: user=0.17 sys=0.01, real=0.11 secs] 
<writer thread='11779'/>
 (concurrent mode failure): 34176K-&gt;34175K(34176K), 0.2412096 secs] 49536K-&gt;37312K(49536K), [Metaspace: 60888K-&gt;60888K(1105920K)], 0.2418374 secs] [Times: user=0.22 sys=0.00, real=0.24 secs] 
[Full GC (Allocation Failure) [CMS: 34175K-&gt;34175K(34176K), 0.3919544 secs] 49535K-&gt;37696K(49536K), [Metaspace: 60888K-&gt;60888K(1105920K)], 0.3925680 secs] [Times: user=0.49 sys=0.01, real=0.39 secs] 
[Full GC (Allocation Failure) [CMS: 34175K-&gt;34175K(34176K), 0.4701602 secs] 49531K-&gt;37333K(49536K), [Metaspace: 60888K-&gt;60888K(1105920K)], 0.4719256 secs] [Times: user=0.23 sys=0.01, real=0.48 secs] 
[GC (CMS Initial Mark) [1 CMS-initial-mark: 34175K(34176K)] 37753K(49536K), 0.0065073 secs] [Times: user=0.00 sys=0.00, real=0.00 secs] 
<writer thread='11267'/>
[CMS-concurrent-mark-start]
<writer thread='11779'/>
[Full GC (Allocation Failure) [CMS
<writer thread='11267'/>
[CMS-concurrent-mark: 0.074/0.078 secs] [Times: user=0.17 sys=0.01, real=0.08 secs] 
<writer thread='11779'/>
 (concurrent mode failure): 34175K-&gt;34175K(34176K), 0.2527432 secs] 49535K-&gt;37385K(49536K), [Metaspace: 60888K-&gt;60888K(1105920K)], 0.2533238 secs] [Times: user=0.22 sys=0.00, real=0.26 secs] 
[Full GC (Allocation Failure) [CMS: 34175K-&gt;34175K(34176K), 0.2917261 secs] 49535K-&gt;37305K(49536K), [Metaspace: 60888K-&gt;60888K(1105920K)], 0.2919211 secs] [Times: user=0.49 sys=0.00, real=0.29 secs] 
[GC (CMS Initial Mark) [1 CMS-initial-mark: 34175K(34176K)] 37657K(49536K), 0.0044297 secs] [Times: user=0.01 sys=0.00, real=0.00 secs] 
<writer thread='11267'/>
[CMS-concurrent-mark-start]
<writer thread='11779'/>
[Full GC (Allocation Failure) [CMS
<writer thread='11267'/>
[CMS-concurrent-mark: 0.162/0.169 secs] [Times: user=0.31 sys=0.01, real=0.17 secs] 
<writer thread='11779'/>
 (concurrent mode failure): 34175K-&gt;34175K(34176K), 0.2992523 secs] 49527K-&gt;37403K(49536K), [Metaspace: 60888K-&gt;60888K(1105920K)], 0.2994647 secs] [Times: user=0.46 sys=0.01, real=0.30 secs] 
[Full GC (Allocation Failure) [CMS: 34175K-&gt;34175K(34176K), 0.1740717 secs] 49534K-&gt;37556K(49536K), [Metaspace: 60888K-&gt;60888K(1105920K)], 0.1742710 secs] [Times: user=0.25 sys=0.01, real=0.17 secs] 
[GC (CMS Initial Mark) [1 CMS-initial-mark: 34175K(34176K)] 37720K(49536K), 0.0033506 secs] [Times: user=0.01 sys=0.00, real=0.00 secs] 
<writer thread='11267'/>
[CMS-concurrent-mark-start]
<writer thread='11779'/>
[Full GC (Allocation Failure) [CMS
<writer thread='11267'/>
[CMS-concurrent-mark: 0.088/0.091 secs] [Times: user=0.19 sys=0.01, real=0.09 secs] 
<writer thread='11779'/>
 (concurrent mode failure): 34175K-&gt;34175K(34176K), 0.2556155 secs] 49533K-&gt;37708K(49536K), [Metaspace: 60888K-&gt;60888K(1105920K)], 0.2557909 secs] [Times: user=0.25 sys=0.00, real=0.26 secs] 
[Full GC (Allocation Failure) [CMS: 34175K-&gt;34175K(34176K), 0.1921503 secs] 49535K-&gt;37344K(49536K), [Metaspace: 60888K-&gt;60888K(1105920K)], 0.1923689 secs] [Times: user=0.21 sys=0.01, real=0.20 secs] 
[GC (CMS Initial Mark) [1 CMS-initial-mark: 34175K(34176K)] 38125K(49536K), 0.0031321 secs] [Times: user=0.01 sys=0.00, real=0.00 secs] 
<writer thread='11267'/>
[CMS-concurrent-mark-start]
<writer thread='11779'/>
[Full GC (Allocation Failure) [CMS
<writer thread='11267'/>
[CMS-concurrent-mark: 0.128/0.135 secs] [Times: user=0.26 sys=0.01, real=0.14 secs] 
<writer thread='11779'/>
 (concurrent mode failure): 34175K-&gt;34176K(34176K), 0.2293353 secs] 49535K-&gt;37413K(49536K), [Metaspace: 60888K-&gt;60888K(1105920K)], 0.2310979 secs] [Times: user=0.41 sys=0.01, real=0.24 secs] 
[Full GC (Allocation Failure) [CMS: 34176K-&gt;34175K(34176K), 0.1599927 secs] 49534K-&gt;37378K(49536K), [Metaspace: 60888K-&gt;60888K(1105920K)], 0.1601709 secs] [Times: user=0.26 sys=0.00, real=0.16 secs] 
[GC (CMS Initial Mark) [1 CMS-initial-mark: 34175K(34176K)] 40321K(49536K), 0.0032067 secs] [Times: user=0.01 sys=0.00, real=0.00 secs] 
<writer thread='11267'/>
[CMS-concurrent-mark-start]
<writer thread='11779'/>
[Full GC (Allocation Failure) [CMS
<writer thread='11267'/>
[CMS-concurrent-mark: 0.092/0.094 secs] [Times: user=0.16 sys=0.01, real=0.10 secs] 
<writer thread='11779'/>
 (concurrent mode failure): 34176K-&gt;34176K(34176K), 0.2069632 secs] 49536K-&gt;37360K(49536K), [Metaspace: 60888K-&gt;60888K(1105920K)], 0.2071412 secs] [Times: user=0.21 sys=0.00, real=0.21 secs] 
[Full GC (Allocation Failure) [CMS: 34176K-&gt;34175K(34176K), 0.1630605 secs] 49532K-&gt;37480K(49536K), [Metaspace: 60888K-&gt;60888K(1105920K)], 0.1632534 secs] [Times: user=0.18 sys=0.01, real=0.16 secs] 
[GC (CMS Initial Mark) [1 CMS-initial-mark: 34175K(34176K)] 47871K(49536K), 0.0050887 secs] [Times: user=0.02 sys=0.00, real=0.00 secs] 
<writer thread='11267'/>
[CMS-concurrent-mark-start]
<writer thread='11779'/>
[Full GC (Allocation Failure) [CMS
<writer thread='11267'/>
[CMS-concurrent-mark: 0.065/0.067 secs] [Times: user=0.09 sys=0.01, real=0.07 secs] 
<writer thread='11779'/>
 (concurrent mode failure): 34175K-&gt;34175K(34176K), 0.2255177 secs] 49530K-&gt;37243K(49536K), [Metaspace: 60888K-&gt;60888K(1105920K)], 0.2257229 secs] [Times: user=0.20 sys=0.00, real=0.22 secs] 
[Full GC (Allocation Failure) [CMS: 34175K-&gt;34176K(34176K), 0.1593347 secs] 49535K-&gt;37345K(49536K), [Metaspace: 60888K-&gt;60888K(1105920K)], 0.1595296 secs] [Times: user=0.16 sys=0.00, real=0.16 secs] 
[GC (CMS Initial Mark) [1 CMS-initial-mark: 34176K(34176K)] 37583K(49536K), 0.0029567 secs] [Times: user=0.01 sys=0.00, real=0.01 secs] 
<writer thread='11267'/>
[CMS-concurrent-mark-start]
<writer thread='11779'/>
[Full GC (Allocation Failure) [CMS
<writer thread='11267'/>
[CMS-concurrent-mark: 0.076/0.078 secs] [Times: user=0.20 sys=0.01, real=0.07 secs] 
<writer thread='11779'/>
 (concurrent mode failure): 34176K-&gt;34175K(34176K), 0.1804537 secs] 49536K-&gt;37316K(49536K), [Metaspace: 60889K-&gt;60889K(1105920K)], 0.1806367 secs] [Times: user=0.17 sys=0.00, real=0.18 secs] 
[Full GC (Allocation Failure) [CMS: 34175K-&gt;34175K(34176K), 0.1572462 secs] 49535K-&gt;37401K(49536K), [Metaspace: 60889K-&gt;60889K(1105920K)], 0.1574179 secs] [Times: user=0.15 sys=0.00, real=0.15 secs] 
[GC (CMS Initial Mark) [1 CMS-initial-mark: 34175K(34176K)] 37506K(49536K), 0.0030437 secs] [Times: user=0.01 sys=0.00, real=0.01 secs] 
<writer thread='11267'/>
[CMS-concurrent-mark-start]
<writer thread='11779'/>
[Full GC (Allocation Failure) [CMS
<writer thread='11267'/>
[CMS-concurrent-mark: 0.066/0.068 secs] [Times: user=0.13 sys=0.01, real=0.07 secs] 
<writer thread='11779'/>
 (concurrent mode failure): 34175K-&gt;34175K(34176K), 0.1839610 secs] 49502K-&gt;37521K(49536K), [Metaspace: 60889K-&gt;60889K(1105920K)], 0.1841687 secs] [Times: user=0.18 sys=0.01, real=0.19 secs] 
[Full GC (Allocation Failure) [CMS: 34175K-&gt;34175K(34176K), 0.1590909 secs] 49535K-&gt;37367K(49536K), [Metaspace: 60889K-&gt;60889K(1105920K)], 0.1592969 secs] [Times: user=0.16 sys=0.01, real=0.16 secs] 
[GC (CMS Initial Mark) [1 CMS-initial-mark: 34175K(34176K)] 37752K(49536K), 0.0041348 secs] [Times: user=0.01 sys=0.00, real=0.00 secs] 
<writer thread='11267'/>
[CMS-concurrent-mark-start]
<writer thread='11779'/>
[Full GC (Allocation Failure) [CMS
<writer thread='11267'/>
[CMS-concurrent-mark: 0.084/0.089 secs] [Times: user=0.19 sys=0.00, real=0.09 secs] 
<writer thread='11779'/>
 (concurrent mode failure): 34175K-&gt;34175K(34176K), 0.1972179 secs] 49534K-&gt;37249K(49536K), [Metaspace: 60889K-&gt;60889K(1105920K)], 0.1976639 secs] [Times: user=0.19 sys=0.01, real=0.20 secs] 
[Full GC (Allocation Failure) [CMS: 34175K-&gt;34175K(34176K), 0.1583034 secs] 49535K-&gt;37572K(49536K), [Metaspace: 60889K-&gt;60889K(1105920K)], 0.1587810 secs] [Times: user=0.17 sys=0.00, real=0.16 secs] 
[GC (CMS Initial Mark) [1 CMS-initial-mark: 34175K(34176K)] 37632K(49536K), 0.0034006 secs] [Times: user=0.01 sys=0.00, real=0.01 secs] 
<writer thread='11267'/>
[CMS-concurrent-mark-start]
<writer thread='11779'/>
[Full GC (Allocation Failure) [CMS
<writer thread='11267'/>
[CMS-concurrent-mark: 0.093/0.095 secs] [Times: user=0.20 sys=0.01, real=0.09 secs] 
<writer thread='11779'/>
 (concurrent mode failure): 34176K-&gt;34175K(34176K), 0.2525888 secs] 49536K-&gt;37375K(49536K), [Metaspace: 60889K-&gt;60889K(1105920K)], 0.2529043 secs] [Times: user=0.23 sys=0.01, real=0.25 secs] 
[Full GC (Allocation Failure) [CMS: 34175K-&gt;34175K(34176K), 0.1838942 secs] 49535K-&gt;37273K(49536K), [Metaspace: 60889K-&gt;60889K(1105920K)], 0.1840818 secs] [Times: user=0.19 sys=0.00, real=0.19 secs] 
[GC (CMS Initial Mark) [1 CMS-initial-mark: 34175K(34176K)] 47871K(49536K), 0.0217661 secs] [Times: user=0.04 sys=0.00, real=0.02 secs] 
<writer thread='11267'/>
[CMS-concurrent-mark-start]
<writer thread='11779'/>
[Full GC (Allocation Failure) [CMS
<writer thread='11267'/>
[CMS-concurrent-mark: 0.086/0.088 secs] [Times: user=0.16 sys=0.01, real=0.09 secs] 
<writer thread='11779'/>
 (concurrent mode failure): 34175K-&gt;34176K(34176K), 0.2110284 secs] 49531K-&gt;37309K(49536K), [Metaspace: 60898K-&gt;60898K(1105920K)], 0.2112209 secs] [Times: user=0.22 sys=0.01, real=0.21 secs] 
[Full GC (Allocation Failure) [CMS: 34176K-&gt;34176K(34176K), 0.1620770 secs] 49535K-&gt;37345K(49536K), [Metaspace: 60899K-&gt;60899K(1105920K)], 0.1622669 secs] [Times: user=0.23 sys=0.00, real=0.16 secs] 
[GC (CMS Initial Mark) [1 CMS-initial-mark: 34176K(34176K)] 37863K(49536K), 0.0026707 secs] [Times: user=0.01 sys=0.00, real=0.01 secs] 
<writer thread='11267'/>
[CMS-concurrent-mark-start]
<writer thread='11779'/>
[Full GC (Allocation Failure) [CMS
<writer thread='11267'/>
[CMS-concurrent-mark: 0.089/0.091 secs] [Times: user=0.30 sys=0.02, real=0.09 secs] 
<writer thread='11779'/>
 (concurrent mode failure): 34176K-&gt;34176K(34176K), 0.1713927 secs] 49535K-&gt;37377K(49536K), [Metaspace: 60899K-&gt;60899K(1105920K)], 0.1715602 secs] [Times: user=0.17 sys=0.00, real=0.17 secs] 
[Full GC (Allocation Failure) [CMS: 34176K-&gt;34176K(34176K), 0.1638816 secs] 49527K-&gt;37360K(49536K), [Metaspace: 60899K-&gt;60899K(1105920K)], 0.1640784 secs] [Times: user=0.16 sys=0.00, real=0.16 secs] 
[GC (CMS Initial Mark) [1 CMS-initial-mark: 34176K(34176K)] 40264K(49536K), 0.0030763 secs] [Times: user=0.01 sys=0.00, real=0.00 secs] 
<writer thread='11267'/>
[CMS-concurrent-mark-start]
<writer thread='11779'/>
[Full GC (Allocation Failure) [CMS
<writer thread='11267'/>
[CMS-concurrent-mark: 0.076/0.078 secs] [Times: user=0.17 sys=0.01, real=0.08 secs] 
<writer thread='11779'/>
 (concurrent mode failure): 34176K-&gt;34175K(34176K), 0.1854841 secs] 49530K-&gt;37261K(49536K), [Metaspace: 60899K-&gt;60899K(1105920K)], 0.1856328 secs] [Times: user=0.17 sys=0.00, real=0.19 secs] 
[Full GC (Allocation Failure) [CMS: 34175K-&gt;34175K(34176K), 0.1624574 secs] 49530K-&gt;37237K(49536K), [Metaspace: 60900K-&gt;60900K(1105920K)], 0.1626149 secs] [Times: user=0.18 sys=0.00, real=0.16 secs] 
[GC (CMS Initial Mark) [1 CMS-initial-mark: 34175K(34176K)] 37693K(49536K), 0.0026150 secs] [Times: user=0.00 sys=0.00, real=0.00 secs] 
<writer thread='11267'/>
[CMS-concurrent-mark-start]
<writer thread='11779'/>
[Full GC (Allocation Failure) [CMS
<writer thread='11267'/>
[CMS-concurrent-mark: 0.079/0.084 secs] [Times: user=0.19 sys=0.01, real=0.08 secs] 
<writer thread='11779'/>
 (concurrent mode failure): 34175K-&gt;34175K(34176K), 0.1886654 secs] 49531K-&gt;37362K(49536K), [Metaspace: 60900K-&gt;60900K(1105920K)], 0.1890595 secs] [Times: user=0.18 sys=0.01, real=0.19 secs] 
[Full GC (Allocation Failure) [CMS: 34175K-&gt;34175K(34176K), 0.1526318 secs] 49535K-&gt;37205K(49536K), [Metaspace: 60900K-&gt;60900K(1105920K)], 0.1527882 secs] [Times: user=0.15 sys=0.00, real=0.15 secs] 
[GC (CMS Initial Mark) [1 CMS-initial-mark: 34175K(34176K)] 37392K(49536K), 0.0031499 secs] [Times: user=0.01 sys=0.00, real=0.00 secs] 
<writer thread='11267'/>
[CMS-concurrent-mark-start]
<writer thread='11779'/>
[Full GC (Allocation Failure) [CMS
<writer thread='11267'/>
[CMS-concurrent-mark: 0.080/0.082 secs] [Times: user=0.16 sys=0.01, real=0.08 secs] 
<writer thread='11779'/>
 (concurrent mode failure): 34175K-&gt;34176K(34176K), 0.1947667 secs] 49535K-&gt;37548K(49536K), [Metaspace: 60916K-&gt;60916K(1105920K)], 0.1949529 secs] [Times: user=0.19 sys=0.00, real=0.20 secs] 
[Full GC (Allocation Failure) [CMS: 34176K-&gt;34175K(34176K), 0.1428585 secs] 49534K-&gt;37240K(49536K), [Metaspace: 60916K-&gt;60916K(1105920K)], 0.1430103 secs] [Times: user=0.14 sys=0.00, real=0.15 secs] 
[GC (CMS Initial Mark) [1 CMS-initial-mark: 34175K(34176K)] 37329K(49536K), 0.0026714 secs] [Times: user=0.01 sys=0.00, real=0.00 secs] 
<writer thread='11267'/>
[CMS-concurrent-mark-start]
<writer thread='11779'/>
[Full GC (Allocation Failure) [CMS
<writer thread='11267'/>
[CMS-concurrent-mark: 0.068/0.070 secs] [Times: user=0.16 sys=0.01, real=0.07 secs] 
<writer thread='11779'/>
 (concurrent mode failure): 34175K-&gt;34175K(34176K), 0.1790983 secs] 49535K-&gt;37129K(49536K), [Metaspace: 60916K-&gt;60916K(1105920K)], 0.1792893 secs] [Times: user=0.18 sys=0.00, real=0.17 secs] 
<writer thread='128003'/>
<dependency_failed type='leaf_type' ctxk='org/apache/axis/SimpleTargetedChain' witness='org/apache/axis/handlers/soap/SOAPService' stamp='103.961'/>
<writer thread='11779'/>
[Full GC (Allocation Failure) [CMS: 34175K-&gt;34176K(34176K), 0.2197973 secs] 49530K-&gt;37272K(49536K), [Metaspace: 60929K-&gt;60929K(1105920K)], 0.2200072 secs] [Times: user=0.27 sys=0.01, real=0.22 secs] 
[GC (CMS Initial Mark) [1 CMS-initial-mark: 34176K(34176K)] 37817K(49536K), 0.0026547 secs] [Times: user=0.01 sys=0.00, real=0.00 secs] 
<writer thread='11267'/>
[CMS-concurrent-mark-start]
<writer thread='11779'/>
[Full GC (Allocation Failure) [CMS
<writer thread='11267'/>
[CMS-concurrent-mark: 0.074/0.077 secs] [Times: user=0.16 sys=0.00, real=0.08 secs] 
<writer thread='11779'/>
 (concurrent mode failure): 34176K-&gt;34175K(34176K), 0.2553497 secs] 49536K-&gt;37174K(49536K), [Metaspace: 60929K-&gt;60929K(1105920K)], 0.2557978 secs] [Times: user=0.20 sys=0.01, real=0.26 secs] 
[Full GC (Allocation Failure) [CMS: 34175K-&gt;34176K(34176K), 0.2132191 secs] 49528K-&gt;37319K(49536K), [Metaspace: 60929K-&gt;60929K(1105920K)], 0.2138600 secs] [Times: user=0.22 sys=0.01, real=0.21 secs] 
[GC (CMS Initial Mark) [1 CMS-initial-mark: 34176K(34176K)] 37592K(49536K), 0.0026207 secs] [Times: user=0.01 sys=0.00, real=0.00 secs] 
<writer thread='11267'/>
[CMS-concurrent-mark-start]
<writer thread='11779'/>
[Full GC (System.gc()) [CMS
<writer thread='11267'/>
[CMS-concurrent-mark: 0.070/0.073 secs] [Times: user=0.14 sys=0.01, real=0.07 secs] 
<writer thread='11779'/>
 (concurrent mode interrupted): 34176K-&gt;34176K(34176K), 0.1879581 secs] 42593K-&gt;35727K(49536K), [Metaspace: 61025K-&gt;61025K(1105920K)], 0.1881300 secs] [Times: user=0.18 sys=0.00, real=0.19 secs] 
[Full GC (Allocation Failure) [CMS: 34176K-&gt;32503K(34176K), 0.1487506 secs] 49535K-&gt;32503K(49536K), [Metaspace: 61033K-&gt;61033K(1105920K)], 0.1489286 secs] [Times: user=0.16 sys=0.00, real=0.15 secs] 
[GC (CMS Initial Mark) [1 CMS-initial-mark: 32503K(34176K)] 32515K(49536K), 0.0018125 secs] [Times: user=0.01 sys=0.00, real=0.00 secs] 
<writer thread='11267'/>
[CMS-concurrent-mark-start]
<writer thread='11779'/>
[GC (Allocation Failure) [ParNew: 13696K-&gt;537K(15360K), 0.0036498 secs] 46199K-&gt;33040K(49536K), 0.0045636 secs] [Times: user=0.01 sys=0.00, real=0.00 secs] 
[GC (Allocation Failure) [ParNew: 14233K-&gt;367K(15360K), 0.0021479 secs] 46736K-&gt;32870K(49536K), 0.0023149 secs] [Times: user=0.01 sys=0.00, real=0.00 secs] 
<writer thread='11267'/>
[CMS-concurrent-mark: 0.073/0.082 secs] [Times: user=0.25 sys=0.01, real=0.08 secs] 
[CMS-concurrent-preclean-start]
[CMS-concurrent-preclean: 0.001/0.001 secs] [Times: user=0.00 sys=0.00, real=0.00 secs] 
[CMS-concurrent-abortable-preclean-start]
<writer thread='11779'/>
[GC (Allocation Failure) [ParNew: 14063K-&gt;523K(15360K), 0.0021137 secs] 46566K-&gt;33026K(49536K), 0.0022556 secs] [Times: user=0.01 sys=0.00, real=0.01 secs] 
<writer thread='11267'/>
[CMS-concurrent-abortable-preclean: 0.051/0.054 secs] [Times: user=0.16 sys=0.01, real=0.06 secs] 
<writer thread='11779'/>
[GC (CMS Final Remark) [YG occupancy: 12216 K (15360 K)][Rescan (parallel) , 0.0051962 secs][weak refs processing, 0.0000198 secs][class unloading, 0.0150955 secs][scrub symbol table, 0.0096599 secs][scrub string table, 0.0014464 secs][1 CMS-remark: 32503K(34176K)] 44720K(49536K), 0.0336541 secs] [Times: user=0.05 sys=0.00, real=0.03 secs] 
<writer thread='11267'/>
[CMS-concurrent-sweep-start]
<writer thread='11779'/>
[GC (Allocation Failure) [ParNew: 14219K-&gt;611K(15360K), 0.0037175 secs] 46722K-&gt;33114K(49536K), 0.0038311 secs] [Times: user=0.01 sys=0.00, real=0.01 secs] 
<writer thread='11267'/>
[CMS-concurrent-sweep: 0.027/0.032 secs] [Times: user=0.09 sys=0.00, real=0.03 secs] 
[CMS-concurrent-reset-start]
[CMS-concurrent-reset: 0.000/0.000 secs] [Times: user=0.00 sys=0.00, real=0.00 secs] 
<writer thread='11779'/>
[GC (Allocation Failure) [ParNew: 14307K-&gt;781K(15360K), 0.0046619 secs] 46664K-&gt;33138K(49536K), 0.0048720 secs] [Times: user=0.01 sys=0.00, real=0.00 secs] 
[GC (CMS Initial Mark) [1 CMS-initial-mark: 32357K(34176K)] 33191K(49536K), 0.0024429 secs] [Times: user=0.01 sys=0.00, real=0.01 secs] 
<writer thread='11267'/>
[CMS-concurrent-mark-start]
<writer thread='11779'/>
[GC (Allocation Failure) [ParNew: 14477K-&gt;1067K(15360K), 0.0046380 secs] 46834K-&gt;33424K(49536K), 0.0058508 secs] [Times: user=0.01 sys=0.00, real=0.01 secs] 
[GC (Allocation Failure) [ParNew: 14763K-&gt;934K(15360K), 0.0031077 secs] 47120K-&gt;33503K(49536K), 0.0032720 secs] [Times: user=0.01 sys=0.00, real=0.00 secs] 
<writer thread='11267'/>
[CMS-concurrent-mark: 0.118/0.137 secs] [Times: user=0.42 sys=0.01, real=0.13 secs] 
[CMS-concurrent-preclean-start]
<writer thread='11779'/>
[GC (Allocation Failure) [ParNew: 14630K-&gt;873K(15360K), 0.0040698 secs] 47199K-&gt;33537K(49536K), 0.0042593 secs] [Times: user=0.02 sys=0.00, real=0.01 secs] 
<writer thread='11267'/>
[CMS-concurrent-preclean: 0.006/0.018 secs] [Times: user=0.04 sys=0.00, real=0.02 secs] 
[CMS-concurrent-abortable-preclean-start]
[CMS-concurrent-abortable-preclean: 0.023/0.023 secs] [Times: user=0.05 sys=0.00, real=0.03 secs] 
<writer thread='11779'/>
[GC (CMS Final Remark) [YG occupancy: 9546 K (15360 K)][Rescan (parallel) , 0.0064739 secs][weak refs processing, 0.0000249 secs][class unloading, 0.0269361 secs][scrub symbol table, 0.0130046 secs][scrub string table, 0.0013774 secs][1 CMS-remark: 32664K(34176K)] 42210K(49536K), 0.0489813 secs] [Times: user=0.08 sys=0.01, real=0.05 secs] 
<writer thread='11267'/>
[CMS-concurrent-sweep-start]
<writer thread='11779'/>
[GC (Allocation Failure) [ParNew: 14569K-&gt;853K(15360K), 0.0025184 secs] 47233K-&gt;33609K(49536K), 0.0026961 secs] [Times: user=0.01 sys=0.00, real=0.00 secs] 
<writer thread='11267'/>
[CMS-concurrent-sweep: 0.024/0.028 secs] [Times: user=0.09 sys=0.00, real=0.03 secs] 
[CMS-concurrent-reset-start]
[CMS-concurrent-reset: 0.000/0.000 secs] [Times: user=0.00 sys=0.00, real=0.00 secs] 
<writer thread='11779'/>
[GC (Allocation Failure) [ParNew: 14549K-&gt;982K(15360K), 0.0030231 secs] 47169K-&gt;33690K(49536K), 0.0032431 secs] [Times: user=0.01 sys=0.00, real=0.00 secs] 
[GC (CMS Initial Mark) [1 CMS-initial-mark: 32707K(34176K)] 33961K(49536K), 0.0022197 secs] [Times: user=0.01 sys=0.00, real=0.00 secs] 
<writer thread='11267'/>
[CMS-concurrent-mark-start]
<writer thread='11779'/>
[GC (Allocation Failure) [ParNew: 14678K-&gt;709K(15360K), 0.0061877 secs] 47386K-&gt;33518K(49536K), 0.0064056 secs] [Times: user=0.01 sys=0.00, real=0.01 secs] 
[GC (Allocation Failure) [ParNew: 14405K-&gt;886K(15360K), 0.0027589 secs] 47214K-&gt;33783K(49536K), 0.0029225 secs] [Times: user=0.01 sys=0.00, real=0.01 secs] 
[GC (Allocation Failure) [ParNew: 14582K-&gt;823K(15360K), 0.0027035 secs] 47479K-&gt;33807K(49536K), 0.0028832 secs] [Times: user=0.01 sys=0.00, real=0.00 secs] 
<writer thread='11267'/>
[CMS-concurrent-mark: 0.094/0.128 secs] [Times: user=0.42 sys=0.01, real=0.13 secs] 
[CMS-concurrent-preclean-start]
[CMS-concurrent-preclean: 0.001/0.001 secs] [Times: user=0.00 sys=0.00, real=0.00 secs] 
[CMS-concurrent-abortable-preclean-start]
<writer thread='11779'/>
[GC (Allocation Failure) [ParNew: 14519K-&gt;701K(15360K), 0.0028567 secs] 47503K-&gt;33775K(49536K), 0.0030004 secs] [Times: user=0.01 sys=0.00, real=0.00 secs] 
<writer thread='11267'/>
[CMS-concurrent-abortable-preclean: 0.046/0.050 secs] [Times: user=0.15 sys=0.01, real=0.05 secs] 
<writer thread='11779'/>
[GC (Allocation Failure) [ParNew: 14397K-&gt;836K(15360K), 0.0030959 secs] 47471K-&gt;33998K(49536K), 0.0032960 secs] [Times: user=0.01 sys=0.00, real=0.00 secs] 
[GC (CMS Final Remark) [YG occupancy: 890 K (15360 K)][Rescan (parallel) , 0.0017505 secs][weak refs processing, 0.0000137 secs][class unloading, 0.0142795 secs][scrub symbol table, 0.0101984 secs][scrub string table, 0.0007492 secs][1 CMS-remark: 33161K(34176K)] 34052K(49536K), 0.0279948 secs] [Times: user=0.03 sys=0.00, real=0.03 secs] 
<writer thread='11267'/>
[CMS-concurrent-sweep-start]
<writer thread='11779'/>
[GC (Allocation Failure) [ParNew: 14532K-&gt;849K(15360K), 0.0085211 secs] 47694K-&gt;34100K(49536K), 0.0086778 secs] [Times: user=0.01 sys=0.00, real=0.01 secs] 
<writer thread='11267'/>
[CMS-concurrent-sweep: 0.033/0.044 secs] [Times: user=0.12 sys=0.00, real=0.05 secs] 
[CMS-concurrent-reset-start]
[CMS-concurrent-reset: 0.000/0.000 secs] [Times: user=0.00 sys=0.00, real=0.00 secs] 
<writer thread='11779'/>
[GC (Allocation Failure) [ParNew: 14545K-&gt;971K(15360K), 0.0117254 secs] 47649K-&gt;34163K(49536K), 0.0119513 secs] [Times: user=0.01 sys=0.00, real=0.01 secs] 
[GC (CMS Initial Mark) [1 CMS-initial-mark: 33191K(34176K)] 34303K(49536K), 0.0020291 secs] [Times: user=0.01 sys=0.00, real=0.00 secs] 
<writer thread='11267'/>
[CMS-concurrent-mark-start]
<writer thread='11779'/>
[GC (Allocation Failure) [ParNew: 14667K-&gt;774K(15360K), 0.0028088 secs] 47859K-&gt;34053K(49536K), 0.0029838 secs] [Times: user=0.01 sys=0.00, real=0.01 secs] 
[GC (Allocation Failure) [ParNew: 14470K-&gt;762K(15360K), 0.0040286 secs] 47749K-&gt;34126K(49536K), 0.0060510 secs] [Times: user=0.01 sys=0.00, real=0.01 secs] 
[GC (Allocation Failure) [ParNew: 14458K-&gt;824K(15360K), 0.0048083 secs] 47822K-&gt;34276K(49536K), 0.0052697 secs] [Times: user=0.01 sys=0.01, real=0.00 secs] 
<writer thread='11267'/>
[CMS-concurrent-mark: 0.192/0.214 secs] [Times: user=0.41 sys=0.02, real=0.22 secs] 
[CMS-concurrent-preclean-start]
[CMS-concurrent-preclean: 0.001/0.001 secs] [Times: user=0.01 sys=0.00, real=0.00 secs] 
[CMS-concurrent-abortable-preclean-start]
<writer thread='11779'/>
[GC (Allocation Failure) [ParNew: 14520K-&gt;697K(15360K), 0.0044000 secs] 47972K-&gt;34235K(49536K), 0.0047308 secs] [Times: user=0.01 sys=0.00, real=0.01 secs] 
<writer thread='11267'/>
[CMS-concurrent-abortable-preclean: 0.051/0.057 secs] [Times: user=0.12 sys=0.00, real=0.06 secs] 
<writer thread='11779'/>
[GC (CMS Final Remark) [YG occupancy: 8820 K (15360 K)][Rescan (parallel) , 0.0088094 secs][weak refs processing, 0.0000184 secs][class unloading, 0.0190705 secs][scrub symbol table, 0.0125642 secs][scrub string table, 0.0007863 secs][1 CMS-remark: 33538K(34176K)] 42359K(49536K), 0.0423038 secs] [Times: user=0.05 sys=0.00, real=0.04 secs] 
<writer thread='11267'/>
[CMS-concurrent-sweep-start]
<writer thread='11779'/>
[GC (Allocation Failure) [ParNew: 14393K-&gt;850K(15360K), 0.0026878 secs] 47931K-&gt;34476K(49536K), 0.0028619 secs] [Times: user=0.01 sys=0.00, real=0.00 secs] 
<writer thread='11267'/>
[CMS-concurrent-sweep: 0.032/0.036 secs] [Times: user=0.08 sys=0.00, real=0.04 secs] 
[CMS-concurrent-reset-start]
[CMS-concurrent-reset: 0.000/0.000 secs] [Times: user=0.00 sys=0.00, real=0.00 secs] 
<writer thread='11779'/>
[GC (Allocation Failure) [ParNew: 14546K-&gt;845K(15360K), 0.0071192 secs] 47990K-&gt;34378K(49536K), 0.0073163 secs] [Times: user=0.01 sys=0.00, real=0.01 secs] 
[GC (CMS Initial Mark) [1 CMS-initial-mark: 33532K(34176K)] 34483K(49536K), 0.0040883 secs] [Times: user=0.00 sys=0.00, real=0.01 secs] 
<writer thread='11267'/>
[CMS-concurrent-mark-start]
<writer thread='11779'/>
[GC (Allocation Failure) [ParNew: 14541K-&gt;850K(15360K), 0.0027017 secs] 48074K-&gt;34471K(49536K), 0.0028243 secs] [Times: user=0.01 sys=0.00, real=0.00 secs] 
[GC (Allocation Failure) [ParNew: 14546K-&gt;710K(15360K), 0.0068376 secs] 48167K-&gt;34418K(49536K), 0.0072802 secs] [Times: user=0.01 sys=0.00, real=0.00 secs] 
[GC (Allocation Failure) [ParNew: 14406K-&gt;1000K(15360K), 0.0045696 secs] 48114K-&gt;34803K(49536K), 0.0048634 secs] [Times: user=0.02 sys=0.00, real=0.00 secs] 
<writer thread='11267'/>
[CMS-concurrent-mark: 0.133/0.152 secs] [Times: user=0.32 sys=0.01, real=0.15 secs] 
[CMS-concurrent-preclean-start]
[CMS-concurrent-preclean: 0.001/0.001 secs] [Times: user=0.01 sys=0.00, real=0.00 secs] 
[CMS-concurrent-abortable-preclean-start]
<writer thread='11779'/>
[GC (Allocation Failure) [ParNew: 14696K-&gt;796K(15360K), 0.0072386 secs] 48499K-&gt;34693K(49536K), 0.0074991 secs] [Times: user=0.01 sys=0.00, real=0.00 secs] 
[GC (Allocation Failure) [ParNew: 14492K-&gt;887K(15360K), 0.0026166 secs] 48389K-&gt;34876K(49536K), 0.0027704 secs] [Times: user=0.01 sys=0.00, real=0.00 secs] 
<writer thread='11267'/>
[CMS-concurrent-abortable-preclean: 0.057/0.102 secs] [Times: user=0.21 sys=0.01, real=0.11 secs] 
<writer thread='11779'/>
[GC (CMS Final Remark) [YG occupancy: 11946 K (15360 K)][Rescan (parallel) , 0.0102650 secs][weak refs processing, 0.0000217 secs][class unloading, 0.0175310 secs][scrub symbol table, 0.0137372 secs][scrub string table, 0.0007585 secs][1 CMS-remark: 33988K(34176K)] 45934K(49536K), 0.0432869 secs] [Times: user=0.05 sys=0.00, real=0.04 secs] 
<writer thread='11267'/>
[CMS-concurrent-sweep-start]
<writer thread='11779'/>
[GC (Allocation Failure) [ParNew (promotion failed): 14583K-&gt;14652K(15360K), 0.0098930 secs][CMS
<writer thread='11267'/>
[CMS-concurrent-sweep: 0.019/0.032 secs] [Times: user=0.05 sys=0.00, real=0.03 secs] 
<writer thread='11779'/>
 (concurrent mode failure): 34022K-&gt;34076K(34176K), 0.1879040 secs] 48572K-&gt;34076K(49536K), [Metaspace: 61034K-&gt;61034K(1105920K)], 0.1986466 secs] [Times: user=0.19 sys=0.00, real=0.20 secs] 
[GC (Allocation Failure) [ParNew: 13696K-&gt;13696K(15360K), 0.0000296 secs][CMS: 34076K-&gt;34125K(34176K), 0.1475602 secs] 47772K-&gt;34125K(49536K), [Metaspace: 60766K-&gt;60766K(1105920K)], 0.1477813 secs] [Times: user=0.14 sys=0.00, real=0.15 secs] 
[GC (CMS Initial Mark) [1 CMS-initial-mark: 34125K(34176K)] 34337K(49536K), 0.0018068 secs] [Times: user=0.00 sys=0.00, real=0.00 secs] 
<writer thread='11267'/>
[CMS-concurrent-mark-start]
<writer thread='11779'/>
[GC (Allocation Failure) [ParNew: 13696K-&gt;13696K(15360K), 0.0000188 secs][CMS
<writer thread='11267'/>
[CMS-concurrent-mark: 0.058/0.060 secs] [Times: user=0.11 sys=0.00, real=0.06 secs] 
<writer thread='11779'/>
 (concurrent mode failure): 34125K-&gt;34175K(34176K), 0.1941745 secs] 47821K-&gt;34194K(49536K), [Metaspace: 60766K-&gt;60766K(1105920K)], 0.1943819 secs] [Times: user=0.18 sys=0.00, real=0.20 secs] 
[Full GC (Allocation Failure) [CMS: 34175K-&gt;34175K(34176K), 0.1802566 secs] 49535K-&gt;34255K(49536K), [Metaspace: 60766K-&gt;60766K(1105920K)], 0.1804835 secs] [Times: user=0.17 sys=0.00, real=0.18 secs] 
[GC (CMS Initial Mark) [1 CMS-initial-mark: 34175K(34176K)] 35240K(49536K), 0.0023912 secs] [Times: user=0.01 sys=0.00, real=0.00 secs] 
<writer thread='11267'/>
[CMS-concurrent-mark-start]
<writer thread='11779'/>
[Full GC (Allocation Failure) [CMS
<writer thread='11267'/>
[CMS-concurrent-mark: 0.138/0.142 secs] [Times: user=0.22 sys=0.01, real=0.14 secs] 
<writer thread='11779'/>
 (concurrent mode failure): 34175K-&gt;34175K(34176K), 0.3939961 secs] 49535K-&gt;34332K(49536K), [Metaspace: 60766K-&gt;60766K(1105920K)], 0.3942521 secs] [Times: user=0.28 sys=0.01, real=0.40 secs] 
[Full GC (Allocation Failure) [CMS: 34175K-&gt;34175K(34176K), 0.2489693 secs] 49535K-&gt;34392K(49536K), [Metaspace: 60766K-&gt;60766K(1105920K)], 0.2497495 secs] [Times: user=0.22 sys=0.00, real=0.25 secs] 
[GC (CMS Initial Mark) [1 CMS-initial-mark: 34175K(34176K)] 34599K(49536K), 0.0025042 secs] [Times: user=0.01 sys=0.00, real=0.01 secs] 
<writer thread='11267'/>
[CMS-concurrent-mark-start]
<writer thread='11779'/>
[Full GC (Allocation Failure) [CMS
<writer thread='11267'/>
[CMS-concurrent-mark: 0.133/0.144 secs] [Times: user=0.18 sys=0.01, real=0.14 secs] 
<writer thread='11779'/>
 (concurrent mode failure): 34175K-&gt;34175K(34176K), 0.2540919 secs] 49533K-&gt;34549K(49536K), [Metaspace: 60766K-&gt;60766K(1105920K)], 0.2544192 secs] [Times: user=0.21 sys=0.00, real=0.25 secs] 
[Full GC (Allocation Failure) [CMS: 34175K-&gt;34175K(34176K), 0.2675901 secs] 49535K-&gt;36359K(49536K), [Metaspace: 60825K-&gt;60825K(1105920K)], 0.2682097 secs] [Times: user=0.19 sys=0.01, real=0.27 secs] 
[GC (CMS Initial Mark) [1 CMS-initial-mark: 34175K(34176K)] 47871K(49536K), 0.0091064 secs] [Times: user=0.03 sys=0.00, real=0.01 secs] 
<writer thread='11267'/>
[CMS-concurrent-mark-start]
<writer thread='11779'/>
[Full GC (Allocation Failure) [CMS
<writer thread='11267'/>
[CMS-concurrent-mark: 0.083/0.087 secs] [Times: user=0.11 sys=0.01, real=0.10 secs] 
<writer thread='11779'/>
 (concurrent mode failure): 34175K-&gt;34174K(34176K), 0.2983072 secs] 49535K-&gt;37048K(49536K), [Metaspace: 60826K-&gt;60826K(1105920K)], 0.2991115 secs] [Times: user=0.27 sys=0.01, real=0.30 secs] 
[Full GC (Allocation Failure) [CMS: 34174K-&gt;34163K(34176K), 0.2301013 secs] 49521K-&gt;37057K(49536K), [Metaspace: 60824K-&gt;60824K(1105920K)], 0.2305927 secs] [Times: user=0.23 sys=0.00, real=0.23 secs] 
[Full GC (Allocation Failure) [CMS: 34167K-&gt;34164K(34176K), 0.2195598 secs] 49527K-&gt;37026K(49536K), [Metaspace: 60929K-&gt;60929K(1105920K)], 0.2198276 secs] [Times: user=0.23 sys=0.00, real=0.22 secs] 
[GC (CMS Initial Mark) [1 CMS-initial-mark: 34164K(34176K)] 37310K(49536K), 0.0040043 secs] [Times: user=0.01 sys=0.00, real=0.00 secs] 
<writer thread='11267'/>
[CMS-concurrent-mark-start]
<writer thread='11779'/>
[Full GC (Allocation Failure) [CMS
<writer thread='11267'/>
[CMS-concurrent-mark: 0.093/0.098 secs] [Times: user=0.21 sys=0.01, real=0.09 secs] 
<writer thread='11779'/>
 (concurrent mode failure): 34172K-&gt;34171K(34176K), 0.4296040 secs] 49528K-&gt;37035K(49536K), [Metaspace: 60933K-&gt;60933K(1105920K)], 0.4305154 secs] [Times: user=0.27 sys=0.00, real=0.43 secs] 
[Full GC (Allocation Failure) [CMS: 34171K-&gt;34162K(34176K), 0.1740333 secs] 49526K-&gt;37146K(49536K), [Metaspace: 60933K-&gt;60933K(1105920K)], 0.1775191 secs] [Times: user=0.17 sys=0.00, real=0.18 secs] 
[GC (CMS Initial Mark) [1 CMS-initial-mark: 34162K(34176K)] 37443K(49536K), 0.0026295 secs] [Times: user=0.00 sys=0.00, real=0.00 secs] 
<writer thread='11267'/>
[CMS-concurrent-mark-start]
[CMS-concurrent-mark: 0.089/0.089 secs] [Times: user=0.28 sys=0.01, real=0.09 secs] 
[CMS-concurrent-preclean-start]
<writer thread='11779'/>
[Full GC (Allocation Failure) [CMS
<writer thread='11267'/>
[CMS-concurrent-preclean: 0.084/0.088 secs] [Times: user=0.19 sys=0.01, real=0.09 secs] 
<writer thread='11779'/>
 (concurrent mode failure): 34175K-&gt;34175K(34176K), 0.2238958 secs] 49535K-&gt;37087K(49536K), [Metaspace: 60934K-&gt;60934K(1105920K)], 0.2241122 secs] [Times: user=0.23 sys=0.00, real=0.22 secs] 
[Full GC (Allocation Failure) [CMS: 34176K-&gt;34176K(34176K), 0.1798237 secs] 49535K-&gt;37133K(49536K), [Metaspace: 60936K-&gt;60936K(1105920K)], 0.1800463 secs] [Times: user=0.16 sys=0.01, real=0.18 secs] 
[GC (CMS Initial Mark) [1 CMS-initial-mark: 34176K(34176K)] 47872K(49536K), 0.0171160 secs] [Times: user=0.03 sys=0.01, real=0.02 secs] 
<writer thread='11267'/>
[CMS-concurrent-mark-start]
<writer thread='11779'/>
[Full GC (Allocation Failure) [CMS
<writer thread='11267'/>
[CMS-concurrent-mark: 0.163/0.166 secs] [Times: user=0.13 sys=0.00, real=0.17 secs] 
<writer thread='11779'/>
 (concurrent mode failure): 34176K-&gt;34175K(34176K), 0.3598509 secs] 49535K-&gt;37085K(49536K), [Metaspace: 60936K-&gt;60936K(1105920K)], 0.3600466 secs] [Times: user=0.30 sys=0.00, real=0.36 secs] 
[Full GC (Allocation Failure) [CMS: 34175K-&gt;34176K(34176K), 0.1663290 secs] 49535K-&gt;37136K(49536K), [Metaspace: 60936K-&gt;60936K(1105920K)], 0.1665222 secs] [Times: user=0.16 sys=0.00, real=0.16 secs] 
[Full GC (Allocation Failure) [CMS: 34176K-&gt;34176K(34176K), 0.1541703 secs] 49536K-&gt;37087K(49536K), [Metaspace: 60936K-&gt;60936K(1105920K)], 0.1543736 secs] [Times: user=0.15 sys=0.00, real=0.15 secs] 
[GC (CMS Initial Mark) [1 CMS-initial-mark: 34176K(34176K)] 37319K(49536K), 0.0028844 secs] [Times: user=0.01 sys=0.00, real=0.00 secs] 
<writer thread='11267'/>
[CMS-concurrent-mark-start]
<writer thread='11779'/>
[Full GC (Allocation Failure) [CMS
<writer thread='11267'/>
[CMS-concurrent-mark: 0.092/0.095 secs] [Times: user=0.30 sys=0.02, real=0.10 secs] 
<writer thread='11779'/>
 (concurrent mode failure): 34176K-&gt;34175K(34176K), 0.1977379 secs] 49535K-&gt;37054K(49536K), [Metaspace: 60936K-&gt;60936K(1105920K)], 0.1979746 secs] [Times: user=0.38 sys=0.00, real=0.20 secs] 
[Full GC (Allocation Failure) [CMS: 34175K-&gt;34175K(34176K), 0.1986987 secs] 49528K-&gt;37090K(49536K), [Metaspace: 60937K-&gt;60937K(1105920K)], 0.1992335 secs] [Times: user=0.37 sys=0.01, real=0.20 secs] 
[GC (CMS Initial Mark) [1 CMS-initial-mark: 34175K(34176K)] 37224K(49536K), 0.0027319 secs] [Times: user=0.00 sys=0.00, real=0.01 secs] 
<writer thread='11267'/>
[CMS-concurrent-mark-start]
<writer thread='11779'/>
[Full GC (Allocation Failure) [CMS
<writer thread='11267'/>
[CMS-concurrent-mark: 0.066/0.073 secs] [Times: user=0.15 sys=0.01, real=0.07 secs] 
<writer thread='11779'/>
 (concurrent mode failure): 34175K-&gt;34175K(34176K), 0.2022660 secs] 49535K-&gt;36996K(49536K), [Metaspace: 60937K-&gt;60937K(1105920K)], 0.2025193 secs] [Times: user=0.20 sys=0.00, real=0.20 secs] 
[Full GC (Allocation Failure) [CMS: 34175K-&gt;34175K(34176K), 0.1637304 secs] 49534K-&gt;37596K(49536K), [Metaspace: 60937K-&gt;60937K(1105920K)], 0.1639753 secs] [Times: user=0.15 sys=0.00, real=0.17 secs] 
[GC (CMS Initial Mark) [1 CMS-initial-mark: 34175K(34176K)] 37805K(49536K), 0.0032976 secs] [Times: user=0.00 sys=0.00, real=0.00 secs] 
<writer thread='11267'/>
[CMS-concurrent-mark-start]
<writer thread='11779'/>
[Full GC (Allocation Failure) [CMS
<writer thread='11267'/>
[CMS-concurrent-mark: 0.093/0.097 secs] [Times: user=0.24 sys=0.02, real=0.10 secs] 
<writer thread='11779'/>
 (concurrent mode failure): 34175K-&gt;34175K(34176K), 0.1772622 secs] 49534K-&gt;37474K(49536K), [Metaspace: 60937K-&gt;60937K(1105920K)], 0.1779254 secs] [Times: user=0.17 sys=0.00, real=0.17 secs] 
[Full GC (Allocation Failure) [CMS: 34175K-&gt;34175K(34176K), 0.1640530 secs] 49535K-&gt;37005K(49536K), [Metaspace: 61003K-&gt;61003K(1105920K)], 0.1642275 secs] [Times: user=0.17 sys=0.00, real=0.16 secs] 
[GC (CMS Initial Mark) [1 CMS-initial-mark: 34175K(34176K)] 37165K(49536K), 0.0028679 secs] [Times: user=0.01 sys=0.00, real=0.00 secs] 
<writer thread='11267'/>
[CMS-concurrent-mark-start]
<writer thread='11779'/>
[Full GC (Allocation Failure) [CMS
<writer thread='11267'/>
[CMS-concurrent-mark: 0.095/0.097 secs] [Times: user=0.28 sys=0.01, real=0.10 secs] 
<writer thread='11779'/>
 (concurrent mode failure): 34175K-&gt;34176K(34176K), 0.2175729 secs] 49535K-&gt;37276K(49536K), [Metaspace: 61001K-&gt;61001K(1105920K)], 0.2177582 secs] [Times: user=0.40 sys=0.01, real=0.21 secs] 
[Full GC (Allocation Failure) [CMS: 34176K-&gt;34173K(34176K), 0.2954993 secs] 49535K-&gt;37402K(49536K), [Metaspace: 61002K-&gt;61002K(1105920K)], 0.2973995 secs] [Times: user=0.47 sys=0.01, real=0.30 secs] 
[GC (CMS Initial Mark) [1 CMS-initial-mark: 34173K(34176K)] 37657K(49536K), 0.0037309 secs] [Times: user=0.01 sys=0.00, real=0.01 secs] 
<writer thread='11267'/>
[CMS-concurrent-mark-start]
<writer thread='11779'/>
[Full GC (Allocation Failure) [CMS
<writer thread='11267'/>
[CMS-concurrent-mark: 0.080/0.083 secs] [Times: user=0.22 sys=0.01, real=0.08 secs] 
<writer thread='11779'/>
 (concurrent mode failure): 34175K-&gt;34173K(34176K), 0.2078651 secs] 49535K-&gt;37083K(49536K), [Metaspace: 61005K-&gt;61005K(1105920K)], 0.2080621 secs] [Times: user=0.21 sys=0.01, real=0.21 secs] 
[Full GC (Allocation Failure) [CMS: 34174K-&gt;34172K(34176K), 0.1622755 secs] 49534K-&gt;36947K(49536K), [Metaspace: 61010K-&gt;61010K(1105920K)], 0.1624743 secs] [Times: user=0.14 sys=0.01, real=0.16 secs] 
[GC (CMS Initial Mark) [1 CMS-initial-mark: 34172K(34176K)] 37099K(49536K), 0.0029555 secs] [Times: user=0.00 sys=0.00, real=0.01 secs] 
<writer thread='11267'/>
[CMS-concurrent-mark-start]
<writer thread='11779'/>
[Full GC (Allocation Failure) [CMS
<writer thread='11267'/>
[CMS-concurrent-mark: 0.068/0.070 secs] [Times: user=0.14 sys=0.01, real=0.07 secs] 
<writer thread='11779'/>
 (concurrent mode failure): 34175K-&gt;34172K(34176K), 0.2043559 secs] 49535K-&gt;37003K(49536K), [Metaspace: 61010K-&gt;61010K(1105920K)], 0.2045673 secs] [Times: user=0.19 sys=0.00, real=0.20 secs] 
[Full GC (Allocation Failure) [CMS: 34172K-&gt;34168K(34176K), 0.1577362 secs] 49531K-&gt;37258K(49536K), [Metaspace: 61010K-&gt;61010K(1105920K)], 0.1580244 secs] [Times: user=0.15 sys=0.00, real=0.16 secs] 
[GC (CMS Initial Mark) [1 CMS-initial-mark: 34168K(34176K)] 39283K(49536K), 0.0030681 secs] [Times: user=0.01 sys=0.01, real=0.00 secs] 
<writer thread='11267'/>
[CMS-concurrent-mark-start]
<writer thread='11779'/>
[Full GC (Allocation Failure) [CMS
<writer thread='11267'/>
[CMS-concurrent-mark: 0.070/0.073 secs] [Times: user=0.11 sys=0.00, real=0.07 secs] 
<writer thread='11779'/>
 (concurrent mode failure): 34175K-&gt;34170K(34176K), 0.2166520 secs] 49535K-&gt;37246K(49536K), [Metaspace: 61010K-&gt;61010K(1105920K)], 0.2168332 secs] [Times: user=0.20 sys=0.01, real=0.22 secs] 
[Full GC (Allocation Failure) [CMS: 34170K-&gt;34166K(34176K), 0.1614705 secs] 49526K-&gt;37233K(49536K), [Metaspace: 61014K-&gt;61014K(1105920K)], 0.1616746 secs] [Times: user=0.15 sys=0.00, real=0.16 secs] 
[GC (CMS Initial Mark) [1 CMS-initial-mark: 34166K(34176K)] 37490K(49536K), 0.0031143 secs] [Times: user=0.00 sys=0.00, real=0.00 secs] 
<writer thread='11267'/>
[CMS-concurrent-mark-start]
<writer thread='11779'/>
[Full GC (Allocation Failure) [CMS
<writer thread='11267'/>
[CMS-concurrent-mark: 0.076/0.079 secs] [Times: user=0.16 sys=0.01, real=0.08 secs] 
<writer thread='11779'/>
 (concurrent mode failure): 34173K-&gt;34166K(34176K), 0.2012105 secs] 49533K-&gt;37199K(49536K), [Metaspace: 61014K-&gt;61014K(1105920K)], 0.2014055 secs] [Times: user=0.19 sys=0.01, real=0.20 secs] 
[Full GC (Allocation Failure) [CMS: 34175K-&gt;34170K(34176K), 0.1582205 secs] 49535K-&gt;37345K(49536K), [Metaspace: 61014K-&gt;61014K(1105920K)], 0.1584279 secs] [Times: user=0.15 sys=0.01, real=0.16 secs] 
[Full GC (Allocation Failure) [CMS: 34170K-&gt;34165K(34176K), 0.1804737 secs] 49524K-&gt;37199K(49536K), [Metaspace: 61014K-&gt;61014K(1105920K)], 0.1806681 secs] [Times: user=0.17 sys=0.01, real=0.18 secs] 
[GC (CMS Initial Mark) [1 CMS-initial-mark: 34165K(34176K)] 37241K(49536K), 0.0040068 secs] [Times: user=0.01 sys=0.00, real=0.01 secs] 
<writer thread='11267'/>
[CMS-concurrent-mark-start]
<writer thread='11779'/>
[Full GC (Allocation Failure) [CMS
<writer thread='11267'/>
[CMS-concurrent-mark: 0.073/0.078 secs] [Times: user=0.18 sys=0.01, real=0.08 secs] 
<writer thread='11779'/>
 (concurrent mode failure): 34167K-&gt;34162K(34176K), 0.2075623 secs] 49527K-&gt;37250K(49536K), [Metaspace: 61014K-&gt;61014K(1105920K)], 0.2077826 secs] [Times: user=0.18 sys=0.01, real=0.21 secs] 
[Full GC (Allocation Failure) [CMS: 34173K-&gt;34168K(34176K), 0.1794075 secs] 49533K-&gt;37341K(49536K), [Metaspace: 61014K-&gt;61014K(1105920K)], 0.1796011 secs] [Times: user=0.34 sys=0.01, real=0.18 secs] 
[GC (CMS Initial Mark) [1 CMS-initial-mark: 34168K(34176K)] 37796K(49536K), 0.0041415 secs] [Times: user=0.01 sys=0.00, real=0.01 secs] 
<writer thread='11267'/>
[CMS-concurrent-mark-start]
<writer thread='11779'/>
[Full GC (Allocation Failure) [CMS
<writer thread='11267'/>
[CMS-concurrent-mark: 0.091/0.095 secs] [Times: user=0.24 sys=0.01, real=0.09 secs] 
<writer thread='11779'/>
 (concurrent mode failure): 34168K-&gt;34162K(34176K), 0.1950686 secs] 49514K-&gt;37140K(49536K), [Metaspace: 61014K-&gt;61014K(1105920K)], 0.1953453 secs] [Times: user=0.25 sys=0.01, real=0.19 secs] 
[Full GC (Allocation Failure) [CMS: 34175K-&gt;34167K(34176K), 0.1967036 secs] 49535K-&gt;37226K(49536K), [Metaspace: 61014K-&gt;61014K(1105920K)], 0.1969074 secs] [Times: user=0.37 sys=0.00, real=0.20 secs] 
[Full GC (Allocation Failure) [CMS: 34167K-&gt;34163K(34176K), 0.1982407 secs] 49523K-&gt;37055K(49536K), [Metaspace: 61014K-&gt;61014K(1105920K)], 0.1984873 secs] [Times: user=0.38 sys=0.01, real=0.20 secs] 
[GC (CMS Initial Mark) [1 CMS-initial-mark: 34163K(34176K)] 43472K(49536K), 0.0040885 secs] [Times: user=0.02 sys=0.00, real=0.01 secs] 
<writer thread='11267'/>
[CMS-concurrent-mark-start]
<writer thread='11779'/>
[Full GC (Allocation Failure) [CMS
<writer thread='11267'/>
[CMS-concurrent-mark: 0.068/0.071 secs] [Times: user=0.17 sys=0.01, real=0.07 secs] 
<writer thread='11779'/>
 (concurrent mode failure): 34163K-&gt;34175K(34176K), 0.2126777 secs] 49523K-&gt;37397K(49536K), [Metaspace: 61014K-&gt;61014K(1105920K)], 0.2128936 secs] [Times: user=0.35 sys=0.01, real=0.21 secs] 
[Full GC (Allocation Failure) [CMS: 34175K-&gt;34174K(34176K), 0.1717774 secs] 49535K-&gt;37182K(49536K), [Metaspace: 61014K-&gt;61014K(1105920K)], 0.1721539 secs] [Times: user=0.21 sys=0.01, real=0.17 secs] 
[GC (CMS Initial Mark) [1 CMS-initial-mark: 34174K(34176K)] 47870K(49536K), 0.0049376 secs] [Times: user=0.01 sys=0.00, real=0.01 secs] 
<writer thread='11267'/>
[CMS-concurrent-mark-start]
<writer thread='11779'/>
[Full GC (Allocation Failure) [CMS
<writer thread='11267'/>
[CMS-concurrent-mark: 0.070/0.072 secs] [Times: user=0.15 sys=0.00, real=0.07 secs] 
<writer thread='11779'/>
 (concurrent mode failure): 34175K-&gt;34175K(34176K), 0.2462210 secs] 49535K-&gt;37241K(49536K), [Metaspace: 61014K-&gt;61014K(1105920K)], 0.2466505 secs] [Times: user=0.45 sys=0.00, real=0.25 secs] 
[Full GC (Allocation Failure) [CMS: 34175K-&gt;34173K(34176K), 0.1755313 secs] 49534K-&gt;37172K(49536K), [Metaspace: 61025K-&gt;61025K(1105920K)], 0.1757145 secs] [Times: user=0.33 sys=0.01, real=0.17 secs] 
[GC (CMS Initial Mark) [1 CMS-initial-mark: 34173K(34176K)] 37346K(49536K), 0.0025974 secs] [Times: user=0.01 sys=0.00, real=0.01 secs] 
<writer thread='11267'/>
[CMS-concurrent-mark-start]
<writer thread='11779'/>
[Full GC (Allocation Failure) [CMS
<writer thread='11267'/>
[CMS-concurrent-mark: 0.075/0.079 secs] [Times: user=0.22 sys=0.01, real=0.08 secs] 
<writer thread='11779'/>
 (concurrent mode failure): 34174K-&gt;34173K(34176K), 0.2090523 secs] 49534K-&gt;37229K(49536K), [Metaspace: 61026K-&gt;61026K(1105920K)], 0.2092471 secs] [Times: user=0.41 sys=0.00, real=0.21 secs] 
[Full GC (Allocation Failure) [CMS: 34176K-&gt;34174K(34176K), 0.1792993 secs] 49535K-&gt;37144K(49536K), [Metaspace: 61026K-&gt;61026K(1105920K)], 0.1794859 secs] [Times: user=0.35 sys=0.01, real=0.18 secs] 
[GC (CMS Initial Mark) [1 CMS-initial-mark: 34174K(34176K)] 47870K(49536K), 0.0052247 secs] [Times: user=0.02 sys=0.00, real=0.01 secs] 
<writer thread='11267'/>
[CMS-concurrent-mark-start]
<writer thread='11779'/>
[Full GC (Allocation Failure) [CMS
<writer thread='11267'/>
[CMS-concurrent-mark: 0.084/0.087 secs] [Times: user=0.23 sys=0.00, real=0.09 secs] 
<writer thread='11779'/>
 (concurrent mode failure): 34175K-&gt;34173K(34176K), 0.2687315 secs] 49535K-&gt;37375K(49536K), [Metaspace: 61026K-&gt;61026K(1105920K)], 0.2689387 secs] [Times: user=0.56 sys=0.01, real=0.27 secs] 
[Full GC (Allocation Failure) [CMS: 34175K-&gt;34165K(34176K), 0.1906337 secs] 49535K-&gt;37174K(49536K), [Metaspace: 61026K-&gt;61026K(1105920K)], 0.1910727 secs] [Times: user=0.35 sys=0.01, real=0.19 secs] 
[GC (CMS Initial Mark) [1 CMS-initial-mark: 34165K(34176K)] 44623K(49536K), 0.0053549 secs] [Times: user=0.01 sys=0.00, real=0.01 secs] 
<writer thread='11267'/>
[CMS-concurrent-mark-start]
<writer thread='11779'/>
[Full GC (Allocation Failure) [CMS
<writer thread='11267'/>
[CMS-concurrent-mark: 0.074/0.076 secs] [Times: user=0.13 sys=0.00, real=0.08 secs] 
<writer thread='11779'/>
 (concurrent mode failure): 34175K-&gt;34168K(34176K), 0.3084396 secs] 49535K-&gt;37176K(49536K), [Metaspace: 61026K-&gt;61026K(1105920K)], 0.3094707 secs] [Times: user=0.30 sys=0.01, real=0.31 secs] 
[Full GC (Allocation Failure) [CMS: 34168K-&gt;34163K(34176K), 0.2431683 secs] 49521K-&gt;37160K(49536K), [Metaspace: 61026K-&gt;61026K(1105920K)], 0.2433809 secs] [Times: user=0.40 sys=0.01, real=0.24 secs] 
[GC (CMS Initial Mark) [1 CMS-initial-mark: 34163K(34176K)] 47859K(49536K), 0.0050891 secs] [Times: user=0.02 sys=0.00, real=0.00 secs] 
<writer thread='11267'/>
[CMS-concurrent-mark-start]
<writer thread='11779'/>
[Full GC (Allocation Failure) [CMS
<writer thread='11267'/>
[CMS-concurrent-mark: 0.074/0.077 secs] [Times: user=0.16 sys=0.01, real=0.08 secs] 
<writer thread='11779'/>
 (concurrent mode failure): 34165K-&gt;34163K(34176K), 0.3274364 secs] 49525K-&gt;37639K(49536K), [Metaspace: 61028K-&gt;61028K(1105920K)], 0.3276442 secs] [Times: user=0.37 sys=0.01, real=0.33 secs] 
[Full GC (Allocation Failure) [CMS: 34163K-&gt;34161K(34176K), 0.3381317 secs] 49521K-&gt;37244K(49536K), [Metaspace: 61028K-&gt;61028K(1105920K)], 0.3383242 secs] [Times: user=0.24 sys=0.01, real=0.34 secs] 
[GC (CMS Initial Mark) [1 CMS-initial-mark: 34161K(34176K)] 41449K(49536K), 0.0040391 secs] [Times: user=0.02 sys=0.00, real=0.01 secs] 
<writer thread='11267'/>
[CMS-concurrent-mark-start]
<writer thread='11779'/>
[Full GC (Allocation Failure) [CMS
<writer thread='11267'/>
[CMS-concurrent-mark: 0.062/0.064 secs] [Times: user=0.10 sys=0.00, real=0.06 secs] 
<writer thread='11779'/>
 (concurrent mode failure): 34175K-&gt;34169K(34176K), 0.2079759 secs] 49535K-&gt;36967K(49536K), [Metaspace: 61028K-&gt;61028K(1105920K)], 0.2081769 secs] [Times: user=0.20 sys=0.00, real=0.21 secs] 
[Full GC (Allocation Failure) [CMS: 34169K-&gt;34162K(34176K), 0.1615350 secs] 49524K-&gt;37278K(49536K), [Metaspace: 61032K-&gt;61032K(1105920K)], 0.1620823 secs] [Times: user=0.15 sys=0.00, real=0.16 secs] 
[Full GC (Allocation Failure) [CMS: 34175K-&gt;34163K(34176K), 0.1656534 secs] 49535K-&gt;37206K(49536K), [Metaspace: 61032K-&gt;61032K(1105920K)], 0.1658596 secs] [Times: user=0.15 sys=0.01, real=0.17 secs] 
[GC (CMS Initial Mark) [1 CMS-initial-mark: 34163K(34176K)] 47847K(49536K), 0.0063283 secs] [Times: user=0.02 sys=0.00, real=0.01 secs] 
<writer thread='11267'/>
[CMS-concurrent-mark-start]
<writer thread='11779'/>
[Full GC (Allocation Failure) [CMS
<writer thread='11267'/>
[CMS-concurrent-mark: 0.071/0.074 secs] [Times: user=0.14 sys=0.00, real=0.07 secs] 
<writer thread='11779'/>
 (concurrent mode failure): 34167K-&gt;34161K(34176K), 0.2904682 secs] 49527K-&gt;37403K(49536K), [Metaspace: 61032K-&gt;61032K(1105920K)], 0.2907175 secs] [Times: user=0.33 sys=0.00, real=0.29 secs] 
[Full GC (Allocation Failure) [CMS: 34175K-&gt;34175K(34176K), 0.1785038 secs] 49535K-&gt;37233K(49536K), [Metaspace: 61032K-&gt;61032K(1105920K)], 0.1796933 secs] [Times: user=0.18 sys=0.00, real=0.18 secs] 
[GC (CMS Initial Mark) [1 CMS-initial-mark: 34175K(34176K)] 47871K(49536K), 0.0050607 secs] [Times: user=0.01 sys=0.00, real=0.00 secs] 
<writer thread='11267'/>
[CMS-concurrent-mark-start]
<writer thread='11779'/>
[Full GC (Allocation Failure) [CMS
<writer thread='11267'/>
[CMS-concurrent-mark: 0.058/0.060 secs] [Times: user=0.08 sys=0.00, real=0.07 secs] 
<writer thread='11779'/>
 (concurrent mode failure): 34175K-&gt;34175K(34176K), 0.2034836 secs] 49535K-&gt;37287K(49536K), [Metaspace: 61032K-&gt;61032K(1105920K)], 0.2036472 secs] [Times: user=0.20 sys=0.00, real=0.20 secs] 
[Full GC (Allocation Failure) [CMS: 34175K-&gt;34175K(34176K), 0.1512961 secs] 49535K-&gt;37246K(49536K), [Metaspace: 61032K-&gt;61032K(1105920K)], 0.1514939 secs] [Times: user=0.17 sys=0.00, real=0.15 secs] 
[GC (CMS Initial Mark) [1 CMS-initial-mark: 34175K(34176K)] 37968K(49536K), 0.0037307 secs] [Times: user=0.01 sys=0.00, real=0.00 secs] 
<writer thread='11267'/>
[CMS-concurrent-mark-start]
<writer thread='11779'/>
[Full GC (Allocation Failure) [CMS
<writer thread='11267'/>
[CMS-concurrent-mark: 0.076/0.081 secs] [Times: user=0.19 sys=0.01, real=0.08 secs] 
<writer thread='11779'/>
 (concurrent mode failure): 34175K-&gt;34176K(34176K), 0.2080395 secs] 49522K-&gt;37398K(49536K), [Metaspace: 61032K-&gt;61032K(1105920K)], 0.2082706 secs] [Times: user=0.23 sys=0.01, real=0.21 secs] 
[Full GC (Allocation Failure) [CMS: 34176K-&gt;34175K(34176K), 0.1771803 secs] 49535K-&gt;37348K(49536K), [Metaspace: 61032K-&gt;61032K(1105920K)], 0.1774562 secs] [Times: user=0.16 sys=0.00, real=0.18 secs] 
[Full GC (Allocation Failure) [CMS: 34175K-&gt;34176K(34176K), 0.1681141 secs] 49530K-&gt;37049K(49536K), [Metaspace: 61032K-&gt;61032K(1105920K)], 0.1683612 secs] [Times: user=0.16 sys=0.01, real=0.17 secs] 
[GC (CMS Initial Mark) [1 CMS-initial-mark: 34176K(34176K)] 37358K(49536K), 0.0031252 secs] [Times: user=0.00 sys=0.00, real=0.01 secs] 
<writer thread='11267'/>
[CMS-concurrent-mark-start]
<writer thread='11779'/>
[Full GC (Allocation Failure) [CMS
<writer thread='11267'/>
[CMS-concurrent-mark: 0.102/0.104 secs] [Times: user=0.29 sys=0.01, real=0.10 secs] 
<writer thread='11779'/>
 (concurrent mode failure): 34176K-&gt;34175K(34176K), 0.1680661 secs] 49535K-&gt;37146K(49536K), [Metaspace: 61032K-&gt;61032K(1105920K)], 0.1682388 secs] [Times: user=0.15 sys=0.01, real=0.16 secs] 
[Full GC (Allocation Failure) [CMS: 34175K-&gt;34175K(34176K), 0.1864443 secs] 49531K-&gt;37219K(49536K), [Metaspace: 61032K-&gt;61032K(1105920K)], 0.1866577 secs] [Times: user=0.26 sys=0.00, real=0.19 secs] 
[GC (CMS Initial Mark) [1 CMS-initial-mark: 34175K(34176K)] 37302K(49536K), 0.0042694 secs] [Times: user=0.00 sys=0.00, real=0.00 secs] 
<writer thread='11267'/>
[CMS-concurrent-mark-start]
<writer thread='11779'/>
[Full GC (Allocation Failure) [CMS
<writer thread='11267'/>
[CMS-concurrent-mark: 0.075/0.077 secs] [Times: user=0.18 sys=0.01, real=0.08 secs] 
<writer thread='11779'/>
 (concurrent mode failure): 34175K-&gt;34176K(34176K), 0.1873491 secs] 49535K-&gt;37018K(49536K), [Metaspace: 61032K-&gt;61032K(1105920K)], 0.1875033 secs] [Times: user=0.17 sys=0.01, real=0.19 secs] 
[Full GC (Allocation Failure) [CMS: 34176K-&gt;34175K(34176K), 0.1689788 secs] 49529K-&gt;37221K(49536K), [Metaspace: 61032K-&gt;61032K(1105920K)], 0.1691388 secs] [Times: user=0.15 sys=0.00, real=0.17 secs] 
[GC (CMS Initial Mark) [1 CMS-initial-mark: 34175K(34176K)] 38211K(49536K), 0.0036071 secs] [Times: user=0.01 sys=0.00, real=0.01 secs] 
<writer thread='11267'/>
[CMS-concurrent-mark-start]
<writer thread='11779'/>
[Full GC (Allocation Failure) [CMS
<writer thread='11267'/>
[CMS-concurrent-mark: 0.088/0.093 secs] [Times: user=0.16 sys=0.01, real=0.09 secs] 
<writer thread='11779'/>
 (concurrent mode failure): 34175K-&gt;34175K(34176K), 0.4644375 secs] 49535K-&gt;37027K(49536K), [Metaspace: 61032K-&gt;61032K(1105920K)], 0.4653962 secs] [Times: user=0.37 sys=0.02, real=0.46 secs] 
[Full GC (Allocation Failure) [CMS: 34175K-&gt;34175K(34176K), 0.1676898 secs] 49535K-&gt;37107K(49536K), [Metaspace: 61032K-&gt;61032K(1105920K)], 0.1683749 secs] [Times: user=0.17 sys=0.01, real=0.17 secs] 
[GC (CMS Initial Mark) [1 CMS-initial-mark: 34175K(34176K)] 38655K(49536K), 0.0040358 secs] [Times: user=0.02 sys=0.00, real=0.00 secs] 
<writer thread='11267'/>
[CMS-concurrent-mark-start]
<writer thread='11779'/>
[Full GC (Allocation Failure) [CMS
<writer thread='11267'/>
[CMS-concurrent-mark: 0.104/0.106 secs] [Times: user=0.24 sys=0.02, real=0.11 secs] 
<writer thread='11779'/>
 (concurrent mode failure): 34175K-&gt;34175K(34176K), 0.1970740 secs] 49529K-&gt;37487K(49536K), [Metaspace: 61032K-&gt;61032K(1105920K)], 0.1972767 secs] [Times: user=0.17 sys=0.00, real=0.20 secs] 
[Full GC (Allocation Failure) [CMS: 34176K-&gt;34175K(34176K), 0.1875761 secs] 49535K-&gt;37015K(49536K), [Metaspace: 61032K-&gt;61032K(1105920K)], 0.1877621 secs] [Times: user=0.28 sys=0.01, real=0.19 secs] 
[GC (CMS Initial Mark) [1 CMS-initial-mark: 34175K(34176K)] 37510K(49536K), 0.0027586 secs] [Times: user=0.01 sys=0.00, real=0.00 secs] 
<writer thread='11267'/>
[CMS-concurrent-mark-start]
<writer thread='11779'/>
[Full GC (Allocation Failure) [CMS
<writer thread='11267'/>
[CMS-concurrent-mark: 0.075/0.078 secs] [Times: user=0.14 sys=0.01, real=0.08 secs] 
<writer thread='11779'/>
 (concurrent mode failure): 34175K-&gt;34175K(34176K), 0.1940526 secs] 49528K-&gt;37077K(49536K), [Metaspace: 61032K-&gt;61032K(1105920K)], 0.1942627 secs] [Times: user=0.17 sys=0.01, real=0.19 secs] 
[Full GC (Allocation Failure) [CMS: 34175K-&gt;34175K(34176K), 0.1791574 secs] 49534K-&gt;37061K(49536K), [Metaspace: 61033K-&gt;61033K(1105920K)], 0.1796705 secs] [Times: user=0.17 sys=0.00, real=0.18 secs] 
[Full GC (Allocation Failure) [CMS: 34175K-&gt;34175K(34176K), 0.1818338 secs] 49535K-&gt;37286K(49536K), [Metaspace: 61033K-&gt;61033K(1105920K)], 0.1821084 secs] [Times: user=0.16 sys=0.01, real=0.18 secs] 
[GC (CMS Initial Mark) [1 CMS-initial-mark: 34175K(34176K)] 42381K(49536K), 0.0042495 secs] [Times: user=0.01 sys=0.00, real=0.00 secs] 
<writer thread='11267'/>
[CMS-concurrent-mark-start]
<writer thread='11779'/>
[Full GC (Allocation Failure) [CMS
<writer thread='11267'/>
[CMS-concurrent-mark: 0.068/0.072 secs] [Times: user=0.13 sys=0.00, real=0.07 secs] 
<writer thread='11779'/>
 (concurrent mode failure): 34175K-&gt;34175K(34176K), 0.2038695 secs] 49525K-&gt;37183K(49536K), [Metaspace: 61033K-&gt;61033K(1105920K)], 0.2042756 secs] [Times: user=0.19 sys=0.01, real=0.21 secs] 
[Full GC (Allocation Failure) [CMS: 34175K-&gt;34175K(34176K), 0.1742795 secs] 49535K-&gt;37137K(49536K), [Metaspace: 61033K-&gt;61033K(1105920K)], 0.1745132 secs] [Times: user=0.19 sys=0.00, real=0.17 secs] 
[Full GC (Allocation Failure) [CMS: 34175K-&gt;34175K(34176K), 0.1676532 secs] 49535K-&gt;37063K(49536K), [Metaspace: 61033K-&gt;61033K(1105920K)], 0.1678403 secs] [Times: user=0.15 sys=0.01, real=0.16 secs] 
[GC (CMS Initial Mark) [1 CMS-initial-mark: 34175K(34176K)] 45291K(49536K), 0.0047242 secs] [Times: user=0.02 sys=0.00, real=0.01 secs] 
<writer thread='11267'/>
[CMS-concurrent-mark-start]
<writer thread='11779'/>
[Full GC (Allocation Failure) [CMS
<writer thread='11267'/>
[CMS-concurrent-mark: 0.075/0.077 secs] [Times: user=0.17 sys=0.01, real=0.07 secs] 
<writer thread='11779'/>
 (concurrent mode failure): 34175K-&gt;34175K(34176K), 0.2220885 secs] 49530K-&gt;37276K(49536K), [Metaspace: 61033K-&gt;61033K(1105920K)], 0.2223347 secs] [Times: user=0.28 sys=0.01, real=0.22 secs] 
[Full GC (Allocation Failure) [CMS: 34175K-&gt;34175K(34176K), 0.2224442 secs] 49535K-&gt;37159K(49536K), [Metaspace: 61033K-&gt;61033K(1105920K)], 0.2226227 secs] [Times: user=0.17 sys=0.00, real=0.23 secs] 
[GC (CMS Initial Mark) [1 CMS-initial-mark: 34175K(34176K)] 37725K(49536K), 0.0022917 secs] [Times: user=0.01 sys=0.00, real=0.00 secs] 
<writer thread='11267'/>
[CMS-concurrent-mark-start]
<writer thread='11779'/>
[Full GC (Allocation Failure) [CMS
<writer thread='11267'/>
[CMS-concurrent-mark: 0.144/0.147 secs] [Times: user=0.16 sys=0.00, real=0.14 secs] 
<writer thread='11779'/>
 (concurrent mode failure): 34175K-&gt;34175K(34176K), 0.4053366 secs] 49535K-&gt;37327K(49536K), [Metaspace: 61033K-&gt;61033K(1105920K)], 0.4055118 secs] [Times: user=0.33 sys=0.01, real=0.40 secs] 
[Full GC (Allocation Failure) [CMS: 34175K-&gt;34175K(34176K), 0.1523243 secs] 49535K-&gt;37325K(49536K), [Metaspace: 61033K-&gt;61033K(1105920K)], 0.1524670 secs] [Times: user=0.15 sys=0.01, real=0.15 secs] 
[Full GC (Allocation Failure) [CMS: 34175K-&gt;34175K(34176K), 0.1605864 secs] 49535K-&gt;37161K(49536K), [Metaspace: 61033K-&gt;61033K(1105920K)], 0.1607840 secs] [Times: user=0.15 sys=0.01, real=0.16 secs] 
[GC (CMS Initial Mark) [1 CMS-initial-mark: 34175K(34176K)] 37282K(49536K), 0.0034972 secs] [Times: user=0.01 sys=0.00, real=0.01 secs] 
<writer thread='11267'/>
[CMS-concurrent-mark-start]
<writer thread='11779'/>
[Full GC (Allocation Failure) [CMS
<writer thread='11267'/>
[CMS-concurrent-mark: 0.100/0.104 secs] [Times: user=0.24 sys=0.01, real=0.10 secs] 
<writer thread='11779'/>
 (concurrent mode failure): 34175K-&gt;34175K(34176K), 0.2137850 secs] 49535K-&gt;37197K(49536K), [Metaspace: 61033K-&gt;61033K(1105920K)], 0.2144127 secs] [Times: user=0.20 sys=0.01, real=0.22 secs] 
[Full GC (Allocation Failure) [CMS: 34175K-&gt;34175K(34176K), 0.1834509 secs] 49528K-&gt;37115K(49536K), [Metaspace: 61033K-&gt;61033K(1105920K)], 0.1838930 secs] [Times: user=0.30 sys=0.00, real=0.19 secs] 
[GC (CMS Initial Mark) [1 CMS-initial-mark: 34175K(34176K)] 47871K(49536K), 0.0044931 secs] [Times: user=0.01 sys=0.00, real=0.00 secs] 
<writer thread='11267'/>
[CMS-concurrent-mark-start]
<writer thread='11779'/>
[Full GC (Allocation Failure) [CMS
<writer thread='11267'/>
[CMS-concurrent-mark: 0.059/0.061 secs] [Times: user=0.11 sys=0.00, real=0.07 secs] 
<writer thread='11779'/>
 (concurrent mode failure): 34175K-&gt;34175K(34176K), 0.1904463 secs] 49535K-&gt;37400K(49536K), [Metaspace: 61033K-&gt;61033K(1105920K)], 0.1906340 secs] [Times: user=0.18 sys=0.00, real=0.19 secs] 
[Full GC (Allocation Failure) [CMS: 34175K-&gt;34175K(34176K), 0.1532022 secs] 49535K-&gt;37042K(49536K), [Metaspace: 61033K-&gt;61033K(1105920K)], 0.1533789 secs] [Times: user=0.17 sys=0.00, real=0.16 secs] 
[GC (CMS Initial Mark) [1 CMS-initial-mark: 34175K(34176K)] 37525K(49536K), 0.0026179 secs] [Times: user=0.01 sys=0.00, real=0.00 secs] 
<writer thread='11267'/>
[CMS-concurrent-mark-start]
<writer thread='11779'/>
[Full GC (Allocation Failure) [CMS
<writer thread='11267'/>
[CMS-concurrent-mark: 0.085/0.087 secs] [Times: user=0.15 sys=0.02, real=0.09 secs] 
<writer thread='11779'/>
 (concurrent mode failure): 34175K-&gt;34175K(34176K), 0.2092088 secs] 49525K-&gt;37191K(49536K), [Metaspace: 61033K-&gt;61033K(1105920K)], 0.2094081 secs] [Times: user=0.20 sys=0.01, real=0.21 secs] 
[Full GC (Allocation Failure) [CMS: 34175K-&gt;34176K(34176K), 0.1588378 secs] 49530K-&gt;37125K(49536K), [Metaspace: 61033K-&gt;61033K(1105920K)], 0.1590453 secs] [Times: user=0.15 sys=0.00, real=0.16 secs] 
[GC (CMS Initial Mark) [1 CMS-initial-mark: 34176K(34176K)] 45142K(49536K), 0.0122567 secs] [Times: user=0.03 sys=0.00, real=0.01 secs] 
<writer thread='11267'/>
[CMS-concurrent-mark-start]
<writer thread='11779'/>
[Full GC (Allocation Failure) [CMS
<writer thread='11267'/>
[CMS-concurrent-mark: 0.056/0.059 secs] [Times: user=0.07 sys=0.00, real=0.06 secs] 
<writer thread='11779'/>
 (concurrent mode failure): 34176K-&gt;34175K(34176K), 0.2063087 secs] 49528K-&gt;37152K(49536K), [Metaspace: 61033K-&gt;61033K(1105920K)], 0.2068081 secs] [Times: user=0.21 sys=0.00, real=0.20 secs] 
[Full GC (Allocation Failure) [CMS: 34175K-&gt;34174K(34176K), 0.1530768 secs] 49531K-&gt;37060K(49536K), [Metaspace: 61033K-&gt;61033K(1105920K)], 0.1535080 secs] [Times: user=0.16 sys=0.00, real=0.16 secs] 
[GC (CMS Initial Mark) [1 CMS-initial-mark: 34174K(34176K)] 37384K(49536K), 0.0027821 secs] [Times: user=0.01 sys=0.00, real=0.00 secs] 
<writer thread='11267'/>
[CMS-concurrent-mark-start]
<writer thread='11779'/>
[Full GC (Allocation Failure) [CMS
<writer thread='11267'/>
[CMS-concurrent-mark: 0.064/0.067 secs] [Times: user=0.14 sys=0.01, real=0.07 secs] 
<writer thread='11779'/>
 (concurrent mode failure): 34174K-&gt;34173K(34176K), 0.1771781 secs] 49532K-&gt;37198K(49536K), [Metaspace: 61033K-&gt;61033K(1105920K)], 0.1777372 secs] [Times: user=0.18 sys=0.00, real=0.17 secs] 
[Full GC (Allocation Failure) [CMS: 34176K-&gt;34175K(34176K), 0.2559305 secs] 49536K-&gt;37188K(49536K), [Metaspace: 61033K-&gt;61033K(1105920K)], 0.2560969 secs] [Times: user=0.21 sys=0.00, real=0.26 secs] 
[GC (CMS Initial Mark) [1 CMS-initial-mark: 34175K(34176K)] 39123K(49536K), 0.0037515 secs] [Times: user=0.01 sys=0.00, real=0.01 secs] 
<writer thread='11267'/>
[CMS-concurrent-mark-start]
<writer thread='11779'/>
[Full GC (Allocation Failure) [CMS
<writer thread='11267'/>
[CMS-concurrent-mark: 0.086/0.092 secs] [Times: user=0.23 sys=0.02, real=0.09 secs] 
<writer thread='11779'/>
 (concurrent mode failure): 34175K-&gt;34171K(34176K), 0.2468050 secs] 49525K-&gt;37326K(49536K), [Metaspace: 61033K-&gt;61033K(1105920K)], 0.2478363 secs] [Times: user=0.21 sys=0.00, real=0.25 secs] 
[Full GC (Allocation Failure) [CMS: 34174K-&gt;34172K(34176K), 0.1527383 secs] 49534K-&gt;37128K(49536K), [Metaspace: 61033K-&gt;61033K(1105920K)], 0.1529336 secs] [Times: user=0.14 sys=0.00, real=0.16 secs] 
[GC (CMS Initial Mark) [1 CMS-initial-mark: 34172K(34176K)] 37183K(49536K), 0.0030485 secs] [Times: user=0.00 sys=0.00, real=0.00 secs] 
<writer thread='11267'/>
[CMS-concurrent-mark-start]
<writer thread='11779'/>
[Full GC (Allocation Failure) [CMS
<writer thread='11267'/>
[CMS-concurrent-mark: 0.082/0.084 secs] [Times: user=0.26 sys=0.02, real=0.09 secs] 
<writer thread='11779'/>
 (concurrent mode failure): 34174K-&gt;34170K(34176K), 0.1625447 secs] 49534K-&gt;37206K(49536K), [Metaspace: 61037K-&gt;61037K(1105920K)], 0.1627096 secs] [Times: user=0.18 sys=0.00, real=0.16 secs] 
[Full GC (Allocation Failure) [CMS: 34170K-&gt;34168K(34176K), 0.1506235 secs] 49526K-&gt;37167K(49536K), [Metaspace: 61037K-&gt;61037K(1105920K)], 0.1507708 secs] [Times: user=0.15 sys=0.00, real=0.15 secs] 
[GC (CMS Initial Mark) [1 CMS-initial-mark: 34168K(34176K)] 37338K(49536K), 0.0026013 secs] [Times: user=0.00 sys=0.00, real=0.01 secs] 
<writer thread='11267'/>
[CMS-concurrent-mark-start]
<writer thread='11779'/>
[Full GC (Allocation Failure) [CMS
<writer thread='11267'/>
[CMS-concurrent-mark: 0.063/0.068 secs] [Times: user=0.14 sys=0.01, real=0.07 secs] 
<writer thread='11779'/>
 (concurrent mode failure): 34168K-&gt;34175K(34176K), 0.1881241 secs] 49522K-&gt;37333K(49536K), [Metaspace: 61037K-&gt;61037K(1105920K)], 0.1882975 secs] [Times: user=0.18 sys=0.00, real=0.19 secs] 
[Full GC (Allocation Failure) [CMS: 34175K-&gt;34175K(34176K), 0.1717693 secs] 49535K-&gt;37156K(49536K), [Metaspace: 61037K-&gt;61037K(1105920K)], 0.1720913 secs] [Times: user=0.17 sys=0.00, real=0.18 secs] 
[GC (CMS Initial Mark) [1 CMS-initial-mark: 34175K(34176K)] 38159K(49536K), 0.0041820 secs] [Times: user=0.01 sys=0.00, real=0.00 secs] 
<writer thread='11267'/>
[CMS-concurrent-mark-start]
<writer thread='11779'/>
[Full GC (Allocation Failure) [CMS
<writer thread='11267'/>
[CMS-concurrent-mark: 0.093/0.095 secs] [Times: user=0.21 sys=0.01, real=0.10 secs] 
<writer thread='11779'/>
 (concurrent mode failure): 34175K-&gt;34175K(34176K), 0.2121813 secs] 49535K-&gt;37155K(49536K), [Metaspace: 61037K-&gt;61037K(1105920K)], 0.2123890 secs] [Times: user=0.19 sys=0.01, real=0.21 secs] 
[Full GC (Allocation Failure) [CMS: 34175K-&gt;34174K(34176K), 0.1707193 secs] 49534K-&gt;37204K(49536K), [Metaspace: 61037K-&gt;61037K(1105920K)], 0.1708921 secs] [Times: user=0.17 sys=0.01, real=0.17 secs] 
[GC (CMS Initial Mark) [1 CMS-initial-mark: 34174K(34176K)] 37601K(49536K), 0.0027559 secs] [Times: user=0.01 sys=0.00, real=0.00 secs] 
<writer thread='11267'/>
[CMS-concurrent-mark-start]
<writer thread='11779'/>
[Full GC (Allocation Failure) [CMS
<writer thread='11267'/>
[CMS-concurrent-mark: 0.067/0.069 secs] [Times: user=0.12 sys=0.01, real=0.07 secs] 
<writer thread='11779'/>
 (concurrent mode failure): 34175K-&gt;34174K(34176K), 0.3528002 secs] 49535K-&gt;37166K(49536K), [Metaspace: 61037K-&gt;61037K(1105920K)], 0.3529998 secs] [Times: user=0.24 sys=0.00, real=0.35 secs] 
[Full GC (Allocation Failure) [CMS: 34175K-&gt;34174K(34176K), 0.1824320 secs] 49535K-&gt;37201K(49536K), [Metaspace: 61037K-&gt;61037K(1105920K)], 0.1825984 secs] [Times: user=0.17 sys=0.01, real=0.18 secs] 
[GC (CMS Initial Mark) [1 CMS-initial-mark: 34174K(34176K)] 37962K(49536K), 0.0029087 secs] [Times: user=0.00 sys=0.00, real=0.00 secs] 
<writer thread='11267'/>
[CMS-concurrent-mark-start]
<writer thread='11779'/>
[Full GC (Allocation Failure) [CMS
<writer thread='11267'/>
[CMS-concurrent-mark: 0.082/0.085 secs] [Times: user=0.26 sys=0.01, real=0.08 secs] 
<writer thread='11779'/>
 (concurrent mode failure): 34174K-&gt;34173K(34176K), 0.2137294 secs] 49533K-&gt;37064K(49536K), [Metaspace: 61037K-&gt;61037K(1105920K)], 0.2139170 secs] [Times: user=0.21 sys=0.00, real=0.21 secs] 
[Full GC (Allocation Failure) [CMS: 34175K-&gt;34172K(34176K), 0.3824617 secs] 49535K-&gt;37098K(49536K), [Metaspace: 61037K-&gt;61037K(1105920K)], 0.3826548 secs] [Times: user=0.35 sys=0.01, real=0.38 secs] 
[GC (CMS Initial Mark) [1 CMS-initial-mark: 34172K(34176K)] 41386K(49536K), 0.0046435 secs] [Times: user=0.01 sys=0.00, real=0.01 secs] 
<writer thread='11267'/>
[CMS-concurrent-mark-start]
<writer thread='11779'/>
[Full GC (Allocation Failure) [CMS
<writer thread='11267'/>
[CMS-concurrent-mark: 0.083/0.092 secs] [Times: user=0.20 sys=0.01, real=0.09 secs] 
<writer thread='11779'/>
 (concurrent mode failure): 34176K-&gt;34172K(34176K), 0.2790745 secs] 49535K-&gt;37120K(49536K), [Metaspace: 61037K-&gt;61037K(1105920K)], 0.2813272 secs] [Times: user=0.27 sys=0.01, real=0.28 secs] 
[Full GC (Allocation Failure) [CMS: 34175K-&gt;34174K(34176K), 0.2217610 secs] 49535K-&gt;37329K(49536K), [Metaspace: 61037K-&gt;61037K(1105920K)], 0.2220253 secs] [Times: user=0.21 sys=0.00, real=0.23 secs] 
[GC (CMS Initial Mark) [1 CMS-initial-mark: 34174K(34176K)] 37439K(49536K), 0.0030814 secs] [Times: user=0.01 sys=0.00, real=0.00 secs] 
<writer thread='11267'/>
[CMS-concurrent-mark-start]
<writer thread='11779'/>
[Full GC (Allocation Failure) [CMS
<writer thread='11267'/>
[CMS-concurrent-mark: 0.118/0.121 secs] [Times: user=0.17 sys=0.02, real=0.12 secs] 
<writer thread='11779'/>
 (concurrent mode failure): 34175K-&gt;34172K(34176K), 0.2626908 secs] 49535K-&gt;37130K(49536K), [Metaspace: 61037K-&gt;61037K(1105920K)], 0.2628769 secs] [Times: user=0.22 sys=0.00, real=0.27 secs] 
[Full GC (Allocation Failure) [CMS: 34172K-&gt;34170K(34176K), 0.1712062 secs] 49532K-&gt;37159K(49536K), [Metaspace: 61037K-&gt;61037K(1105920K)], 0.1715825 secs] [Times: user=0.16 sys=0.01, real=0.17 secs] 
[GC (CMS Initial Mark) [1 CMS-initial-mark: 34170K(34176K)] 49384K(49536K), 0.0118425 secs] [Times: user=0.03 sys=0.00, real=0.01 secs] 
<writer thread='11267'/>
[CMS-concurrent-mark-start]
<writer thread='11779'/>
[Full GC (Allocation Failure) [CMS
<writer thread='11267'/>
[CMS-concurrent-mark: 0.079/0.082 secs] [Times: user=0.10 sys=0.01, real=0.08 secs] 
<writer thread='11779'/>
 (concurrent mode failure): 34170K-&gt;34169K(34176K), 0.2230298 secs] 49526K-&gt;37136K(49536K), [Metaspace: 61037K-&gt;61037K(1105920K)], 0.2232145 secs] [Times: user=0.20 sys=0.01, real=0.22 secs] 
[Full GC (Allocation Failure) [CMS: 34169K-&gt;34168K(34176K), 0.1595744 secs] 49524K-&gt;37357K(49536K), [Metaspace: 61038K-&gt;61038K(1105920K)], 0.1597165 secs] [Times: user=0.15 sys=0.00, real=0.16 secs] 
[GC (CMS Initial Mark) [1 CMS-initial-mark: 34168K(34176K)] 39832K(49536K), 0.0031425 secs] [Times: user=0.00 sys=0.00, real=0.00 secs] 
<writer thread='11267'/>
[CMS-concurrent-mark-start]
<writer thread='11779'/>
[Full GC (Allocation Failure) [CMS
<writer thread='11267'/>
[CMS-concurrent-mark: 0.075/0.077 secs] [Times: user=0.12 sys=0.01, real=0.08 secs] 
<writer thread='11779'/>
 (concurrent mode failure): 34168K-&gt;34167K(34176K), 0.2050655 secs] 49526K-&gt;37147K(49536K), [Metaspace: 61038K-&gt;61038K(1105920K)], 0.2052192 secs] [Times: user=0.20 sys=0.00, real=0.21 secs] 
[Full GC (Allocation Failure) [CMS: 34175K-&gt;34174K(34176K), 0.1440461 secs] 49534K-&gt;37126K(49536K), [Metaspace: 61038K-&gt;61038K(1105920K)], 0.1445934 secs] [Times: user=0.14 sys=0.00, real=0.15 secs] 
[GC (CMS Initial Mark) [1 CMS-initial-mark: 34174K(34176K)] 37174K(49536K), 0.0025803 secs] [Times: user=0.01 sys=0.00, real=0.00 secs] 
<writer thread='11267'/>
[CMS-concurrent-mark-start]
<writer thread='11779'/>
[Full GC (Allocation Failure) [CMS
<writer thread='11267'/>
[CMS-concurrent-mark: 0.074/0.079 secs] [Times: user=0.15 sys=0.01, real=0.08 secs] 
<writer thread='11779'/>
 (concurrent mode failure): 34175K-&gt;34167K(34176K), 0.1972052 secs] 49535K-&gt;37152K(49536K), [Metaspace: 61038K-&gt;61038K(1105920K)], 0.1973989 secs] [Times: user=0.19 sys=0.00, real=0.20 secs] 
[Full GC (Allocation Failure) [CMS: 34175K-&gt;34173K(34176K), 0.1441088 secs] 49534K-&gt;37078K(49536K), [Metaspace: 61038K-&gt;61038K(1105920K)], 0.1443066 secs] [Times: user=0.28 sys=0.01, real=0.15 secs] 
[GC (CMS Initial Mark) [1 CMS-initial-mark: 34173K(34176K)] 38819K(49536K), 0.0025374 secs] [Times: user=0.00 sys=0.00, real=0.00 secs] 
<writer thread='11267'/>
[CMS-concurrent-mark-start]
<writer thread='11779'/>
[Full GC (Allocation Failure) [CMS
<writer thread='11267'/>
[CMS-concurrent-mark: 0.068/0.070 secs] [Times: user=0.18 sys=0.01, real=0.07 secs] 
<writer thread='11779'/>
 (concurrent mode failure): 34175K-&gt;34174K(34176K), 0.1763125 secs] 49535K-&gt;37209K(49536K), [Metaspace: 61038K-&gt;61038K(1105920K)], 0.1765011 secs] [Times: user=0.18 sys=0.00, real=0.18 secs] 
[Full GC (Allocation Failure) [CMS: 34174K-&gt;34165K(34176K), 0.1551920 secs] 49531K-&gt;37161K(49536K), [Metaspace: 61038K-&gt;61038K(1105920K)], 0.1553633 secs] [Times: user=0.15 sys=0.00, real=0.15 secs] 
[GC (CMS Initial Mark) [1 CMS-initial-mark: 34165K(34176K)] 37240K(49536K), 0.0028249 secs] [Times: user=0.01 sys=0.00, real=0.01 secs] 
<writer thread='11267'/>
[CMS-concurrent-mark-start]
<writer thread='11779'/>
[Full GC (Allocation Failure) [CMS
<writer thread='11267'/>
[CMS-concurrent-mark: 0.064/0.068 secs] [Times: user=0.13 sys=0.01, real=0.06 secs] 
<writer thread='11779'/>
 (concurrent mode failure): 34168K-&gt;34167K(34176K), 0.1946286 secs] 49528K-&gt;37517K(49536K), [Metaspace: 61038K-&gt;61038K(1105920K)], 0.1947780 secs] [Times: user=0.19 sys=0.00, real=0.19 secs] 
[Full GC (Allocation Failure) [CMS: 34175K-&gt;34164K(34176K), 0.1585245 secs] 49534K-&gt;37128K(49536K), [Metaspace: 61045K-&gt;61045K(1105920K)], 0.1587304 secs] [Times: user=0.31 sys=0.00, real=0.16 secs] 
[GC (CMS Initial Mark) [1 CMS-initial-mark: 34164K(34176K)] 40540K(49536K), 0.0046196 secs] [Times: user=0.01 sys=0.00, real=0.01 secs] 
<writer thread='11267'/>
[CMS-concurrent-mark-start]
<writer thread='11779'/>
[Full GC (Allocation Failure) [CMS
<writer thread='11267'/>
[CMS-concurrent-mark: 0.083/0.088 secs] [Times: user=0.19 sys=0.01, real=0.09 secs] 
<writer thread='11779'/>
 (concurrent mode failure): 34175K-&gt;34162K(34176K), 0.2019166 secs] 49535K-&gt;37206K(49536K), [Metaspace: 61045K-&gt;61045K(1105920K)], 0.2021567 secs] [Times: user=0.38 sys=0.00, real=0.20 secs] 
[Full GC (Allocation Failure) [CMS: 34170K-&gt;34168K(34176K), 0.1508023 secs] 49526K-&gt;37272K(49536K), [Metaspace: 61046K-&gt;61046K(1105920K)], 0.1509664 secs] [Times: user=0.15 sys=0.00, real=0.15 secs] 
[GC (CMS Initial Mark) [1 CMS-initial-mark: 34168K(34176K)] 45008K(49536K), 0.0039005 secs] [Times: user=0.01 sys=0.00, real=0.00 secs] 
<writer thread='11267'/>
[CMS-concurrent-mark-start]
<writer thread='11779'/>
[Full GC (Allocation Failure) [CMS
<writer thread='11267'/>
[CMS-concurrent-mark: 0.060/0.062 secs] [Times: user=0.09 sys=0.00, real=0.06 secs] 
<writer thread='11779'/>
 (concurrent mode failure): 34175K-&gt;34173K(34176K), 0.2205353 secs] 49535K-&gt;37349K(49536K), [Metaspace: 61046K-&gt;61046K(1105920K)], 0.2207018 secs] [Times: user=0.22 sys=0.00, real=0.22 secs] 
[Full GC (Allocation Failure) [CMS: 34173K-&gt;34162K(34176K), 0.1775691 secs] 49530K-&gt;37208K(49536K), [Metaspace: 61046K-&gt;61046K(1105920K)], 0.1784332 secs] [Times: user=0.37 sys=0.00, real=0.18 secs] 
[GC (CMS Initial Mark) [1 CMS-initial-mark: 34162K(34176K)] 47858K(49536K), 0.0081390 secs] [Times: user=0.02 sys=0.01, real=0.01 secs] 
<writer thread='11267'/>
[CMS-concurrent-mark-start]
<writer thread='11779'/>
[Full GC (Allocation Failure) [CMS
<writer thread='11267'/>
[CMS-concurrent-mark: 0.087/0.090 secs] [Times: user=0.20 sys=0.00, real=0.09 secs] 
<writer thread='11779'/>
 (concurrent mode failure): 34172K-&gt;34164K(34176K), 0.2285556 secs] 49532K-&gt;37208K(49536K), [Metaspace: 61046K-&gt;61046K(1105920K)], 0.2290393 secs] [Times: user=0.44 sys=0.00, real=0.23 secs] 
[Full GC (Allocation Failure) [CMS: 34175K-&gt;34164K(34176K), 0.2199081 secs] 49535K-&gt;37198K(49536K), [Metaspace: 61046K-&gt;61046K(1105920K)], 0.2201313 secs] [Times: user=0.37 sys=0.01, real=0.22 secs] 
[GC (CMS Initial Mark) [1 CMS-initial-mark: 34164K(34176K)] 37243K(49536K), 0.0047476 secs] [Times: user=0.02 sys=0.00, real=0.00 secs] 
<writer thread='11267'/>
[CMS-concurrent-mark-start]
<writer thread='11779'/>
[Full GC (Allocation Failure) [CMS
<writer thread='11267'/>
[CMS-concurrent-mark: 0.088/0.093 secs] [Times: user=0.19 sys=0.01, real=0.10 secs] 
<writer thread='11779'/>
 (concurrent mode failure): 34172K-&gt;34175K(34176K), 0.2145249 secs] 49526K-&gt;37288K(49536K), [Metaspace: 61046K-&gt;61046K(1105920K)], 0.2150583 secs] [Times: user=0.32 sys=0.00, real=0.22 secs] 
[Full GC (Allocation Failure) [CMS: 34175K-&gt;34175K(34176K), 0.7604377 secs] 49535K-&gt;37316K(49536K), [Metaspace: 61046K-&gt;61046K(1105920K)], 0.7647672 secs] [Times: user=0.72 sys=0.03, real=0.76 secs] 
[GC (CMS Initial Mark) [1 CMS-initial-mark: 34175K(34176K)] 39789K(49536K), 0.0059579 secs] [Times: user=0.02 sys=0.00, real=0.00 secs] 
<writer thread='11267'/>
[CMS-concurrent-mark-start]
<writer thread='11779'/>
[Full GC (Allocation Failure) [CMS
<writer thread='11267'/>
[CMS-concurrent-mark: 0.136/0.224 secs] [Times: user=0.32 sys=0.02, real=0.23 secs] 
<writer thread='11779'/>
 (concurrent mode failure): 34175K-&gt;34175K(34176K), 0.2951088 secs] 49527K-&gt;37188K(49536K), [Metaspace: 61046K-&gt;61046K(1105920K)], 0.2962914 secs] [Times: user=0.35 sys=0.01, real=0.30 secs] 
[Full GC (Allocation Failure) [CMS: 34175K-&gt;34175K(34176K), 0.1637557 secs] 49535K-&gt;37254K(49536K), [Metaspace: 61046K-&gt;61046K(1105920K)], 0.1639620 secs] [Times: user=0.16 sys=0.00, real=0.16 secs] 
[GC (CMS Initial Mark) [1 CMS-initial-mark: 34175K(34176K)] 39838K(49536K), 0.0029977 secs] [Times: user=0.01 sys=0.00, real=0.01 secs] 
<writer thread='11267'/>
[CMS-concurrent-mark-start]
<writer thread='11779'/>
[Full GC (Allocation Failure) [CMS
<writer thread='11267'/>
[CMS-concurrent-mark: 0.066/0.069 secs] [Times: user=0.11 sys=0.01, real=0.07 secs] 
<writer thread='11779'/>
 (concurrent mode failure): 34175K-&gt;34175K(34176K), 0.2105185 secs] 49535K-&gt;37301K(49536K), [Metaspace: 61046K-&gt;61046K(1105920K)], 0.2107305 secs] [Times: user=0.20 sys=0.01, real=0.21 secs] 
[Full GC (Allocation Failure) [CMS: 34175K-&gt;34175K(34176K), 0.3313412 secs] 49528K-&gt;37198K(49536K), [Metaspace: 61046K-&gt;61046K(1105920K)], 0.3316057 secs] [Times: user=0.28 sys=0.01, real=0.34 secs] 
[GC (CMS Initial Mark) [1 CMS-initial-mark: 34175K(34176K)] 37303K(49536K), 0.0025182 secs] [Times: user=0.01 sys=0.00, real=0.00 secs] 
<writer thread='11267'/>
[CMS-concurrent-mark-start]
<writer thread='11779'/>
[Full GC (Allocation Failure) [CMS
<writer thread='11267'/>
[CMS-concurrent-mark: 0.077/0.079 secs] [Times: user=0.19 sys=0.01, real=0.08 secs] 
<writer thread='11779'/>
 (concurrent mode failure): 34175K-&gt;34175K(34176K), 0.1663569 secs] 49531K-&gt;37290K(49536K), [Metaspace: 61046K-&gt;61046K(1105920K)], 0.1665055 secs] [Times: user=0.16 sys=0.00, real=0.17 secs] 
[Full GC (Allocation Failure) [CMS: 34175K-&gt;34175K(34176K), 0.2894898 secs] 49528K-&gt;37221K(49536K), [Metaspace: 61046K-&gt;61046K(1105920K)], 0.2899933 secs] [Times: user=0.27 sys=0.01, real=0.29 secs] 
[GC (CMS Initial Mark) [1 CMS-initial-mark: 34175K(34176K)] 37699K(49536K), 0.0062192 secs] [Times: user=0.02 sys=0.00, real=0.01 secs] 
<writer thread='11267'/>
[CMS-concurrent-mark-start]
<writer thread='11779'/>
[Full GC (Allocation Failure) [CMS
<writer thread='11267'/>
[CMS-concurrent-mark: 0.156/0.159 secs] [Times: user=0.21 sys=0.02, real=0.16 secs] 
<writer thread='11779'/>
 (concurrent mode failure): 34175K-&gt;34175K(34176K), 0.2684566 secs] 49535K-&gt;37182K(49536K), [Metaspace: 61049K-&gt;61049K(1105920K)], 0.2686561 secs] [Times: user=0.25 sys=0.00, real=0.27 secs] 
[Full GC (Allocation Failure) [CMS: 34175K-&gt;34175K(34176K), 0.1567694 secs] 49535K-&gt;37192K(49536K), [Metaspace: 61049K-&gt;61049K(1105920K)], 0.1569780 secs] [Times: user=0.19 sys=0.00, real=0.16 secs] 
[Full GC (Allocation Failure) [CMS: 34175K-&gt;34175K(34176K), 0.1604034 secs] 49535K-&gt;37085K(49536K), [Metaspace: 61049K-&gt;61049K(1105920K)], 0.1605827 secs] [Times: user=0.15 sys=0.00, real=0.16 secs] 
[GC (CMS Initial Mark) [1 CMS-initial-mark: 34175K(34176K)] 37419K(49536K), 0.0030437 secs] [Times: user=0.01 sys=0.00, real=0.01 secs] 
<writer thread='11267'/>
[CMS-concurrent-mark-start]
<writer thread='11779'/>
[Full GC (Allocation Failure) [CMS
<writer thread='11267'/>
[CMS-concurrent-mark: 0.074/0.077 secs] [Times: user=0.13 sys=0.01, real=0.07 secs] 
<writer thread='11779'/>
 (concurrent mode failure): 34175K-&gt;34175K(34176K), 0.2115011 secs] 49530K-&gt;37484K(49536K), [Metaspace: 61049K-&gt;61049K(1105920K)], 0.2117160 secs] [Times: user=0.20 sys=0.00, real=0.21 secs] 
[Full GC (Allocation Failure) [CMS: 34175K-&gt;34175K(34176K), 0.1615387 secs] 49535K-&gt;37405K(49536K), [Metaspace: 61049K-&gt;61049K(1105920K)], 0.1617147 secs] [Times: user=0.15 sys=0.00, real=0.17 secs] 
[GC (CMS Initial Mark) [1 CMS-initial-mark: 34175K(34176K)] 37595K(49536K), 0.0030771 secs] [Times: user=0.01 sys=0.00, real=0.00 secs] 
<writer thread='11267'/>
[CMS-concurrent-mark-start]
<writer thread='11779'/>
[Full GC (Allocation Failure) [CMS
<writer thread='11267'/>
[CMS-concurrent-mark: 0.079/0.085 secs] [Times: user=0.13 sys=0.01, real=0.09 secs] 
<writer thread='11779'/>
 (concurrent mode failure): 34175K-&gt;34176K(34176K), 0.6033883 secs] 49535K-&gt;37149K(49536K), [Metaspace: 61049K-&gt;61049K(1105920K)], 0.6035987 secs] [Times: user=0.31 sys=0.01, real=0.60 secs] 
[Full GC (Allocation Failure) [CMS: 34176K-&gt;34176K(34176K), 0.2865435 secs] 49535K-&gt;37323K(49536K), [Metaspace: 61049K-&gt;61049K(1105920K)], 0.2867691 secs] [Times: user=0.20 sys=0.01, real=0.29 secs] 
[GC (CMS Initial Mark) [1 CMS-initial-mark: 34176K(34176K)] 37489K(49536K), 0.0030508 secs] [Times: user=0.01 sys=0.00, real=0.01 secs] 
<writer thread='11267'/>
[CMS-concurrent-mark-start]
<writer thread='11779'/>
[Full GC (Allocation Failure) [CMS
<writer thread='11267'/>
[CMS-concurrent-mark: 0.086/0.100 secs] [Times: user=0.14 sys=0.01, real=0.10 secs] 
<writer thread='11779'/>
 (concurrent mode failure): 34176K-&gt;34175K(34176K), 0.3584394 secs] 49535K-&gt;37301K(49536K), [Metaspace: 61049K-&gt;61049K(1105920K)], 0.3590762 secs] [Times: user=0.26 sys=0.01, real=0.35 secs] 
[Full GC (Allocation Failure) [CMS: 34175K-&gt;34175K(34176K), 0.2889493 secs] 49530K-&gt;37342K(49536K), [Metaspace: 61049K-&gt;61049K(1105920K)], 0.2891543 secs] [Times: user=0.20 sys=0.01, real=0.29 secs] 
[GC (CMS Initial Mark) [1 CMS-initial-mark: 34175K(34176K)] 39214K(49536K), 0.0034236 secs] [Times: user=0.01 sys=0.00, real=0.01 secs] 
<writer thread='11267'/>
[CMS-concurrent-mark-start]
<writer thread='11779'/>
[Full GC (Allocation Failure) [CMS
<writer thread='11267'/>
[CMS-concurrent-mark: 0.077/0.082 secs] [Times: user=0.16 sys=0.01, real=0.08 secs] 
<writer thread='11779'/>
 (concurrent mode failure): 34175K-&gt;34175K(34176K), 0.2960347 secs] 49534K-&gt;37141K(49536K), [Metaspace: 61049K-&gt;61049K(1105920K)], 0.2962643 secs] [Times: user=0.22 sys=0.01, real=0.30 secs] 
[Full GC (Allocation Failure) [CMS: 34175K-&gt;34175K(34176K), 0.1958368 secs] 49535K-&gt;37328K(49536K), [Metaspace: 61049K-&gt;61049K(1105920K)], 0.1960439 secs] [Times: user=0.17 sys=0.01, real=0.20 secs] 
[GC (CMS Initial Mark) [1 CMS-initial-mark: 34175K(34176K)] 38670K(49536K), 0.0027629 secs] [Times: user=0.00 sys=0.00, real=0.01 secs] 
<writer thread='11267'/>
[CMS-concurrent-mark-start]
<writer thread='11779'/>
[Full GC (Allocation Failure) [CMS
<writer thread='11267'/>
[CMS-concurrent-mark: 0.071/0.073 secs] [Times: user=0.12 sys=0.01, real=0.07 secs] 
<writer thread='11779'/>
 (concurrent mode failure): 34175K-&gt;34175K(34176K), 0.2158302 secs] 49535K-&gt;37283K(49536K), [Metaspace: 61049K-&gt;61049K(1105920K)], 0.2160265 secs] [Times: user=0.20 sys=0.00, real=0.22 secs] 
[Full GC (Allocation Failure) [CMS: 34176K-&gt;34175K(34176K), 0.2086835 secs] 49535K-&gt;37208K(49536K), [Metaspace: 61049K-&gt;61049K(1105920K)], 0.2094832 secs] [Times: user=0.17 sys=0.01, real=0.21 secs] 
[GC (CMS Initial Mark) [1 CMS-initial-mark: 34175K(34176K)] 47871K(49536K), 0.0228340 secs] [Times: user=0.04 sys=0.00, real=0.03 secs] 
<writer thread='11267'/>
[CMS-concurrent-mark-start]
<writer thread='11779'/>
[Full GC (Allocation Failure) [CMS
<writer thread='11267'/>
[CMS-concurrent-mark: 0.087/0.092 secs] [Times: user=0.18 sys=0.00, real=0.09 secs] 
<writer thread='11779'/>
 (concurrent mode failure): 34175K-&gt;34175K(34176K), 0.2902656 secs] 49535K-&gt;37139K(49536K), [Metaspace: 61052K-&gt;61052K(1105920K)], 0.2922534 secs] [Times: user=0.34 sys=0.01, real=0.29 secs] 
[Full GC (Allocation Failure) [CMS: 34175K-&gt;34175K(34176K), 0.1803158 secs] 49535K-&gt;37402K(49536K), [Metaspace: 61052K-&gt;61052K(1105920K)], 0.1805251 secs] [Times: user=0.17 sys=0.00, real=0.18 secs] 
[GC (CMS Initial Mark) [1 CMS-initial-mark: 34175K(34176K)] 42280K(49536K), 0.0052518 secs] [Times: user=0.01 sys=0.00, real=0.00 secs] 
<writer thread='11267'/>
[CMS-concurrent-mark-start]
<writer thread='11779'/>
[Full GC (Allocation Failure) [CMS
<writer thread='11267'/>
[CMS-concurrent-mark: 0.079/0.081 secs] [Times: user=0.11 sys=0.01, real=0.08 secs] 
<writer thread='11779'/>
 (concurrent mode failure): 34175K-&gt;34173K(34176K), 0.2354445 secs] 49535K-&gt;37130K(49536K), [Metaspace: 61052K-&gt;61052K(1105920K)], 0.2356277 secs] [Times: user=0.21 sys=0.01, real=0.24 secs] 
[Full GC (Allocation Failure) [CMS: 34175K-&gt;34174K(34176K), 0.1662504 secs] 49535K-&gt;37266K(49536K), [Metaspace: 61052K-&gt;61052K(1105920K)], 0.1664454 secs] [Times: user=0.16 sys=0.01, real=0.17 secs] 
[GC (CMS Initial Mark) [1 CMS-initial-mark: 34174K(34176K)] 37382K(49536K), 0.0046054 secs] [Times: user=0.01 sys=0.00, real=0.00 secs] 
<writer thread='11267'/>
[CMS-concurrent-mark-start]
[CMS-concurrent-mark: 0.107/0.107 secs] [Times: user=0.19 sys=0.01, real=0.11 secs] 
[CMS-concurrent-preclean-start]
<writer thread='11779'/>
[Full GC (Allocation Failure) [CMS
<writer thread='11267'/>
[CMS-concurrent-preclean: 0.058/0.061 secs] [Times: user=0.07 sys=0.00, real=0.06 secs] 
<writer thread='11779'/>
 (concurrent mode failure): 34175K-&gt;34172K(34176K), 0.2420684 secs] 49535K-&gt;37166K(49536K), [Metaspace: 61052K-&gt;61052K(1105920K)], 0.2422854 secs] [Times: user=0.22 sys=0.01, real=0.24 secs] 
[Full GC (Allocation Failure) [CMS: 34172K-&gt;34170K(34176K), 0.1950954 secs] 49525K-&gt;37150K(49536K), [Metaspace: 61052K-&gt;61052K(1105920K)], 0.1953799 secs] [Times: user=0.21 sys=0.00, real=0.19 secs] 
[GC (CMS Initial Mark) [1 CMS-initial-mark: 34170K(34176K)] 37657K(49536K), 0.0033576 secs] [Times: user=0.01 sys=0.00, real=0.00 secs] 
<writer thread='11267'/>
[CMS-concurrent-mark-start]
<writer thread='11779'/>
[Full GC (Allocation Failure) [CMS
<writer thread='11267'/>
[CMS-concurrent-mark: 0.082/0.084 secs] [Times: user=0.15 sys=0.01, real=0.08 secs] 
<writer thread='11779'/>
 (concurrent mode failure): 34175K-&gt;34172K(34176K), 0.1845976 secs] 49535K-&gt;37272K(49536K), [Metaspace: 61052K-&gt;61052K(1105920K)], 0.1847659 secs] [Times: user=0.18 sys=0.00, real=0.19 secs] 
[Full GC (Allocation Failure) [CMS: 34172K-&gt;34170K(34176K), 0.1733945 secs] 49530K-&gt;36986K(49536K), [Metaspace: 61052K-&gt;61052K(1105920K)], 0.1735993 secs] [Times: user=0.16 sys=0.00, real=0.17 secs] 
[GC (CMS Initial Mark) [1 CMS-initial-mark: 34170K(34176K)] 36999K(49536K), 0.0032544 secs] [Times: user=0.00 sys=0.00, real=0.00 secs] 
<writer thread='11267'/>
[CMS-concurrent-mark-start]
<writer thread='11779'/>
[Full GC (Allocation Failure) [CMS
<writer thread='11267'/>
[CMS-concurrent-mark: 0.086/0.088 secs] [Times: user=0.14 sys=0.01, real=0.09 secs] 
<writer thread='11779'/>
 (concurrent mode failure): 34170K-&gt;34168K(34176K), 0.2671428 secs] 49523K-&gt;37060K(49536K), [Metaspace: 61052K-&gt;61052K(1105920K)], 0.2673299 secs] [Times: user=0.25 sys=0.01, real=0.27 secs] 
[Full GC (Allocation Failure) [CMS: 34168K-&gt;34168K(34176K), 0.1776119 secs] 49526K-&gt;37321K(49536K), [Metaspace: 61052K-&gt;61052K(1105920K)], 0.1787304 secs] [Times: user=0.16 sys=0.00, real=0.18 secs] 
[GC (CMS Initial Mark) [1 CMS-initial-mark: 34168K(34176K)] 37383K(49536K), 0.0030659 secs] [Times: user=0.01 sys=0.00, real=0.00 secs] 
<writer thread='11267'/>
[CMS-concurrent-mark-start]
<writer thread='11779'/>
[Full GC (Allocation Failure) [CMS
<writer thread='11267'/>
[CMS-concurrent-mark: 0.071/0.074 secs] [Times: user=0.16 sys=0.01, real=0.08 secs] 
<writer thread='11779'/>
 (concurrent mode failure): 34175K-&gt;34169K(34176K), 0.1897249 secs] 49535K-&gt;37051K(49536K), [Metaspace: 61052K-&gt;61052K(1105920K)], 0.1899135 secs] [Times: user=0.19 sys=0.00, real=0.19 secs] 
[Full GC (Allocation Failure) [CMS: 34175K-&gt;34169K(34176K), 0.1783059 secs] 49535K-&gt;37288K(49536K), [Metaspace: 61052K-&gt;61052K(1105920K)], 0.1786486 secs] [Times: user=0.20 sys=0.00, real=0.17 secs] 
[GC (CMS Initial Mark) [1 CMS-initial-mark: 34169K(34176K)] 42422K(49536K), 0.0039857 secs] [Times: user=0.02 sys=0.01, real=0.01 secs] 
<writer thread='11267'/>
[CMS-concurrent-mark-start]
<writer thread='11779'/>
[Full GC (Allocation Failure) [CMS
<writer thread='11267'/>
[CMS-concurrent-mark: 0.063/0.065 secs] [Times: user=0.09 sys=0.00, real=0.06 secs] 
<writer thread='11779'/>
 (concurrent mode failure): 34169K-&gt;34175K(34176K), 0.2495021 secs] 49520K-&gt;37318K(49536K), [Metaspace: 61052K-&gt;61052K(1105920K)], 0.2497700 secs] [Times: user=0.20 sys=0.01, real=0.25 secs] 
[Full GC (Allocation Failure) [CMS: 34175K-&gt;34171K(34176K), 0.2422989 secs] 49527K-&gt;36959K(49536K), [Metaspace: 61052K-&gt;61052K(1105920K)], 0.2429649 secs] [Times: user=0.20 sys=0.00, real=0.24 secs] 
[Full GC (Allocation Failure) [CMS: 34171K-&gt;34169K(34176K), 0.5969262 secs] 49526K-&gt;37046K(49536K), [Metaspace: 61052K-&gt;61052K(1105920K)], 0.5979402 secs] [Times: user=0.38 sys=0.02, real=0.60 secs] 
[GC (CMS Initial Mark) [1 CMS-initial-mark: 34169K(34176K)] 37107K(49536K), 0.0155091 secs] [Times: user=0.01 sys=0.01, real=0.02 secs] 
<writer thread='11267'/>
[CMS-concurrent-mark-start]
<writer thread='11779'/>
[Full GC (Allocation Failure) [CMS
<writer thread='11267'/>
[CMS-concurrent-mark: 0.177/0.195 secs] [Times: user=0.33 sys=0.02, real=0.20 secs] 
<writer thread='11779'/>
 (concurrent mode failure): 34171K-&gt;34169K(34176K), 0.2627467 secs] 49531K-&gt;37364K(49536K), [Metaspace: 61052K-&gt;61052K(1105920K)], 0.2632538 secs] [Times: user=0.47 sys=0.00, real=0.26 secs] 
[Full GC (Allocation Failure) [CMS: 34169K-&gt;34168K(34176K), 0.1811342 secs] 49525K-&gt;37339K(49536K), [Metaspace: 61052K-&gt;61052K(1105920K)], 0.1813705 secs] [Times: user=0.30 sys=0.01, real=0.19 secs] 
[GC (CMS Initial Mark) [1 CMS-initial-mark: 34168K(34176K)] 39879K(49536K), 0.0037256 secs] [Times: user=0.01 sys=0.00, real=0.00 secs] 
<writer thread='11267'/>
[CMS-concurrent-mark-start]
<writer thread='11779'/>
[Full GC (Allocation Failure) [CMS
<writer thread='11267'/>
[CMS-concurrent-mark: 0.083/0.085 secs] [Times: user=0.19 sys=0.01, real=0.09 secs] 
<writer thread='11779'/>
 (concurrent mode failure): 34175K-&gt;34167K(34176K), 0.1855029 secs] 49535K-&gt;37174K(49536K), [Metaspace: 61052K-&gt;61052K(1105920K)], 0.1857008 secs] [Times: user=0.20 sys=0.00, real=0.18 secs] 
[Full GC (Allocation Failure) [CMS: 34175K-&gt;34174K(34176K), 0.1590067 secs] 49531K-&gt;37138K(49536K), [Metaspace: 61052K-&gt;61052K(1105920K)], 0.1591931 secs] [Times: user=0.14 sys=0.01, real=0.16 secs] 
[GC (CMS Initial Mark) [1 CMS-initial-mark: 34174K(34176K)] 37352K(49536K), 0.0034935 secs] [Times: user=0.00 sys=0.00, real=0.00 secs] 
<writer thread='11267'/>
[CMS-concurrent-mark-start]
<writer thread='11779'/>
[Full GC (Allocation Failure) [CMS
<writer thread='11267'/>
[CMS-concurrent-mark: 0.079/0.082 secs] [Times: user=0.22 sys=0.01, real=0.09 secs] 
<writer thread='11779'/>
 (concurrent mode failure): 34175K-&gt;34166K(34176K), 0.1724107 secs] 49535K-&gt;37148K(49536K), [Metaspace: 61052K-&gt;61052K(1105920K)], 0.1726125 secs] [Times: user=0.18 sys=0.01, real=0.18 secs] 
[Full GC (Allocation Failure) [CMS: 34166K-&gt;34166K(34176K), 0.1631131 secs] 49516K-&gt;37173K(49536K), [Metaspace: 61057K-&gt;61057K(1105920K)], 0.1633960 secs] [Times: user=0.15 sys=0.00, real=0.17 secs] 
[GC (CMS Initial Mark) [1 CMS-initial-mark: 34166K(34176K)] 47862K(49536K), 0.0059550 secs] [Times: user=0.02 sys=0.00, real=0.00 secs] 
<writer thread='11267'/>
[CMS-concurrent-mark-start]
<writer thread='11779'/>
[Full GC (Allocation Failure) [CMS
<writer thread='11267'/>
[CMS-concurrent-mark: 0.075/0.077 secs] [Times: user=0.14 sys=0.00, real=0.08 secs] 
<writer thread='11779'/>
 (concurrent mode failure): 34166K-&gt;34164K(34176K), 0.2152964 secs] 49518K-&gt;37143K(49536K), [Metaspace: 61058K-&gt;61058K(1105920K)], 0.2155149 secs] [Times: user=0.22 sys=0.01, real=0.21 secs] 
[Full GC (Allocation Failure) [CMS: 34167K-&gt;34165K(34176K), 0.1671856 secs] 49527K-&gt;37198K(49536K), [Metaspace: 61058K-&gt;61058K(1105920K)], 0.1674007 secs] [Times: user=0.17 sys=0.00, real=0.16 secs] 
[GC (CMS Initial Mark) [1 CMS-initial-mark: 34165K(34176K)] 47861K(49536K), 0.0049446 secs] [Times: user=0.01 sys=0.00, real=0.01 secs] 
<writer thread='11267'/>
[CMS-concurrent-mark-start]
<writer thread='11779'/>
[Full GC (Allocation Failure) [CMS
<writer thread='11267'/>
[CMS-concurrent-mark: 0.065/0.068 secs] [Times: user=0.17 sys=0.01, real=0.07 secs] 
<writer thread='11779'/>
 (concurrent mode failure): 34175K-&gt;34167K(34176K), 0.1915051 secs] 49535K-&gt;37117K(49536K), [Metaspace: 61058K-&gt;61058K(1105920K)], 0.1920506 secs] [Times: user=0.20 sys=0.01, real=0.20 secs] 
[Full GC (Allocation Failure) [CMS: 34167K-&gt;34161K(34176K), 0.1642248 secs] 49520K-&gt;37051K(49536K), [Metaspace: 61058K-&gt;61058K(1105920K)], 0.1644179 secs] [Times: user=0.15 sys=0.01, real=0.17 secs] 
[GC (CMS Initial Mark) [1 CMS-initial-mark: 34161K(34176K)] 47857K(49536K), 0.0053157 secs] [Times: user=0.02 sys=0.00, real=0.00 secs] 
<writer thread='11267'/>
[CMS-concurrent-mark-start]
<writer thread='11779'/>
[Full GC (Allocation Failure) [CMS
<writer thread='11267'/>
[CMS-concurrent-mark: 0.059/0.062 secs] [Times: user=0.10 sys=0.00, real=0.06 secs] 
<writer thread='11779'/>
 (concurrent mode failure): 34161K-&gt;34175K(34176K), 0.2109644 secs] 49517K-&gt;37181K(49536K), [Metaspace: 61058K-&gt;61058K(1105920K)], 0.2111808 secs] [Times: user=0.23 sys=0.01, real=0.21 secs] 
[Full GC (Allocation Failure) [CMS: 34175K-&gt;34174K(34176K), 0.1682300 secs] 49535K-&gt;37227K(49536K), [Metaspace: 61059K-&gt;61059K(1105920K)], 0.1684460 secs] [Times: user=0.19 sys=0.00, real=0.17 secs] 
[Full GC (Allocation Failure) [CMS: 34176K-&gt;34174K(34176K), 0.1722013 secs] 49536K-&gt;37165K(49536K), [Metaspace: 61059K-&gt;61059K(1105920K)], 0.1724078 secs] [Times: user=0.16 sys=0.01, real=0.18 secs] 
[GC (CMS Initial Mark) [1 CMS-initial-mark: 34174K(34176K)] 39719K(49536K), 0.0032587 secs] [Times: user=0.01 sys=0.00, real=0.01 secs] 
<writer thread='11267'/>
[CMS-concurrent-mark-start]
<writer thread='11779'/>
[Full GC (Allocation Failure) [CMS
<writer thread='11267'/>
[CMS-concurrent-mark: 0.064/0.069 secs] [Times: user=0.12 sys=0.01, real=0.06 secs] 
<writer thread='11779'/>
 (concurrent mode failure): 34174K-&gt;34172K(34176K), 0.2227312 secs] 49534K-&gt;37219K(49536K), [Metaspace: 61059K-&gt;61059K(1105920K)], 0.2229740 secs] [Times: user=0.19 sys=0.00, real=0.22 secs] 
[Full GC (Allocation Failure) [CMS: 34175K-&gt;34173K(34176K), 0.1827671 secs] 49535K-&gt;37176K(49536K), [Metaspace: 61059K-&gt;61059K(1105920K)], 0.1830295 secs] [Times: user=0.16 sys=0.01, real=0.19 secs] 
[GC (CMS Initial Mark) [1 CMS-initial-mark: 34173K(34176K)] 37543K(49536K), 0.0030851 secs] [Times: user=0.01 sys=0.00, real=0.00 secs] 
<writer thread='11267'/>
[CMS-concurrent-mark-start]
<writer thread='11779'/>
[Full GC (Allocation Failure) [CMS
<writer thread='11267'/>
[CMS-concurrent-mark: 0.082/0.085 secs] [Times: user=0.16 sys=0.01, real=0.09 secs] 
<writer thread='11779'/>
 (concurrent mode failure): 34173K-&gt;34170K(34176K), 0.2071223 secs] 49533K-&gt;37247K(49536K), [Metaspace: 61059K-&gt;61059K(1105920K)], 0.2073142 secs] [Times: user=0.20 sys=0.00, real=0.21 secs] 
[Full GC (Allocation Failure) [CMS: 34170K-&gt;34169K(34176K), 0.1705857 secs] 49529K-&gt;37123K(49536K), [Metaspace: 61059K-&gt;61059K(1105920K)], 0.1707904 secs] [Times: user=0.15 sys=0.01, real=0.17 secs] 
[GC (CMS Initial Mark) [1 CMS-initial-mark: 34169K(34176K)] 38458K(49536K), 0.0033878 secs] [Times: user=0.01 sys=0.00, real=0.00 secs] 
<writer thread='11267'/>
[CMS-concurrent-mark-start]
<writer thread='11779'/>
[Full GC (Allocation Failure) [CMS
<writer thread='11267'/>
[CMS-concurrent-mark: 0.063/0.066 secs] [Times: user=0.11 sys=0.00, real=0.07 secs] 
<writer thread='11779'/>
 (concurrent mode failure): 34175K-&gt;34173K(34176K), 0.2328587 secs] 49535K-&gt;37122K(49536K), [Metaspace: 61059K-&gt;61059K(1105920K)], 0.2330378 secs] [Times: user=0.21 sys=0.01, real=0.24 secs] 
[Full GC (Allocation Failure) [CMS: 34175K-&gt;34168K(34176K), 0.1674825 secs] 49535K-&gt;37321K(49536K), [Metaspace: 61059K-&gt;61059K(1105920K)], 0.1676660 secs] [Times: user=0.15 sys=0.00, real=0.17 secs] 
[GC (CMS Initial Mark) [1 CMS-initial-mark: 34168K(34176K)] 37446K(49536K), 0.0032945 secs] [Times: user=0.00 sys=0.00, real=0.00 secs] 
<writer thread='11267'/>
[CMS-concurrent-mark-start]
<writer thread='11779'/>
[Full GC (Allocation Failure) [CMS
<writer thread='11267'/>
[CMS-concurrent-mark: 0.072/0.075 secs] [Times: user=0.12 sys=0.01, real=0.08 secs] 
<writer thread='11779'/>
 (concurrent mode failure): 34175K-&gt;34170K(34176K), 0.2151627 secs] 49535K-&gt;37177K(49536K), [Metaspace: 61059K-&gt;61059K(1105920K)], 0.2153943 secs] [Times: user=0.19 sys=0.01, real=0.21 secs] 
[Full GC (Allocation Failure) [CMS: 34171K-&gt;34168K(34176K), 0.1656674 secs] 49531K-&gt;37210K(49536K), [Metaspace: 61059K-&gt;61059K(1105920K)], 0.1658424 secs] [Times: user=0.15 sys=0.00, real=0.16 secs] 
[GC (CMS Initial Mark) [1 CMS-initial-mark: 34168K(34176K)] 37558K(49536K), 0.0039190 secs] [Times: user=0.01 sys=0.00, real=0.01 secs] 
<writer thread='11267'/>
[CMS-concurrent-mark-start]
<writer thread='11779'/>
[Full GC (Allocation Failure) [CMS
<writer thread='11267'/>
[CMS-concurrent-mark: 0.072/0.074 secs] [Times: user=0.14 sys=0.01, real=0.07 secs] 
<writer thread='11779'/>
 (concurrent mode failure): 34169K-&gt;34174K(34176K), 0.1716147 secs] 49529K-&gt;37199K(49536K), [Metaspace: 61059K-&gt;61059K(1105920K)], 0.1717828 secs] [Times: user=0.17 sys=0.00, real=0.17 secs] 
[Full GC (Allocation Failure) [CMS: 34174K-&gt;34173K(34176K), 0.1610650 secs] 49530K-&gt;37218K(49536K), [Metaspace: 61059K-&gt;61059K(1105920K)], 0.1612324 secs] [Times: user=0.14 sys=0.01, real=0.16 secs] 
[GC (CMS Initial Mark) [1 CMS-initial-mark: 34173K(34176K)] 37662K(49536K), 0.0033004 secs] [Times: user=0.00 sys=0.00, real=0.00 secs] 
<writer thread='11267'/>
[CMS-concurrent-mark-start]
<writer thread='11779'/>
[Full GC (Allocation Failure) [CMS
<writer thread='11267'/>
[CMS-concurrent-mark: 0.057/0.059 secs] [Times: user=0.08 sys=0.01, real=0.06 secs] 
<writer thread='11779'/>
 (concurrent mode failure): 34175K-&gt;34172K(34176K), 0.2068678 secs] 49535K-&gt;37125K(49536K), [Metaspace: 61059K-&gt;61059K(1105920K)], 0.2070551 secs] [Times: user=0.20 sys=0.00, real=0.21 secs] 
[Full GC (Allocation Failure) [CMS: 34172K-&gt;34171K(34176K), 0.1539008 secs] 49525K-&gt;37232K(49536K), [Metaspace: 61059K-&gt;61059K(1105920K)], 0.1541045 secs] [Times: user=0.15 sys=0.00, real=0.16 secs] 
[GC (CMS Initial Mark) [1 CMS-initial-mark: 34171K(34176K)] 37738K(49536K), 0.0031386 secs] [Times: user=0.01 sys=0.00, real=0.00 secs] 
<writer thread='11267'/>
[CMS-concurrent-mark-start]
<writer thread='11779'/>
[Full GC (Allocation Failure) [CMS
<writer thread='11267'/>
[CMS-concurrent-mark: 0.065/0.067 secs] [Times: user=0.09 sys=0.01, real=0.07 secs] 
<writer thread='11779'/>
 (concurrent mode failure): 34171K-&gt;34170K(34176K), 0.2105308 secs] 49530K-&gt;37477K(49536K), [Metaspace: 61059K-&gt;61059K(1105920K)], 0.2107011 secs] [Times: user=0.20 sys=0.00, real=0.21 secs] 
[Full GC (Allocation Failure) [CMS: 34175K-&gt;34173K(34176K), 0.1620598 secs] 49535K-&gt;37205K(49536K), [Metaspace: 61059K-&gt;61059K(1105920K)], 0.1622463 secs] [Times: user=0.16 sys=0.00, real=0.16 secs] 
[GC (CMS Initial Mark) [1 CMS-initial-mark: 34173K(34176K)] 37628K(49536K), 0.0030837 secs] [Times: user=0.01 sys=0.00, real=0.01 secs] 
<writer thread='11267'/>
[CMS-concurrent-mark-start]
<writer thread='11779'/>
[Full GC (Allocation Failure) [CMS
<writer thread='11267'/>
[CMS-concurrent-mark: 0.095/0.098 secs] [Times: user=0.18 sys=0.01, real=0.09 secs] 
<writer thread='11779'/>
 (concurrent mode failure): 34173K-&gt;34171K(34176K), 0.2192220 secs] 49530K-&gt;37316K(49536K), [Metaspace: 61059K-&gt;61059K(1105920K)], 0.2194100 secs] [Times: user=0.20 sys=0.00, real=0.22 secs] 
[Full GC (Allocation Failure) [CMS: 34171K-&gt;34169K(34176K), 0.1929480 secs] 49530K-&gt;37265K(49536K), [Metaspace: 61059K-&gt;61059K(1105920K)], 0.1931513 secs] [Times: user=0.19 sys=0.00, real=0.19 secs] 
[Full GC (Allocation Failure) [CMS: 34169K-&gt;34168K(34176K), 0.2003931 secs] 49529K-&gt;37134K(49536K), [Metaspace: 61059K-&gt;61059K(1105920K)], 0.2006027 secs] [Times: user=0.19 sys=0.01, real=0.20 secs] 
[GC (CMS Initial Mark) [1 CMS-initial-mark: 34168K(34176K)] 37648K(49536K), 0.0029495 secs] [Times: user=0.01 sys=0.00, real=0.00 secs] 
<writer thread='11267'/>
[CMS-concurrent-mark-start]
<writer thread='11779'/>
[Full GC (Allocation Failure) [CMS
<writer thread='11267'/>
[CMS-concurrent-mark: 0.069/0.071 secs] [Times: user=0.13 sys=0.01, real=0.07 secs] 
<writer thread='11779'/>
 (concurrent mode failure): 34168K-&gt;34168K(34176K), 0.2150193 secs] 49515K-&gt;37156K(49536K), [Metaspace: 61059K-&gt;61059K(1105920K)], 0.2152062 secs] [Times: user=0.19 sys=0.00, real=0.21 secs] 
[Full GC (Allocation Failure) [CMS: 34168K-&gt;34166K(34176K), 0.1626020 secs] 49521K-&gt;37241K(49536K), [Metaspace: 61059K-&gt;61059K(1105920K)], 0.1627647 secs] [Times: user=0.14 sys=0.01, real=0.17 secs] 
[GC (CMS Initial Mark) [1 CMS-initial-mark: 34166K(34176K)] 37373K(49536K), 0.0032418 secs] [Times: user=0.01 sys=0.00, real=0.00 secs] 
<writer thread='11267'/>
[CMS-concurrent-mark-start]
<writer thread='11779'/>
[Full GC (Allocation Failure) [CMS
<writer thread='11267'/>
[CMS-concurrent-mark: 0.076/0.078 secs] [Times: user=0.13 sys=0.01, real=0.08 secs] 
<writer thread='11779'/>
 (concurrent mode failure): 34174K-&gt;34173K(34176K), 0.2143519 secs] 49529K-&gt;37191K(49536K), [Metaspace: 61059K-&gt;61059K(1105920K)], 0.2145403 secs] [Times: user=0.20 sys=0.00, real=0.21 secs] 
[Full GC (Allocation Failure) [CMS: 34175K-&gt;34172K(34176K), 0.1748379 secs] 49535K-&gt;37307K(49536K), [Metaspace: 61059K-&gt;61059K(1105920K)], 0.1750455 secs] [Times: user=0.15 sys=0.00, real=0.18 secs] 
[GC (CMS Initial Mark) [1 CMS-initial-mark: 34172K(34176K)] 43449K(49536K), 0.0042234 secs] [Times: user=0.01 sys=0.00, real=0.00 secs] 
<writer thread='11267'/>
[CMS-concurrent-mark-start]
<writer thread='11779'/>
[Full GC (Allocation Failure) [CMS
<writer thread='11267'/>
[CMS-concurrent-mark: 0.063/0.065 secs] [Times: user=0.09 sys=0.00, real=0.07 secs] 
<writer thread='11779'/>
 (concurrent mode failure): 34172K-&gt;34163K(34176K), 0.2210655 secs] 49529K-&gt;37175K(49536K), [Metaspace: 61059K-&gt;61059K(1105920K)], 0.2212690 secs] [Times: user=0.20 sys=0.01, real=0.23 secs] 
[Full GC (Allocation Failure) [CMS: 34175K-&gt;34170K(34176K), 0.1688034 secs] 49535K-&gt;37236K(49536K), [Metaspace: 61059K-&gt;61059K(1105920K)], 0.1689917 secs] [Times: user=0.15 sys=0.01, real=0.16 secs] 
[GC (CMS Initial Mark) [1 CMS-initial-mark: 34170K(34176K)] 37608K(49536K), 0.0030017 secs] [Times: user=0.00 sys=0.00, real=0.00 secs] 
<writer thread='11267'/>
[CMS-concurrent-mark-start]
<writer thread='11779'/>
[Full GC (Allocation Failure) [CMS
<writer thread='11267'/>
[CMS-concurrent-mark: 0.069/0.071 secs] [Times: user=0.14 sys=0.01, real=0.07 secs] 
<writer thread='11779'/>
 (concurrent mode failure): 34175K-&gt;34166K(34176K), 0.3304945 secs] 49535K-&gt;37181K(49536K), [Metaspace: 61059K-&gt;61059K(1105920K)], 0.3306990 secs] [Times: user=0.28 sys=0.01, real=0.33 secs] 
[Full GC (Allocation Failure) [CMS: 34166K-&gt;34175K(34176K), 0.2530761 secs] 49513K-&gt;37128K(49536K), [Metaspace: 61059K-&gt;61059K(1105920K)], 0.2532901 secs] [Times: user=0.22 sys=0.01, real=0.26 secs] 
[GC (CMS Initial Mark) [1 CMS-initial-mark: 34175K(34176K)] 37246K(49536K), 0.0028791 secs] [Times: user=0.01 sys=0.00, real=0.00 secs] 
<writer thread='11267'/>
[CMS-concurrent-mark-start]
<writer thread='11779'/>
[Full GC (Allocation Failure) [CMS
<writer thread='11267'/>
[CMS-concurrent-mark: 0.067/0.070 secs] [Times: user=0.12 sys=0.01, real=0.07 secs] 
<writer thread='11779'/>
 (concurrent mode failure): 34175K-&gt;34175K(34176K), 0.1944936 secs] 49535K-&gt;37176K(49536K), [Metaspace: 61060K-&gt;61060K(1105920K)], 0.1946748 secs] [Times: user=0.19 sys=0.00, real=0.19 secs] 
[Full GC (Allocation Failure) [CMS: 34175K-&gt;34175K(34176K), 0.1605476 secs] 49535K-&gt;37260K(49536K), [Metaspace: 61060K-&gt;61060K(1105920K)], 0.1608146 secs] [Times: user=0.15 sys=0.00, real=0.16 secs] 
[GC (CMS Initial Mark) [1 CMS-initial-mark: 34175K(34176K)] 37970K(49536K), 0.0030020 secs] [Times: user=0.01 sys=0.00, real=0.00 secs] 
<writer thread='11267'/>
[CMS-concurrent-mark-start]
<writer thread='11779'/>
[Full GC (Allocation Failure) [CMS
<writer thread='11267'/>
[CMS-concurrent-mark: 0.067/0.071 secs] [Times: user=0.15 sys=0.01, real=0.07 secs] 
<writer thread='11779'/>
 (concurrent mode failure): 34176K-&gt;34175K(34176K), 0.2050847 secs] 49536K-&gt;37080K(49536K), [Metaspace: 61060K-&gt;61060K(1105920K)], 0.2052980 secs] [Times: user=0.18 sys=0.01, real=0.20 secs] 
[Full GC (Allocation Failure) [CMS: 34175K-&gt;34175K(34176K), 0.1732105 secs] 49535K-&gt;37172K(49536K), [Metaspace: 61060K-&gt;61060K(1105920K)], 0.1734209 secs] [Times: user=0.18 sys=0.01, real=0.17 secs] 
[GC (CMS Initial Mark) [1 CMS-initial-mark: 34175K(34176K)] 37984K(49536K), 0.0032512 secs] [Times: user=0.01 sys=0.00, real=0.00 secs] 
<writer thread='11267'/>
[CMS-concurrent-mark-start]
<writer thread='11779'/>
[Full GC (Allocation Failure) [CMS
<writer thread='11267'/>
[CMS-concurrent-mark: 0.129/0.134 secs] [Times: user=0.18 sys=0.02, real=0.14 secs] 
<writer thread='11779'/>
 (concurrent mode failure): 34175K-&gt;34175K(34176K), 0.2652381 secs] 49528K-&gt;37229K(49536K), [Metaspace: 61060K-&gt;61060K(1105920K)], 0.2656138 secs] [Times: user=0.23 sys=0.01, real=0.27 secs] 
[Full GC (Allocation Failure) [CMS: 34175K-&gt;34176K(34176K), 0.1634247 secs] 49532K-&gt;37134K(49536K), [Metaspace: 61060K-&gt;61060K(1105920K)], 0.1636199 secs] [Times: user=0.15 sys=0.01, real=0.17 secs] 
[GC (CMS Initial Mark) [1 CMS-initial-mark: 34176K(34176K)] 37858K(49536K), 0.0031296 secs] [Times: user=0.01 sys=0.00, real=0.00 secs] 
<writer thread='11267'/>
[CMS-concurrent-mark-start]
<writer thread='11779'/>
[Full GC (Allocation Failure) [CMS
<writer thread='11267'/>
[CMS-concurrent-mark: 0.077/0.079 secs] [Times: user=0.21 sys=0.01, real=0.08 secs] 
<writer thread='11779'/>
 (concurrent mode failure): 34176K-&gt;34176K(34176K), 0.1935684 secs] 49536K-&gt;37236K(49536K), [Metaspace: 61060K-&gt;61060K(1105920K)], 0.1937927 secs] [Times: user=0.23 sys=0.00, real=0.20 secs] 
[Full GC (Allocation Failure) [CMS: 34176K-&gt;34175K(34176K), 0.1739186 secs] 49533K-&gt;37170K(49536K), [Metaspace: 61060K-&gt;61060K(1105920K)], 0.1741134 secs] [Times: user=0.15 sys=0.01, real=0.17 secs] 
[GC (CMS Initial Mark) [1 CMS-initial-mark: 34175K(34176K)] 37327K(49536K), 0.0030915 secs] [Times: user=0.00 sys=0.00, real=0.00 secs] 
<writer thread='11267'/>
[CMS-concurrent-mark-start]
<writer thread='11779'/>
[Full GC (Allocation Failure) [CMS
<writer thread='11267'/>
[CMS-concurrent-mark: 0.068/0.071 secs] [Times: user=0.13 sys=0.01, real=0.07 secs] 
<writer thread='11779'/>
 (concurrent mode failure): 34175K-&gt;34176K(34176K), 0.2211596 secs] 49535K-&gt;37610K(49536K), [Metaspace: 61060K-&gt;61060K(1105920K)], 0.2214093 secs] [Times: user=0.20 sys=0.00, real=0.22 secs] 
[Full GC (Allocation Failure) [CMS: 34176K-&gt;34176K(34176K), 0.1710227 secs] 49535K-&gt;37190K(49536K), [Metaspace: 61060K-&gt;61060K(1105920K)], 0.1712027 secs] [Times: user=0.16 sys=0.00, real=0.17 secs] 
[GC (CMS Initial Mark) [1 CMS-initial-mark: 34176K(34176K)] 41226K(49536K), 0.0036244 secs] [Times: user=0.01 sys=0.00, real=0.00 secs] 
<writer thread='11267'/>
[CMS-concurrent-mark-start]
<writer thread='11779'/>
[Full GC (Allocation Failure) [CMS
<writer thread='11267'/>
[CMS-concurrent-mark: 0.067/0.068 secs] [Times: user=0.09 sys=0.00, real=0.07 secs] 
<writer thread='11779'/>
 (concurrent mode failure): 34176K-&gt;34175K(34176K), 0.2316703 secs] 49535K-&gt;37262K(49536K), [Metaspace: 61060K-&gt;61060K(1105920K)], 0.2318827 secs] [Times: user=0.21 sys=0.01, real=0.24 secs] 
[Full GC (Allocation Failure) [CMS: 34175K-&gt;34175K(34176K), 0.4571229 secs] 49524K-&gt;37276K(49536K), [Metaspace: 61060K-&gt;61060K(1105920K)], 0.4573366 secs] [Times: user=0.35 sys=0.01, real=0.46 secs] 
[GC (CMS Initial Mark) [1 CMS-initial-mark: 34175K(34176K)] 37420K(49536K), 0.0079578 secs] [Times: user=0.02 sys=0.00, real=0.01 secs] 
<writer thread='11267'/>
[CMS-concurrent-mark-start]
<writer thread='11779'/>
[Full GC (Allocation Failure) [CMS
<writer thread='11267'/>
[CMS-concurrent-mark: 0.068/0.071 secs] [Times: user=0.12 sys=0.01, real=0.07 secs] 
<writer thread='11779'/>
 (concurrent mode failure): 34175K-&gt;34175K(34176K), 0.1935870 secs] 49535K-&gt;37403K(49536K), [Metaspace: 61060K-&gt;61060K(1105920K)], 0.1938061 secs] [Times: user=0.19 sys=0.00, real=0.20 secs] 
[Full GC (Allocation Failure) [CMS: 34175K-&gt;34175K(34176K), 0.1454479 secs] 49531K-&gt;37141K(49536K), [Metaspace: 61060K-&gt;61060K(1105920K)], 0.1456164 secs] [Times: user=0.14 sys=0.00, real=0.15 secs] 
[GC (CMS Initial Mark) [1 CMS-initial-mark: 34175K(34176K)] 37234K(49536K), 0.0027516 secs] [Times: user=0.01 sys=0.00, real=0.00 secs] 
<writer thread='11267'/>
[CMS-concurrent-mark-start]
<writer thread='11779'/>
[Full GC (Allocation Failure) [CMS
<writer thread='11267'/>
[CMS-concurrent-mark: 0.078/0.081 secs] [Times: user=0.17 sys=0.01, real=0.09 secs] 
<writer thread='11779'/>
 (concurrent mode failure): 34175K-&gt;34175K(34176K), 0.4316132 secs] 49535K-&gt;37296K(49536K), [Metaspace: 61060K-&gt;61060K(1105920K)], 0.4319558 secs] [Times: user=0.28 sys=0.01, real=0.44 secs] 
[Full GC (Allocation Failure) [CMS: 34175K-&gt;34175K(34176K), 0.3278716 secs] 49528K-&gt;37221K(49536K), [Metaspace: 61060K-&gt;61060K(1105920K)], 0.3287641 secs] [Times: user=0.24 sys=0.00, real=0.32 secs] 
[GC (CMS Initial Mark) [1 CMS-initial-mark: 34175K(34176K)] 37284K(49536K), 0.0062568 secs] [Times: user=0.01 sys=0.00, real=0.00 secs] 
<writer thread='11267'/>
[CMS-concurrent-mark-start]
<writer thread='11779'/>
[Full GC (Allocation Failure) [CMS
<writer thread='11267'/>
[CMS-concurrent-mark: 0.120/0.147 secs] [Times: user=0.29 sys=0.02, real=0.15 secs] 
<writer thread='11779'/>
 (concurrent mode failure): 34175K-&gt;34176K(34176K), 0.5938769 secs] 49531K-&gt;37159K(49536K), [Metaspace: 61060K-&gt;61060K(1105920K)], 0.6086391 secs] [Times: user=0.47 sys=0.01, real=0.61 secs] 
[Full GC (Allocation Failure) [CMS: 34176K-&gt;34175K(34176K), 0.2014231 secs] 49535K-&gt;37253K(49536K), [Metaspace: 61060K-&gt;61060K(1105920K)], 0.2020405 secs] [Times: user=0.18 sys=0.01, real=0.20 secs] 
[GC (CMS Initial Mark) [1 CMS-initial-mark: 34175K(34176K)] 47871K(49536K), 0.0056248 secs] [Times: user=0.02 sys=0.00, real=0.01 secs] 
<writer thread='11267'/>
[CMS-concurrent-mark-start]
<writer thread='11779'/>
[Full GC (Allocation Failure) [CMS
<writer thread='11267'/>
[CMS-concurrent-mark: 0.200/0.206 secs] [Times: user=0.13 sys=0.01, real=0.20 secs] 
<writer thread='11779'/>
 (concurrent mode failure): 34176K-&gt;34175K(34176K), 0.6099339 secs] 49535K-&gt;37194K(49536K), [Metaspace: 61060K-&gt;61060K(1105920K)], 0.6101413 secs] [Times: user=0.38 sys=0.01, real=0.61 secs] 
[Full GC (Allocation Failure) [CMS: 34175K-&gt;34175K(34176K), 0.2120759 secs] 49535K-&gt;37234K(49536K), [Metaspace: 61060K-&gt;61060K(1105920K)], 0.2123094 secs] [Times: user=0.27 sys=0.01, real=0.21 secs] 
[GC (CMS Initial Mark) [1 CMS-initial-mark: 34175K(34176K)] 37324K(49536K), 0.0032942 secs] [Times: user=0.01 sys=0.00, real=0.00 secs] 
<writer thread='11267'/>
[CMS-concurrent-mark-start]
<writer thread='11779'/>
[Full GC (Allocation Failure) [CMS
<writer thread='11267'/>
[CMS-concurrent-mark: 0.076/0.081 secs] [Times: user=0.13 sys=0.01, real=0.08 secs] 
<writer thread='11779'/>
 (concurrent mode failure): 34175K-&gt;34175K(34176K), 0.2517563 secs] 49535K-&gt;37231K(49536K), [Metaspace: 61063K-&gt;61063K(1105920K)], 0.2519736 secs] [Times: user=0.21 sys=0.00, real=0.25 secs] 
[Full GC (Allocation Failure) [CMS: 34175K-&gt;34175K(34176K), 0.1762184 secs] 49535K-&gt;37305K(49536K), [Metaspace: 61067K-&gt;61067K(1105920K)], 0.1767617 secs] [Times: user=0.16 sys=0.00, real=0.18 secs] 
[GC (CMS Initial Mark) [1 CMS-initial-mark: 34175K(34176K)] 47871K(49536K), 0.0055269 secs] [Times: user=0.02 sys=0.00, real=0.00 secs] 
<writer thread='11267'/>
[CMS-concurrent-mark-start]
<writer thread='11779'/>
[Full GC (Allocation Failure) [CMS
<writer thread='11267'/>
[CMS-concurrent-mark: 0.053/0.055 secs] [Times: user=0.07 sys=0.00, real=0.06 secs] 
<writer thread='11779'/>
 (concurrent mode failure): 34175K-&gt;34175K(34176K), 0.3265783 secs] 49529K-&gt;37272K(49536K), [Metaspace: 61067K-&gt;61067K(1105920K)], 0.3267929 secs] [Times: user=0.23 sys=0.00, real=0.32 secs] 
[Full GC (Allocation Failure) [CMS: 34175K-&gt;34175K(34176K), 0.4256157 secs] 49535K-&gt;37204K(49536K), [Metaspace: 61067K-&gt;61067K(1105920K)], 0.4258416 secs] [Times: user=0.24 sys=0.01, real=0.43 secs] 
[GC (CMS Initial Mark) [1 CMS-initial-mark: 34175K(34176K)] 37764K(49536K), 0.0043118 secs] [Times: user=0.01 sys=0.00, real=0.01 secs] 
<writer thread='11267'/>
[CMS-concurrent-mark-start]
<writer thread='11779'/>
[Full GC (Allocation Failure) [CMS
<writer thread='11267'/>
[CMS-concurrent-mark: 0.086/0.092 secs] [Times: user=0.22 sys=0.01, real=0.09 secs] 
<writer thread='11779'/>
 (concurrent mode failure): 34175K-&gt;34175K(34176K), 0.5364683 secs] 49535K-&gt;37333K(49536K), [Metaspace: 61067K-&gt;61067K(1105920K)], 0.5374276 secs] [Times: user=0.46 sys=0.01, real=0.54 secs] 
[Full GC (Allocation Failure) [CMS: 34175K-&gt;34175K(34176K), 0.3880476 secs] 49535K-&gt;37180K(49536K), [Metaspace: 61067K-&gt;61067K(1105920K)], 0.3886551 secs] [Times: user=0.24 sys=0.00, real=0.39 secs] 
[GC (CMS Initial Mark) [1 CMS-initial-mark: 34175K(34176K)] 47871K(49536K), 0.0103385 secs] [Times: user=0.02 sys=0.00, real=0.01 secs] 
<writer thread='11267'/>
[CMS-concurrent-mark-start]
<writer thread='11779'/>
[Full GC (Allocation Failure) [CMS
<writer thread='11267'/>
[CMS-concurrent-mark: 0.070/0.074 secs] [Times: user=0.15 sys=0.01, real=0.08 secs] 
<writer thread='11779'/>
 (concurrent mode failure): 34175K-&gt;34176K(34176K), 0.2407754 secs] 49532K-&gt;37301K(49536K), [Metaspace: 61067K-&gt;61067K(1105920K)], 0.2421885 secs] [Times: user=0.27 sys=0.00, real=0.24 secs] 
[Full GC (Allocation Failure) [CMS: 34176K-&gt;34175K(34176K), 0.2612284 secs] 49536K-&gt;37539K(49536K), [Metaspace: 61067K-&gt;61067K(1105920K)], 0.2616318 secs] [Times: user=0.31 sys=0.01, real=0.26 secs] 
[GC (CMS Initial Mark) [1 CMS-initial-mark: 34175K(34176K)] 37656K(49536K), 0.0031577 secs] [Times: user=0.01 sys=0.00, real=0.00 secs] 
<writer thread='11267'/>
[CMS-concurrent-mark-start]
<writer thread='11779'/>
[Full GC (Allocation Failure) [CMS
<writer thread='11267'/>
[CMS-concurrent-mark: 0.070/0.072 secs] [Times: user=0.16 sys=0.01, real=0.07 secs] 
<writer thread='11779'/>
 (concurrent mode failure): 34175K-&gt;34175K(34176K), 0.1976486 secs] 49535K-&gt;37229K(49536K), [Metaspace: 61067K-&gt;61067K(1105920K)], 0.1978530 secs] [Times: user=0.26 sys=0.00, real=0.20 secs] 
[Full GC (Allocation Failure) [CMS: 34176K-&gt;34175K(34176K), 0.1700468 secs] 49536K-&gt;37261K(49536K), [Metaspace: 61067K-&gt;61067K(1105920K)], 0.1701936 secs] [Times: user=0.24 sys=0.00, real=0.17 secs] 
[GC (CMS Initial Mark) [1 CMS-initial-mark: 34175K(34176K)] 37492K(49536K), 0.0028806 secs] [Times: user=0.01 sys=0.00, real=0.00 secs] 
<writer thread='11267'/>
[CMS-concurrent-mark-start]
<writer thread='11779'/>
[Full GC (Allocation Failure) [CMS
<writer thread='11267'/>
[CMS-concurrent-mark: 0.096/0.098 secs] [Times: user=0.15 sys=0.01, real=0.10 secs] 
<writer thread='11779'/>
 (concurrent mode failure): 34176K-&gt;34175K(34176K), 0.2881499 secs] 49535K-&gt;37301K(49536K), [Metaspace: 61067K-&gt;61067K(1105920K)], 0.2883516 secs] [Times: user=0.25 sys=0.00, real=0.29 secs] 
[Full GC (Allocation Failure) [CMS: 34175K-&gt;34176K(34176K), 0.4317508 secs] 49535K-&gt;37179K(49536K), [Metaspace: 61067K-&gt;61067K(1105920K)], 0.4324309 secs] [Times: user=0.36 sys=0.01, real=0.44 secs] 
[Full GC (Allocation Failure) [CMS: 34176K-&gt;34175K(34176K), 0.2261087 secs] 49535K-&gt;37346K(49536K), [Metaspace: 61111K-&gt;61111K(1105920K)], 0.2263093 secs] [Times: user=0.38 sys=0.01, real=0.23 secs] 
[GC (CMS Initial Mark) [1 CMS-initial-mark: 34175K(34176K)] 39097K(49536K), 0.0032089 secs] [Times: user=0.01 sys=0.00, real=0.01 secs] 
<writer thread='11267'/>
[CMS-concurrent-mark-start]
<writer thread='11779'/>
[Full GC (Allocation Failure) [CMS
<writer thread='11267'/>
[CMS-concurrent-mark: 0.103/0.105 secs] [Times: user=0.21 sys=0.01, real=0.10 secs] 
<writer thread='11779'/>
 (concurrent mode failure): 34175K-&gt;34175K(34176K), 0.6984351 secs] 49535K-&gt;37333K(49536K), [Metaspace: 61136K-&gt;61136K(1105920K)], 0.6990571 secs] [Times: user=0.96 sys=0.03, real=0.70 secs] 
[Full GC (Allocation Failure) [CMS: 34175K-&gt;34175K(34176K), 0.3986822 secs] 49535K-&gt;37450K(49536K), [Metaspace: 61136K-&gt;61136K(1105920K)], 0.3999393 secs] [Times: user=0.34 sys=0.02, real=0.40 secs] 
[GC (CMS Initial Mark) [1 CMS-initial-mark: 34175K(34176K)] 38989K(49536K), 0.0040666 secs] [Times: user=0.01 sys=0.00, real=0.00 secs] 
<writer thread='11267'/>
[CMS-concurrent-mark-start]
<writer thread='11779'/>
[Full GC (Allocation Failure) [CMS
<writer thread='11267'/>
[CMS-concurrent-mark: 0.111/0.125 secs] [Times: user=0.19 sys=0.01, real=0.13 secs] 
<writer thread='11779'/>
 (concurrent mode failure): 34175K-&gt;34175K(34176K), 0.2771378 secs] 49535K-&gt;37278K(49536K), [Metaspace: 61136K-&gt;61136K(1105920K)], 0.2773648 secs] [Times: user=0.24 sys=0.00, real=0.27 secs] 
[Full GC (Allocation Failure) [CMS: 34175K-&gt;34176K(34176K), 0.1624478 secs] 49535K-&gt;37540K(49536K), [Metaspace: 61137K-&gt;61137K(1105920K)], 0.1629219 secs] [Times: user=0.16 sys=0.01, real=0.16 secs] 
[Full GC (Allocation Failure) [CMS: 34176K-&gt;34175K(34176K), 0.1519735 secs] 49535K-&gt;37279K(49536K), [Metaspace: 61137K-&gt;61137K(1105920K)], 0.1521470 secs] [Times: user=0.15 sys=0.01, real=0.15 secs] 
[GC (CMS Initial Mark) [1 CMS-initial-mark: 34175K(34176K)] 38679K(49536K), 0.0037547 secs] [Times: user=0.01 sys=0.00, real=0.01 secs] 
<writer thread='11267'/>
[CMS-concurrent-mark-start]
<writer thread='11779'/>
[Full GC (Allocation Failure) [CMS
<writer thread='11267'/>
[CMS-concurrent-mark: 0.072/0.074 secs] [Times: user=0.19 sys=0.01, real=0.07 secs] 
<writer thread='11779'/>
 (concurrent mode failure): 34175K-&gt;34176K(34176K), 0.1919213 secs] 49535K-&gt;37689K(49536K), [Metaspace: 61137K-&gt;61137K(1105920K)], 0.1920654 secs] [Times: user=0.18 sys=0.00, real=0.20 secs] 
[Full GC (Allocation Failure) [CMS: 34176K-&gt;34175K(34176K), 0.1640861 secs] 49535K-&gt;37267K(49536K), [Metaspace: 61147K-&gt;61147K(1105920K)], 0.1642372 secs] [Times: user=0.16 sys=0.01, real=0.16 secs] 
[GC (CMS Initial Mark) [1 CMS-initial-mark: 34175K(34176K)] 40366K(49536K), 0.0037090 secs] [Times: user=0.01 sys=0.00, real=0.00 secs] 
<writer thread='11267'/>
[CMS-concurrent-mark-start]
<writer thread='11779'/>
[Full GC (Allocation Failure) [CMS
<writer thread='11267'/>
[CMS-concurrent-mark: 0.063/0.068 secs] [Times: user=0.13 sys=0.00, real=0.07 secs] 
<writer thread='11779'/>
 (concurrent mode failure): 34175K-&gt;34175K(34176K), 0.1916060 secs] 49534K-&gt;37620K(49536K), [Metaspace: 61147K-&gt;61147K(1105920K)], 0.1918988 secs] [Times: user=0.18 sys=0.00, real=0.19 secs] 
[Full GC (Allocation Failure) [CMS: 34175K-&gt;34175K(34176K), 0.1486616 secs] 49535K-&gt;37368K(49536K), [Metaspace: 61147K-&gt;61147K(1105920K)], 0.1488067 secs] [Times: user=0.15 sys=0.00, real=0.15 secs] 
[Full GC (Allocation Failure) [CMS: 34175K-&gt;34175K(34176K), 0.1516388 secs] 49535K-&gt;37290K(49536K), [Metaspace: 61147K-&gt;61147K(1105920K)], 0.1519717 secs] [Times: user=0.16 sys=0.00, real=0.16 secs] 
[GC (CMS Initial Mark) [1 CMS-initial-mark: 34175K(34176K)] 37364K(49536K), 0.0028713 secs] [Times: user=0.00 sys=0.00, real=0.00 secs] 
<writer thread='11267'/>
[CMS-concurrent-mark-start]
<writer thread='11779'/>
[Full GC (Allocation Failure) [CMS
<writer thread='11267'/>
[CMS-concurrent-mark: 0.069/0.072 secs] [Times: user=0.18 sys=0.01, real=0.07 secs] 
<writer thread='11779'/>
 (concurrent mode failure): 34175K-&gt;34175K(34176K), 0.1692767 secs] 49529K-&gt;37287K(49536K), [Metaspace: 61147K-&gt;61147K(1105920K)], 0.1694862 secs] [Times: user=0.17 sys=0.00, real=0.17 secs] 
[Full GC (Allocation Failure) [CMS: 34175K-&gt;34175K(34176K), 0.1507170 secs] 49530K-&gt;37339K(49536K), [Metaspace: 61147K-&gt;61147K(1105920K)], 0.1508845 secs] [Times: user=0.21 sys=0.01, real=0.15 secs] 
[GC (CMS Initial Mark) [1 CMS-initial-mark: 34175K(34176K)] 37441K(49536K), 0.0028237 secs] [Times: user=0.00 sys=0.00, real=0.00 secs] 
<writer thread='11267'/>
[CMS-concurrent-mark-start]
<writer thread='11779'/>
[Full GC (Allocation Failure) [CMS
<writer thread='11267'/>
[CMS-concurrent-mark: 0.082/0.086 secs] [Times: user=0.21 sys=0.01, real=0.09 secs] 
<writer thread='11779'/>
 (concurrent mode failure): 34175K-&gt;34175K(34176K), 0.1868773 secs] 49535K-&gt;37405K(49536K), [Metaspace: 61147K-&gt;61147K(1105920K)], 0.1870793 secs] [Times: user=0.20 sys=0.00, real=0.19 secs] 
[Full GC (Allocation Failure) [CMS: 34175K-&gt;34175K(34176K), 0.1439003 secs] 49535K-&gt;37438K(49536K), [Metaspace: 61147K-&gt;61147K(1105920K)], 0.1440519 secs] [Times: user=0.15 sys=0.00, real=0.15 secs] 
[Full GC (Allocation Failure) [CMS: 34175K-&gt;34175K(34176K), 0.2996032 secs] 49535K-&gt;37387K(49536K), [Metaspace: 61147K-&gt;61147K(1105920K)], 0.2998320 secs] [Times: user=0.26 sys=0.01, real=0.30 secs] 
[GC (CMS Initial Mark) [1 CMS-initial-mark: 34175K(34176K)] 38136K(49536K), 0.0090723 secs] [Times: user=0.01 sys=0.00, real=0.01 secs] 
<writer thread='11267'/>
[CMS-concurrent-mark-start]
<writer thread='11779'/>
[Full GC (Allocation Failure) [CMS
<writer thread='11267'/>
[CMS-concurrent-mark: 0.086/0.088 secs] [Times: user=0.16 sys=0.01, real=0.09 secs] 
<writer thread='11779'/>
 (concurrent mode failure): 34175K-&gt;34175K(34176K), 0.1914224 secs] 49535K-&gt;37266K(49536K), [Metaspace: 61147K-&gt;61147K(1105920K)], 0.1915688 secs] [Times: user=0.18 sys=0.01, real=0.19 secs] 
[Full GC (Allocation Failure) [CMS: 34175K-&gt;34175K(34176K), 0.1591131 secs] 49528K-&gt;37828K(49536K), [Metaspace: 61147K-&gt;61147K(1105920K)], 0.1594130 secs] [Times: user=0.15 sys=0.00, real=0.16 secs] 
[Full GC (Allocation Failure) [CMS: 34175K-&gt;34175K(34176K), 0.1632556 secs] 49535K-&gt;37315K(49536K), [Metaspace: 61147K-&gt;61147K(1105920K)], 0.1637247 secs] [Times: user=0.16 sys=0.00, real=0.16 secs] 
[GC (CMS Initial Mark) [1 CMS-initial-mark: 34175K(34176K)] 37576K(49536K), 0.0029051 secs] [Times: user=0.01 sys=0.00, real=0.01 secs] 
<writer thread='11267'/>
[CMS-concurrent-mark-start]
<writer thread='11779'/>
[Full GC (Allocation Failure) [CMS
<writer thread='11267'/>
[CMS-concurrent-mark: 0.062/0.068 secs] [Times: user=0.14 sys=0.01, real=0.07 secs] 
<writer thread='11779'/>
 (concurrent mode failure): 34175K-&gt;34175K(34176K), 0.2112192 secs] 49535K-&gt;37202K(49536K), [Metaspace: 61147K-&gt;61147K(1105920K)], 0.2114942 secs] [Times: user=0.20 sys=0.00, real=0.21 secs] 
[Full GC (Allocation Failure) [CMS: 34176K-&gt;34175K(34176K), 0.2324115 secs] 49535K-&gt;37227K(49536K), [Metaspace: 61147K-&gt;61147K(1105920K)], 0.2326136 secs] [Times: user=0.23 sys=0.00, real=0.23 secs] 
[GC (CMS Initial Mark) [1 CMS-initial-mark: 34175K(34176K)] 47871K(49536K), 0.0092685 secs] [Times: user=0.03 sys=0.00, real=0.01 secs] 
<writer thread='11267'/>
[CMS-concurrent-mark-start]
<writer thread='11779'/>
[Full GC (Allocation Failure) [CMS
<writer thread='11267'/>
[CMS-concurrent-mark: 0.129/0.131 secs] [Times: user=0.12 sys=0.01, real=0.13 secs] 
<writer thread='11779'/>
 (concurrent mode failure): 34175K-&gt;34175K(34176K), 0.5000529 secs] 49535K-&gt;37233K(49536K), [Metaspace: 61147K-&gt;61147K(1105920K)], 0.5002534 secs] [Times: user=0.33 sys=0.01, real=0.50 secs] 
[Full GC (Allocation Failure) [CMS: 34175K-&gt;34175K(34176K), 0.3672028 secs] 49535K-&gt;37316K(49536K), [Metaspace: 61147K-&gt;61147K(1105920K)], 0.3697821 secs] [Times: user=0.25 sys=0.00, real=0.37 secs] 
[GC (CMS Initial Mark) [1 CMS-initial-mark: 34175K(34176K)] 37790K(49536K), 0.0113095 secs] [Times: user=0.02 sys=0.00, real=0.02 secs] 
<writer thread='11267'/>
[CMS-concurrent-mark-start]
<writer thread='11779'/>
[Full GC (Allocation Failure) [CMS
<writer thread='11267'/>
[CMS-concurrent-mark: 0.089/0.092 secs] [Times: user=0.18 sys=0.02, real=0.09 secs] 
<writer thread='11779'/>
 (concurrent mode failure): 34175K-&gt;34175K(34176K), 0.3993143 secs] 49535K-&gt;37289K(49536K), [Metaspace: 61147K-&gt;61147K(1105920K)], 0.4000946 secs] [Times: user=0.28 sys=0.01, real=0.40 secs] 
[Full GC (Allocation Failure) [CMS: 34175K-&gt;34175K(34176K), 0.1869023 secs] 49535K-&gt;37243K(49536K), [Metaspace: 61147K-&gt;61147K(1105920K)], 0.1875512 secs] [Times: user=0.19 sys=0.00, real=0.18 secs] 
[GC (CMS Initial Mark) [1 CMS-initial-mark: 34175K(34176K)] 37385K(49536K), 0.0045268 secs] [Times: user=0.00 sys=0.00, real=0.01 secs] 
<writer thread='11267'/>
[CMS-concurrent-mark-start]
<writer thread='11779'/>
[Full GC (Allocation Failure) [CMS
<writer thread='11267'/>
[CMS-concurrent-mark: 0.072/0.083 secs] [Times: user=0.18 sys=0.02, real=0.08 secs] 
<writer thread='11779'/>
 (concurrent mode failure): 34175K-&gt;34175K(34176K), 0.2308930 secs] 49535K-&gt;37314K(49536K), [Metaspace: 61147K-&gt;61147K(1105920K)], 0.2312768 secs] [Times: user=0.19 sys=0.00, real=0.23 secs] 
[Full GC (Allocation Failure) [CMS: 34175K-&gt;34175K(34176K), 0.2070617 secs] 49533K-&gt;37340K(49536K), [Metaspace: 61147K-&gt;61147K(1105920K)], 0.2242012 secs] [Times: user=0.38 sys=0.01, real=0.23 secs] 
[GC (CMS Initial Mark) [1 CMS-initial-mark: 34175K(34176K)] 37392K(49536K), 0.0034037 secs] [Times: user=0.01 sys=0.00, real=0.00 secs] 
<writer thread='11267'/>
[CMS-concurrent-mark-start]
<writer thread='11779'/>
[Full GC (Allocation Failure) [CMS
<writer thread='11267'/>
[CMS-concurrent-mark: 0.077/0.081 secs] [Times: user=0.18 sys=0.01, real=0.08 secs] 
<writer thread='11779'/>
 (concurrent mode failure): 34175K-&gt;34175K(34176K), 0.2262126 secs] 49535K-&gt;37754K(49536K), [Metaspace: 61147K-&gt;61147K(1105920K)], 0.2264071 secs] [Times: user=0.40 sys=0.01, real=0.23 secs] 
[Full GC (Allocation Failure) [CMS: 34175K-&gt;34176K(34176K), 0.1684021 secs] 49527K-&gt;37372K(49536K), [Metaspace: 61147K-&gt;61147K(1105920K)], 0.1685776 secs] [Times: user=0.16 sys=0.00, real=0.17 secs] 
[Full GC (Allocation Failure) [CMS: 34176K-&gt;34175K(34176K), 0.1802333 secs] 49521K-&gt;37417K(49536K), [Metaspace: 61147K-&gt;61147K(1105920K)], 0.1807762 secs] [Times: user=0.19 sys=0.00, real=0.18 secs] 
[GC (CMS Initial Mark) [1 CMS-initial-mark: 34175K(34176K)] 43600K(49536K), 0.0057150 secs] [Times: user=0.01 sys=0.00, real=0.01 secs] 
<writer thread='11267'/>
[CMS-concurrent-mark-start]
<writer thread='11779'/>
[Full GC (Allocation Failure) [CMS
<writer thread='11267'/>
[CMS-concurrent-mark: 0.073/0.079 secs] [Times: user=0.17 sys=0.00, real=0.08 secs] 
<writer thread='11779'/>
 (concurrent mode failure): 34175K-&gt;34175K(34176K), 0.3005311 secs] 49535K-&gt;37290K(49536K), [Metaspace: 61147K-&gt;61147K(1105920K)], 0.3163183 secs] [Times: user=0.54 sys=0.01, real=0.31 secs] 
[Full GC (Allocation Failure) [CMS: 34175K-&gt;34175K(34176K), 0.2514816 secs] 49533K-&gt;37335K(49536K), [Metaspace: 61147K-&gt;61147K(1105920K)], 0.2517422 secs] [Times: user=0.23 sys=0.01, real=0.26 secs] 
[GC (CMS Initial Mark) [1 CMS-initial-mark: 34175K(34176K)] 37841K(49536K), 0.0033880 secs] [Times: user=0.01 sys=0.00, real=0.00 secs] 
<writer thread='11267'/>
[CMS-concurrent-mark-start]
<writer thread='11779'/>
[Full GC (Allocation Failure) [CMS
<writer thread='11267'/>
[CMS-concurrent-mark: 0.067/0.069 secs] [Times: user=0.12 sys=0.01, real=0.07 secs] 
<writer thread='11779'/>
 (concurrent mode failure): 34176K-&gt;34175K(34176K), 0.1966806 secs] 49536K-&gt;37331K(49536K), [Metaspace: 61147K-&gt;61147K(1105920K)], 0.1970779 secs] [Times: user=0.19 sys=0.00, real=0.19 secs] 
[Full GC (Allocation Failure) [CMS: 34175K-&gt;34175K(34176K), 0.1865753 secs] 49528K-&gt;37556K(49536K), [Metaspace: 61147K-&gt;61147K(1105920K)], 0.1867939 secs] [Times: user=0.18 sys=0.00, real=0.19 secs] 
[GC (CMS Initial Mark) [1 CMS-initial-mark: 34175K(34176K)] 37779K(49536K), 0.0102792 secs] [Times: user=0.02 sys=0.00, real=0.01 secs] 
<writer thread='11267'/>
[CMS-concurrent-mark-start]
<writer thread='11779'/>
[Full GC (Allocation Failure) [CMS
<writer thread='11267'/>
[CMS-concurrent-mark: 0.146/0.149 secs] [Times: user=0.17 sys=0.02, real=0.15 secs] 
<writer thread='11779'/>
 (concurrent mode failure): 34175K-&gt;34176K(34176K), 0.2759298 secs] 49529K-&gt;37269K(49536K), [Metaspace: 61147K-&gt;61147K(1105920K)], 0.2761002 secs] [Times: user=0.23 sys=0.01, real=0.28 secs] 
[Full GC (Allocation Failure) [CMS: 34176K-&gt;34175K(34176K), 0.2391367 secs] 49535K-&gt;37337K(49536K), [Metaspace: 61147K-&gt;61147K(1105920K)], 0.2393272 secs] [Times: user=0.20 sys=0.00, real=0.24 secs] 
[GC (CMS Initial Mark) [1 CMS-initial-mark: 34175K(34176K)] 39227K(49536K), 0.0055007 secs] [Times: user=0.02 sys=0.00, real=0.01 secs] 
<writer thread='11267'/>
[CMS-concurrent-mark-start]
<writer thread='11779'/>
[Full GC (Allocation Failure) [CMS
<writer thread='11267'/>
[CMS-concurrent-mark: 0.124/0.132 secs] [Times: user=0.16 sys=0.01, real=0.13 secs] 
<writer thread='11779'/>
 (concurrent mode failure): 34175K-&gt;34175K(34176K), 0.2473757 secs] 49535K-&gt;37219K(49536K), [Metaspace: 61147K-&gt;61147K(1105920K)], 0.2475985 secs] [Times: user=0.23 sys=0.01, real=0.25 secs] 
[Full GC (Allocation Failure) [CMS: 34175K-&gt;34175K(34176K), 0.3123131 secs] 49535K-&gt;37501K(49536K), [Metaspace: 61147K-&gt;61147K(1105920K)], 0.3134042 secs] [Times: user=0.24 sys=0.01, real=0.31 secs] 
[GC (CMS Initial Mark) [1 CMS-initial-mark: 34175K(34176K)] 47871K(49536K), 0.0082652 secs] [Times: user=0.02 sys=0.00, real=0.01 secs] 
<writer thread='11267'/>
[CMS-concurrent-mark-start]
<writer thread='11779'/>
[Full GC (Allocation Failure) [CMS
<writer thread='11267'/>
[CMS-concurrent-mark: 0.067/0.069 secs] [Times: user=0.11 sys=0.00, real=0.07 secs] 
<writer thread='11779'/>
 (concurrent mode failure): 34175K-&gt;34175K(34176K), 0.2115153 secs] 49535K-&gt;37693K(49536K), [Metaspace: 61147K-&gt;61147K(1105920K)], 0.2116663 secs] [Times: user=0.20 sys=0.00, real=0.22 secs] 
[Full GC (Allocation Failure) [CMS: 34175K-&gt;34175K(34176K), 0.3106679 secs] 49525K-&gt;37469K(49536K), [Metaspace: 61147K-&gt;61147K(1105920K)], 0.3108539 secs] [Times: user=0.24 sys=0.01, real=0.31 secs] 
[GC (CMS Initial Mark) [1 CMS-initial-mark: 34175K(34176K)] 39344K(49536K), 0.0038498 secs] [Times: user=0.01 sys=0.00, real=0.00 secs] 
<writer thread='11267'/>
[CMS-concurrent-mark-start]
<writer thread='11779'/>
[Full GC (Allocation Failure) [CMS
<writer thread='11267'/>
[CMS-concurrent-mark: 0.188/0.190 secs] [Times: user=0.16 sys=0.01, real=0.20 secs] 
<writer thread='11779'/>
 (concurrent mode failure): 34175K-&gt;34175K(34176K), 0.4017244 secs] 49535K-&gt;37376K(49536K), [Metaspace: 61147K-&gt;61147K(1105920K)], 0.4018885 secs] [Times: user=0.33 sys=0.01, real=0.40 secs] 
[Full GC (Allocation Failure) [CMS: 34176K-&gt;34175K(34176K), 0.4155283 secs] 49535K-&gt;37243K(49536K), [Metaspace: 61147K-&gt;61147K(1105920K)], 0.4157130 secs] [Times: user=0.33 sys=0.01, real=0.42 secs] 
[GC (CMS Initial Mark) [1 CMS-initial-mark: 34175K(34176K)] 41050K(49536K), 0.0059236 secs] [Times: user=0.02 sys=0.00, real=0.00 secs] 
<writer thread='11267'/>
[CMS-concurrent-mark-start]
<writer thread='11779'/>
[Full GC (Allocation Failure) [CMS
<writer thread='11267'/>
[CMS-concurrent-mark: 0.105/0.120 secs] [Times: user=0.13 sys=0.01, real=0.12 secs] 
<writer thread='11779'/>
 (concurrent mode failure): 34175K-&gt;34175K(34176K), 0.2503148 secs] 49535K-&gt;37366K(49536K), [Metaspace: 61147K-&gt;61147K(1105920K)], 0.2510450 secs] [Times: user=0.23 sys=0.00, real=0.25 secs] 
[Full GC (Allocation Failure) [CMS: 34175K-&gt;34175K(34176K), 0.1498570 secs] 49502K-&gt;37637K(49536K), [Metaspace: 61147K-&gt;61147K(1105920K)], 0.1500056 secs] [Times: user=0.15 sys=0.00, real=0.15 secs] 
[GC (CMS Initial Mark) [1 CMS-initial-mark: 34175K(34176K)] 37973K(49536K), 0.0030383 secs] [Times: user=0.01 sys=0.00, real=0.00 secs] 
<writer thread='11267'/>
[CMS-concurrent-mark-start]
<writer thread='11779'/>
[Full GC (Allocation Failure) [CMS
<writer thread='11267'/>
[CMS-concurrent-mark: 0.062/0.064 secs] [Times: user=0.10 sys=0.00, real=0.07 secs] 
<writer thread='11779'/>
 (concurrent mode failure): 34175K-&gt;34175K(34176K), 0.1909277 secs] 49531K-&gt;37316K(49536K), [Metaspace: 61147K-&gt;61147K(1105920K)], 0.1910691 secs] [Times: user=0.18 sys=0.01, real=0.19 secs] 
[Full GC (Allocation Failure) [CMS: 34176K-&gt;34175K(34176K), 0.2962277 secs] 49535K-&gt;37377K(49536K), [Metaspace: 61149K-&gt;61149K(1105920K)], 0.2963714 secs] [Times: user=0.28 sys=0.01, real=0.30 secs] 
[GC (CMS Initial Mark) [1 CMS-initial-mark: 34175K(34176K)] 37665K(49536K), 0.0031956 secs] [Times: user=0.00 sys=0.00, real=0.00 secs] 
<writer thread='11267'/>
[CMS-concurrent-mark-start]
<writer thread='11779'/>
[Full GC (Allocation Failure) [CMS
<writer thread='11267'/>
[CMS-concurrent-mark: 0.078/0.079 secs] [Times: user=0.14 sys=0.01, real=0.08 secs] 
<writer thread='11779'/>
 (concurrent mode failure): 34175K-&gt;34176K(34176K), 0.3178585 secs] 49535K-&gt;37221K(49536K), [Metaspace: 61149K-&gt;61149K(1105920K)], 0.3183541 secs] [Times: user=0.29 sys=0.00, real=0.31 secs] 
[Full GC (Allocation Failure) [CMS: 34176K-&gt;34175K(34176K), 0.3944669 secs] 49536K-&gt;37239K(49536K), [Metaspace: 61149K-&gt;61149K(1105920K)], 0.3947626 secs] [Times: user=0.32 sys=0.01, real=0.40 secs] 
[GC (CMS Initial Mark) [1 CMS-initial-mark: 34175K(34176K)] 47871K(49536K), 0.0219000 secs] [Times: user=0.03 sys=0.00, real=0.02 secs] 
<writer thread='11267'/>
[CMS-concurrent-mark-start]
<writer thread='11779'/>
[Full GC (Allocation Failure) [CMS
<writer thread='11267'/>
[CMS-concurrent-mark: 0.069/0.081 secs] [Times: user=0.09 sys=0.00, real=0.08 secs] 
<writer thread='11779'/>
 (concurrent mode failure): 34176K-&gt;34175K(34176K), 0.2290030 secs] 49536K-&gt;37280K(49536K), [Metaspace: 61149K-&gt;61149K(1105920K)], 0.2298178 secs] [Times: user=0.22 sys=0.00, real=0.23 secs] 
[Full GC (Allocation Failure) [CMS: 34175K-&gt;34175K(34176K), 0.1915365 secs] 49528K-&gt;37393K(49536K), [Metaspace: 61149K-&gt;61149K(1105920K)], 0.1917664 secs] [Times: user=0.17 sys=0.01, real=0.19 secs] 
[GC (CMS Initial Mark) [1 CMS-initial-mark: 34175K(34176K)] 37975K(49536K), 0.0039235 secs] [Times: user=0.01 sys=0.00, real=0.01 secs] 
<writer thread='11267'/>
[CMS-concurrent-mark-start]
<writer thread='11779'/>
[Full GC (Allocation Failure) [CMS
<writer thread='11267'/>
[CMS-concurrent-mark: 0.174/0.178 secs] [Times: user=0.24 sys=0.01, real=0.18 secs] 
<writer thread='11779'/>
 (concurrent mode failure): 34175K-&gt;34175K(34176K), 0.2694679 secs] 49535K-&gt;37359K(49536K), [Metaspace: 61149K-&gt;61149K(1105920K)], 0.2700695 secs] [Times: user=0.27 sys=0.01, real=0.27 secs] 
[Full GC (Allocation Failure) [CMS: 34175K-&gt;34176K(34176K), 0.1592989 secs] 49535K-&gt;37446K(49536K), [Metaspace: 61149K-&gt;61149K(1105920K)], 0.1594784 secs] [Times: user=0.16 sys=0.00, real=0.16 secs] 
[GC (CMS Initial Mark) [1 CMS-initial-mark: 34176K(34176K)] 48825K(49536K), 0.0098731 secs] [Times: user=0.02 sys=0.00, real=0.01 secs] 
<writer thread='11267'/>
[CMS-concurrent-mark-start]
<writer thread='11779'/>
[Full GC (Allocation Failure) [CMS
<writer thread='11267'/>
[CMS-concurrent-mark: 0.119/0.121 secs] [Times: user=0.13 sys=0.00, real=0.12 secs] 
<writer thread='11779'/>
 (concurrent mode failure): 34176K-&gt;34176K(34176K), 0.3977217 secs] 49535K-&gt;37336K(49536K), [Metaspace: 61149K-&gt;61149K(1105920K)], 0.3979596 secs] [Times: user=0.34 sys=0.01, real=0.40 secs] 
[Full GC (Allocation Failure) [CMS: 34176K-&gt;34175K(34176K), 0.1636081 secs] 49532K-&gt;37221K(49536K), [Metaspace: 61149K-&gt;61149K(1105920K)], 0.1637663 secs] [Times: user=0.15 sys=0.01, real=0.17 secs] 
[GC (CMS Initial Mark) [1 CMS-initial-mark: 34175K(34176K)] 47858K(49536K), 0.0049462 secs] [Times: user=0.02 sys=0.00, real=0.01 secs] 
<writer thread='11267'/>
[CMS-concurrent-mark-start]
<writer thread='11779'/>
[Full GC (Allocation Failure) [CMS
<writer thread='11267'/>
[CMS-concurrent-mark: 0.064/0.067 secs] [Times: user=0.09 sys=0.01, real=0.06 secs] 
<writer thread='11779'/>
 (concurrent mode failure): 34175K-&gt;34176K(34176K), 0.2023337 secs] 49534K-&gt;37517K(49536K), [Metaspace: 61149K-&gt;61149K(1105920K)], 0.2025281 secs] [Times: user=0.20 sys=0.01, real=0.20 secs] 
[Full GC (Allocation Failure) [CMS: 34176K-&gt;34175K(34176K), 0.3087650 secs] 49524K-&gt;37276K(49536K), [Metaspace: 61149K-&gt;61149K(1105920K)], 0.3089511 secs] [Times: user=0.25 sys=0.01, real=0.30 secs] 
[GC (CMS Initial Mark) [1 CMS-initial-mark: 34175K(34176K)] 44225K(49536K), 0.0050440 secs] [Times: user=0.02 sys=0.00, real=0.00 secs] 
<writer thread='11267'/>
[CMS-concurrent-mark-start]
<writer thread='11779'/>
[Full GC (Allocation Failure) [CMS
<writer thread='11267'/>
[CMS-concurrent-mark: 0.064/0.066 secs] [Times: user=0.11 sys=0.00, real=0.07 secs] 
<writer thread='11779'/>
 (concurrent mode failure): 34175K-&gt;34175K(34176K), 0.4164798 secs] 49528K-&gt;37270K(49536K), [Metaspace: 61149K-&gt;61149K(1105920K)], 0.4166605 secs] [Times: user=0.39 sys=0.01, real=0.41 secs] 
[Full GC (Allocation Failure) [CMS: 34175K-&gt;34175K(34176K), 0.1554097 secs] 49535K-&gt;37374K(49536K), [Metaspace: 61149K-&gt;61149K(1105920K)], 0.1556119 secs] [Times: user=0.17 sys=0.00, real=0.16 secs] 
[GC (CMS Initial Mark) [1 CMS-initial-mark: 34175K(34176K)] 37796K(49536K), 0.0030492 secs] [Times: user=0.01 sys=0.00, real=0.00 secs] 
<writer thread='11267'/>
[CMS-concurrent-mark-start]
<writer thread='11779'/>
[Full GC (Allocation Failure) [CMS
<writer thread='11267'/>
[CMS-concurrent-mark: 0.063/0.065 secs] [Times: user=0.14 sys=0.00, real=0.07 secs] 
<writer thread='11779'/>
 (concurrent mode failure): 34175K-&gt;34175K(34176K), 0.3296508 secs] 49535K-&gt;37377K(49536K), [Metaspace: 61149K-&gt;61149K(1105920K)], 0.3298272 secs] [Times: user=0.30 sys=0.01, real=0.33 secs] 
[Full GC (Allocation Failure) [CMS: 34175K-&gt;34175K(34176K), 0.1650637 secs] 49535K-&gt;37279K(49536K), [Metaspace: 61149K-&gt;61149K(1105920K)], 0.1652639 secs] [Times: user=0.25 sys=0.01, real=0.17 secs] 
[GC (CMS Initial Mark) [1 CMS-initial-mark: 34175K(34176K)] 37344K(49536K), 0.0030213 secs] [Times: user=0.01 sys=0.00, real=0.00 secs] 
<writer thread='11267'/>
[CMS-concurrent-mark-start]
<writer thread='11779'/>
[Full GC (Allocation Failure) [CMS
<writer thread='11267'/>
[CMS-concurrent-mark: 0.061/0.063 secs] [Times: user=0.12 sys=0.01, real=0.06 secs] 
<writer thread='11779'/>
 (concurrent mode failure): 34175K-&gt;34175K(34176K), 0.1875061 secs] 49535K-&gt;37329K(49536K), [Metaspace: 61149K-&gt;61149K(1105920K)], 0.1876518 secs] [Times: user=0.17 sys=0.00, real=0.18 secs] 
[Full GC (Allocation Failure) [CMS: 34175K-&gt;34175K(34176K), 0.1474853 secs] 49530K-&gt;37247K(49536K), [Metaspace: 61149K-&gt;61149K(1105920K)], 0.1476452 secs] [Times: user=0.14 sys=0.01, real=0.15 secs] 
[GC (CMS Initial Mark) [1 CMS-initial-mark: 34175K(34176K)] 37575K(49536K), 0.0034570 secs] [Times: user=0.00 sys=0.00, real=0.01 secs] 
<writer thread='11267'/>
[CMS-concurrent-mark-start]
<writer thread='11779'/>
[Full GC (Allocation Failure) [CMS
<writer thread='11267'/>
[CMS-concurrent-mark: 0.068/0.071 secs] [Times: user=0.13 sys=0.00, real=0.07 secs] 
<writer thread='11779'/>
 (concurrent mode failure): 34175K-&gt;34175K(34176K), 0.2165578 secs] 49508K-&gt;37367K(49536K), [Metaspace: 61149K-&gt;61149K(1105920K)], 0.2167569 secs] [Times: user=0.20 sys=0.01, real=0.22 secs] 
[Full GC (Allocation Failure) [CMS: 34175K-&gt;34175K(34176K), 0.1549919 secs] 49530K-&gt;37243K(49536K), [Metaspace: 61149K-&gt;61149K(1105920K)], 0.1551671 secs] [Times: user=0.15 sys=0.00, real=0.15 secs] 
[GC (CMS Initial Mark) [1 CMS-initial-mark: 34175K(34176K)] 37671K(49536K), 0.0030708 secs] [Times: user=0.01 sys=0.00, real=0.01 secs] 
<writer thread='11267'/>
[CMS-concurrent-mark-start]
<writer thread='11779'/>
[Full GC (Allocation Failure) [CMS
<writer thread='11267'/>
[CMS-concurrent-mark: 0.061/0.062 secs] [Times: user=0.11 sys=0.00, real=0.06 secs] 
<writer thread='11779'/>
 (concurrent mode failure): 34175K-&gt;34175K(34176K), 0.1946705 secs] 49523K-&gt;37327K(49536K), [Metaspace: 61149K-&gt;61149K(1105920K)], 0.1948361 secs] [Times: user=0.18 sys=0.00, real=0.19 secs] 
[Full GC (Allocation Failure) [CMS: 34175K-&gt;34175K(34176K), 0.1459115 secs] 49529K-&gt;37386K(49536K), [Metaspace: 61149K-&gt;61149K(1105920K)], 0.1460522 secs] [Times: user=0.15 sys=0.00, real=0.15 secs] 
[GC (CMS Initial Mark) [1 CMS-initial-mark: 34175K(34176K)] 37529K(49536K), 0.0026673 secs] [Times: user=0.00 sys=0.00, real=0.00 secs] 
<writer thread='11267'/>
[CMS-concurrent-mark-start]
<writer thread='11779'/>
[Full GC (Allocation Failure) [CMS
<writer thread='11267'/>
[CMS-concurrent-mark: 0.061/0.063 secs] [Times: user=0.11 sys=0.00, real=0.06 secs] 
<writer thread='11779'/>
 (concurrent mode failure): 34175K-&gt;34176K(34176K), 0.1853217 secs] 49535K-&gt;37313K(49536K), [Metaspace: 61149K-&gt;61149K(1105920K)], 0.1854682 secs] [Times: user=0.17 sys=0.01, real=0.19 secs] 
[Full GC (Allocation Failure) [CMS: 34176K-&gt;34175K(34176K), 0.1452741 secs] 49531K-&gt;37295K(49536K), [Metaspace: 61149K-&gt;61149K(1105920K)], 0.1454189 secs] [Times: user=0.14 sys=0.01, real=0.14 secs] 
[GC (CMS Initial Mark) [1 CMS-initial-mark: 34175K(34176K)] 37505K(49536K), 0.0027513 secs] [Times: user=0.01 sys=0.00, real=0.01 secs] 
<writer thread='11267'/>
[CMS-concurrent-mark-start]
<writer thread='11779'/>
[Full GC (Allocation Failure) [CMS
<writer thread='11267'/>
[CMS-concurrent-mark: 0.081/0.083 secs] [Times: user=0.26 sys=0.01, real=0.08 secs] 
<writer thread='11779'/>
 (concurrent mode failure): 34175K-&gt;34175K(34176K), 0.1622098 secs] 49520K-&gt;37336K(49536K), [Metaspace: 61149K-&gt;61149K(1105920K)], 0.1623740 secs] [Times: user=0.17 sys=0.00, real=0.16 secs] 
[Full GC (Allocation Failure) [CMS: 34175K-&gt;34175K(34176K), 0.1606591 secs] 49535K-&gt;37240K(49536K), [Metaspace: 61150K-&gt;61150K(1105920K)], 0.1608483 secs] [Times: user=0.16 sys=0.01, real=0.17 secs] 
[GC (CMS Initial Mark) [1 CMS-initial-mark: 34175K(34176K)] 49296K(49536K), 0.0095188 secs] [Times: user=0.02 sys=0.01, real=0.01 secs] 
<writer thread='11267'/>
[CMS-concurrent-mark-start]
<writer thread='11779'/>
[Full GC (Allocation Failure) [CMS
<writer thread='11267'/>
[CMS-concurrent-mark: 0.092/0.095 secs] [Times: user=0.21 sys=0.00, real=0.09 secs] 
<writer thread='11779'/>
 (concurrent mode failure): 34175K-&gt;34175K(34176K), 0.3650542 secs] 49535K-&gt;37364K(49536K), [Metaspace: 61150K-&gt;61150K(1105920K)], 0.3652486 secs] [Times: user=0.40 sys=0.01, real=0.37 secs] 
[Full GC (Allocation Failure) [CMS: 34176K-&gt;34176K(34176K), 0.1515280 secs] 49535K-&gt;37517K(49536K), [Metaspace: 61150K-&gt;61150K(1105920K)], 0.1517161 secs] [Times: user=0.27 sys=0.00, real=0.15 secs] 
[GC (CMS Initial Mark) [1 CMS-initial-mark: 34176K(34176K)] 40653K(49536K), 0.0039813 secs] [Times: user=0.01 sys=0.00, real=0.00 secs] 
<writer thread='11267'/>
[CMS-concurrent-mark-start]
<writer thread='11779'/>
[Full GC (Allocation Failure) [CMS
<writer thread='11267'/>
[CMS-concurrent-mark: 0.060/0.062 secs] [Times: user=0.10 sys=0.01, real=0.06 secs] 
<writer thread='11779'/>
 (concurrent mode failure): 34176K-&gt;34175K(34176K), 0.1984045 secs] 49531K-&gt;37367K(49536K), [Metaspace: 61150K-&gt;61150K(1105920K)], 0.1985495 secs] [Times: user=0.18 sys=0.00, real=0.20 secs] 
[Full GC (Allocation Failure) [CMS: 34175K-&gt;34175K(34176K), 0.1577923 secs] 49526K-&gt;37268K(49536K), [Metaspace: 61150K-&gt;61150K(1105920K)], 0.1579907 secs] [Times: user=0.15 sys=0.00, real=0.16 secs] 
[GC (CMS Initial Mark) [1 CMS-initial-mark: 34175K(34176K)] 37522K(49536K), 0.0033987 secs] [Times: user=0.00 sys=0.00, real=0.00 secs] 
<writer thread='11267'/>
[CMS-concurrent-mark-start]
<writer thread='11779'/>
[Full GC (Allocation Failure) [CMS
<writer thread='11267'/>
[CMS-concurrent-mark: 0.064/0.066 secs] [Times: user=0.14 sys=0.01, real=0.06 secs] 
<writer thread='11779'/>
 (concurrent mode failure): 34175K-&gt;34175K(34176K), 0.1885233 secs] 49528K-&gt;37365K(49536K), [Metaspace: 61150K-&gt;61150K(1105920K)], 0.1887849 secs] [Times: user=0.18 sys=0.00, real=0.19 secs] 
[Full GC (Allocation Failure) [CMS: 34175K-&gt;34175K(34176K), 0.1552841 secs] 49529K-&gt;37196K(49536K), [Metaspace: 61150K-&gt;61150K(1105920K)], 0.1554909 secs] [Times: user=0.30 sys=0.00, real=0.16 secs] 
[GC (CMS Initial Mark) [1 CMS-initial-mark: 34175K(34176K)] 37312K(49536K), 0.0032065 secs] [Times: user=0.01 sys=0.00, real=0.00 secs] 
<writer thread='11267'/>
[CMS-concurrent-mark-start]
<writer thread='11779'/>
[Full GC (Allocation Failure) [CMS
<writer thread='11267'/>
[CMS-concurrent-mark: 0.068/0.070 secs] [Times: user=0.16 sys=0.01, real=0.07 secs] 
<writer thread='11779'/>
 (concurrent mode failure): 34175K-&gt;34175K(34176K), 0.1966584 secs] 49532K-&gt;37291K(49536K), [Metaspace: 61150K-&gt;61150K(1105920K)], 0.1968597 secs] [Times: user=0.36 sys=0.01, real=0.19 secs] 
[Full GC (Allocation Failure) [CMS: 34175K-&gt;34176K(34176K), 0.1578834 secs] 49534K-&gt;37345K(49536K), [Metaspace: 61150K-&gt;61150K(1105920K)], 0.1584705 secs] [Times: user=0.21 sys=0.00, real=0.16 secs] 
[GC (CMS Initial Mark) [1 CMS-initial-mark: 34176K(34176K)] 47872K(49536K), 0.0073203 secs] [Times: user=0.02 sys=0.00, real=0.00 secs] 
<writer thread='11267'/>
[CMS-concurrent-mark-start]
<writer thread='11779'/>
[Full GC (Allocation Failure) [CMS
<writer thread='11267'/>
[CMS-concurrent-mark: 0.063/0.068 secs] [Times: user=0.11 sys=0.00, real=0.07 secs] 
<writer thread='11779'/>
 (concurrent mode failure): 34176K-&gt;34176K(34176K), 0.2231986 secs] 49528K-&gt;37482K(49536K), [Metaspace: 61150K-&gt;61150K(1105920K)], 0.2234430 secs] [Times: user=0.22 sys=0.00, real=0.22 secs] 
[Full GC (Allocation Failure) [CMS: 34176K-&gt;34176K(34176K), 0.1690670 secs] 49535K-&gt;37334K(49536K), [Metaspace: 61150K-&gt;61150K(1105920K)], 0.1692550 secs] [Times: user=0.18 sys=0.00, real=0.17 secs] 
[GC (CMS Initial Mark) [1 CMS-initial-mark: 34176K(34176K)] 47872K(49536K), 0.0102689 secs] [Times: user=0.02 sys=0.00, real=0.01 secs] 
<writer thread='11267'/>
[CMS-concurrent-mark-start]
<writer thread='11779'/>
[Full GC (Allocation Failure) [CMS
<writer thread='11267'/>
[CMS-concurrent-mark: 0.074/0.075 secs] [Times: user=0.16 sys=0.01, real=0.07 secs] 
<writer thread='11779'/>
 (concurrent mode failure): 34176K-&gt;34175K(34176K), 0.2197790 secs] 49535K-&gt;37232K(49536K), [Metaspace: 61150K-&gt;61150K(1105920K)], 0.2199799 secs] [Times: user=0.41 sys=0.00, real=0.22 secs] 
[Full GC (Allocation Failure) [CMS: 34175K-&gt;34175K(34176K), 0.1542748 secs] 49533K-&gt;37280K(49536K), [Metaspace: 61150K-&gt;61150K(1105920K)], 0.1544771 secs] [Times: user=0.20 sys=0.00, real=0.15 secs] 
[GC (CMS Initial Mark) [1 CMS-initial-mark: 34175K(34176K)] 37465K(49536K), 0.0031140 secs] [Times: user=0.01 sys=0.00, real=0.01 secs] 
<writer thread='11267'/>
[CMS-concurrent-mark-start]
<writer thread='11779'/>
[Full GC (Allocation Failure) [CMS
<writer thread='11267'/>
[CMS-concurrent-mark: 0.064/0.069 secs] [Times: user=0.14 sys=0.01, real=0.07 secs] 
<writer thread='11779'/>
 (concurrent mode failure): 34175K-&gt;34176K(34176K), 0.1848511 secs] 49535K-&gt;37484K(49536K), [Metaspace: 61151K-&gt;61151K(1105920K)], 0.1851338 secs] [Times: user=0.18 sys=0.01, real=0.19 secs] 
[Full GC (Allocation Failure) [CMS: 34176K-&gt;34175K(34176K), 0.1506315 secs] 49535K-&gt;37206K(49536K), [Metaspace: 61151K-&gt;61151K(1105920K)], 0.1508205 secs] [Times: user=0.15 sys=0.01, real=0.15 secs] 
[GC (CMS Initial Mark) [1 CMS-initial-mark: 34175K(34176K)] 47728K(49536K), 0.0069771 secs] [Times: user=0.03 sys=0.00, real=0.01 secs] 
<writer thread='11267'/>
[CMS-concurrent-mark-start]
<writer thread='11779'/>
[Full GC (Allocation Failure) [CMS
<writer thread='11267'/>
[CMS-concurrent-mark: 0.054/0.061 secs] [Times: user=0.06 sys=0.00, real=0.06 secs] 
<writer thread='11779'/>
 (concurrent mode failure): 34175K-&gt;34176K(34176K), 0.2156383 secs] 49535K-&gt;37310K(49536K), [Metaspace: 61152K-&gt;61152K(1105920K)], 0.2158144 secs] [Times: user=0.21 sys=0.01, real=0.21 secs] 
[Full GC (Allocation Failure) [CMS: 34176K-&gt;34175K(34176K), 0.1571575 secs] 49535K-&gt;37344K(49536K), [Metaspace: 61152K-&gt;61152K(1105920K)], 0.1573353 secs] [Times: user=0.14 sys=0.00, real=0.15 secs] 
[GC (CMS Initial Mark) [1 CMS-initial-mark: 34175K(34176K)] 42794K(49536K), 0.0054588 secs] [Times: user=0.01 sys=0.00, real=0.01 secs] 
<writer thread='11267'/>
[CMS-concurrent-mark-start]
<writer thread='11779'/>
[Full GC (Allocation Failure) [CMS
<writer thread='11267'/>
[CMS-concurrent-mark: 0.066/0.069 secs] [Times: user=0.10 sys=0.00, real=0.07 secs] 
<writer thread='11779'/>
 (concurrent mode failure): 34175K-&gt;34175K(34176K), 0.2121296 secs] 49535K-&gt;37319K(49536K), [Metaspace: 61152K-&gt;61152K(1105920K)], 0.2123491 secs] [Times: user=0.21 sys=0.01, real=0.21 secs] 
[Full GC (Allocation Failure) [CMS: 34175K-&gt;34176K(34176K), 0.1529631 secs] 49530K-&gt;37400K(49536K), [Metaspace: 61152K-&gt;61152K(1105920K)], 0.1531043 secs] [Times: user=0.15 sys=0.01, real=0.15 secs] 
[GC (CMS Initial Mark) [1 CMS-initial-mark: 34176K(34176K)] 37620K(49536K), 0.0030340 secs] [Times: user=0.01 sys=0.00, real=0.01 secs] 
<writer thread='11267'/>
[CMS-concurrent-mark-start]
<writer thread='11779'/>
[Full GC (Allocation Failure) [CMS
<writer thread='11267'/>
[CMS-concurrent-mark: 0.068/0.070 secs] [Times: user=0.16 sys=0.01, real=0.07 secs] 
<writer thread='11779'/>
 (concurrent mode failure): 34176K-&gt;34175K(34176K), 0.1856485 secs] 49526K-&gt;37431K(49536K), [Metaspace: 61152K-&gt;61152K(1105920K)], 0.1858504 secs] [Times: user=0.20 sys=0.01, real=0.19 secs] 
[Full GC (Allocation Failure) [CMS: 34175K-&gt;34175K(34176K), 0.1507647 secs] 49535K-&gt;37383K(49536K), [Metaspace: 61152K-&gt;61152K(1105920K)], 0.1509826 secs] [Times: user=0.15 sys=0.00, real=0.15 secs] 
[GC (CMS Initial Mark) [1 CMS-initial-mark: 34175K(34176K)] 37628K(49536K), 0.0031651 secs] [Times: user=0.00 sys=0.00, real=0.00 secs] 
<writer thread='11267'/>
[CMS-concurrent-mark-start]
<writer thread='11779'/>
[Full GC (Allocation Failure) [CMS
<writer thread='11267'/>
[CMS-concurrent-mark: 0.073/0.075 secs] [Times: user=0.13 sys=0.01, real=0.08 secs] 
<writer thread='11779'/>
 (concurrent mode failure): 34175K-&gt;34175K(34176K), 0.2007650 secs] 49535K-&gt;37280K(49536K), [Metaspace: 61152K-&gt;61152K(1105920K)], 0.2009466 secs] [Times: user=0.20 sys=0.00, real=0.20 secs] 
[Full GC (Allocation Failure) [CMS: 34175K-&gt;34175K(34176K), 0.1549559 secs] 49535K-&gt;37341K(49536K), [Metaspace: 61152K-&gt;61152K(1105920K)], 0.1555480 secs] [Times: user=0.16 sys=0.00, real=0.16 secs] 
[GC (CMS Initial Mark) [1 CMS-initial-mark: 34175K(34176K)] 37583K(49536K), 0.0025856 secs] [Times: user=0.01 sys=0.00, real=0.00 secs] 
<writer thread='11267'/>
[CMS-concurrent-mark-start]
<writer thread='11779'/>
[Full GC (Allocation Failure) [CMS
<writer thread='11267'/>
[CMS-concurrent-mark: 0.071/0.073 secs] [Times: user=0.18 sys=0.01, real=0.08 secs] 
<writer thread='11779'/>
 (concurrent mode failure): 34175K-&gt;34175K(34176K), 0.1728653 secs] 49535K-&gt;37264K(49536K), [Metaspace: 61152K-&gt;61152K(1105920K)], 0.1730063 secs] [Times: user=0.17 sys=0.01, real=0.17 secs] 
[Full GC (Allocation Failure) [CMS: 34175K-&gt;34175K(34176K), 0.3112537 secs] 49535K-&gt;37248K(49536K), [Metaspace: 61152K-&gt;61152K(1105920K)], 0.3114241 secs] [Times: user=0.28 sys=0.01, real=0.31 secs] 
[GC (CMS Initial Mark) [1 CMS-initial-mark: 34175K(34176K)] 37450K(49536K), 0.0055587 secs] [Times: user=0.01 sys=0.00, real=0.01 secs] 
<writer thread='11267'/>
[CMS-concurrent-mark-start]
<writer thread='11779'/>
[Full GC (Allocation Failure) [CMS
<writer thread='11267'/>
[CMS-concurrent-mark: 0.060/0.065 secs] [Times: user=0.13 sys=0.01, real=0.07 secs] 
<writer thread='11779'/>
 (concurrent mode failure): 34175K-&gt;34175K(34176K), 0.2115877 secs] 49535K-&gt;37448K(49536K), [Metaspace: 61152K-&gt;61152K(1105920K)], 0.2118661 secs] [Times: user=0.20 sys=0.00, real=0.21 secs] 
[Full GC (Allocation Failure) [CMS: 34175K-&gt;34175K(34176K), 0.2287996 secs] 49533K-&gt;37223K(49536K), [Metaspace: 61153K-&gt;61153K(1105920K)], 0.2289863 secs] [Times: user=0.21 sys=0.00, real=0.23 secs] 
[GC (CMS Initial Mark) [1 CMS-initial-mark: 34175K(34176K)] 38071K(49536K), 0.0035928 secs] [Times: user=0.00 sys=0.00, real=0.00 secs] 
<writer thread='11267'/>
[CMS-concurrent-mark-start]
<writer thread='11779'/>
[Full GC (Allocation Failure) [CMS
<writer thread='11267'/>
[CMS-concurrent-mark: 0.067/0.071 secs] [Times: user=0.12 sys=0.01, real=0.07 secs] 
<writer thread='11779'/>
 (concurrent mode failure): 34175K-&gt;34175K(34176K), 0.1966469 secs] 49532K-&gt;37274K(49536K), [Metaspace: 61153K-&gt;61153K(1105920K)], 0.1969116 secs] [Times: user=0.19 sys=0.00, real=0.19 secs] 
[Full GC (Allocation Failure) [CMS: 34175K-&gt;34175K(34176K), 0.3280393 secs] 49535K-&gt;37124K(49536K), [Metaspace: 61153K-&gt;61153K(1105920K)], 0.3282297 secs] [Times: user=0.28 sys=0.01, real=0.33 secs] 
[GC (CMS Initial Mark) [1 CMS-initial-mark: 34175K(34176K)] 37326K(49536K), 0.0063759 secs] [Times: user=0.01 sys=0.00, real=0.01 secs] 
<writer thread='11267'/>
[CMS-concurrent-mark-start]
<writer thread='11779'/>
[Full GC (Allocation Failure) [CMS
<writer thread='11267'/>
[CMS-concurrent-mark: 0.104/0.110 secs] [Times: user=0.17 sys=0.01, real=0.11 secs] 
<writer thread='11779'/>
 (concurrent mode failure): 34175K-&gt;34175K(34176K), 0.2077329 secs] 49535K-&gt;37133K(49536K), [Metaspace: 61153K-&gt;61153K(1105920K)], 0.2080489 secs] [Times: user=0.20 sys=0.01, real=0.21 secs] 
[Full GC (Allocation Failure) [CMS: 34175K-&gt;34175K(34176K), 0.1532110 secs] 49535K-&gt;36985K(49536K), [Metaspace: 61159K-&gt;61159K(1105920K)], 0.1533780 secs] [Times: user=0.14 sys=0.00, real=0.16 secs] 
[GC (CMS Initial Mark) [1 CMS-initial-mark: 34175K(34176K)] 37025K(49536K), 0.0026991 secs] [Times: user=0.01 sys=0.00, real=0.00 secs] 
<writer thread='11267'/>
[CMS-concurrent-mark-start]
<writer thread='11779'/>
[Full GC (Allocation Failure) [CMS
<writer thread='11267'/>
[CMS-concurrent-mark: 0.073/0.078 secs] [Times: user=0.12 sys=0.01, real=0.08 secs] 
<writer thread='11779'/>
 (concurrent mode failure): 34175K-&gt;34175K(34176K), 0.2790619 secs] 49530K-&gt;37153K(49536K), [Metaspace: 61159K-&gt;61159K(1105920K)], 0.2795066 secs] [Times: user=0.26 sys=0.01, real=0.28 secs] 
[Full GC (Allocation Failure) [CMS: 34175K-&gt;34176K(34176K), 0.1475618 secs] 49528K-&gt;37152K(49536K), [Metaspace: 61161K-&gt;61161K(1105920K)], 0.1477072 secs] [Times: user=0.15 sys=0.00, real=0.15 secs] 
[GC (CMS Initial Mark) [1 CMS-initial-mark: 34176K(34176K)] 37287K(49536K), 0.0029645 secs] [Times: user=0.00 sys=0.00, real=0.00 secs] 
<writer thread='11267'/>
[CMS-concurrent-mark-start]
<writer thread='11779'/>
[Full GC (System.gc()) [CMS
<writer thread='11267'/>
[CMS-concurrent-mark: 0.060/0.062 secs] [Times: user=0.08 sys=0.00, real=0.06 secs] 
<writer thread='11779'/>
 (concurrent mode interrupted): 34176K-&gt;34174K(34176K), 0.1991763 secs] 40535K-&gt;35315K(49536K), [Metaspace: 61164K-&gt;61164K(1105920K)], 0.1993481 secs] [Times: user=0.19 sys=0.01, real=0.20 secs] 
[Full GC (Allocation Failure) [CMS: 34176K-&gt;32464K(34176K), 0.1519601 secs] 49536K-&gt;32464K(49536K), [Metaspace: 61169K-&gt;61169K(1105920K)], 0.1521131 secs] [Times: user=0.20 sys=0.01, real=0.15 secs] 
[GC (CMS Initial Mark) [1 CMS-initial-mark: 32464K(34176K)] 32482K(49536K), 0.0016655 secs] [Times: user=0.00 sys=0.00, real=0.00 secs] 
<writer thread='11267'/>
[CMS-concurrent-mark-start]
<writer thread='11779'/>
[GC (Allocation Failure) [ParNew: 13696K-&gt;351K(15360K), 0.0019078 secs] 46160K-&gt;32815K(49536K), 0.0020189 secs] [Times: user=0.01 sys=0.00, real=0.01 secs] 
[GC (Allocation Failure) [ParNew: 14047K-&gt;350K(15360K), 0.0025744 secs] 46511K-&gt;32814K(49536K), 0.0028509 secs] [Times: user=0.00 sys=0.00, real=0.01 secs] 
<writer thread='11267'/>
[CMS-concurrent-mark: 0.071/0.079 secs] [Times: user=0.24 sys=0.00, real=0.08 secs] 
[CMS-concurrent-preclean-start]
[CMS-concurrent-preclean: 0.001/0.001 secs] [Times: user=0.01 sys=0.00, real=0.00 secs] 
[CMS-concurrent-abortable-preclean-start]
<writer thread='11779'/>
[GC (Allocation Failure) [ParNew: 14046K-&gt;499K(15360K), 0.0023411 secs] 46510K-&gt;32963K(49536K), 0.0025126 secs] [Times: user=0.00 sys=0.00, real=0.01 secs] 
<writer thread='11267'/>
[CMS-concurrent-abortable-preclean: 0.034/0.038 secs] [Times: user=0.12 sys=0.01, real=0.03 secs] 
<writer thread='11779'/>
[GC (CMS Final Remark) [YG occupancy: 8426 K (15360 K)][Rescan (parallel) , 0.0061459 secs][weak refs processing, 0.0000172 secs][class unloading, 0.0151691 secs][scrub symbol table, 0.0107847 secs][scrub string table, 0.0008751 secs][1 CMS-remark: 32464K(34176K)] 40890K(49536K), 0.0339960 secs] [Times: user=0.05 sys=0.00, real=0.03 secs] 
<writer thread='11267'/>
[CMS-concurrent-sweep-start]
<writer thread='11779'/>
[GC (Allocation Failure) [ParNew: 14195K-&gt;683K(15360K), 0.0037348 secs] 46659K-&gt;33147K(49536K), 0.0039873 secs] [Times: user=0.00 sys=0.00, real=0.00 secs] 
<writer thread='11267'/>
[CMS-concurrent-sweep: 0.022/0.027 secs] [Times: user=0.07 sys=0.00, real=0.03 secs] 
[CMS-concurrent-reset-start]
[CMS-concurrent-reset: 0.000/0.000 secs] [Times: user=0.00 sys=0.00, real=0.00 secs] 
<writer thread='11779'/>
[GC (Allocation Failure) [ParNew: 14379K-&gt;756K(15360K), 0.0029491 secs] 46697K-&gt;33074K(49536K), 0.0030946 secs] [Times: user=0.00 sys=0.00, real=0.00 secs] 
[GC (CMS Initial Mark) [1 CMS-initial-mark: 32317K(34176K)] 33143K(49536K), 0.0079294 secs] [Times: user=0.01 sys=0.00, real=0.01 secs] 
<writer thread='11267'/>
[CMS-concurrent-mark-start]
<writer thread='11779'/>
[GC (Allocation Failure) [ParNew: 14452K-&gt;789K(15360K), 0.0034940 secs] 46770K-&gt;33107K(49536K), 0.0036505 secs] [Times: user=0.01 sys=0.00, real=0.01 secs] 
<writer thread='11267'/>
[CMS-concurrent-mark: 0.089/0.094 secs] [Times: user=0.26 sys=0.01, real=0.10 secs] 
[CMS-concurrent-preclean-start]
[CMS-concurrent-preclean: 0.001/0.001 secs] [Times: user=0.00 sys=0.00, real=0.00 secs] 
[CMS-concurrent-abortable-preclean-start]
<writer thread='11779'/>
[GC (Allocation Failure) [ParNew: 14485K-&gt;934K(15360K), 0.0053733 secs] 46803K-&gt;33447K(49536K), 0.0055566 secs] [Times: user=0.02 sys=0.00, real=0.01 secs] 
[GC (Allocation Failure) [ParNew: 14630K-&gt;1038K(15360K), 0.0041856 secs] 47143K-&gt;33648K(49536K), 0.0043587 secs] [Times: user=0.01 sys=0.00, real=0.01 secs] 
<writer thread='11267'/>
[CMS-concurrent-abortable-preclean: 0.040/0.086 secs] [Times: user=0.24 sys=0.01, real=0.08 secs] 
<writer thread='11779'/>
[GC (CMS Final Remark) [YG occupancy: 10104 K (15360 K)][Rescan (parallel) , 0.0045623 secs][weak refs processing, 0.0000184 secs][class unloading, 0.0164321 secs][scrub symbol table, 0.0153615 secs][scrub string table, 0.0008359 secs][1 CMS-remark: 32610K(34176K)] 42714K(49536K), 0.0382328 secs] [Times: user=0.05 sys=0.00, real=0.03 secs] 
<writer thread='11267'/>
[CMS-concurrent-sweep-start]
<writer thread='11779'/>
[GC (Allocation Failure) [ParNew: 14734K-&gt;648K(15360K), 0.0025271 secs] 47344K-&gt;33349K(49536K), 0.0026728 secs] [Times: user=0.00 sys=0.00, real=0.00 secs] 
<writer thread='11267'/>
[CMS-concurrent-sweep: 0.025/0.028 secs] [Times: user=0.08 sys=0.01, real=0.03 secs] 
[CMS-concurrent-reset-start]
[CMS-concurrent-reset: 0.000/0.000 secs] [Times: user=0.00 sys=0.00, real=0.00 secs] 
<writer thread='11779'/>
[GC (Allocation Failure) [ParNew: 14344K-&gt;794K(15360K), 0.0023930 secs] 46925K-&gt;33467K(49536K), 0.0025412 secs] [Times: user=0.01 sys=0.00, real=0.00 secs] 
[GC (CMS Initial Mark) [1 CMS-initial-mark: 32673K(34176K)] 33529K(49536K), 0.0023093 secs] [Times: user=0.00 sys=0.00, real=0.00 secs] 
<writer thread='11267'/>
[CMS-concurrent-mark-start]
<writer thread='11779'/>
[GC (Allocation Failure) [ParNew: 14490K-&gt;851K(15360K), 0.0037450 secs] 47163K-&gt;33620K(49536K), 0.0039238 secs] [Times: user=0.02 sys=0.00, real=0.00 secs] 
[GC (Allocation Failure) [ParNew: 14547K-&gt;857K(15360K), 0.0036115 secs] 47316K-&gt;33720K(49536K), 0.0037651 secs] [Times: user=0.01 sys=0.00, real=0.01 secs] 
[GC (Allocation Failure) [ParNew: 14553K-&gt;858K(15360K), 0.0065749 secs] 47416K-&gt;33815K(49536K), 0.0068640 secs] [Times: user=0.02 sys=0.00, real=0.00 secs] 
<writer thread='11267'/>
[CMS-concurrent-mark: 0.102/0.151 secs] [Times: user=0.45 sys=0.01, real=0.15 secs] 
[CMS-concurrent-preclean-start]
[CMS-concurrent-preclean: 0.001/0.001 secs] [Times: user=0.00 sys=0.00, real=0.00 secs] 
[CMS-concurrent-abortable-preclean-start]
<writer thread='11779'/>
[GC (Allocation Failure) [ParNew: 14554K-&gt;856K(15360K), 0.0028229 secs] 47511K-&gt;33907K(49536K), 0.0031204 secs] [Times: user=0.01 sys=0.00, real=0.00 secs] 
[GC (Allocation Failure) [ParNew: 14552K-&gt;705K(15360K), 0.0053185 secs] 47603K-&gt;33846K(49536K), 0.0055601 secs] [Times: user=0.01 sys=0.00, real=0.01 secs] 
<writer thread='11267'/>
[CMS-concurrent-abortable-preclean: 0.033/0.048 secs] [Times: user=0.14 sys=0.00, real=0.05 secs] 
<writer thread='11779'/>
[GC (CMS Final Remark) [YG occupancy: 6531 K (15360 K)][Rescan (parallel) , 0.0049894 secs][weak refs processing, 0.0000245 secs][class unloading, 0.0252977 secs][scrub symbol table, 0.0129963 secs][scrub string table, 0.0020123 secs][1 CMS-remark: 33140K(34176K)] 39672K(49536K), 0.0473811 secs] [Times: user=0.13 sys=0.00, real=0.05 secs] 
<writer thread='11267'/>
[CMS-concurrent-sweep-start]
<writer thread='11779'/>
[GC (Allocation Failure) [ParNew: 14401K-&gt;709K(15360K), 0.0046365 secs] 47542K-&gt;33940K(49536K), 0.0047840 secs] [Times: user=0.01 sys=0.00, real=0.01 secs] 
<writer thread='11267'/>
[CMS-concurrent-sweep: 0.020/0.025 secs] [Times: user=0.09 sys=0.00, real=0.02 secs] 
[CMS-concurrent-reset-start]
[CMS-concurrent-reset: 0.000/0.000 secs] [Times: user=0.00 sys=0.00, real=0.00 secs] 
<writer thread='11779'/>
[GC (Allocation Failure) [ParNew: 14405K-&gt;856K(15360K), 0.0024078 secs] 47467K-&gt;34008K(49536K), 0.0025240 secs] [Times: user=0.01 sys=0.00, real=0.00 secs] 
[GC (CMS Initial Mark) [1 CMS-initial-mark: 33151K(34176K)] 34175K(49536K), 0.0019886 secs] [Times: user=0.00 sys=0.00, real=0.00 secs] 
<writer thread='11267'/>
[CMS-concurrent-mark-start]
<writer thread='11779'/>
[GC (Allocation Failure) [ParNew: 14552K-&gt;844K(15360K), 0.0052359 secs] 47704K-&gt;34084K(49536K), 0.0055733 secs] [Times: user=0.01 sys=0.00, real=0.01 secs] 
[GC (Allocation Failure) [ParNew: 14540K-&gt;984K(15360K), 0.0024864 secs] 47780K-&gt;34315K(49536K), 0.0026049 secs] [Times: user=0.01 sys=0.00, real=0.01 secs] 
[GC (Allocation Failure) [ParNew: 14680K-&gt;797K(15360K), 0.0032381 secs] 48011K-&gt;34217K(49536K), 0.0035606 secs] [Times: user=0.01 sys=0.00, real=0.00 secs] 
<writer thread='11267'/>
[CMS-concurrent-mark: 0.088/0.104 secs] [Times: user=0.27 sys=0.00, real=0.11 secs] 
[CMS-concurrent-preclean-start]
[CMS-concurrent-preclean: 0.001/0.001 secs] [Times: user=0.01 sys=0.00, real=0.00 secs] 
[CMS-concurrent-abortable-preclean-start]
<writer thread='11779'/>
[GC (Allocation Failure) [ParNew: 14493K-&gt;642K(15360K), 0.0034195 secs] 47913K-&gt;34158K(49536K), 0.0035931 secs] [Times: user=0.01 sys=0.00, real=0.01 secs] 
[GC (Allocation Failure) [ParNew: 14338K-&gt;973K(15360K), 0.0024373 secs] 47854K-&gt;34576K(49536K), 0.0025528 secs] [Times: user=0.00 sys=0.00, real=0.00 secs] 
<writer thread='11267'/>
[CMS-concurrent-abortable-preclean: 0.034/0.071 secs] [Times: user=0.18 sys=0.01, real=0.07 secs] 
<writer thread='11779'/>
[GC (CMS Final Remark) [YG occupancy: 11418 K (15360 K)][Rescan (parallel) , 0.0054050 secs][weak refs processing, 0.0000132 secs][class unloading, 0.0164428 secs][scrub symbol table, 0.0141473 secs][scrub string table, 0.0009822 secs][1 CMS-remark: 33603K(34176K)] 45021K(49536K), 0.0380978 secs] [Times: user=0.05 sys=0.00, real=0.04 secs] 
<writer thread='11267'/>
[CMS-concurrent-sweep-start]
<writer thread='11779'/>
[GC (Allocation Failure) [ParNew: 14669K-&gt;705K(15360K), 0.0029704 secs] 48272K-&gt;34401K(49536K), 0.0030974 secs] [Times: user=0.01 sys=0.00, real=0.00 secs] 
<writer thread='11267'/>
[CMS-concurrent-sweep: 0.017/0.021 secs] [Times: user=0.06 sys=0.00, real=0.02 secs] 
[CMS-concurrent-reset-start]
[CMS-concurrent-reset: 0.000/0.000 secs] [Times: user=0.00 sys=0.01, real=0.00 secs] 
<writer thread='11779'/>
[GC (Allocation Failure) [ParNew: 14401K-&gt;773K(15360K), 0.0169931 secs] 47931K-&gt;34402K(49536K), 0.0174415 secs] [Times: user=0.02 sys=0.00, real=0.02 secs] 
[GC (CMS Initial Mark) [1 CMS-initial-mark: 33628K(34176K)] 34540K(49536K), 0.0028964 secs] [Times: user=0.00 sys=0.00, real=0.00 secs] 
<writer thread='11267'/>
[CMS-concurrent-mark-start]
<writer thread='11779'/>
[GC (Allocation Failure) [ParNew: 14469K-&gt;853K(15360K), 0.0027567 secs] 48098K-&gt;34572K(49536K), 0.0028811 secs] [Times: user=0.01 sys=0.00, real=0.01 secs] 
[GC (Allocation Failure) [ParNew: 14549K-&gt;1009K(15360K), 0.0038116 secs] 48268K-&gt;34823K(49536K), 0.0054449 secs] [Times: user=0.01 sys=0.00, real=0.00 secs] 
[GC (Allocation Failure) [ParNew: 14705K-&gt;628K(15360K), 0.0042380 secs] 48519K-&gt;34533K(49536K), 0.0049381 secs] [Times: user=0.01 sys=0.00, real=0.01 secs] 
[GC (Allocation Failure) [ParNew: 14324K-&gt;774K(15360K), 0.0043745 secs] 48229K-&gt;34775K(49536K), 0.0045482 secs] [Times: user=0.01 sys=0.00, real=0.01 secs] 
<writer thread='11267'/>
[CMS-concurrent-mark: 0.227/0.254 secs] [Times: user=0.47 sys=0.02, real=0.26 secs] 
[CMS-concurrent-preclean-start]
[CMS-concurrent-preclean: 0.001/0.001 secs] [Times: user=0.00 sys=0.00, real=0.00 secs] 
[CMS-concurrent-abortable-preclean-start]
<writer thread='11779'/>
[GC (Allocation Failure) [ParNew (promotion failed): 14470K-&gt;14390K(15360K), 0.0124367 secs][CMS
<writer thread='11267'/>
[CMS-concurrent-abortable-preclean: 0.006/0.021 secs] [Times: user=0.03 sys=0.00, real=0.02 secs] 
<writer thread='11779'/>
 (concurrent mode failure): 34022K-&gt;34175K(34176K), 0.1683312 secs] 48471K-&gt;34387K(49536K), [Metaspace: 61169K-&gt;61169K(1105920K)], 0.1810263 secs] [Times: user=0.17 sys=0.00, real=0.18 secs] 
[Full GC (Allocation Failure) [CMS: 34175K-&gt;34175K(34176K), 0.1535253 secs] 49535K-&gt;34463K(49536K), [Metaspace: 61169K-&gt;61169K(1105920K)], 0.1537145 secs] [Times: user=0.15 sys=0.00, real=0.16 secs] 
[GC (CMS Initial Mark) [1 CMS-initial-mark: 34175K(34176K)] 34628K(49536K), 0.0024598 secs] [Times: user=0.01 sys=0.00, real=0.00 secs] 
<writer thread='11267'/>
[CMS-concurrent-mark-start]
<writer thread='11779'/>
[Full GC (Allocation Failure) [CMS
<writer thread='11267'/>
[CMS-concurrent-mark: 0.069/0.072 secs] [Times: user=0.14 sys=0.01, real=0.07 secs] 
<writer thread='11779'/>
 (concurrent mode failure): 34175K-&gt;34175K(34176K), 0.1821762 secs] 49535K-&gt;34535K(49536K), [Metaspace: 61169K-&gt;61169K(1105920K)], 0.1823524 secs] [Times: user=0.17 sys=0.00, real=0.19 secs] 
[Full GC (Allocation Failure) [CMS: 34175K-&gt;34175K(34176K), 0.1556094 secs] 49535K-&gt;34607K(49536K), [Metaspace: 61169K-&gt;61169K(1105920K)], 0.1557568 secs] [Times: user=0.14 sys=0.00, real=0.16 secs] 
[GC (CMS Initial Mark) [1 CMS-initial-mark: 34175K(34176K)] 34860K(49536K), 0.0020163 secs] [Times: user=0.01 sys=0.00, real=0.00 secs] 
<writer thread='11267'/>
[CMS-concurrent-mark-start]
<writer thread='11779'/>
[Full GC (Allocation Failure) [CMS
<writer thread='11267'/>
[CMS-concurrent-mark: 0.066/0.068 secs] [Times: user=0.14 sys=0.01, real=0.07 secs] 
<writer thread='11779'/>
 (concurrent mode failure): 34175K-&gt;34175K(34176K), 0.3348463 secs] 49535K-&gt;34673K(49536K), [Metaspace: 61169K-&gt;61169K(1105920K)], 0.3350245 secs] [Times: user=0.28 sys=0.01, real=0.33 secs] 
[Full GC (Allocation Failure) [CMS: 34175K-&gt;34175K(34176K), 0.1733620 secs] 49535K-&gt;34736K(49536K), [Metaspace: 61169K-&gt;61169K(1105920K)], 0.1735133 secs] [Times: user=0.16 sys=0.00, real=0.18 secs] 
[GC (CMS Initial Mark) [1 CMS-initial-mark: 34175K(34176K)] 34934K(49536K), 0.0020524 secs] [Times: user=0.00 sys=0.00, real=0.00 secs] 
<writer thread='11267'/>
[CMS-concurrent-mark-start]
<writer thread='11779'/>
[Full GC (Allocation Failure) [CMS
<writer thread='11267'/>
[CMS-concurrent-mark: 0.067/0.070 secs] [Times: user=0.19 sys=0.01, real=0.07 secs] 
<writer thread='11779'/>
 (concurrent mode failure): 34175K-&gt;34175K(34176K), 0.1834250 secs] 49535K-&gt;34938K(49536K), [Metaspace: 61169K-&gt;61169K(1105920K)], 0.1836232 secs] [Times: user=0.19 sys=0.00, real=0.19 secs] 
[Full GC (Allocation Failure) [CMS: 34175K-&gt;34175K(34176K), 0.1515587 secs] 49535K-&gt;36791K(49536K), [Metaspace: 61169K-&gt;61169K(1105920K)], 0.1517438 secs] [Times: user=0.15 sys=0.01, real=0.15 secs] 
[GC (CMS Initial Mark) [1 CMS-initial-mark: 34175K(34176K)] 36877K(49536K), 0.0024330 secs] [Times: user=0.00 sys=0.00, real=0.00 secs] 
<writer thread='11267'/>
[CMS-concurrent-mark-start]
<writer thread='11779'/>
[Full GC (Allocation Failure) [CMS
<writer thread='11267'/>
[CMS-concurrent-mark: 0.065/0.067 secs] [Times: user=0.12 sys=0.00, real=0.07 secs] 
<writer thread='11779'/>
 (concurrent mode failure): 34175K-&gt;34175K(34176K), 0.2158659 secs] 49531K-&gt;37255K(49536K), [Metaspace: 61169K-&gt;61169K(1105920K)], 0.2160297 secs] [Times: user=0.20 sys=0.00, real=0.22 secs] 
[Full GC (Allocation Failure) [CMS: 34175K-&gt;34176K(34176K), 0.1617685 secs] 49535K-&gt;37356K(49536K), [Metaspace: 61169K-&gt;61169K(1105920K)], 0.1619483 secs] [Times: user=0.16 sys=0.00, real=0.16 secs] 
[GC (CMS Initial Mark) [1 CMS-initial-mark: 34176K(34176K)] 43772K(49536K), 0.0042439 secs] [Times: user=0.01 sys=0.00, real=0.00 secs] 
<writer thread='11267'/>
[CMS-concurrent-mark-start]
<writer thread='11779'/>
[Full GC (Allocation Failure) [CMS
<writer thread='11267'/>
[CMS-concurrent-mark: 0.063/0.066 secs] [Times: user=0.09 sys=0.00, real=0.07 secs] 
<writer thread='11779'/>
 (concurrent mode failure): 34176K-&gt;34175K(34176K), 0.2117391 secs] 49535K-&gt;37271K(49536K), [Metaspace: 61169K-&gt;61169K(1105920K)], 0.2119234 secs] [Times: user=0.20 sys=0.00, real=0.22 secs] 
[Full GC (Allocation Failure) [CMS: 34175K-&gt;34176K(34176K), 0.1522788 secs] 49535K-&gt;37367K(49536K), [Metaspace: 61169K-&gt;61169K(1105920K)], 0.1524211 secs] [Times: user=0.15 sys=0.00, real=0.16 secs] 
[GC (CMS Initial Mark) [1 CMS-initial-mark: 34176K(34176K)] 37875K(49536K), 0.0028186 secs] [Times: user=0.01 sys=0.00, real=0.00 secs] 
<writer thread='11267'/>
[CMS-concurrent-mark-start]
<writer thread='11779'/>
[Full GC (Allocation Failure) [CMS
<writer thread='11267'/>
[CMS-concurrent-mark: 0.060/0.061 secs] [Times: user=0.11 sys=0.01, real=0.06 secs] 
<writer thread='11779'/>
 (concurrent mode failure): 34176K-&gt;34175K(34176K), 0.1892987 secs] 49525K-&gt;37281K(49536K), [Metaspace: 61177K-&gt;61177K(1105920K)], 0.1894783 secs] [Times: user=0.18 sys=0.00, real=0.19 secs] 
[Full GC (Allocation Failure) [CMS: 34176K-&gt;34176K(34176K), 0.1473991 secs] 49535K-&gt;37248K(49536K), [Metaspace: 61177K-&gt;61177K(1105920K)], 0.1475392 secs] [Times: user=0.15 sys=0.00, real=0.15 secs] 
[GC (CMS Initial Mark) [1 CMS-initial-mark: 34176K(34176K)] 37511K(49536K), 0.0025043 secs] [Times: user=0.00 sys=0.00, real=0.00 secs] 
<writer thread='11267'/>
[CMS-concurrent-mark-start]
<writer thread='11779'/>
[Full GC (Allocation Failure) [CMS
<writer thread='11267'/>
[CMS-concurrent-mark: 0.060/0.062 secs] [Times: user=0.12 sys=0.01, real=0.06 secs] 
<writer thread='11779'/>
 (concurrent mode failure): 34176K-&gt;34175K(34176K), 0.1931467 secs] 49533K-&gt;37426K(49536K), [Metaspace: 61180K-&gt;61180K(1105920K)], 0.1933147 secs] [Times: user=0.18 sys=0.00, real=0.20 secs] 
[Full GC (Allocation Failure) [CMS: 34175K-&gt;34175K(34176K), 0.1540567 secs] 49529K-&gt;37515K(49536K), [Metaspace: 61180K-&gt;61180K(1105920K)], 0.1542100 secs] [Times: user=0.15 sys=0.00, real=0.15 secs] 
[GC (CMS Initial Mark) [1 CMS-initial-mark: 34175K(34176K)] 38833K(49536K), 0.0030208 secs] [Times: user=0.01 sys=0.00, real=0.01 secs] 
<writer thread='11267'/>
[CMS-concurrent-mark-start]
<writer thread='11779'/>
[Full GC (Allocation Failure) [CMS
<writer thread='11267'/>
[CMS-concurrent-mark: 0.061/0.064 secs] [Times: user=0.11 sys=0.01, real=0.06 secs] 
<writer thread='11779'/>
 (concurrent mode failure): 34175K-&gt;34175K(34176K), 0.1852429 secs] 49535K-&gt;37419K(49536K), [Metaspace: 61180K-&gt;61180K(1105920K)], 0.1853988 secs] [Times: user=0.18 sys=0.00, real=0.18 secs] 
[Full GC (Allocation Failure) [CMS: 34175K-&gt;34175K(34176K), 0.1538675 secs] 49535K-&gt;37249K(49536K), [Metaspace: 61180K-&gt;61180K(1105920K)], 0.1540201 secs] [Times: user=0.15 sys=0.00, real=0.16 secs] 
[GC (CMS Initial Mark) [1 CMS-initial-mark: 34175K(34176K)] 38420K(49536K), 0.0088141 secs] [Times: user=0.02 sys=0.00, real=0.01 secs] 
<writer thread='11267'/>
[CMS-concurrent-mark-start]
<writer thread='11779'/>
[Full GC (Allocation Failure) [CMS
<writer thread='11267'/>
[CMS-concurrent-mark: 0.160/0.166 secs] [Times: user=0.20 sys=0.02, real=0.17 secs] 
<writer thread='11779'/>
 (concurrent mode failure): 34175K-&gt;34175K(34176K), 0.2500091 secs] 49532K-&gt;37255K(49536K), [Metaspace: 61180K-&gt;61180K(1105920K)], 0.2502035 secs] [Times: user=0.23 sys=0.01, real=0.25 secs] 
[Full GC (Allocation Failure) [CMS: 34175K-&gt;34175K(34176K), 0.1502825 secs] 49533K-&gt;37374K(49536K), [Metaspace: 61180K-&gt;61180K(1105920K)], 0.1504640 secs] [Times: user=0.15 sys=0.00, real=0.15 secs] 
[Full GC (Allocation Failure) [CMS: 34175K-&gt;34175K(34176K), 0.1490839 secs] 49530K-&gt;37235K(49536K), [Metaspace: 61180K-&gt;61180K(1105920K)], 0.1492810 secs] [Times: user=0.15 sys=0.00, real=0.15 secs] 
[GC (CMS Initial Mark) [1 CMS-initial-mark: 34175K(34176K)] 43681K(49536K), 0.0044006 secs] [Times: user=0.01 sys=0.00, real=0.01 secs] 
<writer thread='11267'/>
[CMS-concurrent-mark-start]
<writer thread='11779'/>
[Full GC (Allocation Failure) [CMS
<writer thread='11267'/>
[CMS-concurrent-mark: 0.056/0.058 secs] [Times: user=0.09 sys=0.01, real=0.07 secs] 
<writer thread='11779'/>
 (concurrent mode failure): 34175K-&gt;34175K(34176K), 0.3490275 secs] 49535K-&gt;37290K(49536K), [Metaspace: 61180K-&gt;61180K(1105920K)], 0.3492007 secs] [Times: user=0.31 sys=0.01, real=0.35 secs] 
[Full GC (Allocation Failure) [CMS: 34175K-&gt;34175K(34176K), 0.1811359 secs] 49535K-&gt;37138K(49536K), [Metaspace: 61180K-&gt;61180K(1105920K)], 0.1813217 secs] [Times: user=0.21 sys=0.00, real=0.18 secs] 
[GC (CMS Initial Mark) [1 CMS-initial-mark: 34175K(34176K)] 40283K(49536K), 0.0034024 secs] [Times: user=0.01 sys=0.00, real=0.01 secs] 
<writer thread='11267'/>
[CMS-concurrent-mark-start]
<writer thread='11779'/>
[Full GC (Allocation Failure) [CMS
<writer thread='11267'/>
[CMS-concurrent-mark: 0.059/0.064 secs] [Times: user=0.13 sys=0.01, real=0.06 secs] 
<writer thread='11779'/>
 (concurrent mode failure): 34175K-&gt;34175K(34176K), 0.1926642 secs] 49535K-&gt;37299K(49536K), [Metaspace: 61180K-&gt;61180K(1105920K)], 0.1928505 secs] [Times: user=0.18 sys=0.00, real=0.19 secs] 
[Full GC (Allocation Failure) [CMS: 34176K-&gt;34175K(34176K), 0.2824459 secs] 49536K-&gt;37303K(49536K), [Metaspace: 61180K-&gt;61180K(1105920K)], 0.2826807 secs] [Times: user=0.25 sys=0.00, real=0.29 secs] 
[GC (CMS Initial Mark) [1 CMS-initial-mark: 34175K(34176K)] 47871K(49536K), 0.0099362 secs] [Times: user=0.02 sys=0.00, real=0.01 secs] 
<writer thread='11267'/>
[CMS-concurrent-mark-start]
<writer thread='11779'/>
[Full GC (Allocation Failure) [CMS
<writer thread='11267'/>
[CMS-concurrent-mark: 0.069/0.075 secs] [Times: user=0.09 sys=0.00, real=0.08 secs] 
<writer thread='11779'/>
 (concurrent mode failure): 34175K-&gt;34176K(34176K), 0.2074971 secs] 49535K-&gt;37189K(49536K), [Metaspace: 61180K-&gt;61180K(1105920K)], 0.2076881 secs] [Times: user=0.19 sys=0.00, real=0.21 secs] 
[Full GC (Allocation Failure) [CMS: 34176K-&gt;34176K(34176K), 0.3202708 secs] 49528K-&gt;37571K(49536K), [Metaspace: 61181K-&gt;61181K(1105920K)], 0.3204449 secs] [Times: user=0.27 sys=0.01, real=0.32 secs] 
[Full GC (Allocation Failure) [CMS: 34176K-&gt;34175K(34176K), 0.1554300 secs] 49535K-&gt;37276K(49536K), [Metaspace: 61181K-&gt;61181K(1105920K)], 0.1555821 secs] [Times: user=0.14 sys=0.00, real=0.16 secs] 
[GC (CMS Initial Mark) [1 CMS-initial-mark: 34175K(34176K)] 37657K(49536K), 0.0028450 secs] [Times: user=0.00 sys=0.00, real=0.00 secs] 
<writer thread='11267'/>
[CMS-concurrent-mark-start]
<writer thread='11779'/>
[Full GC (Allocation Failure) [CMS
<writer thread='11267'/>
[CMS-concurrent-mark: 0.058/0.060 secs] [Times: user=0.10 sys=0.00, real=0.06 secs] 
<writer thread='11779'/>
 (concurrent mode failure): 34175K-&gt;34175K(34176K), 0.1966910 secs] 49535K-&gt;37289K(49536K), [Metaspace: 61181K-&gt;61181K(1105920K)], 0.1968372 secs] [Times: user=0.19 sys=0.01, real=0.20 secs] 
[Full GC (Allocation Failure) [CMS: 34175K-&gt;34175K(34176K), 0.2548399 secs] 49528K-&gt;37335K(49536K), [Metaspace: 61181K-&gt;61181K(1105920K)], 0.2550526 secs] [Times: user=0.23 sys=0.01, real=0.25 secs] 
[GC (CMS Initial Mark) [1 CMS-initial-mark: 34175K(34176K)] 37490K(49536K), 0.0050815 secs] [Times: user=0.01 sys=0.00, real=0.01 secs] 
<writer thread='11267'/>
[CMS-concurrent-mark-start]
<writer thread='11779'/>
[Full GC (Allocation Failure) [CMS
<writer thread='11267'/>
[CMS-concurrent-mark: 0.113/0.116 secs] [Times: user=0.15 sys=0.01, real=0.11 secs] 
<writer thread='11779'/>
 (concurrent mode failure): 34175K-&gt;34175K(34176K), 0.2359190 secs] 49532K-&gt;37195K(49536K), [Metaspace: 61181K-&gt;61181K(1105920K)], 0.2361027 secs] [Times: user=0.21 sys=0.00, real=0.24 secs] 
[Full GC (Allocation Failure) [CMS: 34175K-&gt;34175K(34176K), 0.1455945 secs] 49535K-&gt;37347K(49536K), [Metaspace: 61181K-&gt;61181K(1105920K)], 0.1457378 secs] [Times: user=0.14 sys=0.00, real=0.14 secs] 
[GC (CMS Initial Mark) [1 CMS-initial-mark: 34175K(34176K)] 38198K(49536K), 0.0026246 secs] [Times: user=0.01 sys=0.00, real=0.01 secs] 
<writer thread='11267'/>
[CMS-concurrent-mark-start]
<writer thread='11779'/>
[Full GC (Allocation Failure) [CMS
<writer thread='11267'/>
[CMS-concurrent-mark: 0.066/0.068 secs] [Times: user=0.09 sys=0.01, real=0.07 secs] 
<writer thread='11779'/>
 (concurrent mode failure): 34175K-&gt;34175K(34176K), 0.4304713 secs] 49531K-&gt;37274K(49536K), [Metaspace: 61181K-&gt;61181K(1105920K)], 0.4309138 secs] [Times: user=0.40 sys=0.00, real=0.43 secs] 
[Full GC (Allocation Failure) [CMS: 34175K-&gt;34175K(34176K), 0.3549251 secs] 49529K-&gt;37677K(49536K), [Metaspace: 61181K-&gt;61181K(1105920K)], 0.3551274 secs] [Times: user=0.30 sys=0.01, real=0.35 secs] 
[GC (CMS Initial Mark) [1 CMS-initial-mark: 34175K(34176K)] 39871K(49536K), 0.0079010 secs] [Times: user=0.02 sys=0.00, real=0.01 secs] 
<writer thread='11267'/>
[CMS-concurrent-mark-start]
<writer thread='11779'/>
[Full GC (Allocation Failure) [CMS
<writer thread='11267'/>
[CMS-concurrent-mark: 0.136/0.148 secs] [Times: user=0.16 sys=0.01, real=0.15 secs] 
<writer thread='11779'/>
 (concurrent mode failure): 34175K-&gt;34175K(34176K), 0.5115706 secs] 49534K-&gt;37432K(49536K), [Metaspace: 61181K-&gt;61181K(1105920K)], 0.5119941 secs] [Times: user=0.41 sys=0.02, real=0.51 secs] 
[Full GC (Allocation Failure) [CMS: 34175K-&gt;34175K(34176K), 0.1565479 secs] 49534K-&gt;37419K(49536K), [Metaspace: 61181K-&gt;61181K(1105920K)], 0.1566984 secs] [Times: user=0.15 sys=0.00, real=0.16 secs] 
[GC (CMS Initial Mark) [1 CMS-initial-mark: 34175K(34176K)] 44961K(49536K), 0.0053179 secs] [Times: user=0.01 sys=0.00, real=0.00 secs] 
<writer thread='11267'/>
[CMS-concurrent-mark-start]
<writer thread='11779'/>
[Full GC (Allocation Failure) [CMS
<writer thread='11267'/>
[CMS-concurrent-mark: 0.065/0.066 secs] [Times: user=0.09 sys=0.00, real=0.07 secs] 
<writer thread='11779'/>
 (concurrent mode failure): 34175K-&gt;34175K(34176K), 0.2046151 secs] 49532K-&gt;37231K(49536K), [Metaspace: 61181K-&gt;61181K(1105920K)], 0.2047778 secs] [Times: user=0.20 sys=0.00, real=0.21 secs] 
[Full GC (Allocation Failure) [CMS: 34175K-&gt;34175K(34176K), 0.1443771 secs] 49527K-&gt;37430K(49536K), [Metaspace: 61181K-&gt;61181K(1105920K)], 0.1445218 secs] [Times: user=0.14 sys=0.00, real=0.15 secs] 
[GC (CMS Initial Mark) [1 CMS-initial-mark: 34175K(34176K)] 37726K(49536K), 0.0031179 secs] [Times: user=0.01 sys=0.00, real=0.00 secs] 
<writer thread='11267'/>
[CMS-concurrent-mark-start]
<writer thread='11779'/>
[Full GC (Allocation Failure) [CMS
<writer thread='11267'/>
[CMS-concurrent-mark: 0.069/0.070 secs] [Times: user=0.11 sys=0.01, real=0.07 secs] 
<writer thread='11779'/>
 (concurrent mode failure): 34175K-&gt;34175K(34176K), 0.2083765 secs] 49533K-&gt;37200K(49536K), [Metaspace: 61181K-&gt;61181K(1105920K)], 0.2085473 secs] [Times: user=0.20 sys=0.00, real=0.20 secs] 
[Full GC (Allocation Failure) [CMS: 34175K-&gt;34175K(34176K), 0.2535162 secs] 49535K-&gt;37354K(49536K), [Metaspace: 61181K-&gt;61181K(1105920K)], 0.2540826 secs] [Times: user=0.24 sys=0.00, real=0.25 secs] 
[GC (CMS Initial Mark) [1 CMS-initial-mark: 34175K(34176K)] 38194K(49536K), 0.0028158 secs] [Times: user=0.01 sys=0.00, real=0.00 secs] 
<writer thread='11267'/>
[CMS-concurrent-mark-start]
<writer thread='11779'/>
[Full GC (Allocation Failure) [CMS
<writer thread='11267'/>
[CMS-concurrent-mark: 0.104/0.106 secs] [Times: user=0.16 sys=0.02, real=0.10 secs] 
<writer thread='11779'/>
 (concurrent mode failure): 34175K-&gt;34176K(34176K), 0.1947010 secs] 49532K-&gt;37483K(49536K), [Metaspace: 61181K-&gt;61181K(1105920K)], 0.1948771 secs] [Times: user=0.19 sys=0.00, real=0.20 secs] 
[Full GC (Allocation Failure) [CMS: 34176K-&gt;34176K(34176K), 0.1452603 secs] 49529K-&gt;37375K(49536K), [Metaspace: 61181K-&gt;61181K(1105920K)], 0.1454239 secs] [Times: user=0.14 sys=0.00, real=0.15 secs] 
[GC (CMS Initial Mark) [1 CMS-initial-mark: 34176K(34176K)] 38449K(49536K), 0.0024550 secs] [Times: user=0.00 sys=0.00, real=0.00 secs] 
<writer thread='11267'/>
[CMS-concurrent-mark-start]
<writer thread='11779'/>
[Full GC (Allocation Failure) [CMS
<writer thread='11267'/>
[CMS-concurrent-mark: 0.073/0.079 secs] [Times: user=0.11 sys=0.01, real=0.07 secs] 
<writer thread='11779'/>
 (concurrent mode failure): 34176K-&gt;34175K(34176K), 0.2245723 secs] 49525K-&gt;37446K(49536K), [Metaspace: 61181K-&gt;61181K(1105920K)], 0.2247239 secs] [Times: user=0.21 sys=0.01, real=0.22 secs] 
[Full GC (Allocation Failure) [CMS: 34176K-&gt;34175K(34176K), 0.1642360 secs] 49535K-&gt;37302K(49536K), [Metaspace: 61181K-&gt;61181K(1105920K)], 0.1644086 secs] [Times: user=0.15 sys=0.00, real=0.17 secs] 
[GC (CMS Initial Mark) [1 CMS-initial-mark: 34175K(34176K)] 37424K(49536K), 0.0024949 secs] [Times: user=0.01 sys=0.00, real=0.00 secs] 
<writer thread='11267'/>
[CMS-concurrent-mark-start]
<writer thread='11779'/>
[Full GC (Allocation Failure) [CMS
<writer thread='11267'/>
[CMS-concurrent-mark: 0.064/0.066 secs] [Times: user=0.11 sys=0.01, real=0.07 secs] 
<writer thread='11779'/>
 (concurrent mode failure): 34175K-&gt;34176K(34176K), 0.2052995 secs] 49526K-&gt;37290K(49536K), [Metaspace: 61181K-&gt;61181K(1105920K)], 0.2054600 secs] [Times: user=0.19 sys=0.00, real=0.21 secs] 
[Full GC (Allocation Failure) [CMS: 34176K-&gt;34175K(34176K), 0.1614381 secs] 49535K-&gt;37347K(49536K), [Metaspace: 61181K-&gt;61181K(1105920K)], 0.1616020 secs] [Times: user=0.15 sys=0.00, real=0.17 secs] 
[GC (CMS Initial Mark) [1 CMS-initial-mark: 34175K(34176K)] 41901K(49536K), 0.0034859 secs] [Times: user=0.01 sys=0.00, real=0.01 secs] 
<writer thread='11267'/>
[CMS-concurrent-mark-start]
<writer thread='11779'/>
[Full GC (Allocation Failure) [CMS
<writer thread='11267'/>
[CMS-concurrent-mark: 0.060/0.062 secs] [Times: user=0.09 sys=0.01, real=0.06 secs] 
<writer thread='11779'/>
 (concurrent mode failure): 34176K-&gt;34175K(34176K), 0.1965993 secs] 49536K-&gt;37227K(49536K), [Metaspace: 61181K-&gt;61181K(1105920K)], 0.1967823 secs] [Times: user=0.19 sys=0.00, real=0.20 secs] 
[Full GC (Allocation Failure) [CMS: 34175K-&gt;34175K(34176K), 0.1512279 secs] 49535K-&gt;37262K(49536K), [Metaspace: 61181K-&gt;61181K(1105920K)], 0.1513686 secs] [Times: user=0.15 sys=0.00, real=0.15 secs] 
[GC (CMS Initial Mark) [1 CMS-initial-mark: 34175K(34176K)] 38066K(49536K), 0.0026301 secs] [Times: user=0.01 sys=0.00, real=0.00 secs] 
<writer thread='11267'/>
[CMS-concurrent-mark-start]
<writer thread='11779'/>
[Full GC (Allocation Failure) [CMS
<writer thread='11267'/>
[CMS-concurrent-mark: 0.068/0.070 secs] [Times: user=0.10 sys=0.00, real=0.07 secs] 
<writer thread='11779'/>
 (concurrent mode failure): 34175K-&gt;34175K(34176K), 0.1993214 secs] 49534K-&gt;37717K(49536K), [Metaspace: 61181K-&gt;61181K(1105920K)], 0.1996828 secs] [Times: user=0.19 sys=0.01, real=0.20 secs] 
[Full GC (Allocation Failure) [CMS: 34175K-&gt;34175K(34176K), 0.1597886 secs] 49535K-&gt;37403K(49536K), [Metaspace: 61181K-&gt;61181K(1105920K)], 0.1599427 secs] [Times: user=0.15 sys=0.00, real=0.16 secs] 
[GC (CMS Initial Mark) [1 CMS-initial-mark: 34175K(34176K)] 44502K(49536K), 0.0046628 secs] [Times: user=0.02 sys=0.00, real=0.01 secs] 
<writer thread='11267'/>
[CMS-concurrent-mark-start]
<writer thread='11779'/>
[Full GC (Allocation Failure) [CMS
<writer thread='11267'/>
[CMS-concurrent-mark: 0.079/0.086 secs] [Times: user=0.11 sys=0.00, real=0.08 secs] 
<writer thread='11779'/>
 (concurrent mode failure): 34175K-&gt;34175K(34176K), 0.3882353 secs] 49535K-&gt;37247K(49536K), [Metaspace: 61181K-&gt;61181K(1105920K)], 0.3884550 secs] [Times: user=0.33 sys=0.01, real=0.38 secs] 
[Full GC (Allocation Failure) [CMS: 34175K-&gt;34175K(34176K), 0.1985082 secs] 49535K-&gt;37214K(49536K), [Metaspace: 61181K-&gt;61181K(1105920K)], 0.1986755 secs] [Times: user=0.18 sys=0.00, real=0.20 secs] 
[GC (CMS Initial Mark) [1 CMS-initial-mark: 34175K(34176K)] 37262K(49536K), 0.0033412 secs] [Times: user=0.01 sys=0.00, real=0.00 secs] 
<writer thread='11267'/>
[CMS-concurrent-mark-start]
<writer thread='11779'/>
[Full GC (Allocation Failure) [CMS
<writer thread='11267'/>
[CMS-concurrent-mark: 0.063/0.065 secs] [Times: user=0.11 sys=0.01, real=0.07 secs] 
<writer thread='11779'/>
 (concurrent mode failure): 34175K-&gt;34175K(34176K), 0.1989015 secs] 49535K-&gt;37377K(49536K), [Metaspace: 61181K-&gt;61181K(1105920K)], 0.1990515 secs] [Times: user=0.19 sys=0.00, real=0.20 secs] 
[Full GC (Allocation Failure) [CMS: 34175K-&gt;34175K(34176K), 0.1532405 secs] 49535K-&gt;37232K(49536K), [Metaspace: 61181K-&gt;61181K(1105920K)], 0.1533939 secs] [Times: user=0.15 sys=0.00, real=0.15 secs] 
[GC (CMS Initial Mark) [1 CMS-initial-mark: 34175K(34176K)] 38674K(49536K), 0.0028559 secs] [Times: user=0.01 sys=0.00, real=0.01 secs] 
<writer thread='11267'/>
[CMS-concurrent-mark-start]
<writer thread='11779'/>
[Full GC (Allocation Failure) [CMS
<writer thread='11267'/>
[CMS-concurrent-mark: 0.059/0.061 secs] [Times: user=0.11 sys=0.00, real=0.06 secs] 
<writer thread='11779'/>
 (concurrent mode failure): 34175K-&gt;34175K(34176K), 0.1970635 secs] 49535K-&gt;37196K(49536K), [Metaspace: 61181K-&gt;61181K(1105920K)], 0.1972291 secs] [Times: user=0.18 sys=0.01, real=0.20 secs] 
[Full GC (Allocation Failure) [CMS: 34175K-&gt;34175K(34176K), 0.1546094 secs] 49530K-&gt;37471K(49536K), [Metaspace: 61181K-&gt;61181K(1105920K)], 0.1547901 secs] [Times: user=0.15 sys=0.00, real=0.16 secs] 
[GC (CMS Initial Mark) [1 CMS-initial-mark: 34175K(34176K)] 37674K(49536K), 0.0030969 secs] [Times: user=0.01 sys=0.00, real=0.00 secs] 
<writer thread='11267'/>
[CMS-concurrent-mark-start]
<writer thread='11779'/>
[Full GC (Allocation Failure) [CMS
<writer thread='11267'/>
[CMS-concurrent-mark: 0.065/0.066 secs] [Times: user=0.11 sys=0.00, real=0.07 secs] 
<writer thread='11779'/>
 (concurrent mode failure): 34175K-&gt;34175K(34176K), 0.2059375 secs] 49520K-&gt;37264K(49536K), [Metaspace: 61181K-&gt;61181K(1105920K)], 0.2061197 secs] [Times: user=0.19 sys=0.00, real=0.21 secs] 
[Full GC (Allocation Failure) [CMS: 34175K-&gt;34176K(34176K), 0.1687758 secs] 49535K-&gt;37556K(49536K), [Metaspace: 61181K-&gt;61181K(1105920K)], 0.1689489 secs] [Times: user=0.16 sys=0.00, real=0.17 secs] 
[GC (CMS Initial Mark) [1 CMS-initial-mark: 34176K(34176K)] 38430K(49536K), 0.0028678 secs] [Times: user=0.00 sys=0.00, real=0.00 secs] 
<writer thread='11267'/>
[CMS-concurrent-mark-start]
<writer thread='11779'/>
[Full GC (Allocation Failure) [CMS
<writer thread='11267'/>
[CMS-concurrent-mark: 0.071/0.073 secs] [Times: user=0.13 sys=0.01, real=0.08 secs] 
<writer thread='11779'/>
 (concurrent mode failure): 34176K-&gt;34175K(34176K), 0.2268240 secs] 49535K-&gt;37535K(49536K), [Metaspace: 61181K-&gt;61181K(1105920K)], 0.2269878 secs] [Times: user=0.22 sys=0.01, real=0.22 secs] 
[Full GC (Allocation Failure) [CMS: 34175K-&gt;34175K(34176K), 0.1847390 secs] 49530K-&gt;37383K(49536K), [Metaspace: 61183K-&gt;61183K(1105920K)], 0.1848969 secs] [Times: user=0.18 sys=0.00, real=0.18 secs] 
[GC (CMS Initial Mark) [1 CMS-initial-mark: 34175K(34176K)] 38278K(49536K), 0.0045099 secs] [Times: user=0.01 sys=0.00, real=0.01 secs] 
<writer thread='11267'/>
[CMS-concurrent-mark-start]
<writer thread='11779'/>
[Full GC (Allocation Failure) [CMS
<writer thread='11267'/>
[CMS-concurrent-mark: 0.071/0.076 secs] [Times: user=0.12 sys=0.01, real=0.07 secs] 
<writer thread='11779'/>
 (concurrent mode failure): 34175K-&gt;34175K(34176K), 0.2263696 secs] 49531K-&gt;37263K(49536K), [Metaspace: 61183K-&gt;61183K(1105920K)], 0.2265387 secs] [Times: user=0.21 sys=0.00, real=0.23 secs] 
[Full GC (Allocation Failure) [CMS: 34175K-&gt;34175K(34176K), 0.1624867 secs] 49531K-&gt;37353K(49536K), [Metaspace: 61183K-&gt;61183K(1105920K)], 0.1626828 secs] [Times: user=0.16 sys=0.00, real=0.16 secs] 
[GC (CMS Initial Mark) [1 CMS-initial-mark: 34175K(34176K)] 37455K(49536K), 0.0028326 secs] [Times: user=0.00 sys=0.00, real=0.01 secs] 
<writer thread='11267'/>
[CMS-concurrent-mark-start]
<writer thread='11779'/>
[Full GC (Allocation Failure) [CMS
<writer thread='11267'/>
[CMS-concurrent-mark: 0.070/0.072 secs] [Times: user=0.13 sys=0.01, real=0.07 secs] 
<writer thread='11779'/>
 (concurrent mode failure): 34175K-&gt;34175K(34176K), 0.2003227 secs] 49535K-&gt;37330K(49536K), [Metaspace: 61183K-&gt;61183K(1105920K)], 0.2004872 secs] [Times: user=0.20 sys=0.00, real=0.20 secs] 
[Full GC (Allocation Failure) [CMS: 34175K-&gt;34175K(34176K), 0.1624202 secs] 49535K-&gt;37304K(49536K), [Metaspace: 61183K-&gt;61183K(1105920K)], 0.1625638 secs] [Times: user=0.15 sys=0.01, real=0.16 secs] 
[GC (CMS Initial Mark) [1 CMS-initial-mark: 34175K(34176K)] 39310K(49536K), 0.0032066 secs] [Times: user=0.01 sys=0.00, real=0.00 secs] 
<writer thread='11267'/>
[CMS-concurrent-mark-start]
<writer thread='11779'/>
[Full GC (Allocation Failure) [CMS
<writer thread='11267'/>
[CMS-concurrent-mark: 0.059/0.061 secs] [Times: user=0.06 sys=0.00, real=0.06 secs] 
<writer thread='11779'/>
 (concurrent mode failure): 34175K-&gt;34176K(34176K), 0.2228511 secs] 49533K-&gt;37327K(49536K), [Metaspace: 61183K-&gt;61183K(1105920K)], 0.2230091 secs] [Times: user=0.21 sys=0.00, real=0.22 secs] 
[Full GC (Allocation Failure) [CMS: 34176K-&gt;34175K(34176K), 0.1538221 secs] 49536K-&gt;37310K(49536K), [Metaspace: 61183K-&gt;61183K(1105920K)], 0.1539841 secs] [Times: user=0.14 sys=0.00, real=0.15 secs] 
[GC (CMS Initial Mark) [1 CMS-initial-mark: 34175K(34176K)] 37476K(49536K), 0.0025624 secs] [Times: user=0.00 sys=0.00, real=0.01 secs] 
<writer thread='11267'/>
[CMS-concurrent-mark-start]
<writer thread='11779'/>
[Full GC (Allocation Failure) [CMS
<writer thread='11267'/>
[CMS-concurrent-mark: 0.058/0.059 secs] [Times: user=0.11 sys=0.01, real=0.06 secs] 
<writer thread='11779'/>
 (concurrent mode failure): 34175K-&gt;34175K(34176K), 0.1955400 secs] 49535K-&gt;37291K(49536K), [Metaspace: 61183K-&gt;61183K(1105920K)], 0.1956855 secs] [Times: user=0.19 sys=0.00, real=0.19 secs] 
[Full GC (Allocation Failure) [CMS: 34175K-&gt;34175K(34176K), 0.2186659 secs] 49535K-&gt;37453K(49536K), [Metaspace: 61183K-&gt;61183K(1105920K)], 0.2188881 secs] [Times: user=0.21 sys=0.00, real=0.22 secs] 
[GC (CMS Initial Mark) [1 CMS-initial-mark: 34175K(34176K)] 37536K(49536K), 0.0028348 secs] [Times: user=0.01 sys=0.00, real=0.00 secs] 
<writer thread='11267'/>
[CMS-concurrent-mark-start]
<writer thread='11779'/>
[Full GC (Allocation Failure) [CMS
<writer thread='11267'/>
[CMS-concurrent-mark: 0.072/0.074 secs] [Times: user=0.12 sys=0.01, real=0.08 secs] 
<writer thread='11779'/>
 (concurrent mode failure): 34175K-&gt;34175K(34176K), 0.2303150 secs] 49535K-&gt;37625K(49536K), [Metaspace: 61183K-&gt;61183K(1105920K)], 0.2304752 secs] [Times: user=0.22 sys=0.00, real=0.23 secs] 
[Full GC (Allocation Failure) [CMS: 34175K-&gt;34175K(34176K), 0.1821899 secs] 49533K-&gt;37811K(49536K), [Metaspace: 61183K-&gt;61183K(1105920K)], 0.1823396 secs] [Times: user=0.18 sys=0.00, real=0.18 secs] 
[GC (CMS Initial Mark) [1 CMS-initial-mark: 34175K(34176K)] 37927K(49536K), 0.0033067 secs] [Times: user=0.00 sys=0.00, real=0.01 secs] 
<writer thread='11267'/>
[CMS-concurrent-mark-start]
<writer thread='11779'/>
[Full GC (Allocation Failure) [CMS
<writer thread='11267'/>
[CMS-concurrent-mark: 0.069/0.072 secs] [Times: user=0.12 sys=0.01, real=0.07 secs] 
<writer thread='11779'/>
 (concurrent mode failure): 34175K-&gt;34176K(34176K), 0.2465667 secs] 49535K-&gt;37813K(49536K), [Metaspace: 61183K-&gt;61183K(1105920K)], 0.2468802 secs] [Times: user=0.22 sys=0.00, real=0.24 secs] 
[Full GC (Allocation Failure) [CMS: 34176K-&gt;34176K(34176K), 0.1711626 secs] 49536K-&gt;37545K(49536K), [Metaspace: 61183K-&gt;61183K(1105920K)], 0.1713709 secs] [Times: user=0.16 sys=0.00, real=0.17 secs] 
[GC (CMS Initial Mark) [1 CMS-initial-mark: 34176K(34176K)] 47872K(49536K), 0.0065943 secs] [Times: user=0.01 sys=0.00, real=0.01 secs] 
<writer thread='11267'/>
[CMS-concurrent-mark-start]
<writer thread='11779'/>
[Full GC (Allocation Failure) [CMS
<writer thread='11267'/>
[CMS-concurrent-mark: 0.061/0.066 secs] [Times: user=0.08 sys=0.00, real=0.06 secs] 
<writer thread='11779'/>
 (concurrent mode failure): 34176K-&gt;34176K(34176K), 0.3546381 secs] 49535K-&gt;37427K(49536K), [Metaspace: 61183K-&gt;61183K(1105920K)], 0.3550312 secs] [Times: user=0.27 sys=0.01, real=0.35 secs] 
[Full GC (Allocation Failure) [CMS: 34176K-&gt;34175K(34176K), 0.3404498 secs] 49532K-&gt;37475K(49536K), [Metaspace: 61183K-&gt;61183K(1105920K)], 0.3406603 secs] [Times: user=0.25 sys=0.00, real=0.34 secs] 
[GC (CMS Initial Mark) [1 CMS-initial-mark: 34175K(34176K)] 38538K(49536K), 0.0030527 secs] [Times: user=0.00 sys=0.00, real=0.01 secs] 
<writer thread='11267'/>
[CMS-concurrent-mark-start]
<writer thread='11779'/>
[Full GC (Allocation Failure) [CMS
<writer thread='11267'/>
[CMS-concurrent-mark: 0.078/0.084 secs] [Times: user=0.15 sys=0.01, real=0.08 secs] 
<writer thread='11779'/>
 (concurrent mode failure): 34175K-&gt;34176K(34176K), 0.3175173 secs] 49535K-&gt;37472K(49536K), [Metaspace: 61183K-&gt;61183K(1105920K)], 0.3180883 secs] [Times: user=0.29 sys=0.01, real=0.32 secs] 
[Full GC (Allocation Failure) [CMS: 34176K-&gt;34175K(34176K), 0.1841830 secs] 49535K-&gt;37307K(49536K), [Metaspace: 61183K-&gt;61183K(1105920K)], 0.1843720 secs] [Times: user=0.22 sys=0.00, real=0.18 secs] 
[Full GC (Allocation Failure) [CMS: 34175K-&gt;34175K(34176K), 0.1737701 secs] 49524K-&gt;37389K(49536K), [Metaspace: 61183K-&gt;61183K(1105920K)], 0.1739710 secs] [Times: user=0.16 sys=0.00, real=0.18 secs] 
[GC (CMS Initial Mark) [1 CMS-initial-mark: 34175K(34176K)] 42257K(49536K), 0.0043665 secs] [Times: user=0.02 sys=0.00, real=0.00 secs] 
<writer thread='11267'/>
[CMS-concurrent-mark-start]
<writer thread='11779'/>
[Full GC (Allocation Failure) [CMS
<writer thread='11267'/>
[CMS-concurrent-mark: 0.092/0.096 secs] [Times: user=0.19 sys=0.00, real=0.09 secs] 
<writer thread='11779'/>
 (concurrent mode failure): 34175K-&gt;34175K(34176K), 0.2932849 secs] 49535K-&gt;37383K(49536K), [Metaspace: 61183K-&gt;61183K(1105920K)], 0.2937859 secs] [Times: user=0.31 sys=0.01, real=0.29 secs] 
[Full GC (Allocation Failure) [CMS: 34175K-&gt;34175K(34176K), 0.2047028 secs] 49532K-&gt;37355K(49536K), [Metaspace: 61183K-&gt;61183K(1105920K)], 0.2049066 secs] [Times: user=0.19 sys=0.00, real=0.21 secs] 
[GC (CMS Initial Mark) [1 CMS-initial-mark: 34175K(34176K)] 37452K(49536K), 0.0023591 secs] [Times: user=0.01 sys=0.00, real=0.00 secs] 
<writer thread='11267'/>
[CMS-concurrent-mark-start]
<writer thread='11779'/>
[Full GC (Allocation Failure) [CMS
<writer thread='11267'/>
[CMS-concurrent-mark: 0.074/0.076 secs] [Times: user=0.11 sys=0.02, real=0.08 secs] 
<writer thread='11779'/>
 (concurrent mode failure): 34175K-&gt;34175K(34176K), 0.2080149 secs] 49530K-&gt;37372K(49536K), [Metaspace: 61183K-&gt;61183K(1105920K)], 0.2082235 secs] [Times: user=0.20 sys=0.01, real=0.21 secs] 
[Full GC (Allocation Failure) [CMS: 34175K-&gt;34175K(34176K), 0.1778559 secs] 49535K-&gt;37731K(49536K), [Metaspace: 61183K-&gt;61183K(1105920K)], 0.1780244 secs] [Times: user=0.17 sys=0.01, real=0.17 secs] 
[GC (CMS Initial Mark) [1 CMS-initial-mark: 34175K(34176K)] 37874K(49536K), 0.0029325 secs] [Times: user=0.00 sys=0.00, real=0.00 secs] 
<writer thread='11267'/>
[CMS-concurrent-mark-start]
<writer thread='11779'/>
[Full GC (Allocation Failure) [CMS
<writer thread='11267'/>
[CMS-concurrent-mark: 0.091/0.093 secs] [Times: user=0.13 sys=0.00, real=0.09 secs] 
<writer thread='11779'/>
 (concurrent mode failure): 34175K-&gt;34175K(34176K), 0.2280117 secs] 49535K-&gt;37673K(49536K), [Metaspace: 61183K-&gt;61183K(1105920K)], 0.2281587 secs] [Times: user=0.21 sys=0.01, real=0.23 secs] 
[Full GC (Allocation Failure) [CMS: 34175K-&gt;34176K(34176K), 0.1751345 secs] 49535K-&gt;37340K(49536K), [Metaspace: 61183K-&gt;61183K(1105920K)], 0.1752810 secs] [Times: user=0.16 sys=0.00, real=0.18 secs] 
[GC (CMS Initial Mark) [1 CMS-initial-mark: 34176K(34176K)] 37963K(49536K), 0.0031080 secs] [Times: user=0.00 sys=0.01, real=0.00 secs] 
<writer thread='11267'/>
[CMS-concurrent-mark-start]
<writer thread='11779'/>
[Full GC (Allocation Failure) [CMS
<writer thread='11267'/>
[CMS-concurrent-mark: 0.075/0.093 secs] [Times: user=0.07 sys=0.01, real=0.09 secs] 
<writer thread='11779'/>
 (concurrent mode failure): 34176K-&gt;34175K(34176K), 0.2717040 secs] 49535K-&gt;37365K(49536K), [Metaspace: 61183K-&gt;61183K(1105920K)], 0.2718904 secs] [Times: user=0.23 sys=0.01, real=0.27 secs] 
[Full GC (Allocation Failure) [CMS: 34175K-&gt;34175K(34176K), 0.1851401 secs] 49534K-&gt;37358K(49536K), [Metaspace: 61183K-&gt;61183K(1105920K)], 0.1853762 secs] [Times: user=0.17 sys=0.00, real=0.19 secs] 
[GC (CMS Initial Mark) [1 CMS-initial-mark: 34175K(34176K)] 38583K(49536K), 0.0041320 secs] [Times: user=0.01 sys=0.00, real=0.00 secs] 
<writer thread='11267'/>
[CMS-concurrent-mark-start]
<writer thread='11779'/>
[Full GC (Allocation Failure) [CMS
<writer thread='11267'/>
[CMS-concurrent-mark: 0.067/0.071 secs] [Times: user=0.06 sys=0.00, real=0.07 secs] 
<writer thread='11779'/>
 (concurrent mode failure): 34175K-&gt;34175K(34176K), 0.2415281 secs] 49535K-&gt;37398K(49536K), [Metaspace: 61183K-&gt;61183K(1105920K)], 0.2419008 secs] [Times: user=0.23 sys=0.01, real=0.24 secs] 
[Full GC (Allocation Failure) [CMS: 34175K-&gt;34175K(34176K), 0.1828834 secs] 49530K-&gt;37309K(49536K), [Metaspace: 61183K-&gt;61183K(1105920K)], 0.1830594 secs] [Times: user=0.19 sys=0.01, real=0.18 secs] 
[GC (CMS Initial Mark) [1 CMS-initial-mark: 34175K(34176K)] 40264K(49536K), 0.0028310 secs] [Times: user=0.01 sys=0.00, real=0.00 secs] 
<writer thread='11267'/>
[CMS-concurrent-mark-start]
<writer thread='11779'/>
[Full GC (Allocation Failure) [CMS
<writer thread='11267'/>
[CMS-concurrent-mark: 0.062/0.066 secs] [Times: user=0.10 sys=0.01, real=0.06 secs] 
<writer thread='11779'/>
 (concurrent mode failure): 34175K-&gt;34176K(34176K), 0.2502022 secs] 49535K-&gt;37310K(49536K), [Metaspace: 61185K-&gt;61185K(1105920K)], 0.2505000 secs] [Times: user=0.23 sys=0.00, real=0.25 secs] 
[Full GC (Allocation Failure) [CMS: 34176K-&gt;34175K(34176K), 0.1653703 secs] 49535K-&gt;37410K(49536K), [Metaspace: 61185K-&gt;61185K(1105920K)], 0.1656473 secs] [Times: user=0.17 sys=0.00, real=0.16 secs] 
[GC (CMS Initial Mark) [1 CMS-initial-mark: 34175K(34176K)] 37855K(49536K), 0.0063718 secs] [Times: user=0.01 sys=0.00, real=0.00 secs] 
<writer thread='11267'/>
[CMS-concurrent-mark-start]
<writer thread='11779'/>
[Full GC (Allocation Failure) [CMS
<writer thread='11267'/>
[CMS-concurrent-mark: 0.090/0.092 secs] [Times: user=0.14 sys=0.01, real=0.09 secs] 
<writer thread='11779'/>
 (concurrent mode failure): 34175K-&gt;34175K(34176K), 0.2102963 secs] 49535K-&gt;37193K(49536K), [Metaspace: 61185K-&gt;61185K(1105920K)], 0.2104747 secs] [Times: user=0.20 sys=0.00, real=0.21 secs] 
[Full GC (Allocation Failure) [CMS: 34175K-&gt;34175K(34176K), 0.1726595 secs] 49535K-&gt;37277K(49536K), [Metaspace: 61185K-&gt;61185K(1105920K)], 0.1728044 secs] [Times: user=0.17 sys=0.00, real=0.17 secs] 
[GC (CMS Initial Mark) [1 CMS-initial-mark: 34175K(34176K)] 37965K(49536K), 0.0032146 secs] [Times: user=0.01 sys=0.00, real=0.01 secs] 
<writer thread='11267'/>
[CMS-concurrent-mark-start]
<writer thread='11779'/>
[Full GC (Allocation Failure) [CMS
<writer thread='11267'/>
[CMS-concurrent-mark: 0.073/0.075 secs] [Times: user=0.11 sys=0.01, real=0.07 secs] 
<writer thread='11779'/>
 (concurrent mode failure): 34175K-&gt;34175K(34176K), 0.2404114 secs] 49528K-&gt;37315K(49536K), [Metaspace: 61185K-&gt;61185K(1105920K)], 0.2407269 secs] [Times: user=0.22 sys=0.00, real=0.24 secs] 
[Full GC (Allocation Failure) [CMS: 34175K-&gt;34175K(34176K), 0.1859481 secs] 49530K-&gt;37362K(49536K), [Metaspace: 61185K-&gt;61185K(1105920K)], 0.1861060 secs] [Times: user=0.17 sys=0.00, real=0.18 secs] 
[GC (CMS Initial Mark) [1 CMS-initial-mark: 34175K(34176K)] 38216K(49536K), 0.0026181 secs] [Times: user=0.00 sys=0.00, real=0.00 secs] 
<writer thread='11267'/>
[CMS-concurrent-mark-start]
<writer thread='11779'/>
[Full GC (Allocation Failure) [CMS
<writer thread='11267'/>
[CMS-concurrent-mark: 0.108/0.110 secs] [Times: user=0.11 sys=0.01, real=0.11 secs] 
<writer thread='11779'/>
 (concurrent mode failure): 34175K-&gt;34175K(34176K), 0.3317480 secs] 49524K-&gt;37245K(49536K), [Metaspace: 61185K-&gt;61185K(1105920K)], 0.3322397 secs] [Times: user=0.26 sys=0.01, real=0.33 secs] 
[Full GC (Allocation Failure) [CMS: 34175K-&gt;34176K(34176K), 0.2282238 secs] 49535K-&gt;37371K(49536K), [Metaspace: 61185K-&gt;61185K(1105920K)], 0.2286500 secs] [Times: user=0.18 sys=0.01, real=0.23 secs] 
[GC (CMS Initial Mark) [1 CMS-initial-mark: 34176K(34176K)] 39515K(49536K), 0.0029821 secs] [Times: user=0.01 sys=0.00, real=0.00 secs] 
<writer thread='11267'/>
[CMS-concurrent-mark-start]
<writer thread='11779'/>
[Full GC (Allocation Failure) [CMS
<writer thread='11267'/>
[CMS-concurrent-mark: 0.088/0.091 secs] [Times: user=0.11 sys=0.01, real=0.09 secs] 
<writer thread='11779'/>
 (concurrent mode failure): 34176K-&gt;34175K(34176K), 0.2653046 secs] 49535K-&gt;37266K(49536K), [Metaspace: 61185K-&gt;61185K(1105920K)], 0.2654788 secs] [Times: user=0.23 sys=0.00, real=0.26 secs] 
[Full GC (Allocation Failure) [CMS: 34175K-&gt;34175K(34176K), 0.2980180 secs] 49535K-&gt;37386K(49536K), [Metaspace: 61185K-&gt;61185K(1105920K)], 0.3002931 secs] [Times: user=0.21 sys=0.01, real=0.30 secs] 
[GC (CMS Initial Mark) [1 CMS-initial-mark: 34175K(34176K)] 37525K(49536K), 0.0027926 secs] [Times: user=0.00 sys=0.00, real=0.00 secs] 
<writer thread='11267'/>
[CMS-concurrent-mark-start]
<writer thread='11779'/>
[Full GC (Allocation Failure) [CMS
<writer thread='11267'/>
[CMS-concurrent-mark: 0.072/0.076 secs] [Times: user=0.12 sys=0.01, real=0.08 secs] 
<writer thread='11779'/>
 (concurrent mode failure): 34175K-&gt;34175K(34176K), 0.4147152 secs] 49535K-&gt;37291K(49536K), [Metaspace: 61185K-&gt;61185K(1105920K)], 0.4149281 secs] [Times: user=0.27 sys=0.00, real=0.41 secs] 
[Full GC (Allocation Failure) [CMS: 34175K-&gt;34176K(34176K), 0.3742096 secs] 49535K-&gt;37382K(49536K), [Metaspace: 61186K-&gt;61186K(1105920K)], 0.3748808 secs] [Times: user=0.24 sys=0.01, real=0.38 secs] 
[GC (CMS Initial Mark) [1 CMS-initial-mark: 34176K(34176K)] 37464K(49536K), 0.0038410 secs] [Times: user=0.01 sys=0.00, real=0.00 secs] 
<writer thread='11267'/>
[CMS-concurrent-mark-start]
<writer thread='11779'/>
[Full GC (Allocation Failure) [CMS
<writer thread='11267'/>
[CMS-concurrent-mark: 0.075/0.081 secs] [Times: user=0.13 sys=0.01, real=0.08 secs] 
<writer thread='11779'/>
 (concurrent mode failure): 34176K-&gt;34175K(34176K), 0.2711188 secs] 49535K-&gt;37402K(49536K), [Metaspace: 61186K-&gt;61186K(1105920K)], 0.2713209 secs] [Times: user=0.24 sys=0.00, real=0.27 secs] 
[Full GC (Allocation Failure) [CMS: 34175K-&gt;34175K(34176K), 0.2081195 secs] 49525K-&gt;37419K(49536K), [Metaspace: 61186K-&gt;61186K(1105920K)], 0.2085439 secs] [Times: user=0.19 sys=0.00, real=0.21 secs] 
[GC (CMS Initial Mark) [1 CMS-initial-mark: 34175K(34176K)] 44110K(49536K), 0.0040072 secs] [Times: user=0.01 sys=0.00, real=0.00 secs] 
<writer thread='11267'/>
[CMS-concurrent-mark-start]
<writer thread='11779'/>
[Full GC (Allocation Failure) [CMS
<writer thread='11267'/>
[CMS-concurrent-mark: 0.065/0.067 secs] [Times: user=0.08 sys=0.00, real=0.06 secs] 
<writer thread='11779'/>
 (concurrent mode failure): 34175K-&gt;34175K(34176K), 0.2267681 secs] 49535K-&gt;37346K(49536K), [Metaspace: 61186K-&gt;61186K(1105920K)], 0.2269133 secs] [Times: user=0.21 sys=0.00, real=0.23 secs] 
[Full GC (Allocation Failure) [CMS: 34175K-&gt;34175K(34176K), 0.3314991 secs] 49535K-&gt;37421K(49536K), [Metaspace: 61186K-&gt;61186K(1105920K)], 0.3318657 secs] [Times: user=0.22 sys=0.01, real=0.33 secs] 
[GC (CMS Initial Mark) [1 CMS-initial-mark: 34175K(34176K)] 37560K(49536K), 0.0099101 secs] [Times: user=0.01 sys=0.00, real=0.01 secs] 
<writer thread='11267'/>
[CMS-concurrent-mark-start]
<writer thread='11779'/>
[Full GC (Allocation Failure) [CMS
<writer thread='11267'/>
[CMS-concurrent-mark: 0.097/0.113 secs] [Times: user=0.16 sys=0.01, real=0.12 secs] 
<writer thread='11779'/>
 (concurrent mode failure): 34175K-&gt;34175K(34176K), 0.2431039 secs] 49535K-&gt;37318K(49536K), [Metaspace: 61186K-&gt;61186K(1105920K)], 0.2436417 secs] [Times: user=0.22 sys=0.00, real=0.24 secs] 
[Full GC (Allocation Failure) [CMS: 34175K-&gt;34176K(34176K), 0.1876886 secs] 49524K-&gt;37364K(49536K), [Metaspace: 61186K-&gt;61186K(1105920K)], 0.1878572 secs] [Times: user=0.18 sys=0.01, real=0.18 secs] 
[GC (CMS Initial Mark) [1 CMS-initial-mark: 34176K(34176K)] 37586K(49536K), 0.0034230 secs] [Times: user=0.01 sys=0.00, real=0.00 secs] 
<writer thread='11267'/>
[CMS-concurrent-mark-start]
<writer thread='11779'/>
[Full GC (Allocation Failure) [CMS
<writer thread='11267'/>
[CMS-concurrent-mark: 0.088/0.091 secs] [Times: user=0.14 sys=0.01, real=0.09 secs] 
<writer thread='11779'/>
 (concurrent mode failure): 34176K-&gt;34176K(34176K), 0.2061627 secs] 49534K-&gt;37198K(49536K), [Metaspace: 61186K-&gt;61186K(1105920K)], 0.2063365 secs] [Times: user=0.20 sys=0.01, real=0.21 secs] 
[Full GC (Allocation Failure) [CMS: 34176K-&gt;34175K(34176K), 0.1634777 secs] 49535K-&gt;37236K(49536K), [Metaspace: 61186K-&gt;61186K(1105920K)], 0.1636357 secs] [Times: user=0.16 sys=0.01, real=0.17 secs] 
[GC (CMS Initial Mark) [1 CMS-initial-mark: 34175K(34176K)] 37429K(49536K), 0.0026275 secs] [Times: user=0.01 sys=0.00, real=0.00 secs] 
<writer thread='11267'/>
[CMS-concurrent-mark-start]
<writer thread='11779'/>
[Full GC (Allocation Failure) [CMS
<writer thread='11267'/>
[CMS-concurrent-mark: 0.085/0.088 secs] [Times: user=0.12 sys=0.01, real=0.09 secs] 
<writer thread='11779'/>
 (concurrent mode failure): 34175K-&gt;34175K(34176K), 0.2194884 secs] 49520K-&gt;37419K(49536K), [Metaspace: 61186K-&gt;61186K(1105920K)], 0.2197250 secs] [Times: user=0.21 sys=0.00, real=0.22 secs] 
[Full GC (Allocation Failure) [CMS: 34175K-&gt;34175K(34176K), 0.1734871 secs] 49531K-&gt;37307K(49536K), [Metaspace: 61186K-&gt;61186K(1105920K)], 0.1736542 secs] [Times: user=0.17 sys=0.00, real=0.17 secs] 
[GC (CMS Initial Mark) [1 CMS-initial-mark: 34175K(34176K)] 39086K(49536K), 0.0028913 secs] [Times: user=0.00 sys=0.00, real=0.00 secs] 
<writer thread='11267'/>
[CMS-concurrent-mark-start]
<writer thread='11779'/>
[Full GC (Allocation Failure) [CMS
<writer thread='11267'/>
[CMS-concurrent-mark: 0.071/0.073 secs] [Times: user=0.10 sys=0.01, real=0.07 secs] 
<writer thread='11779'/>
 (concurrent mode failure): 34175K-&gt;34175K(34176K), 0.2228494 secs] 49532K-&gt;37370K(49536K), [Metaspace: 61186K-&gt;61186K(1105920K)], 0.2230117 secs] [Times: user=0.22 sys=0.00, real=0.23 secs] 
[Full GC (Allocation Failure) [CMS: 34175K-&gt;34175K(34176K), 0.1974294 secs] 49535K-&gt;37528K(49536K), [Metaspace: 61186K-&gt;61186K(1105920K)], 0.1976209 secs] [Times: user=0.18 sys=0.01, real=0.20 secs] 
[GC (CMS Initial Mark) [1 CMS-initial-mark: 34175K(34176K)] 37938K(49536K), 0.0027983 secs] [Times: user=0.01 sys=0.00, real=0.00 secs] 
<writer thread='11267'/>
[CMS-concurrent-mark-start]
<writer thread='11779'/>
[Full GC (Allocation Failure) [CMS
<writer thread='11267'/>
[CMS-concurrent-mark: 0.076/0.081 secs] [Times: user=0.12 sys=0.01, real=0.09 secs] 
<writer thread='11779'/>
 (concurrent mode failure): 34175K-&gt;34175K(34176K), 0.2180979 secs] 49535K-&gt;37367K(49536K), [Metaspace: 61186K-&gt;61186K(1105920K)], 0.2183218 secs] [Times: user=0.20 sys=0.00, real=0.22 secs] 
[Full GC (Allocation Failure) [CMS: 34175K-&gt;34175K(34176K), 0.1915279 secs] 49528K-&gt;37355K(49536K), [Metaspace: 61186K-&gt;61186K(1105920K)], 0.1916853 secs] [Times: user=0.17 sys=0.00, real=0.19 secs] 
[GC (CMS Initial Mark) [1 CMS-initial-mark: 34175K(34176K)] 37464K(49536K), 0.0025296 secs] [Times: user=0.01 sys=0.00, real=0.01 secs] 
<writer thread='11267'/>
[CMS-concurrent-mark-start]
<writer thread='11779'/>
[Full GC (Allocation Failure) [CMS
<writer thread='11267'/>
[CMS-concurrent-mark: 0.079/0.086 secs] [Times: user=0.13 sys=0.02, real=0.08 secs] 
<writer thread='11779'/>
 (concurrent mode failure): 34175K-&gt;34175K(34176K), 0.2244774 secs] 49535K-&gt;37273K(49536K), [Metaspace: 61186K-&gt;61186K(1105920K)], 0.2247068 secs] [Times: user=0.21 sys=0.01, real=0.22 secs] 
[Full GC (Allocation Failure) [CMS: 34175K-&gt;34175K(34176K), 0.1702167 secs] 49527K-&gt;37225K(49536K), [Metaspace: 61186K-&gt;61186K(1105920K)], 0.1704867 secs] [Times: user=0.16 sys=0.01, real=0.18 secs] 
[GC (CMS Initial Mark) [1 CMS-initial-mark: 34175K(34176K)] 47346K(49536K), 0.0057980 secs] [Times: user=0.02 sys=0.00, real=0.00 secs] 
<writer thread='11267'/>
[CMS-concurrent-mark-start]
<writer thread='11779'/>
[Full GC (Allocation Failure) [CMS
<writer thread='11267'/>
[CMS-concurrent-mark: 0.063/0.065 secs] [Times: user=0.07 sys=0.00, real=0.07 secs] 
<writer thread='11779'/>
 (concurrent mode failure): 34175K-&gt;34175K(34176K), 0.2347207 secs] 49509K-&gt;37325K(49536K), [Metaspace: 61186K-&gt;61186K(1105920K)], 0.2349195 secs] [Times: user=0.22 sys=0.01, real=0.24 secs] 
[Full GC (Allocation Failure) [CMS: 34175K-&gt;34175K(34176K), 0.1571208 secs] 49532K-&gt;37282K(49536K), [Metaspace: 61186K-&gt;61186K(1105920K)], 0.1572605 secs] [Times: user=0.15 sys=0.00, real=0.16 secs] 
[GC (CMS Initial Mark) [1 CMS-initial-mark: 34175K(34176K)] 41311K(49536K), 0.0035234 secs] [Times: user=0.01 sys=0.00, real=0.01 secs] 
<writer thread='11267'/>
[CMS-concurrent-mark-start]
<writer thread='11779'/>
[Full GC (Allocation Failure) [CMS
<writer thread='11267'/>
[CMS-concurrent-mark: 0.055/0.057 secs] [Times: user=0.08 sys=0.00, real=0.07 secs] 
<writer thread='11779'/>
 (concurrent mode failure): 34175K-&gt;34175K(34176K), 0.2259662 secs] 49535K-&gt;37301K(49536K), [Metaspace: 61186K-&gt;61186K(1105920K)], 0.2261408 secs] [Times: user=0.21 sys=0.00, real=0.23 secs] 
[Full GC (Allocation Failure) [CMS: 34175K-&gt;34175K(34176K), 0.1559208 secs] 49530K-&gt;37430K(49536K), [Metaspace: 61186K-&gt;61186K(1105920K)], 0.1560851 secs] [Times: user=0.15 sys=0.01, real=0.15 secs] 
[GC (CMS Initial Mark) [1 CMS-initial-mark: 34175K(34176K)] 37786K(49536K), 0.0025215 secs] [Times: user=0.01 sys=0.00, real=0.00 secs] 
<writer thread='11267'/>
[CMS-concurrent-mark-start]
<writer thread='11779'/>
[Full GC (Allocation Failure) [CMS
<writer thread='11267'/>
[CMS-concurrent-mark: 0.075/0.077 secs] [Times: user=0.12 sys=0.01, real=0.08 secs] 
<writer thread='11779'/>
 (concurrent mode failure): 34175K-&gt;34175K(34176K), 0.1883437 secs] 49534K-&gt;37388K(49536K), [Metaspace: 61186K-&gt;61186K(1105920K)], 0.1885282 secs] [Times: user=0.18 sys=0.00, real=0.18 secs] 
[Full GC (Allocation Failure) [CMS: 34175K-&gt;34176K(34176K), 0.1571065 secs] 49535K-&gt;37416K(49536K), [Metaspace: 61186K-&gt;61186K(1105920K)], 0.1572500 secs] [Times: user=0.15 sys=0.00, real=0.16 secs] 
[GC (CMS Initial Mark) [1 CMS-initial-mark: 34176K(34176K)] 37497K(49536K), 0.0024014 secs] [Times: user=0.01 sys=0.00, real=0.00 secs] 
<writer thread='11267'/>
[CMS-concurrent-mark-start]
<writer thread='11779'/>
[Full GC (Allocation Failure) [CMS
<writer thread='11267'/>
[CMS-concurrent-mark: 0.074/0.075 secs] [Times: user=0.12 sys=0.01, real=0.08 secs] 
<writer thread='11779'/>
 (concurrent mode failure): 34176K-&gt;34175K(34176K), 0.2070308 secs] 49534K-&gt;37322K(49536K), [Metaspace: 61186K-&gt;61186K(1105920K)], 0.2072070 secs] [Times: user=0.20 sys=0.00, real=0.21 secs] 
[Full GC (Allocation Failure) [CMS: 34175K-&gt;34176K(34176K), 0.1588380 secs] 49530K-&gt;37373K(49536K), [Metaspace: 61186K-&gt;61186K(1105920K)], 0.1590128 secs] [Times: user=0.15 sys=0.00, real=0.16 secs] 
[GC (CMS Initial Mark) [1 CMS-initial-mark: 34176K(34176K)] 37745K(49536K), 0.0025448 secs] [Times: user=0.00 sys=0.00, real=0.00 secs] 
<writer thread='11267'/>
[CMS-concurrent-mark-start]
<writer thread='11779'/>
[Full GC (Allocation Failure) [CMS
<writer thread='11267'/>
[CMS-concurrent-mark: 0.069/0.071 secs] [Times: user=0.12 sys=0.01, real=0.07 secs] 
<writer thread='11779'/>
 (concurrent mode failure): 34176K-&gt;34175K(34176K), 0.2040113 secs] 49535K-&gt;37394K(49536K), [Metaspace: 61186K-&gt;61186K(1105920K)], 0.2041568 secs] [Times: user=0.19 sys=0.00, real=0.20 secs] 
[Full GC (Allocation Failure) [CMS: 34175K-&gt;34175K(34176K), 0.1586892 secs] 49535K-&gt;37346K(49536K), [Metaspace: 61186K-&gt;61186K(1105920K)], 0.1588324 secs] [Times: user=0.16 sys=0.00, real=0.16 secs] 
[GC (CMS Initial Mark) [1 CMS-initial-mark: 34175K(34176K)] 38422K(49536K), 0.0025476 secs] [Times: user=0.01 sys=0.00, real=0.00 secs] 
<writer thread='11267'/>
[CMS-concurrent-mark-start]
<writer thread='11779'/>
[Full GC (Allocation Failure) [CMS
<writer thread='11267'/>
[CMS-concurrent-mark: 0.074/0.076 secs] [Times: user=0.12 sys=0.00, real=0.08 secs] 
<writer thread='11779'/>
 (concurrent mode failure): 34175K-&gt;34175K(34176K), 0.2160635 secs] 49535K-&gt;37310K(49536K), [Metaspace: 61186K-&gt;61186K(1105920K)], 0.2162420 secs] [Times: user=0.20 sys=0.01, real=0.22 secs] 
[Full GC (Allocation Failure) [CMS: 34175K-&gt;34175K(34176K), 0.1598162 secs] 49535K-&gt;37331K(49536K), [Metaspace: 61186K-&gt;61186K(1105920K)], 0.1599906 secs] [Times: user=0.15 sys=0.00, real=0.16 secs] 
[GC (CMS Initial Mark) [1 CMS-initial-mark: 34175K(34176K)] 47871K(49536K), 0.0067435 secs] [Times: user=0.02 sys=0.00, real=0.00 secs] 
<writer thread='11267'/>
[CMS-concurrent-mark-start]
<writer thread='11779'/>
[Full GC (Allocation Failure) [CMS
<writer thread='11267'/>
[CMS-concurrent-mark: 0.066/0.068 secs] [Times: user=0.09 sys=0.00, real=0.07 secs] 
<writer thread='11779'/>
 (concurrent mode failure): 34175K-&gt;34175K(34176K), 0.2023117 secs] 49529K-&gt;37354K(49536K), [Metaspace: 61186K-&gt;61186K(1105920K)], 0.2025068 secs] [Times: user=0.19 sys=0.00, real=0.20 secs] 
[Full GC (Allocation Failure) [CMS: 34175K-&gt;34175K(34176K), 0.1541986 secs] 49535K-&gt;37419K(49536K), [Metaspace: 61186K-&gt;61186K(1105920K)], 0.1543592 secs] [Times: user=0.15 sys=0.00, real=0.16 secs] 
[GC (CMS Initial Mark) [1 CMS-initial-mark: 34175K(34176K)] 40090K(49536K), 0.0030795 secs] [Times: user=0.01 sys=0.00, real=0.00 secs] 
<writer thread='11267'/>
[CMS-concurrent-mark-start]
<writer thread='11779'/>
[Full GC (Allocation Failure) [CMS
<writer thread='11267'/>
[CMS-concurrent-mark: 0.069/0.071 secs] [Times: user=0.10 sys=0.01, real=0.07 secs] 
<writer thread='11779'/>
 (concurrent mode failure): 34175K-&gt;34175K(34176K), 0.2140713 secs] 49535K-&gt;37366K(49536K), [Metaspace: 61186K-&gt;61186K(1105920K)], 0.2142580 secs] [Times: user=0.20 sys=0.00, real=0.21 secs] 
[Full GC (Allocation Failure) [CMS: 34175K-&gt;34175K(34176K), 0.1655941 secs] 49528K-&gt;37336K(49536K), [Metaspace: 61186K-&gt;61186K(1105920K)], 0.1657771 secs] [Times: user=0.16 sys=0.00, real=0.17 secs] 
[GC (CMS Initial Mark) [1 CMS-initial-mark: 34175K(34176K)] 38455K(49536K), 0.0024544 secs] [Times: user=0.01 sys=0.00, real=0.00 secs] 
<writer thread='11267'/>
[CMS-concurrent-mark-start]
<writer thread='11779'/>
[Full GC (Allocation Failure) [CMS
<writer thread='11267'/>
[CMS-concurrent-mark: 0.074/0.075 secs] [Times: user=0.10 sys=0.01, real=0.08 secs] 
<writer thread='11779'/>
 (concurrent mode failure): 34175K-&gt;34175K(34176K), 0.2168636 secs] 49535K-&gt;37416K(49536K), [Metaspace: 61187K-&gt;61187K(1105920K)], 0.2170293 secs] [Times: user=0.20 sys=0.00, real=0.22 secs] 
[Full GC (Allocation Failure) [CMS: 34175K-&gt;34175K(34176K), 0.1791716 secs] 49535K-&gt;37361K(49536K), [Metaspace: 61187K-&gt;61187K(1105920K)], 0.1793203 secs] [Times: user=0.16 sys=0.01, real=0.18 secs] 
[GC (CMS Initial Mark) [1 CMS-initial-mark: 34175K(34176K)] 37673K(49536K), 0.0046135 secs] [Times: user=0.01 sys=0.00, real=0.01 secs] 
<writer thread='11267'/>
[CMS-concurrent-mark-start]
<writer thread='11779'/>
[Full GC (Allocation Failure) [CMS
<writer thread='11267'/>
[CMS-concurrent-mark: 0.085/0.088 secs] [Times: user=0.13 sys=0.01, real=0.08 secs] 
<writer thread='11779'/>
 (concurrent mode failure): 34175K-&gt;34175K(34176K), 0.2448584 secs] 49535K-&gt;37346K(49536K), [Metaspace: 61191K-&gt;61191K(1105920K)], 0.2450457 secs] [Times: user=0.22 sys=0.00, real=0.24 secs] 
[Full GC (Allocation Failure) [CMS: 34175K-&gt;34175K(34176K), 0.2000388 secs] 49531K-&gt;37395K(49536K), [Metaspace: 61191K-&gt;61191K(1105920K)], 0.2002616 secs] [Times: user=0.18 sys=0.00, real=0.20 secs] 
[GC (CMS Initial Mark) [1 CMS-initial-mark: 34175K(34176K)] 37703K(49536K), 0.0030078 secs] [Times: user=0.01 sys=0.00, real=0.01 secs] 
<writer thread='11267'/>
[CMS-concurrent-mark-start]
<writer thread='11779'/>
[Full GC (Allocation Failure) [CMS
<writer thread='11267'/>
[CMS-concurrent-mark: 0.074/0.076 secs] [Times: user=0.11 sys=0.01, real=0.07 secs] 
<writer thread='11779'/>
 (concurrent mode failure): 34175K-&gt;34175K(34176K), 0.2461979 secs] 49531K-&gt;37392K(49536K), [Metaspace: 61191K-&gt;61191K(1105920K)], 0.2463709 secs] [Times: user=0.22 sys=0.00, real=0.25 secs] 
[Full GC (Allocation Failure) [CMS: 34175K-&gt;34175K(34176K), 0.1895068 secs] 49535K-&gt;37484K(49536K), [Metaspace: 61191K-&gt;61191K(1105920K)], 0.1896945 secs] [Times: user=0.18 sys=0.00, real=0.19 secs] 
[GC (CMS Initial Mark) [1 CMS-initial-mark: 34175K(34176K)] 42994K(49536K), 0.0058444 secs] [Times: user=0.01 sys=0.00, real=0.00 secs] 
<writer thread='11267'/>
[CMS-concurrent-mark-start]
<writer thread='11779'/>
[Full GC (Allocation Failure) [CMS
<writer thread='11267'/>
[CMS-concurrent-mark: 0.070/0.072 secs] [Times: user=0.10 sys=0.00, real=0.08 secs] 
<writer thread='11779'/>
 (concurrent mode failure): 34175K-&gt;34175K(34176K), 0.2560156 secs] 49528K-&gt;37442K(49536K), [Metaspace: 61191K-&gt;61191K(1105920K)], 0.2564818 secs] [Times: user=0.23 sys=0.01, real=0.26 secs] 
[Full GC (Allocation Failure) [CMS: 34175K-&gt;34175K(34176K), 0.1725783 secs] 49534K-&gt;37433K(49536K), [Metaspace: 61191K-&gt;61191K(1105920K)], 0.1727718 secs] [Times: user=0.16 sys=0.00, real=0.17 secs] 
[GC (CMS Initial Mark) [1 CMS-initial-mark: 34175K(34176K)] 37608K(49536K), 0.0023738 secs] [Times: user=0.01 sys=0.00, real=0.01 secs] 
<writer thread='11267'/>
[CMS-concurrent-mark-start]
<writer thread='11779'/>
[Full GC (Allocation Failure) [CMS
<writer thread='11267'/>
[CMS-concurrent-mark: 0.066/0.068 secs] [Times: user=0.10 sys=0.01, real=0.06 secs] 
<writer thread='11779'/>
 (concurrent mode failure): 34175K-&gt;34175K(34176K), 0.2068239 secs] 49529K-&gt;37461K(49536K), [Metaspace: 61191K-&gt;61191K(1105920K)], 0.2069696 secs] [Times: user=0.20 sys=0.00, real=0.20 secs] 
[Full GC (Allocation Failure) [CMS: 34175K-&gt;34175K(34176K), 0.1530367 secs] 49535K-&gt;37369K(49536K), [Metaspace: 61191K-&gt;61191K(1105920K)], 0.1531860 secs] [Times: user=0.15 sys=0.01, real=0.16 secs] 
[GC (CMS Initial Mark) [1 CMS-initial-mark: 34175K(34176K)] 38659K(49536K), 0.0025698 secs] [Times: user=0.01 sys=0.00, real=0.00 secs] 
<writer thread='11267'/>
[CMS-concurrent-mark-start]
<writer thread='11779'/>
[Full GC (Allocation Failure) [CMS
<writer thread='11267'/>
[CMS-concurrent-mark: 0.062/0.063 secs] [Times: user=0.10 sys=0.00, real=0.07 secs] 
<writer thread='11779'/>
 (concurrent mode failure): 34175K-&gt;34175K(34176K), 0.1960645 secs] 49533K-&gt;37341K(49536K), [Metaspace: 61191K-&gt;61191K(1105920K)], 0.1962130 secs] [Times: user=0.18 sys=0.01, real=0.20 secs] 
[Full GC (Allocation Failure) [CMS: 34175K-&gt;34175K(34176K), 0.1532966 secs] 49535K-&gt;37457K(49536K), [Metaspace: 61191K-&gt;61191K(1105920K)], 0.1534463 secs] [Times: user=0.14 sys=0.00, real=0.16 secs] 
[GC (CMS Initial Mark) [1 CMS-initial-mark: 34175K(34176K)] 37567K(49536K), 0.0025185 secs] [Times: user=0.00 sys=0.00, real=0.00 secs] 
<writer thread='11267'/>
[CMS-concurrent-mark-start]
<writer thread='11779'/>
[Full GC (Allocation Failure) [CMS
<writer thread='11267'/>
[CMS-concurrent-mark: 0.064/0.066 secs] [Times: user=0.11 sys=0.00, real=0.07 secs] 
<writer thread='11779'/>
 (concurrent mode failure): 34175K-&gt;34175K(34176K), 0.2078602 secs] 49533K-&gt;37385K(49536K), [Metaspace: 61191K-&gt;61191K(1105920K)], 0.2080160 secs] [Times: user=0.20 sys=0.01, real=0.21 secs] 
[Full GC (Allocation Failure) [CMS: 34175K-&gt;34176K(34176K), 0.1614075 secs] 49535K-&gt;37449K(49536K), [Metaspace: 61191K-&gt;61191K(1105920K)], 0.1615807 secs] [Times: user=0.15 sys=0.01, real=0.16 secs] 
[GC (CMS Initial Mark) [1 CMS-initial-mark: 34176K(34176K)] 38179K(49536K), 0.0030516 secs] [Times: user=0.01 sys=0.00, real=0.00 secs] 
<writer thread='11267'/>
[CMS-concurrent-mark-start]
<writer thread='11779'/>
[Full GC (Allocation Failure) [CMS
<writer thread='11267'/>
[CMS-concurrent-mark: 0.070/0.072 secs] [Times: user=0.11 sys=0.00, real=0.08 secs] 
<writer thread='11779'/>
 (concurrent mode failure): 34176K-&gt;34175K(34176K), 0.2141724 secs] 49535K-&gt;37458K(49536K), [Metaspace: 61191K-&gt;61191K(1105920K)], 0.2143495 secs] [Times: user=0.20 sys=0.01, real=0.22 secs] 
[Full GC (Allocation Failure) [CMS: 34175K-&gt;34175K(34176K), 0.1586863 secs] 49533K-&gt;37424K(49536K), [Metaspace: 61191K-&gt;61191K(1105920K)], 0.1588392 secs] [Times: user=0.15 sys=0.00, real=0.16 secs] 
[GC (CMS Initial Mark) [1 CMS-initial-mark: 34175K(34176K)] 37484K(49536K), 0.0025944 secs] [Times: user=0.01 sys=0.00, real=0.00 secs] 
<writer thread='11267'/>
[CMS-concurrent-mark-start]
<writer thread='11779'/>
[Full GC (Allocation Failure) [CMS
<writer thread='11267'/>
[CMS-concurrent-mark: 0.058/0.060 secs] [Times: user=0.10 sys=0.00, real=0.06 secs] 
<writer thread='11779'/>
 (concurrent mode failure): 34175K-&gt;34175K(34176K), 0.2083638 secs] 49535K-&gt;37196K(49536K), [Metaspace: 61191K-&gt;61191K(1105920K)], 0.2085316 secs] [Times: user=0.19 sys=0.01, real=0.20 secs] 
[Full GC (Allocation Failure) [CMS: 34175K-&gt;34175K(34176K), 0.1584436 secs] 49533K-&gt;37606K(49536K), [Metaspace: 61191K-&gt;61191K(1105920K)], 0.1586342 secs] [Times: user=0.15 sys=0.00, real=0.16 secs] 
[GC (CMS Initial Mark) [1 CMS-initial-mark: 34175K(34176K)] 37696K(49536K), 0.0030244 secs] [Times: user=0.00 sys=0.00, real=0.01 secs] 
<writer thread='11267'/>
[CMS-concurrent-mark-start]
<writer thread='11779'/>
[Full GC (Allocation Failure) [CMS
<writer thread='11267'/>
[CMS-concurrent-mark: 0.063/0.065 secs] [Times: user=0.11 sys=0.01, real=0.06 secs] 
<writer thread='11779'/>
 (concurrent mode failure): 34176K-&gt;34176K(34176K), 0.1926685 secs] 49535K-&gt;37258K(49536K), [Metaspace: 61191K-&gt;61191K(1105920K)], 0.1928194 secs] [Times: user=0.19 sys=0.01, real=0.19 secs] 
[Full GC (Allocation Failure) [CMS: 34176K-&gt;34175K(34176K), 0.1491684 secs] 49534K-&gt;37459K(49536K), [Metaspace: 61191K-&gt;61191K(1105920K)], 0.1493279 secs] [Times: user=0.15 sys=0.00, real=0.15 secs] 
[GC (CMS Initial Mark) [1 CMS-initial-mark: 34175K(34176K)] 37836K(49536K), 0.0025759 secs] [Times: user=0.00 sys=0.00, real=0.00 secs] 
<writer thread='11267'/>
[CMS-concurrent-mark-start]
<writer thread='11779'/>
[Full GC (Allocation Failure) [CMS
<writer thread='11267'/>
[CMS-concurrent-mark: 0.065/0.066 secs] [Times: user=0.11 sys=0.01, real=0.07 secs] 
<writer thread='11779'/>
 (concurrent mode failure): 34175K-&gt;34175K(34176K), 0.2065372 secs] 49535K-&gt;37255K(49536K), [Metaspace: 61191K-&gt;61191K(1105920K)], 0.2067007 secs] [Times: user=0.19 sys=0.00, real=0.20 secs] 
[Full GC (Allocation Failure) [CMS: 34175K-&gt;34175K(34176K), 0.1563536 secs] 49535K-&gt;37400K(49536K), [Metaspace: 61191K-&gt;61191K(1105920K)], 0.1565075 secs] [Times: user=0.16 sys=0.00, real=0.16 secs] 
[GC (CMS Initial Mark) [1 CMS-initial-mark: 34175K(34176K)] 38830K(49536K), 0.0028207 secs] [Times: user=0.01 sys=0.00, real=0.00 secs] 
<writer thread='11267'/>
[CMS-concurrent-mark-start]
<writer thread='11779'/>
[Full GC (Allocation Failure) [CMS
<writer thread='11267'/>
[CMS-concurrent-mark: 0.066/0.068 secs] [Times: user=0.09 sys=0.01, real=0.07 secs] 
<writer thread='11779'/>
 (concurrent mode failure): 34175K-&gt;34175K(34176K), 0.2081476 secs] 49535K-&gt;37381K(49536K), [Metaspace: 61191K-&gt;61191K(1105920K)], 0.2083067 secs] [Times: user=0.20 sys=0.00, real=0.21 secs] 
[Full GC (Allocation Failure) [CMS: 34175K-&gt;34175K(34176K), 0.1625499 secs] 49535K-&gt;37513K(49536K), [Metaspace: 61191K-&gt;61191K(1105920K)], 0.1627168 secs] [Times: user=0.16 sys=0.00, real=0.16 secs] 
[GC (CMS Initial Mark) [1 CMS-initial-mark: 34175K(34176K)] 37855K(49536K), 0.0030596 secs] [Times: user=0.01 sys=0.00, real=0.01 secs] 
<writer thread='11267'/>
[CMS-concurrent-mark-start]
<writer thread='11779'/>
[Full GC (Allocation Failure) [CMS
<writer thread='11267'/>
[CMS-concurrent-mark: 0.064/0.066 secs] [Times: user=0.11 sys=0.01, real=0.06 secs] 
<writer thread='11779'/>
 (concurrent mode failure): 34175K-&gt;34175K(34176K), 0.2035616 secs] 49531K-&gt;37342K(49536K), [Metaspace: 61191K-&gt;61191K(1105920K)], 0.2037350 secs] [Times: user=0.20 sys=0.00, real=0.20 secs] 
[Full GC (Allocation Failure) [CMS: 34175K-&gt;34175K(34176K), 0.1579610 secs] 49534K-&gt;37567K(49536K), [Metaspace: 61191K-&gt;61191K(1105920K)], 0.1581133 secs] [Times: user=0.15 sys=0.00, real=0.16 secs] 
[GC (CMS Initial Mark) [1 CMS-initial-mark: 34175K(34176K)] 43184K(49536K), 0.0047622 secs] [Times: user=0.02 sys=0.00, real=0.01 secs] 
<writer thread='11267'/>
[CMS-concurrent-mark-start]
<writer thread='11779'/>
[Full GC (Allocation Failure) [CMS
<writer thread='11267'/>
[CMS-concurrent-mark: 0.060/0.061 secs] [Times: user=0.09 sys=0.00, real=0.06 secs] 
<writer thread='11779'/>
 (concurrent mode failure): 34175K-&gt;34176K(34176K), 0.1988719 secs] 49535K-&gt;37376K(49536K), [Metaspace: 61191K-&gt;61191K(1105920K)], 0.1990475 secs] [Times: user=0.19 sys=0.01, real=0.20 secs] 
[Full GC (Allocation Failure) [CMS: 34176K-&gt;34175K(34176K), 0.1700719 secs] 49528K-&gt;37473K(49536K), [Metaspace: 61191K-&gt;61191K(1105920K)], 0.1702223 secs] [Times: user=0.16 sys=0.00, real=0.17 secs] 
[GC (CMS Initial Mark) [1 CMS-initial-mark: 34175K(34176K)] 38019K(49536K), 0.0031461 secs] [Times: user=0.01 sys=0.00, real=0.01 secs] 
<writer thread='11267'/>
[CMS-concurrent-mark-start]
<writer thread='11779'/>
[Full GC (Allocation Failure) [CMS
<writer thread='11267'/>
[CMS-concurrent-mark: 0.063/0.064 secs] [Times: user=0.11 sys=0.01, real=0.06 secs] 
<writer thread='11779'/>
 (concurrent mode failure): 34175K-&gt;34175K(34176K), 0.2002499 secs] 49535K-&gt;37744K(49536K), [Metaspace: 61191K-&gt;61191K(1105920K)], 0.2004078 secs] [Times: user=0.19 sys=0.00, real=0.20 secs] 
[Full GC (Allocation Failure) [CMS: 34176K-&gt;34176K(34176K), 0.1485276 secs] 49536K-&gt;37228K(49536K), [Metaspace: 61191K-&gt;61191K(1105920K)], 0.1486726 secs] [Times: user=0.14 sys=0.00, real=0.14 secs] 
[GC (CMS Initial Mark) [1 CMS-initial-mark: 34176K(34176K)] 37527K(49536K), 0.0026647 secs] [Times: user=0.01 sys=0.00, real=0.00 secs] 
<writer thread='11267'/>
[CMS-concurrent-mark-start]
<writer thread='11779'/>
[Full GC (Allocation Failure) [CMS
<writer thread='11267'/>
[CMS-concurrent-mark: 0.063/0.065 secs] [Times: user=0.11 sys=0.01, real=0.06 secs] 
<writer thread='11779'/>
 (concurrent mode failure): 34176K-&gt;34175K(34176K), 0.1928024 secs] 49534K-&gt;37312K(49536K), [Metaspace: 61191K-&gt;61191K(1105920K)], 0.1929575 secs] [Times: user=0.18 sys=0.00, real=0.19 secs] 
[Full GC (Allocation Failure) [CMS: 34175K-&gt;34175K(34176K), 0.1581286 secs] 49529K-&gt;37419K(49536K), [Metaspace: 61191K-&gt;61191K(1105920K)], 0.1583124 secs] [Times: user=0.15 sys=0.01, real=0.16 secs] 
[GC (CMS Initial Mark) [1 CMS-initial-mark: 34175K(34176K)] 37584K(49536K), 0.0026534 secs] [Times: user=0.00 sys=0.00, real=0.01 secs] 
<writer thread='11267'/>
[CMS-concurrent-mark-start]
<writer thread='11779'/>
[Full GC (Allocation Failure) [CMS
<writer thread='11267'/>
[CMS-concurrent-mark: 0.071/0.073 secs] [Times: user=0.12 sys=0.01, real=0.07 secs] 
<writer thread='11779'/>
 (concurrent mode failure): 34176K-&gt;34175K(34176K), 0.2086723 secs] 49535K-&gt;37408K(49536K), [Metaspace: 61191K-&gt;61191K(1105920K)], 0.2088191 secs] [Times: user=0.20 sys=0.01, real=0.21 secs] 
[Full GC (Allocation Failure) [CMS: 34175K-&gt;34176K(34176K), 0.1661736 secs] 49535K-&gt;37299K(49536K), [Metaspace: 61193K-&gt;61193K(1105920K)], 0.1663577 secs] [Times: user=0.15 sys=0.00, real=0.16 secs] 
[GC (CMS Initial Mark) [1 CMS-initial-mark: 34176K(34176K)] 38419K(49536K), 0.0026047 secs] [Times: user=0.01 sys=0.00, real=0.00 secs] 
<writer thread='11267'/>
[CMS-concurrent-mark-start]
<writer thread='11779'/>
[Full GC (Allocation Failure) [CMS
<writer thread='11267'/>
[CMS-concurrent-mark: 0.056/0.058 secs] [Times: user=0.07 sys=0.00, real=0.06 secs] 
<writer thread='11779'/>
 (concurrent mode failure): 34176K-&gt;34175K(34176K), 0.2172458 secs] 49536K-&gt;37409K(49536K), [Metaspace: 61193K-&gt;61193K(1105920K)], 0.2174041 secs] [Times: user=0.20 sys=0.00, real=0.21 secs] 
[Full GC (Allocation Failure) [CMS: 34175K-&gt;34175K(34176K), 0.1599099 secs] 49531K-&gt;37323K(49536K), [Metaspace: 61193K-&gt;61193K(1105920K)], 0.1600870 secs] [Times: user=0.16 sys=0.00, real=0.16 secs] 
[GC (CMS Initial Mark) [1 CMS-initial-mark: 34175K(34176K)] 37375K(49536K), 0.0025745 secs] [Times: user=0.01 sys=0.00, real=0.01 secs] 
<writer thread='11267'/>
[CMS-concurrent-mark-start]
<writer thread='11779'/>
[Full GC (Allocation Failure) [CMS
<writer thread='11267'/>
[CMS-concurrent-mark: 0.063/0.065 secs] [Times: user=0.11 sys=0.01, real=0.06 secs] 
<writer thread='11779'/>
 (concurrent mode failure): 34175K-&gt;34175K(34176K), 0.1914464 secs] 49527K-&gt;37340K(49536K), [Metaspace: 61193K-&gt;61193K(1105920K)], 0.1916025 secs] [Times: user=0.19 sys=0.00, real=0.19 secs] 
[Full GC (Allocation Failure) [CMS: 34175K-&gt;34175K(34176K), 0.1515322 secs] 49534K-&gt;37563K(49536K), [Metaspace: 61193K-&gt;61193K(1105920K)], 0.1517036 secs] [Times: user=0.14 sys=0.00, real=0.15 secs] 
[GC (CMS Initial Mark) [1 CMS-initial-mark: 34175K(34176K)] 37641K(49536K), 0.0028857 secs] [Times: user=0.01 sys=0.00, real=0.01 secs] 
<writer thread='11267'/>
[CMS-concurrent-mark-start]
<writer thread='11779'/>
[Full GC (Allocation Failure) [CMS
<writer thread='11267'/>
[CMS-concurrent-mark: 0.077/0.080 secs] [Times: user=0.12 sys=0.01, real=0.08 secs] 
<writer thread='11779'/>
 (concurrent mode failure): 34175K-&gt;34175K(34176K), 0.2096940 secs] 49522K-&gt;37317K(49536K), [Metaspace: 61193K-&gt;61193K(1105920K)], 0.2098775 secs] [Times: user=0.19 sys=0.00, real=0.21 secs] 
[Full GC (Allocation Failure) [CMS: 34176K-&gt;34175K(34176K), 0.1635047 secs] 49535K-&gt;37399K(49536K), [Metaspace: 61193K-&gt;61193K(1105920K)], 0.1636802 secs] [Times: user=0.15 sys=0.00, real=0.17 secs] 
[GC (CMS Initial Mark) [1 CMS-initial-mark: 34175K(34176K)] 39082K(49536K), 0.0028762 secs] [Times: user=0.01 sys=0.00, real=0.00 secs] 
<writer thread='11267'/>
[CMS-concurrent-mark-start]
<writer thread='11779'/>
[Full GC (Allocation Failure) [CMS
<writer thread='11267'/>
[CMS-concurrent-mark: 0.068/0.070 secs] [Times: user=0.10 sys=0.00, real=0.08 secs] 
<writer thread='11779'/>
 (concurrent mode failure): 34175K-&gt;34175K(34176K), 0.2205101 secs] 49535K-&gt;37413K(49536K), [Metaspace: 61193K-&gt;61193K(1105920K)], 0.2206848 secs] [Times: user=0.21 sys=0.01, real=0.22 secs] 
[Full GC (Allocation Failure) [CMS: 34175K-&gt;34175K(34176K), 0.1555606 secs] 49532K-&gt;37271K(49536K), [Metaspace: 61193K-&gt;61193K(1105920K)], 0.1557208 secs] [Times: user=0.15 sys=0.00, real=0.15 secs] 
[GC (CMS Initial Mark) [1 CMS-initial-mark: 34175K(34176K)] 37329K(49536K), 0.0027493 secs] [Times: user=0.01 sys=0.01, real=0.01 secs] 
<writer thread='11267'/>
[CMS-concurrent-mark-start]
<writer thread='11779'/>
[Full GC (Allocation Failure) [CMS
<writer thread='11267'/>
[CMS-concurrent-mark: 0.065/0.066 secs] [Times: user=0.11 sys=0.00, real=0.06 secs] 
<writer thread='11779'/>
 (concurrent mode failure): 34175K-&gt;34175K(34176K), 0.2116710 secs] 49532K-&gt;37340K(49536K), [Metaspace: 61193K-&gt;61193K(1105920K)], 0.2118478 secs] [Times: user=0.19 sys=0.01, real=0.21 secs] 
[Full GC (Allocation Failure) [CMS: 34175K-&gt;34175K(34176K), 0.1520323 secs] 49533K-&gt;37344K(49536K), [Metaspace: 61193K-&gt;61193K(1105920K)], 0.1522257 secs] [Times: user=0.15 sys=0.00, real=0.15 secs] 
[GC (CMS Initial Mark) [1 CMS-initial-mark: 34175K(34176K)] 37482K(49536K), 0.0029005 secs] [Times: user=0.00 sys=0.00, real=0.00 secs] 
<writer thread='11267'/>
[CMS-concurrent-mark-start]
<writer thread='11779'/>
[Full GC (Allocation Failure) [CMS
<writer thread='11267'/>
[CMS-concurrent-mark: 0.061/0.064 secs] [Times: user=0.12 sys=0.01, real=0.07 secs] 
<writer thread='11779'/>
 (concurrent mode failure): 34175K-&gt;34175K(34176K), 0.2031980 secs] 49533K-&gt;37386K(49536K), [Metaspace: 61193K-&gt;61193K(1105920K)], 0.2033536 secs] [Times: user=0.19 sys=0.00, real=0.20 secs] 
[Full GC (Allocation Failure) [CMS: 34175K-&gt;34175K(34176K), 0.1524917 secs] 49528K-&gt;37470K(49536K), [Metaspace: 61193K-&gt;61193K(1105920K)], 0.1526571 secs] [Times: user=0.15 sys=0.00, real=0.15 secs] 
[GC (CMS Initial Mark) [1 CMS-initial-mark: 34175K(34176K)] 37655K(49536K), 0.0028202 secs] [Times: user=0.01 sys=0.00, real=0.01 secs] 
<writer thread='11267'/>
[CMS-concurrent-mark-start]
<writer thread='11779'/>
[Full GC (Allocation Failure) [CMS
<writer thread='11267'/>
[CMS-concurrent-mark: 0.058/0.060 secs] [Times: user=0.10 sys=0.01, real=0.06 secs] 
<writer thread='11779'/>
 (concurrent mode failure): 34175K-&gt;34175K(34176K), 0.2090314 secs] 49535K-&gt;37403K(49536K), [Metaspace: 61193K-&gt;61193K(1105920K)], 0.2093321 secs] [Times: user=0.19 sys=0.00, real=0.21 secs] 
[Full GC (Allocation Failure) [CMS: 34175K-&gt;34175K(34176K), 0.1656787 secs] 49535K-&gt;37388K(49536K), [Metaspace: 61193K-&gt;61193K(1105920K)], 0.1658470 secs] [Times: user=0.16 sys=0.00, real=0.17 secs] 
[GC (CMS Initial Mark) [1 CMS-initial-mark: 34175K(34176K)] 37506K(49536K), 0.0039465 secs] [Times: user=0.01 sys=0.00, real=0.01 secs] 
<writer thread='11267'/>
[CMS-concurrent-mark-start]
<writer thread='11779'/>
[Full GC (Allocation Failure) [CMS
<writer thread='11267'/>
[CMS-concurrent-mark: 0.077/0.078 secs] [Times: user=0.12 sys=0.01, real=0.07 secs] 
<writer thread='11779'/>
 (concurrent mode failure): 34175K-&gt;34175K(34176K), 0.2178102 secs] 49522K-&gt;37322K(49536K), [Metaspace: 61193K-&gt;61193K(1105920K)], 0.2180222 secs] [Times: user=0.20 sys=0.00, real=0.22 secs] 
[Full GC (Allocation Failure) [CMS: 34175K-&gt;34175K(34176K), 0.1684344 secs] 49530K-&gt;37524K(49536K), [Metaspace: 61193K-&gt;61193K(1105920K)], 0.1686355 secs] [Times: user=0.16 sys=0.00, real=0.17 secs] 
[GC (CMS Initial Mark) [1 CMS-initial-mark: 34175K(34176K)] 38863K(49536K), 0.0044396 secs] [Times: user=0.01 sys=0.00, real=0.01 secs] 
<writer thread='11267'/>
[CMS-concurrent-mark-start]
<writer thread='11779'/>
[Full GC (Allocation Failure) [CMS
<writer thread='11267'/>
[CMS-concurrent-mark: 0.067/0.071 secs] [Times: user=0.09 sys=0.01, real=0.07 secs] 
<writer thread='11779'/>
 (concurrent mode failure): 34175K-&gt;34175K(34176K), 0.2067313 secs] 49535K-&gt;37399K(49536K), [Metaspace: 61193K-&gt;61193K(1105920K)], 0.2073749 secs] [Times: user=0.19 sys=0.00, real=0.21 secs] 
[Full GC (Allocation Failure) [CMS: 34175K-&gt;34175K(34176K), 0.1542985 secs] 49527K-&gt;37386K(49536K), [Metaspace: 61193K-&gt;61193K(1105920K)], 0.1544485 secs] [Times: user=0.15 sys=0.00, real=0.16 secs] 
[GC (CMS Initial Mark) [1 CMS-initial-mark: 34175K(34176K)] 38373K(49536K), 0.0025381 secs] [Times: user=0.01 sys=0.00, real=0.00 secs] 
<writer thread='11267'/>
[CMS-concurrent-mark-start]
<writer thread='11779'/>
[Full GC (Allocation Failure) [CMS
<writer thread='11267'/>
[CMS-concurrent-mark: 0.065/0.066 secs] [Times: user=0.10 sys=0.01, real=0.07 secs] 
<writer thread='11779'/>
 (concurrent mode failure): 34175K-&gt;34175K(34176K), 0.2027350 secs] 49529K-&gt;37520K(49536K), [Metaspace: 61193K-&gt;61193K(1105920K)], 0.2028818 secs] [Times: user=0.19 sys=0.00, real=0.20 secs] 
[Full GC (Allocation Failure) [CMS: 34175K-&gt;34175K(34176K), 0.1580750 secs] 49535K-&gt;37353K(49536K), [Metaspace: 61193K-&gt;61193K(1105920K)], 0.1582339 secs] [Times: user=0.16 sys=0.00, real=0.16 secs] 
[GC (CMS Initial Mark) [1 CMS-initial-mark: 34175K(34176K)] 38838K(49536K), 0.0026881 secs] [Times: user=0.01 sys=0.00, real=0.00 secs] 
<writer thread='11267'/>
[CMS-concurrent-mark-start]
<writer thread='11779'/>
[Full GC (Allocation Failure) [CMS
<writer thread='11267'/>
[CMS-concurrent-mark: 0.057/0.059 secs] [Times: user=0.11 sys=0.01, real=0.07 secs] 
<writer thread='11779'/>
 (concurrent mode failure): 34175K-&gt;34175K(34176K), 0.2195850 secs] 49528K-&gt;37340K(49536K), [Metaspace: 61193K-&gt;61193K(1105920K)], 0.2197345 secs] [Times: user=0.21 sys=0.00, real=0.22 secs] 
[Full GC (Allocation Failure) [CMS: 34175K-&gt;34175K(34176K), 0.1555844 secs] 49535K-&gt;37443K(49536K), [Metaspace: 61193K-&gt;61193K(1105920K)], 0.1557275 secs] [Times: user=0.15 sys=0.00, real=0.15 secs] 
[GC (CMS Initial Mark) [1 CMS-initial-mark: 34175K(34176K)] 37501K(49536K), 0.0028693 secs] [Times: user=0.01 sys=0.00, real=0.01 secs] 
<writer thread='11267'/>
[CMS-concurrent-mark-start]
<writer thread='11779'/>
[Full GC (Allocation Failure) [CMS
<writer thread='11267'/>
[CMS-concurrent-mark: 0.067/0.069 secs] [Times: user=0.11 sys=0.01, real=0.07 secs] 
<writer thread='11779'/>
 (concurrent mode failure): 34175K-&gt;34175K(34176K), 0.2022955 secs] 49532K-&gt;37291K(49536K), [Metaspace: 61193K-&gt;61193K(1105920K)], 0.2024472 secs] [Times: user=0.19 sys=0.01, real=0.20 secs] 
[Full GC (Allocation Failure) [CMS: 34175K-&gt;34176K(34176K), 0.1641955 secs] 49531K-&gt;37478K(49536K), [Metaspace: 61193K-&gt;61193K(1105920K)], 0.1643451 secs] [Times: user=0.16 sys=0.01, real=0.16 secs] 
[GC (CMS Initial Mark) [1 CMS-initial-mark: 34176K(34176K)] 37677K(49536K), 0.0027130 secs] [Times: user=0.01 sys=0.00, real=0.01 secs] 
<writer thread='11267'/>
[CMS-concurrent-mark-start]
<writer thread='11779'/>
[Full GC (Allocation Failure) [CMS
<writer thread='11267'/>
[CMS-concurrent-mark: 0.065/0.067 secs] [Times: user=0.11 sys=0.01, real=0.06 secs] 
<writer thread='11779'/>
 (concurrent mode failure): 34176K-&gt;34175K(34176K), 0.2044683 secs] 49536K-&gt;37340K(49536K), [Metaspace: 61193K-&gt;61193K(1105920K)], 0.2046373 secs] [Times: user=0.19 sys=0.01, real=0.20 secs] 
[Full GC (Allocation Failure) [CMS: 34175K-&gt;34176K(34176K), 0.1593051 secs] 49535K-&gt;37320K(49536K), [Metaspace: 61193K-&gt;61193K(1105920K)], 0.1595156 secs] [Times: user=0.15 sys=0.01, real=0.16 secs] 
[GC (CMS Initial Mark) [1 CMS-initial-mark: 34176K(34176K)] 37391K(49536K), 0.0032487 secs] [Times: user=0.01 sys=0.00, real=0.01 secs] 
<writer thread='11267'/>
[CMS-concurrent-mark-start]
<writer thread='11779'/>
[Full GC (Allocation Failure) [CMS
<writer thread='11267'/>
[CMS-concurrent-mark: 0.067/0.069 secs] [Times: user=0.11 sys=0.01, real=0.06 secs] 
<writer thread='11779'/>
 (concurrent mode failure): 34176K-&gt;34175K(34176K), 0.2064964 secs] 49536K-&gt;37504K(49536K), [Metaspace: 61193K-&gt;61193K(1105920K)], 0.2066407 secs] [Times: user=0.19 sys=0.00, real=0.20 secs] 
[Full GC (Allocation Failure) [CMS: 34176K-&gt;34175K(34176K), 0.1584019 secs] 49535K-&gt;37149K(49536K), [Metaspace: 61193K-&gt;61193K(1105920K)], 0.1585607 secs] [Times: user=0.15 sys=0.00, real=0.16 secs] 
[GC (CMS Initial Mark) [1 CMS-initial-mark: 34175K(34176K)] 37795K(49536K), 0.0028049 secs] [Times: user=0.00 sys=0.00, real=0.00 secs] 
<writer thread='11267'/>
[CMS-concurrent-mark-start]
<writer thread='11779'/>
[Full GC (Allocation Failure) [CMS
<writer thread='11267'/>
[CMS-concurrent-mark: 0.072/0.074 secs] [Times: user=0.11 sys=0.00, real=0.07 secs] 
<writer thread='11779'/>
 (concurrent mode failure): 34176K-&gt;34175K(34176K), 0.2233006 secs] 49536K-&gt;37263K(49536K), [Metaspace: 61193K-&gt;61193K(1105920K)], 0.2234908 secs] [Times: user=0.21 sys=0.01, real=0.22 secs] 
[Full GC (Allocation Failure) [CMS: 34175K-&gt;34175K(34176K), 0.1572902 secs] 49531K-&gt;37384K(49536K), [Metaspace: 61193K-&gt;61193K(1105920K)], 0.1574567 secs] [Times: user=0.15 sys=0.00, real=0.16 secs] 
[GC (CMS Initial Mark) [1 CMS-initial-mark: 34175K(34176K)] 37552K(49536K), 0.0046389 secs] [Times: user=0.01 sys=0.00, real=0.01 secs] 
<writer thread='11267'/>
[CMS-concurrent-mark-start]
<writer thread='11779'/>
[Full GC (Allocation Failure) [CMS
<writer thread='11267'/>
[CMS-concurrent-mark: 0.064/0.066 secs] [Times: user=0.11 sys=0.01, real=0.06 secs] 
<writer thread='11779'/>
 (concurrent mode failure): 34175K-&gt;34175K(34176K), 0.2024837 secs] 49533K-&gt;37390K(49536K), [Metaspace: 61193K-&gt;61193K(1105920K)], 0.2026325 secs] [Times: user=0.20 sys=0.00, real=0.20 secs] 
[Full GC (Allocation Failure) [CMS: 34175K-&gt;34175K(34176K), 0.1595071 secs] 49531K-&gt;37427K(49536K), [Metaspace: 61193K-&gt;61193K(1105920K)], 0.1596776 secs] [Times: user=0.15 sys=0.00, real=0.16 secs] 
[GC (CMS Initial Mark) [1 CMS-initial-mark: 34175K(34176K)] 38848K(49536K), 0.0025625 secs] [Times: user=0.00 sys=0.00, real=0.00 secs] 
<writer thread='11267'/>
[CMS-concurrent-mark-start]
<writer thread='11779'/>
[Full GC (Allocation Failure) [CMS
<writer thread='11267'/>
[CMS-concurrent-mark: 0.063/0.065 secs] [Times: user=0.11 sys=0.01, real=0.06 secs] 
<writer thread='11779'/>
 (concurrent mode failure): 34175K-&gt;34175K(34176K), 0.2089984 secs] 49535K-&gt;37351K(49536K), [Metaspace: 61193K-&gt;61193K(1105920K)], 0.2091492 secs] [Times: user=0.19 sys=0.00, real=0.21 secs] 
[Full GC (Allocation Failure) [CMS: 34175K-&gt;34175K(34176K), 0.1541140 secs] 49535K-&gt;37345K(49536K), [Metaspace: 61193K-&gt;61193K(1105920K)], 0.1542643 secs] [Times: user=0.14 sys=0.00, real=0.16 secs] 
[GC (CMS Initial Mark) [1 CMS-initial-mark: 34175K(34176K)] 37881K(49536K), 0.0026172 secs] [Times: user=0.00 sys=0.00, real=0.00 secs] 
<writer thread='11267'/>
[CMS-concurrent-mark-start]
<writer thread='11779'/>
[Full GC (Allocation Failure) [CMS
<writer thread='11267'/>
[CMS-concurrent-mark: 0.064/0.066 secs] [Times: user=0.11 sys=0.01, real=0.07 secs] 
<writer thread='11779'/>
 (concurrent mode failure): 34175K-&gt;34175K(34176K), 0.1951372 secs] 49535K-&gt;37345K(49536K), [Metaspace: 61193K-&gt;61193K(1105920K)], 0.1953013 secs] [Times: user=0.19 sys=0.00, real=0.20 secs] 
[Full GC (Allocation Failure) [CMS: 34175K-&gt;34176K(34176K), 0.1561845 secs] 49535K-&gt;37291K(49536K), [Metaspace: 61193K-&gt;61193K(1105920K)], 0.1563399 secs] [Times: user=0.15 sys=0.00, real=0.15 secs] 
[GC (CMS Initial Mark) [1 CMS-initial-mark: 34176K(34176K)] 37356K(49536K), 0.0028734 secs] [Times: user=0.01 sys=0.00, real=0.01 secs] 
<writer thread='11267'/>
[CMS-concurrent-mark-start]
<writer thread='11779'/>
[Full GC (Allocation Failure) [CMS
<writer thread='11267'/>
[CMS-concurrent-mark: 0.069/0.071 secs] [Times: user=0.11 sys=0.01, real=0.07 secs] 
<writer thread='11779'/>
 (concurrent mode failure): 34176K-&gt;34175K(34176K), 0.2045308 secs] 49535K-&gt;37264K(49536K), [Metaspace: 61193K-&gt;61193K(1105920K)], 0.2046769 secs] [Times: user=0.19 sys=0.00, real=0.20 secs] 
[Full GC (Allocation Failure) [CMS: 34175K-&gt;34176K(34176K), 0.1620196 secs] 49535K-&gt;37379K(49536K), [Metaspace: 61193K-&gt;61193K(1105920K)], 0.1621970 secs] [Times: user=0.16 sys=0.00, real=0.16 secs] 
[GC (CMS Initial Mark) [1 CMS-initial-mark: 34176K(34176K)] 43682K(49536K), 0.0038519 secs] [Times: user=0.01 sys=0.01, real=0.00 secs] 
<writer thread='11267'/>
[CMS-concurrent-mark-start]
<writer thread='11779'/>
[Full GC (Allocation Failure) [CMS
<writer thread='11267'/>
[CMS-concurrent-mark: 0.065/0.066 secs] [Times: user=0.08 sys=0.00, real=0.06 secs] 
<writer thread='11779'/>
 (concurrent mode failure): 34176K-&gt;34175K(34176K), 0.2284945 secs] 49533K-&gt;37333K(49536K), [Metaspace: 61193K-&gt;61193K(1105920K)], 0.2286515 secs] [Times: user=0.22 sys=0.00, real=0.23 secs] 
[Full GC (Allocation Failure) [CMS: 34175K-&gt;34175K(34176K), 0.1489737 secs] 49535K-&gt;37328K(49536K), [Metaspace: 61193K-&gt;61193K(1105920K)], 0.1491337 secs] [Times: user=0.15 sys=0.00, real=0.15 secs] 
[GC (CMS Initial Mark) [1 CMS-initial-mark: 34175K(34176K)] 38044K(49536K), 0.0025628 secs] [Times: user=0.01 sys=0.00, real=0.00 secs] 
<writer thread='11267'/>
[CMS-concurrent-mark-start]
<writer thread='11779'/>
[Full GC (Allocation Failure) [CMS
<writer thread='11267'/>
[CMS-concurrent-mark: 0.059/0.061 secs] [Times: user=0.10 sys=0.01, real=0.06 secs] 
<writer thread='11779'/>
 (concurrent mode failure): 34175K-&gt;34175K(34176K), 0.2007593 secs] 49535K-&gt;37357K(49536K), [Metaspace: 61193K-&gt;61193K(1105920K)], 0.2009122 secs] [Times: user=0.19 sys=0.00, real=0.21 secs] 
[Full GC (Allocation Failure) [CMS: 34176K-&gt;34175K(34176K), 0.1518358 secs] 49535K-&gt;37439K(49536K), [Metaspace: 61193K-&gt;61193K(1105920K)], 0.1520526 secs] [Times: user=0.14 sys=0.00, real=0.15 secs] 
[GC (CMS Initial Mark) [1 CMS-initial-mark: 34175K(34176K)] 37701K(49536K), 0.0027098 secs] [Times: user=0.00 sys=0.00, real=0.00 secs] 
<writer thread='11267'/>
[CMS-concurrent-mark-start]
<writer thread='11779'/>
[Full GC (Allocation Failure) [CMS
<writer thread='11267'/>
[CMS-concurrent-mark: 0.064/0.066 secs] [Times: user=0.14 sys=0.01, real=0.06 secs] 
<writer thread='11779'/>
 (concurrent mode failure): 34175K-&gt;34175K(34176K), 0.1910323 secs] 49529K-&gt;37485K(49536K), [Metaspace: 61200K-&gt;61200K(1105920K)], 0.1912130 secs] [Times: user=0.18 sys=0.00, real=0.20 secs] 
[Full GC (Allocation Failure) [CMS: 34175K-&gt;34175K(34176K), 0.1547502 secs] 49535K-&gt;37388K(49536K), [Metaspace: 61200K-&gt;61200K(1105920K)], 0.1549125 secs] [Times: user=0.15 sys=0.00, real=0.16 secs] 
[GC (CMS Initial Mark) [1 CMS-initial-mark: 34175K(34176K)] 38013K(49536K), 0.0028365 secs] [Times: user=0.00 sys=0.00, real=0.00 secs] 
<writer thread='11267'/>
[CMS-concurrent-mark-start]
<writer thread='11779'/>
[Full GC (Allocation Failure) [CMS
<writer thread='11267'/>
[CMS-concurrent-mark: 0.059/0.060 secs] [Times: user=0.11 sys=0.01, real=0.06 secs] 
<writer thread='11779'/>
 (concurrent mode failure): 34175K-&gt;34175K(34176K), 0.1981639 secs] 49520K-&gt;37359K(49536K), [Metaspace: 61200K-&gt;61200K(1105920K)], 0.1983105 secs] [Times: user=0.19 sys=0.00, real=0.20 secs] 
[Full GC (Allocation Failure) [CMS: 34175K-&gt;34175K(34176K), 0.1485652 secs] 49535K-&gt;37569K(49536K), [Metaspace: 61200K-&gt;61200K(1105920K)], 0.1487420 secs] [Times: user=0.15 sys=0.00, real=0.15 secs] 
[GC (CMS Initial Mark) [1 CMS-initial-mark: 34175K(34176K)] 38155K(49536K), 0.0027702 secs] [Times: user=0.01 sys=0.00, real=0.00 secs] 
<writer thread='11267'/>
[CMS-concurrent-mark-start]
<writer thread='11779'/>
[Full GC (Allocation Failure) [CMS
<writer thread='11267'/>
[CMS-concurrent-mark: 0.069/0.071 secs] [Times: user=0.11 sys=0.01, real=0.07 secs] 
<writer thread='11779'/>
 (concurrent mode failure): 34175K-&gt;34175K(34176K), 0.2088526 secs] 49535K-&gt;37449K(49536K), [Metaspace: 61200K-&gt;61200K(1105920K)], 0.2090473 secs] [Times: user=0.20 sys=0.00, real=0.21 secs] 
[Full GC (Allocation Failure) [CMS: 34175K-&gt;34175K(34176K), 0.1591036 secs] 49535K-&gt;37410K(49536K), [Metaspace: 61200K-&gt;61200K(1105920K)], 0.1592595 secs] [Times: user=0.15 sys=0.00, real=0.16 secs] 
[GC (CMS Initial Mark) [1 CMS-initial-mark: 34175K(34176K)] 44136K(49536K), 0.0041792 secs] [Times: user=0.01 sys=0.00, real=0.00 secs] 
<writer thread='11267'/>
[CMS-concurrent-mark-start]
<writer thread='11779'/>
[Full GC (Allocation Failure) [CMS
<writer thread='11267'/>
[CMS-concurrent-mark: 0.065/0.067 secs] [Times: user=0.08 sys=0.00, real=0.07 secs] 
<writer thread='11779'/>
 (concurrent mode failure): 34175K-&gt;34176K(34176K), 0.2193127 secs] 49529K-&gt;37478K(49536K), [Metaspace: 61200K-&gt;61200K(1105920K)], 0.2194655 secs] [Times: user=0.21 sys=0.00, real=0.22 secs] 
[Full GC (Allocation Failure) [CMS: 34176K-&gt;34175K(34176K), 0.1648779 secs] 49536K-&gt;37447K(49536K), [Metaspace: 61200K-&gt;61200K(1105920K)], 0.1650596 secs] [Times: user=0.16 sys=0.00, real=0.17 secs] 
[GC (CMS Initial Mark) [1 CMS-initial-mark: 34175K(34176K)] 37921K(49536K), 0.0027071 secs] [Times: user=0.01 sys=0.00, real=0.00 secs] 
<writer thread='11267'/>
[CMS-concurrent-mark-start]
<writer thread='11779'/>
[Full GC (Allocation Failure) [CMS
<writer thread='11267'/>
[CMS-concurrent-mark: 0.063/0.065 secs] [Times: user=0.10 sys=0.01, real=0.07 secs] 
<writer thread='11779'/>
 (concurrent mode failure): 34175K-&gt;34175K(34176K), 0.1979775 secs] 49535K-&gt;37473K(49536K), [Metaspace: 61200K-&gt;61200K(1105920K)], 0.1981424 secs] [Times: user=0.19 sys=0.00, real=0.20 secs] 
[Full GC (Allocation Failure) [CMS: 34175K-&gt;34175K(34176K), 0.1569635 secs] 49535K-&gt;37392K(49536K), [Metaspace: 61200K-&gt;61200K(1105920K)], 0.1571074 secs] [Times: user=0.15 sys=0.00, real=0.15 secs] 
[GC (CMS Initial Mark) [1 CMS-initial-mark: 34175K(34176K)] 40088K(49536K), 0.0029459 secs] [Times: user=0.01 sys=0.00, real=0.00 secs] 
<writer thread='11267'/>
[CMS-concurrent-mark-start]
<writer thread='11779'/>
[Full GC (Allocation Failure) [CMS
<writer thread='11267'/>
[CMS-concurrent-mark: 0.070/0.072 secs] [Times: user=0.10 sys=0.00, real=0.07 secs] 
<writer thread='11779'/>
 (concurrent mode failure): 34175K-&gt;34176K(34176K), 0.2162193 secs] 49531K-&gt;37403K(49536K), [Metaspace: 61200K-&gt;61200K(1105920K)], 0.2163759 secs] [Times: user=0.20 sys=0.01, real=0.21 secs] 
[Full GC (Allocation Failure) [CMS: 34176K-&gt;34175K(34176K), 0.1498500 secs] 49536K-&gt;37317K(49536K), [Metaspace: 61200K-&gt;61200K(1105920K)], 0.1500073 secs] [Times: user=0.14 sys=0.00, real=0.15 secs] 
[GC (CMS Initial Mark) [1 CMS-initial-mark: 34175K(34176K)] 37353K(49536K), 0.0026769 secs] [Times: user=0.01 sys=0.00, real=0.00 secs] 
<writer thread='11267'/>
[CMS-concurrent-mark-start]
<writer thread='11779'/>
[Full GC (Allocation Failure) [CMS
<writer thread='11267'/>
[CMS-concurrent-mark: 0.065/0.066 secs] [Times: user=0.11 sys=0.01, real=0.07 secs] 
<writer thread='11779'/>
 (concurrent mode failure): 34175K-&gt;34175K(34176K), 0.1972611 secs] 49535K-&gt;37472K(49536K), [Metaspace: 61200K-&gt;61200K(1105920K)], 0.1974034 secs] [Times: user=0.19 sys=0.00, real=0.20 secs] 
[Full GC (Allocation Failure) [CMS: 34175K-&gt;34175K(34176K), 0.1490077 secs] 49535K-&gt;37254K(49536K), [Metaspace: 61200K-&gt;61200K(1105920K)], 0.1491622 secs] [Times: user=0.14 sys=0.00, real=0.15 secs] 
[GC (CMS Initial Mark) [1 CMS-initial-mark: 34175K(34176K)] 37615K(49536K), 0.0026602 secs] [Times: user=0.00 sys=0.00, real=0.00 secs] 
<writer thread='11267'/>
[CMS-concurrent-mark-start]
<writer thread='11779'/>
[Full GC (Allocation Failure) [CMS
<writer thread='11267'/>
[CMS-concurrent-mark: 0.068/0.070 secs] [Times: user=0.12 sys=0.01, real=0.07 secs] 
<writer thread='11779'/>
 (concurrent mode failure): 34175K-&gt;34175K(34176K), 0.2074243 secs] 49530K-&gt;37322K(49536K), [Metaspace: 61200K-&gt;61200K(1105920K)], 0.2075949 secs] [Times: user=0.20 sys=0.00, real=0.21 secs] 
[Full GC (Allocation Failure) [CMS: 34176K-&gt;34175K(34176K), 0.1526759 secs] 49536K-&gt;37662K(49536K), [Metaspace: 61200K-&gt;61200K(1105920K)], 0.1528337 secs] [Times: user=0.15 sys=0.00, real=0.15 secs] 
[GC (CMS Initial Mark) [1 CMS-initial-mark: 34175K(34176K)] 41044K(49536K), 0.0032347 secs] [Times: user=0.01 sys=0.00, real=0.01 secs] 
<writer thread='11267'/>
[CMS-concurrent-mark-start]
<writer thread='11779'/>
[Full GC (Allocation Failure) [CMS
<writer thread='11267'/>
[CMS-concurrent-mark: 0.060/0.061 secs] [Times: user=0.10 sys=0.01, real=0.06 secs] 
<writer thread='11779'/>
 (concurrent mode failure): 34175K-&gt;34175K(34176K), 0.2069450 secs] 49535K-&gt;37348K(49536K), [Metaspace: 61200K-&gt;61200K(1105920K)], 0.2070919 secs] [Times: user=0.20 sys=0.00, real=0.20 secs] 
[Full GC (Allocation Failure) [CMS: 34175K-&gt;34175K(34176K), 0.1493228 secs] 49535K-&gt;37400K(49536K), [Metaspace: 61200K-&gt;61200K(1105920K)], 0.1494689 secs] [Times: user=0.14 sys=0.01, real=0.15 secs] 
[GC (CMS Initial Mark) [1 CMS-initial-mark: 34175K(34176K)] 37456K(49536K), 0.0028281 secs] [Times: user=0.01 sys=0.00, real=0.00 secs] 
<writer thread='11267'/>
[CMS-concurrent-mark-start]
<writer thread='11779'/>
[Full GC (Allocation Failure) [CMS
<writer thread='11267'/>
[CMS-concurrent-mark: 0.062/0.064 secs] [Times: user=0.11 sys=0.00, real=0.07 secs] 
<writer thread='11779'/>
 (concurrent mode failure): 34175K-&gt;34175K(34176K), 0.2006947 secs] 49534K-&gt;37877K(49536K), [Metaspace: 61200K-&gt;61200K(1105920K)], 0.2008437 secs] [Times: user=0.19 sys=0.01, real=0.20 secs] 
[Full GC (Allocation Failure) [CMS: 34175K-&gt;34175K(34176K), 0.1565015 secs] 49525K-&gt;37378K(49536K), [Metaspace: 61200K-&gt;61200K(1105920K)], 0.1566851 secs] [Times: user=0.15 sys=0.00, real=0.16 secs] 
[GC (CMS Initial Mark) [1 CMS-initial-mark: 34175K(34176K)] 37697K(49536K), 0.0027953 secs] [Times: user=0.01 sys=0.01, real=0.00 secs] 
<writer thread='11267'/>
[CMS-concurrent-mark-start]
<writer thread='11779'/>
[Full GC (Allocation Failure) [CMS
<writer thread='11267'/>
[CMS-concurrent-mark: 0.058/0.060 secs] [Times: user=0.10 sys=0.00, real=0.06 secs] 
<writer thread='11779'/>
 (concurrent mode failure): 34175K-&gt;34175K(34176K), 0.2002610 secs] 49534K-&gt;37460K(49536K), [Metaspace: 61200K-&gt;61200K(1105920K)], 0.2004304 secs] [Times: user=0.19 sys=0.01, real=0.20 secs] 
[Full GC (Allocation Failure) [CMS: 34175K-&gt;34176K(34176K), 0.1580741 secs] 49535K-&gt;37503K(49536K), [Metaspace: 61201K-&gt;61201K(1105920K)], 0.1582278 secs] [Times: user=0.15 sys=0.01, real=0.16 secs] 
[GC (CMS Initial Mark) [1 CMS-initial-mark: 34176K(34176K)] 37676K(49536K), 0.0026135 secs] [Times: user=0.01 sys=0.00, real=0.00 secs] 
<writer thread='11267'/>
[CMS-concurrent-mark-start]
<writer thread='11779'/>
[Full GC (Allocation Failure) [CMS
<writer thread='11267'/>
[CMS-concurrent-mark: 0.061/0.065 secs] [Times: user=0.11 sys=0.00, real=0.07 secs] 
<writer thread='11779'/>
 (concurrent mode failure): 34176K-&gt;34175K(34176K), 0.1998026 secs] 49535K-&gt;37443K(49536K), [Metaspace: 61201K-&gt;61201K(1105920K)], 0.1999586 secs] [Times: user=0.19 sys=0.00, real=0.20 secs] 
[Full GC (Allocation Failure) [CMS: 34175K-&gt;34175K(34176K), 0.1498892 secs] 49535K-&gt;37533K(49536K), [Metaspace: 61201K-&gt;61201K(1105920K)], 0.1500373 secs] [Times: user=0.15 sys=0.00, real=0.15 secs] 
[GC (CMS Initial Mark) [1 CMS-initial-mark: 34175K(34176K)] 38015K(49536K), 0.0027191 secs] [Times: user=0.01 sys=0.00, real=0.01 secs] 
<writer thread='11267'/>
[CMS-concurrent-mark-start]
<writer thread='11779'/>
[Full GC (Allocation Failure) [CMS
<writer thread='11267'/>
[CMS-concurrent-mark: 0.063/0.065 secs] [Times: user=0.10 sys=0.01, real=0.06 secs] 
<writer thread='11779'/>
 (concurrent mode failure): 34175K-&gt;34175K(34176K), 0.1959634 secs] 49535K-&gt;37532K(49536K), [Metaspace: 61201K-&gt;61201K(1105920K)], 0.1961371 secs] [Times: user=0.19 sys=0.00, real=0.19 secs] 
[Full GC (Allocation Failure) [CMS: 34176K-&gt;34175K(34176K), 0.1633836 secs] 49536K-&gt;37548K(49536K), [Metaspace: 61201K-&gt;61201K(1105920K)], 0.1635502 secs] [Times: user=0.16 sys=0.00, real=0.17 secs] 
[GC (CMS Initial Mark) [1 CMS-initial-mark: 34175K(34176K)] 39291K(49536K), 0.0040268 secs] [Times: user=0.01 sys=0.00, real=0.00 secs] 
<writer thread='11267'/>
[CMS-concurrent-mark-start]
<writer thread='11779'/>
[Full GC (Allocation Failure) [CMS
<writer thread='11267'/>
[CMS-concurrent-mark: 0.063/0.065 secs] [Times: user=0.10 sys=0.01, real=0.07 secs] 
<writer thread='11779'/>
 (concurrent mode failure): 34175K-&gt;34175K(34176K), 0.2071503 secs] 49534K-&gt;37378K(49536K), [Metaspace: 61201K-&gt;61201K(1105920K)], 0.2073262 secs] [Times: user=0.20 sys=0.00, real=0.21 secs] 
[Full GC (Allocation Failure) [CMS: 34175K-&gt;34175K(34176K), 0.1515656 secs] 49535K-&gt;37402K(49536K), [Metaspace: 61201K-&gt;61201K(1105920K)], 0.1517321 secs] [Times: user=0.15 sys=0.00, real=0.15 secs] 
[GC (CMS Initial Mark) [1 CMS-initial-mark: 34175K(34176K)] 37760K(49536K), 0.0032247 secs] [Times: user=0.01 sys=0.00, real=0.01 secs] 
<writer thread='11267'/>
[CMS-concurrent-mark-start]
<writer thread='11779'/>
[Full GC (Allocation Failure) [CMS
<writer thread='11267'/>
[CMS-concurrent-mark: 0.074/0.076 secs] [Times: user=0.12 sys=0.01, real=0.07 secs] 
<writer thread='11779'/>
 (concurrent mode failure): 34175K-&gt;34175K(34176K), 0.2110572 secs] 49533K-&gt;37464K(49536K), [Metaspace: 61201K-&gt;61201K(1105920K)], 0.2112090 secs] [Times: user=0.20 sys=0.00, real=0.21 secs] 
[Full GC (Allocation Failure) [CMS: 34175K-&gt;34175K(34176K), 0.1715473 secs] 49532K-&gt;37539K(49536K), [Metaspace: 61201K-&gt;61201K(1105920K)], 0.1716935 secs] [Times: user=0.16 sys=0.00, real=0.17 secs] 
[GC (CMS Initial Mark) [1 CMS-initial-mark: 34175K(34176K)] 38223K(49536K), 0.0027141 secs] [Times: user=0.00 sys=0.00, real=0.01 secs] 
<writer thread='11267'/>
[CMS-concurrent-mark-start]
<writer thread='11779'/>
[Full GC (Allocation Failure) [CMS
<writer thread='11267'/>
[CMS-concurrent-mark: 0.074/0.076 secs] [Times: user=0.11 sys=0.01, real=0.07 secs] 
<writer thread='11779'/>
 (concurrent mode failure): 34175K-&gt;34175K(34176K), 0.2126190 secs] 49535K-&gt;37359K(49536K), [Metaspace: 61201K-&gt;61201K(1105920K)], 0.2127721 secs] [Times: user=0.20 sys=0.00, real=0.22 secs] 
[Full GC (Allocation Failure) [CMS: 34175K-&gt;34175K(34176K), 0.1527561 secs] 49531K-&gt;37395K(49536K), [Metaspace: 61201K-&gt;61201K(1105920K)], 0.1529074 secs] [Times: user=0.14 sys=0.00, real=0.15 secs] 
[GC (CMS Initial Mark) [1 CMS-initial-mark: 34175K(34176K)] 37492K(49536K), 0.0030833 secs] [Times: user=0.01 sys=0.00, real=0.00 secs] 
<writer thread='11267'/>
[CMS-concurrent-mark-start]
<writer thread='11779'/>
[Full GC (Allocation Failure) [CMS
<writer thread='11267'/>
[CMS-concurrent-mark: 0.069/0.071 secs] [Times: user=0.12 sys=0.01, real=0.08 secs] 
<writer thread='11779'/>
 (concurrent mode failure): 34175K-&gt;34175K(34176K), 0.1850915 secs] 49535K-&gt;37519K(49536K), [Metaspace: 61204K-&gt;61204K(1105920K)], 0.1852972 secs] [Times: user=0.17 sys=0.00, real=0.19 secs] 
[Full GC (Allocation Failure) [CMS: 34175K-&gt;34175K(34176K), 0.1522275 secs] 49506K-&gt;37826K(49536K), [Metaspace: 61204K-&gt;61204K(1105920K)], 0.1523843 secs] [Times: user=0.15 sys=0.00, real=0.16 secs] 
[GC (CMS Initial Mark) [1 CMS-initial-mark: 34175K(34176K)] 37932K(49536K), 0.0032893 secs] [Times: user=0.01 sys=0.00, real=0.00 secs] 
<writer thread='11267'/>
[CMS-concurrent-mark-start]
<writer thread='11779'/>
[Full GC (Allocation Failure) [CMS
<writer thread='11267'/>
[CMS-concurrent-mark: 0.060/0.062 secs] [Times: user=0.10 sys=0.01, real=0.06 secs] 
<writer thread='11779'/>
 (concurrent mode failure): 34175K-&gt;34175K(34176K), 0.1988499 secs] 49535K-&gt;37339K(49536K), [Metaspace: 61204K-&gt;61204K(1105920K)], 0.1990009 secs] [Times: user=0.19 sys=0.00, real=0.20 secs] 
[Full GC (Allocation Failure) [CMS: 34175K-&gt;34175K(34176K), 0.1484427 secs] 49531K-&gt;37705K(49536K), [Metaspace: 61204K-&gt;61204K(1105920K)], 0.1486224 secs] [Times: user=0.14 sys=0.00, real=0.15 secs] 
[GC (CMS Initial Mark) [1 CMS-initial-mark: 34175K(34176K)] 37784K(49536K), 0.0032147 secs] [Times: user=0.01 sys=0.00, real=0.00 secs] 
<writer thread='11267'/>
[CMS-concurrent-mark-start]
<writer thread='11779'/>
[Full GC (Allocation Failure) [CMS
<writer thread='11267'/>
[CMS-concurrent-mark: 0.070/0.072 secs] [Times: user=0.11 sys=0.01, real=0.07 secs] 
<writer thread='11779'/>
 (concurrent mode failure): 34175K-&gt;34176K(34176K), 0.2044067 secs] 49535K-&gt;37597K(49536K), [Metaspace: 61204K-&gt;61204K(1105920K)], 0.2045524 secs] [Times: user=0.19 sys=0.01, real=0.20 secs] 
[Full GC (Allocation Failure) [CMS: 34176K-&gt;34176K(34176K), 0.1537651 secs] 49535K-&gt;37389K(49536K), [Metaspace: 61204K-&gt;61204K(1105920K)], 0.1539161 secs] [Times: user=0.15 sys=0.01, real=0.15 secs] 
[GC (CMS Initial Mark) [1 CMS-initial-mark: 34176K(34176K)] 37929K(49536K), 0.0029690 secs] [Times: user=0.01 sys=0.00, real=0.00 secs] 
<writer thread='11267'/>
[CMS-concurrent-mark-start]
<writer thread='11779'/>
[Full GC (Allocation Failure) [CMS
<writer thread='11267'/>
[CMS-concurrent-mark: 0.063/0.065 secs] [Times: user=0.10 sys=0.00, real=0.06 secs] 
<writer thread='11779'/>
 (concurrent mode failure): 34176K-&gt;34175K(34176K), 0.2028463 secs] 49535K-&gt;37632K(49536K), [Metaspace: 61204K-&gt;61204K(1105920K)], 0.2030106 secs] [Times: user=0.20 sys=0.00, real=0.20 secs] 
[Full GC (Allocation Failure) [CMS: 34175K-&gt;34176K(34176K), 0.1632398 secs] 49535K-&gt;37542K(49536K), [Metaspace: 61204K-&gt;61204K(1105920K)], 0.1633888 secs] [Times: user=0.15 sys=0.00, real=0.16 secs] 
[GC (CMS Initial Mark) [1 CMS-initial-mark: 34176K(34176K)] 38784K(49536K), 0.0036681 secs] [Times: user=0.01 sys=0.00, real=0.01 secs] 
<writer thread='11267'/>
[CMS-concurrent-mark-start]
<writer thread='11779'/>
[Full GC (Allocation Failure) [CMS
<writer thread='11267'/>
[CMS-concurrent-mark: 0.063/0.065 secs] [Times: user=0.10 sys=0.01, real=0.06 secs] 
<writer thread='11779'/>
 (concurrent mode failure): 34176K-&gt;34175K(34176K), 0.2083808 secs] 49535K-&gt;37682K(49536K), [Metaspace: 61204K-&gt;61204K(1105920K)], 0.2085305 secs] [Times: user=0.20 sys=0.00, real=0.20 secs] 
[Full GC (Allocation Failure) [CMS: 34175K-&gt;34175K(34176K), 0.1624649 secs] 49534K-&gt;37344K(49536K), [Metaspace: 61204K-&gt;61204K(1105920K)], 0.1626586 secs] [Times: user=0.15 sys=0.00, real=0.16 secs] 
[GC (CMS Initial Mark) [1 CMS-initial-mark: 34175K(34176K)] 38241K(49536K), 0.0033518 secs] [Times: user=0.01 sys=0.00, real=0.00 secs] 
<writer thread='11267'/>
[CMS-concurrent-mark-start]
<writer thread='11779'/>
[Full GC (Allocation Failure) [CMS
<writer thread='11267'/>
[CMS-concurrent-mark: 0.070/0.072 secs] [Times: user=0.12 sys=0.01, real=0.08 secs] 
<writer thread='11779'/>
 (concurrent mode failure): 34175K-&gt;34176K(34176K), 0.2090708 secs] 49535K-&gt;37466K(49536K), [Metaspace: 61206K-&gt;61206K(1105920K)], 0.2092532 secs] [Times: user=0.20 sys=0.00, real=0.21 secs] 
[Full GC (Allocation Failure) [CMS: 34176K-&gt;34175K(34176K), 0.1651956 secs] 49530K-&gt;37298K(49536K), [Metaspace: 61206K-&gt;61206K(1105920K)], 0.1654044 secs] [Times: user=0.16 sys=0.00, real=0.17 secs] 
[GC (CMS Initial Mark) [1 CMS-initial-mark: 34175K(34176K)] 37344K(49536K), 0.0027840 secs] [Times: user=0.00 sys=0.00, real=0.00 secs] 
<writer thread='11267'/>
[CMS-concurrent-mark-start]
<writer thread='11779'/>
[Full GC (Allocation Failure) [CMS
<writer thread='11267'/>
[CMS-concurrent-mark: 0.066/0.067 secs] [Times: user=0.11 sys=0.01, real=0.07 secs] 
<writer thread='11779'/>
 (concurrent mode failure): 34175K-&gt;34175K(34176K), 0.1947857 secs] 49532K-&gt;37377K(49536K), [Metaspace: 61206K-&gt;61206K(1105920K)], 0.1949359 secs] [Times: user=0.19 sys=0.00, real=0.20 secs] 
[Full GC (Allocation Failure) [CMS: 34175K-&gt;34176K(34176K), 0.1510795 secs] 49533K-&gt;37403K(49536K), [Metaspace: 61206K-&gt;61206K(1105920K)], 0.1512309 secs] [Times: user=0.14 sys=0.00, real=0.15 secs] 
[GC (CMS Initial Mark) [1 CMS-initial-mark: 34176K(34176K)] 37490K(49536K), 0.0026082 secs] [Times: user=0.01 sys=0.00, real=0.00 secs] 
<writer thread='11267'/>
[CMS-concurrent-mark-start]
<writer thread='11779'/>
[Full GC (Allocation Failure) [CMS
<writer thread='11267'/>
[CMS-concurrent-mark: 0.064/0.065 secs] [Times: user=0.11 sys=0.01, real=0.07 secs] 
<writer thread='11779'/>
 (concurrent mode failure): 34176K-&gt;34175K(34176K), 0.1975979 secs] 49535K-&gt;37351K(49536K), [Metaspace: 61206K-&gt;61206K(1105920K)], 0.1977524 secs] [Times: user=0.19 sys=0.00, real=0.20 secs] 
[Full GC (Allocation Failure) [CMS: 34175K-&gt;34176K(34176K), 0.1502220 secs] 49534K-&gt;37663K(49536K), [Metaspace: 61206K-&gt;61206K(1105920K)], 0.1503866 secs] [Times: user=0.14 sys=0.00, real=0.15 secs] 
[GC (CMS Initial Mark) [1 CMS-initial-mark: 34176K(34176K)] 38394K(49536K), 0.0031126 secs] [Times: user=0.00 sys=0.00, real=0.00 secs] 
<writer thread='11267'/>
[CMS-concurrent-mark-start]
<writer thread='11779'/>
[Full GC (Allocation Failure) [CMS
<writer thread='11267'/>
[CMS-concurrent-mark: 0.063/0.065 secs] [Times: user=0.11 sys=0.01, real=0.07 secs] 
<writer thread='11779'/>
 (concurrent mode failure): 34176K-&gt;34175K(34176K), 0.1930460 secs] 49535K-&gt;37556K(49536K), [Metaspace: 61206K-&gt;61206K(1105920K)], 0.1931936 secs] [Times: user=0.19 sys=0.00, real=0.20 secs] 
[Full GC (Allocation Failure) [CMS: 34175K-&gt;34175K(34176K), 0.1481173 secs] 49528K-&gt;37478K(49536K), [Metaspace: 61206K-&gt;61206K(1105920K)], 0.1482751 secs] [Times: user=0.14 sys=0.00, real=0.15 secs] 
[GC (CMS Initial Mark) [1 CMS-initial-mark: 34175K(34176K)] 37656K(49536K), 0.0028648 secs] [Times: user=0.01 sys=0.00, real=0.00 secs] 
<writer thread='11267'/>
[CMS-concurrent-mark-start]
<writer thread='11779'/>
[Full GC (Allocation Failure) [CMS
<writer thread='11267'/>
[CMS-concurrent-mark: 0.063/0.065 secs] [Times: user=0.10 sys=0.00, real=0.07 secs] 
<writer thread='11779'/>
 (concurrent mode failure): 34175K-&gt;34175K(34176K), 0.1934343 secs] 49531K-&gt;37375K(49536K), [Metaspace: 61206K-&gt;61206K(1105920K)], 0.1935833 secs] [Times: user=0.18 sys=0.01, real=0.19 secs] 
[Full GC (Allocation Failure) [CMS: 34175K-&gt;34176K(34176K), 0.1514629 secs] 49533K-&gt;37549K(49536K), [Metaspace: 61206K-&gt;61206K(1105920K)], 0.1516612 secs] [Times: user=0.15 sys=0.00, real=0.15 secs] 
[GC (CMS Initial Mark) [1 CMS-initial-mark: 34176K(34176K)] 37812K(49536K), 0.0026317 secs] [Times: user=0.01 sys=0.00, real=0.00 secs] 
<writer thread='11267'/>
[CMS-concurrent-mark-start]
<writer thread='11779'/>
[Full GC (Allocation Failure) [CMS
<writer thread='11267'/>
[CMS-concurrent-mark: 0.063/0.064 secs] [Times: user=0.10 sys=0.01, real=0.07 secs] 
<writer thread='11779'/>
 (concurrent mode failure): 34176K-&gt;34176K(34176K), 0.1909044 secs] 49533K-&gt;37487K(49536K), [Metaspace: 61206K-&gt;61206K(1105920K)], 0.1910506 secs] [Times: user=0.18 sys=0.01, real=0.20 secs] 
[Full GC (Allocation Failure) [CMS: 34176K-&gt;34175K(34176K), 0.1513062 secs] 49536K-&gt;37411K(49536K), [Metaspace: 61206K-&gt;61206K(1105920K)], 0.1514585 secs] [Times: user=0.15 sys=0.01, real=0.15 secs] 
[GC (CMS Initial Mark) [1 CMS-initial-mark: 34175K(34176K)] 37704K(49536K), 0.0028433 secs] [Times: user=0.01 sys=0.00, real=0.01 secs] 
<writer thread='11267'/>
[CMS-concurrent-mark-start]
<writer thread='11779'/>
[Full GC (Allocation Failure) [CMS
<writer thread='11267'/>
[CMS-concurrent-mark: 0.064/0.066 secs] [Times: user=0.11 sys=0.01, real=0.06 secs] 
<writer thread='11779'/>
 (concurrent mode failure): 34175K-&gt;34176K(34176K), 0.1933749 secs] 49535K-&gt;37479K(49536K), [Metaspace: 61206K-&gt;61206K(1105920K)], 0.1935409 secs] [Times: user=0.19 sys=0.01, real=0.19 secs] 
[Full GC (Allocation Failure) [CMS: 34176K-&gt;34176K(34176K), 0.1487519 secs] 49535K-&gt;37503K(49536K), [Metaspace: 61206K-&gt;61206K(1105920K)], 0.1489147 secs] [Times: user=0.15 sys=0.01, real=0.15 secs] 
[GC (CMS Initial Mark) [1 CMS-initial-mark: 34176K(34176K)] 37845K(49536K), 0.0027520 secs] [Times: user=0.01 sys=0.00, real=0.00 secs] 
<writer thread='11267'/>
[CMS-concurrent-mark-start]
<writer thread='11779'/>
[Full GC (Allocation Failure) [CMS
<writer thread='11267'/>
[CMS-concurrent-mark: 0.058/0.060 secs] [Times: user=0.10 sys=0.00, real=0.06 secs] 
<writer thread='11779'/>
 (concurrent mode failure): 34176K-&gt;34176K(34176K), 0.1939085 secs] 49535K-&gt;37527K(49536K), [Metaspace: 61206K-&gt;61206K(1105920K)], 0.1940594 secs] [Times: user=0.18 sys=0.01, real=0.20 secs] 
[Full GC (Allocation Failure) [CMS: 34176K-&gt;34175K(34176K), 0.1498431 secs] 49532K-&gt;37712K(49536K), [Metaspace: 61206K-&gt;61206K(1105920K)], 0.1500425 secs] [Times: user=0.15 sys=0.00, real=0.15 secs] 
[GC (CMS Initial Mark) [1 CMS-initial-mark: 34175K(34176K)] 37973K(49536K), 0.0028724 secs] [Times: user=0.01 sys=0.00, real=0.00 secs] 
<writer thread='11267'/>
[CMS-concurrent-mark-start]
<writer thread='11779'/>
[Full GC (Allocation Failure) [CMS
<writer thread='11267'/>
[CMS-concurrent-mark: 0.059/0.060 secs] [Times: user=0.10 sys=0.00, real=0.06 secs] 
<writer thread='11779'/>
 (concurrent mode failure): 34175K-&gt;34175K(34176K), 0.1954478 secs] 49535K-&gt;37778K(49536K), [Metaspace: 61206K-&gt;61206K(1105920K)], 0.1955947 secs] [Times: user=0.19 sys=0.01, real=0.19 secs] 
[Full GC (Allocation Failure) [CMS: 34175K-&gt;34175K(34176K), 0.1573556 secs] 49535K-&gt;37486K(49536K), [Metaspace: 61206K-&gt;61206K(1105920K)], 0.1575631 secs] [Times: user=0.16 sys=0.00, real=0.16 secs] 
[GC (CMS Initial Mark) [1 CMS-initial-mark: 34175K(34176K)] 37985K(49536K), 0.0028543 secs] [Times: user=0.01 sys=0.00, real=0.00 secs] 
<writer thread='11267'/>
[CMS-concurrent-mark-start]
<writer thread='11779'/>
[Full GC (Allocation Failure) [CMS
<writer thread='11267'/>
[CMS-concurrent-mark: 0.063/0.065 secs] [Times: user=0.10 sys=0.00, real=0.07 secs] 
<writer thread='11779'/>
 (concurrent mode failure): 34175K-&gt;34175K(34176K), 0.1941894 secs] 49535K-&gt;37449K(49536K), [Metaspace: 61206K-&gt;61206K(1105920K)], 0.1943432 secs] [Times: user=0.19 sys=0.00, real=0.20 secs] 
[Full GC (Allocation Failure) [CMS: 34175K-&gt;34175K(34176K), 0.1542625 secs] 49532K-&gt;37493K(49536K), [Metaspace: 61206K-&gt;61206K(1105920K)], 0.1544150 secs] [Times: user=0.15 sys=0.00, real=0.16 secs] 
[GC (CMS Initial Mark) [1 CMS-initial-mark: 34175K(34176K)] 39102K(49536K), 0.0031772 secs] [Times: user=0.01 sys=0.00, real=0.00 secs] 
<writer thread='11267'/>
[CMS-concurrent-mark-start]
<writer thread='11779'/>
[Full GC (Allocation Failure) [CMS
<writer thread='11267'/>
[CMS-concurrent-mark: 0.058/0.060 secs] [Times: user=0.10 sys=0.01, real=0.06 secs] 
<writer thread='11779'/>
 (concurrent mode failure): 34175K-&gt;34175K(34176K), 0.1942733 secs] 49535K-&gt;38276K(49536K), [Metaspace: 61206K-&gt;61206K(1105920K)], 0.1944237 secs] [Times: user=0.19 sys=0.00, real=0.19 secs] 
[Full GC (Allocation Failure) [CMS: 34175K-&gt;34175K(34176K), 0.1496962 secs] 49534K-&gt;37398K(49536K), [Metaspace: 61206K-&gt;61206K(1105920K)], 0.1498517 secs] [Times: user=0.14 sys=0.01, real=0.15 secs] 
[GC (CMS Initial Mark) [1 CMS-initial-mark: 34175K(34176K)] 38060K(49536K), 0.0027706 secs] [Times: user=0.01 sys=0.00, real=0.00 secs] 
<writer thread='11267'/>
[CMS-concurrent-mark-start]
<writer thread='11779'/>
[Full GC (Allocation Failure) [CMS
<writer thread='11267'/>
[CMS-concurrent-mark: 0.058/0.060 secs] [Times: user=0.10 sys=0.00, real=0.06 secs] 
<writer thread='11779'/>
 (concurrent mode failure): 34175K-&gt;34175K(34176K), 0.1945529 secs] 49535K-&gt;37463K(49536K), [Metaspace: 61206K-&gt;61206K(1105920K)], 0.1947063 secs] [Times: user=0.19 sys=0.00, real=0.20 secs] 
[Full GC (Allocation Failure) [CMS: 34175K-&gt;34175K(34176K), 0.1524419 secs] 49534K-&gt;37897K(49536K), [Metaspace: 61206K-&gt;61206K(1105920K)], 0.1525931 secs] [Times: user=0.15 sys=0.00, real=0.16 secs] 
[GC (CMS Initial Mark) [1 CMS-initial-mark: 34175K(34176K)] 38883K(49536K), 0.0034795 secs] [Times: user=0.01 sys=0.00, real=0.00 secs] 
<writer thread='11267'/>
[CMS-concurrent-mark-start]
<writer thread='11779'/>
[Full GC (Allocation Failure) [CMS
<writer thread='11267'/>
[CMS-concurrent-mark: 0.063/0.065 secs] [Times: user=0.11 sys=0.00, real=0.07 secs] 
<writer thread='11779'/>
 (concurrent mode failure): 34175K-&gt;34175K(34176K), 0.2019519 secs] 49534K-&gt;37485K(49536K), [Metaspace: 61206K-&gt;61206K(1105920K)], 0.2021251 secs] [Times: user=0.19 sys=0.01, real=0.20 secs] 
[Full GC (Allocation Failure) [CMS: 34175K-&gt;34175K(34176K), 0.1505012 secs] 49534K-&gt;37659K(49536K), [Metaspace: 61206K-&gt;61206K(1105920K)], 0.1506503 secs] [Times: user=0.15 sys=0.00, real=0.15 secs] 
[GC (CMS Initial Mark) [1 CMS-initial-mark: 34175K(34176K)] 38155K(49536K), 0.0031265 secs] [Times: user=0.01 sys=0.00, real=0.01 secs] 
<writer thread='11267'/>
[CMS-concurrent-mark-start]
<writer thread='11779'/>
[Full GC (Allocation Failure) [CMS
<writer thread='11267'/>
[CMS-concurrent-mark: 0.062/0.064 secs] [Times: user=0.11 sys=0.01, real=0.06 secs] 
<writer thread='11779'/>
 (concurrent mode failure): 34175K-&gt;34175K(34176K), 0.1985411 secs] 49528K-&gt;37659K(49536K), [Metaspace: 61206K-&gt;61206K(1105920K)], 0.1986930 secs] [Times: user=0.19 sys=0.00, real=0.20 secs] 
[Full GC (Allocation Failure) [CMS: 34175K-&gt;34175K(34176K), 0.1497313 secs] 49531K-&gt;37633K(49536K), [Metaspace: 61206K-&gt;61206K(1105920K)], 0.1499097 secs] [Times: user=0.15 sys=0.01, real=0.15 secs] 
[GC (CMS Initial Mark) [1 CMS-initial-mark: 34175K(34176K)] 37704K(49536K), 0.0031948 secs] [Times: user=0.01 sys=0.00, real=0.00 secs] 
<writer thread='11267'/>
[CMS-concurrent-mark-start]
<writer thread='11779'/>
[Full GC (Allocation Failure) [CMS
<writer thread='11267'/>
[CMS-concurrent-mark: 0.061/0.063 secs] [Times: user=0.10 sys=0.00, real=0.07 secs] 
<writer thread='11779'/>
 (concurrent mode failure): 34175K-&gt;34175K(34176K), 0.1987943 secs] 49534K-&gt;37668K(49536K), [Metaspace: 61206K-&gt;61206K(1105920K)], 0.1989452 secs] [Times: user=0.19 sys=0.00, real=0.20 secs] 
[Full GC (Allocation Failure) [CMS: 34175K-&gt;34175K(34176K), 0.1550112 secs] 49529K-&gt;37753K(49536K), [Metaspace: 61206K-&gt;61206K(1105920K)], 0.1551897 secs] [Times: user=0.15 sys=0.00, real=0.15 secs] 
[GC (CMS Initial Mark) [1 CMS-initial-mark: 34175K(34176K)] 38196K(49536K), 0.0031243 secs] [Times: user=0.00 sys=0.00, real=0.00 secs] 
<writer thread='11267'/>
[CMS-concurrent-mark-start]
<writer thread='11779'/>
[Full GC (Allocation Failure) [CMS
<writer thread='11267'/>
[CMS-concurrent-mark: 0.067/0.068 secs] [Times: user=0.11 sys=0.01, real=0.07 secs] 
<writer thread='11779'/>
 (concurrent mode failure): 34175K-&gt;34175K(34176K), 0.2002547 secs] 49532K-&gt;37426K(49536K), [Metaspace: 61206K-&gt;61206K(1105920K)], 0.2004153 secs] [Times: user=0.19 sys=0.00, real=0.20 secs] 
[Full GC (Allocation Failure) [CMS: 34175K-&gt;34175K(34176K), 0.1527590 secs] 49534K-&gt;37483K(49536K), [Metaspace: 61206K-&gt;61206K(1105920K)], 0.1529088 secs] [Times: user=0.15 sys=0.00, real=0.16 secs] 
[GC (CMS Initial Mark) [1 CMS-initial-mark: 34175K(34176K)] 37717K(49536K), 0.0026630 secs] [Times: user=0.01 sys=0.00, real=0.00 secs] 
<writer thread='11267'/>
[CMS-concurrent-mark-start]
<writer thread='11779'/>
[Full GC (Allocation Failure) [CMS
<writer thread='11267'/>
[CMS-concurrent-mark: 0.065/0.067 secs] [Times: user=0.10 sys=0.01, real=0.07 secs] 
<writer thread='11779'/>
 (concurrent mode failure): 34175K-&gt;34175K(34176K), 0.1993048 secs] 49533K-&gt;37533K(49536K), [Metaspace: 61206K-&gt;61206K(1105920K)], 0.1994500 secs] [Times: user=0.19 sys=0.00, real=0.20 secs] 
[Full GC (Allocation Failure) [CMS: 34176K-&gt;34176K(34176K), 0.1558833 secs] 49535K-&gt;37468K(49536K), [Metaspace: 61206K-&gt;61206K(1105920K)], 0.1560443 secs] [Times: user=0.15 sys=0.00, real=0.15 secs] 
[GC (CMS Initial Mark) [1 CMS-initial-mark: 34176K(34176K)] 37547K(49536K), 0.0025402 secs] [Times: user=0.01 sys=0.00, real=0.01 secs] 
<writer thread='11267'/>
[CMS-concurrent-mark-start]
<writer thread='11779'/>
[Full GC (Allocation Failure) [CMS
<writer thread='11267'/>
[CMS-concurrent-mark: 0.059/0.061 secs] [Times: user=0.10 sys=0.01, real=0.06 secs] 
<writer thread='11779'/>
 (concurrent mode failure): 34176K-&gt;34175K(34176K), 0.2025055 secs] 49536K-&gt;37417K(49536K), [Metaspace: 61206K-&gt;61206K(1105920K)], 0.2026508 secs] [Times: user=0.19 sys=0.00, real=0.20 secs] 
[Full GC (Allocation Failure) [CMS: 34175K-&gt;34176K(34176K), 0.1631293 secs] 49533K-&gt;37589K(49536K), [Metaspace: 61206K-&gt;61206K(1105920K)], 0.1633022 secs] [Times: user=0.15 sys=0.00, real=0.16 secs] 
[GC (CMS Initial Mark) [1 CMS-initial-mark: 34176K(34176K)] 38130K(49536K), 0.0028743 secs] [Times: user=0.00 sys=0.00, real=0.01 secs] 
<writer thread='11267'/>
[CMS-concurrent-mark-start]
<writer thread='11779'/>
[Full GC (Allocation Failure) [CMS
<writer thread='11267'/>
[CMS-concurrent-mark: 0.076/0.078 secs] [Times: user=0.10 sys=0.01, real=0.07 secs] 
<writer thread='11779'/>
 (concurrent mode failure): 34176K-&gt;34175K(34176K), 0.2114963 secs] 49528K-&gt;37382K(49536K), [Metaspace: 61206K-&gt;61206K(1105920K)], 0.2116472 secs] [Times: user=0.20 sys=0.00, real=0.21 secs] 
[Full GC (Allocation Failure) [CMS: 34175K-&gt;34175K(34176K), 0.1563291 secs] 49535K-&gt;37646K(49536K), [Metaspace: 61206K-&gt;61206K(1105920K)], 0.1564852 secs] [Times: user=0.15 sys=0.00, real=0.16 secs] 
[GC (CMS Initial Mark) [1 CMS-initial-mark: 34175K(34176K)] 37772K(49536K), 0.0032446 secs] [Times: user=0.01 sys=0.00, real=0.00 secs] 
<writer thread='11267'/>
[CMS-concurrent-mark-start]
<writer thread='11779'/>
[Full GC (Allocation Failure) [CMS
<writer thread='11267'/>
[CMS-concurrent-mark: 0.059/0.061 secs] [Times: user=0.11 sys=0.01, real=0.06 secs] 
<writer thread='11779'/>
 (concurrent mode failure): 34175K-&gt;34175K(34176K), 0.1946571 secs] 49534K-&gt;37485K(49536K), [Metaspace: 61206K-&gt;61206K(1105920K)], 0.1948523 secs] [Times: user=0.19 sys=0.00, real=0.20 secs] 
[Full GC (Allocation Failure) [CMS: 34176K-&gt;34175K(34176K), 0.1538087 secs] 49536K-&gt;37605K(49536K), [Metaspace: 61206K-&gt;61206K(1105920K)], 0.1540033 secs] [Times: user=0.14 sys=0.00, real=0.15 secs] 
[GC (CMS Initial Mark) [1 CMS-initial-mark: 34175K(34176K)] 37679K(49536K), 0.0029738 secs] [Times: user=0.00 sys=0.00, real=0.00 secs] 
<writer thread='11267'/>
[CMS-concurrent-mark-start]
<writer thread='11779'/>
[Full GC (Allocation Failure) [CMS
<writer thread='11267'/>
[CMS-concurrent-mark: 0.063/0.065 secs] [Times: user=0.11 sys=0.01, real=0.07 secs] 
<writer thread='11779'/>
 (concurrent mode failure): 34175K-&gt;34176K(34176K), 0.1991673 secs] 49535K-&gt;37293K(49536K), [Metaspace: 61206K-&gt;61206K(1105920K)], 0.1993323 secs] [Times: user=0.19 sys=0.00, real=0.19 secs] 
[Full GC (Allocation Failure) [CMS: 34176K-&gt;34175K(34176K), 0.1513470 secs] 49535K-&gt;37389K(49536K), [Metaspace: 61206K-&gt;61206K(1105920K)], 0.1514896 secs] [Times: user=0.14 sys=0.00, real=0.15 secs] 
[GC (CMS Initial Mark) [1 CMS-initial-mark: 34175K(34176K)] 38487K(49536K), 0.0027497 secs] [Times: user=0.01 sys=0.00, real=0.00 secs] 
<writer thread='11267'/>
[CMS-concurrent-mark-start]
<writer thread='11779'/>
[Full GC (Allocation Failure) [CMS
<writer thread='11267'/>
[CMS-concurrent-mark: 0.063/0.064 secs] [Times: user=0.12 sys=0.01, real=0.06 secs] 
<writer thread='11779'/>
 (concurrent mode failure): 34175K-&gt;34176K(34176K), 0.1902553 secs] 49529K-&gt;37473K(49536K), [Metaspace: 61206K-&gt;61206K(1105920K)], 0.1904073 secs] [Times: user=0.18 sys=0.00, real=0.19 secs] 
[Full GC (Allocation Failure) [CMS: 34176K-&gt;34175K(34176K), 0.1547859 secs] 49529K-&gt;37447K(49536K), [Metaspace: 61206K-&gt;61206K(1105920K)], 0.1549383 secs] [Times: user=0.15 sys=0.01, real=0.16 secs] 
[GC (CMS Initial Mark) [1 CMS-initial-mark: 34175K(34176K)] 37455K(49536K), 0.0031152 secs] [Times: user=0.01 sys=0.00, real=0.00 secs] 
<writer thread='11267'/>
[CMS-concurrent-mark-start]
<writer thread='11779'/>
[Full GC (Allocation Failure) [CMS
<writer thread='11267'/>
[CMS-concurrent-mark: 0.064/0.065 secs] [Times: user=0.12 sys=0.00, real=0.07 secs] 
<writer thread='11779'/>
 (concurrent mode failure): 34175K-&gt;34175K(34176K), 0.1970252 secs] 49530K-&gt;37505K(49536K), [Metaspace: 61206K-&gt;61206K(1105920K)], 0.1971777 secs] [Times: user=0.18 sys=0.00, real=0.20 secs] 
[Full GC (Allocation Failure) [CMS: 34175K-&gt;34175K(34176K), 0.1589970 secs] 49535K-&gt;37568K(49536K), [Metaspace: 61206K-&gt;61206K(1105920K)], 0.1591591 secs] [Times: user=0.16 sys=0.00, real=0.16 secs] 
[GC (CMS Initial Mark) [1 CMS-initial-mark: 34175K(34176K)] 42228K(49536K), 0.0039108 secs] [Times: user=0.02 sys=0.00, real=0.01 secs] 
<writer thread='11267'/>
[CMS-concurrent-mark-start]
<writer thread='11779'/>
[Full GC (Allocation Failure) [CMS
<writer thread='11267'/>
[CMS-concurrent-mark: 0.064/0.066 secs] [Times: user=0.08 sys=0.01, real=0.06 secs] 
<writer thread='11779'/>
 (concurrent mode failure): 34175K-&gt;34175K(34176K), 0.2175686 secs] 49528K-&gt;38291K(49536K), [Metaspace: 61206K-&gt;61206K(1105920K)], 0.2177430 secs] [Times: user=0.21 sys=0.00, real=0.21 secs] 
[Full GC (Allocation Failure) [CMS: 34175K-&gt;34175K(34176K), 0.1550426 secs] 49535K-&gt;37390K(49536K), [Metaspace: 61206K-&gt;61206K(1105920K)], 0.1551952 secs] [Times: user=0.15 sys=0.01, real=0.16 secs] 
[GC (CMS Initial Mark) [1 CMS-initial-mark: 34175K(34176K)] 39120K(49536K), 0.0029676 secs] [Times: user=0.01 sys=0.00, real=0.00 secs] 
<writer thread='11267'/>
[CMS-concurrent-mark-start]
<writer thread='11779'/>
[Full GC (Allocation Failure) [CMS
<writer thread='11267'/>
[CMS-concurrent-mark: 0.069/0.071 secs] [Times: user=0.10 sys=0.00, real=0.07 secs] 
<writer thread='11779'/>
 (concurrent mode failure): 34175K-&gt;34175K(34176K), 0.2166689 secs] 49535K-&gt;37640K(49536K), [Metaspace: 61206K-&gt;61206K(1105920K)], 0.2168196 secs] [Times: user=0.21 sys=0.01, real=0.21 secs] 
[Full GC (Allocation Failure) [CMS: 34175K-&gt;34175K(34176K), 0.1488827 secs] 49535K-&gt;37435K(49536K), [Metaspace: 61206K-&gt;61206K(1105920K)], 0.1490336 secs] [Times: user=0.14 sys=0.00, real=0.15 secs] 
[GC (CMS Initial Mark) [1 CMS-initial-mark: 34175K(34176K)] 37633K(49536K), 0.0026150 secs] [Times: user=0.00 sys=0.00, real=0.00 secs] 
<writer thread='11267'/>
[CMS-concurrent-mark-start]
<writer thread='11779'/>
[Full GC (Allocation Failure) [CMS
<writer thread='11267'/>
[CMS-concurrent-mark: 0.063/0.065 secs] [Times: user=0.11 sys=0.01, real=0.07 secs] 
<writer thread='11779'/>
 (concurrent mode failure): 34175K-&gt;34175K(34176K), 0.1961126 secs] 49529K-&gt;38109K(49536K), [Metaspace: 61206K-&gt;61206K(1105920K)], 0.1962792 secs] [Times: user=0.19 sys=0.00, real=0.19 secs] 
[Full GC (Allocation Failure) [CMS: 34175K-&gt;34175K(34176K), 0.1534399 secs] 49535K-&gt;37806K(49536K), [Metaspace: 61206K-&gt;61206K(1105920K)], 0.1535889 secs] [Times: user=0.15 sys=0.00, real=0.15 secs] 
[GC (CMS Initial Mark) [1 CMS-initial-mark: 34175K(34176K)] 43313K(49536K), 0.0043761 secs] [Times: user=0.02 sys=0.00, real=0.00 secs] 
<writer thread='11267'/>
[CMS-concurrent-mark-start]
<writer thread='11779'/>
[Full GC (Allocation Failure) [CMS
<writer thread='11267'/>
[CMS-concurrent-mark: 0.056/0.058 secs] [Times: user=0.08 sys=0.01, real=0.06 secs] 
<writer thread='11779'/>
 (concurrent mode failure): 34175K-&gt;34176K(34176K), 0.1996868 secs] 49534K-&gt;37430K(49536K), [Metaspace: 61206K-&gt;61206K(1105920K)], 0.1998355 secs] [Times: user=0.19 sys=0.00, real=0.20 secs] 
[Full GC (Allocation Failure) [CMS: 34176K-&gt;34176K(34176K), 0.1542421 secs] 49534K-&gt;37537K(49536K), [Metaspace: 61206K-&gt;61206K(1105920K)], 0.1544311 secs] [Times: user=0.15 sys=0.00, real=0.16 secs] 
[GC (CMS Initial Mark) [1 CMS-initial-mark: 34176K(34176K)] 37656K(49536K), 0.0035387 secs] [Times: user=0.01 sys=0.00, real=0.00 secs] 
<writer thread='11267'/>
[CMS-concurrent-mark-start]
<writer thread='11779'/>
[Full GC (Allocation Failure) [CMS
<writer thread='11267'/>
[CMS-concurrent-mark: 0.065/0.067 secs] [Times: user=0.11 sys=0.01, real=0.07 secs] 
<writer thread='11779'/>
 (concurrent mode failure): 34176K-&gt;34176K(34176K), 0.2037359 secs] 49533K-&gt;37459K(49536K), [Metaspace: 61206K-&gt;61206K(1105920K)], 0.2038999 secs] [Times: user=0.20 sys=0.00, real=0.21 secs] 
[Full GC (Allocation Failure) [CMS: 34176K-&gt;34176K(34176K), 0.1556799 secs] 49534K-&gt;37480K(49536K), [Metaspace: 61206K-&gt;61206K(1105920K)], 0.1558633 secs] [Times: user=0.15 sys=0.00, real=0.15 secs] 
[GC (CMS Initial Mark) [1 CMS-initial-mark: 34176K(34176K)] 37825K(49536K), 0.0032716 secs] [Times: user=0.01 sys=0.00, real=0.01 secs] 
<writer thread='11267'/>
[CMS-concurrent-mark-start]
<writer thread='11779'/>
[Full GC (Allocation Failure) [CMS
<writer thread='11267'/>
[CMS-concurrent-mark: 0.068/0.070 secs] [Times: user=0.10 sys=0.01, real=0.07 secs] 
<writer thread='11779'/>
 (concurrent mode failure): 34176K-&gt;34176K(34176K), 0.2100526 secs] 49531K-&gt;37552K(49536K), [Metaspace: 61206K-&gt;61206K(1105920K)], 0.2102248 secs] [Times: user=0.19 sys=0.00, real=0.21 secs] 
[Full GC (Allocation Failure) [CMS: 34176K-&gt;34176K(34176K), 0.1617297 secs] 49535K-&gt;37434K(49536K), [Metaspace: 61206K-&gt;61206K(1105920K)], 0.1618801 secs] [Times: user=0.15 sys=0.00, real=0.16 secs] 
[GC (CMS Initial Mark) [1 CMS-initial-mark: 34176K(34176K)] 39423K(49536K), 0.0029344 secs] [Times: user=0.01 sys=0.00, real=0.00 secs] 
<writer thread='11267'/>
[CMS-concurrent-mark-start]
<writer thread='11779'/>
[Full GC (Allocation Failure) [CMS
<writer thread='11267'/>
[CMS-concurrent-mark: 0.071/0.072 secs] [Times: user=0.10 sys=0.01, real=0.07 secs] 
<writer thread='11779'/>
 (concurrent mode failure): 34176K-&gt;34175K(34176K), 0.2133370 secs] 49535K-&gt;37478K(49536K), [Metaspace: 61206K-&gt;61206K(1105920K)], 0.2134950 secs] [Times: user=0.21 sys=0.00, real=0.21 secs] 
[Full GC (Allocation Failure) [CMS: 34175K-&gt;34175K(34176K), 0.1572555 secs] 49535K-&gt;37398K(49536K), [Metaspace: 61206K-&gt;61206K(1105920K)], 0.1574425 secs] [Times: user=0.15 sys=0.00, real=0.15 secs] 
[GC (CMS Initial Mark) [1 CMS-initial-mark: 34175K(34176K)] 37609K(49536K), 0.0030103 secs] [Times: user=0.01 sys=0.00, real=0.01 secs] 
<writer thread='11267'/>
[CMS-concurrent-mark-start]
<writer thread='11779'/>
[Full GC (Allocation Failure) [CMS
<writer thread='11267'/>
[CMS-concurrent-mark: 0.064/0.065 secs] [Times: user=0.10 sys=0.01, real=0.06 secs] 
<writer thread='11779'/>
 (concurrent mode failure): 34175K-&gt;34175K(34176K), 0.1932818 secs] 49532K-&gt;37436K(49536K), [Metaspace: 61206K-&gt;61206K(1105920K)], 0.1934427 secs] [Times: user=0.19 sys=0.01, real=0.19 secs] 
[Full GC (Allocation Failure) [CMS: 34175K-&gt;34175K(34176K), 0.1523991 secs] 49534K-&gt;37404K(49536K), [Metaspace: 61206K-&gt;61206K(1105920K)], 0.1525780 secs] [Times: user=0.15 sys=0.01, real=0.16 secs] 
[GC (CMS Initial Mark) [1 CMS-initial-mark: 34175K(34176K)] 37501K(49536K), 0.0030223 secs] [Times: user=0.01 sys=0.00, real=0.00 secs] 
<writer thread='11267'/>
[CMS-concurrent-mark-start]
<writer thread='11779'/>
[Full GC (Allocation Failure) [CMS
<writer thread='11267'/>
[CMS-concurrent-mark: 0.063/0.065 secs] [Times: user=0.11 sys=0.00, real=0.07 secs] 
<writer thread='11779'/>
 (concurrent mode failure): 34175K-&gt;34175K(34176K), 0.2013218 secs] 49535K-&gt;37283K(49536K), [Metaspace: 61206K-&gt;61206K(1105920K)], 0.2014677 secs] [Times: user=0.19 sys=0.00, real=0.21 secs] 
[Full GC (Allocation Failure) [CMS: 34175K-&gt;34175K(34176K), 0.1541899 secs] 49534K-&gt;37363K(49536K), [Metaspace: 61206K-&gt;61206K(1105920K)], 0.1543402 secs] [Times: user=0.15 sys=0.00, real=0.15 secs] 
[GC (CMS Initial Mark) [1 CMS-initial-mark: 34175K(34176K)] 37508K(49536K), 0.0029078 secs] [Times: user=0.01 sys=0.00, real=0.00 secs] 
<writer thread='11267'/>
[CMS-concurrent-mark-start]
<writer thread='11779'/>
[Full GC (Allocation Failure) [CMS
<writer thread='11267'/>
[CMS-concurrent-mark: 0.075/0.082 secs] [Times: user=0.12 sys=0.01, real=0.09 secs] 
<writer thread='11779'/>
 (concurrent mode failure): 34175K-&gt;34175K(34176K), 0.2107194 secs] 49535K-&gt;37798K(49536K), [Metaspace: 61206K-&gt;61206K(1105920K)], 0.2111293 secs] [Times: user=0.20 sys=0.00, real=0.21 secs] 
[Full GC (Allocation Failure) [CMS: 34175K-&gt;34175K(34176K), 0.1644527 secs] 49535K-&gt;37386K(49536K), [Metaspace: 61206K-&gt;61206K(1105920K)], 0.1646311 secs] [Times: user=0.16 sys=0.00, real=0.17 secs] 
[GC (CMS Initial Mark) [1 CMS-initial-mark: 34175K(34176K)] 37546K(49536K), 0.0027630 secs] [Times: user=0.01 sys=0.00, real=0.00 secs] 
<writer thread='11267'/>
[CMS-concurrent-mark-start]
<writer thread='11779'/>
[Full GC (Allocation Failure) [CMS
<writer thread='11267'/>
[CMS-concurrent-mark: 0.068/0.070 secs] [Times: user=0.10 sys=0.01, real=0.07 secs] 
<writer thread='11779'/>
 (concurrent mode failure): 34176K-&gt;34176K(34176K), 0.2031430 secs] 49535K-&gt;37741K(49536K), [Metaspace: 61206K-&gt;61206K(1105920K)], 0.2032892 secs] [Times: user=0.19 sys=0.00, real=0.21 secs] 
[Full GC (Allocation Failure) [CMS: 34176K-&gt;34175K(34176K), 0.1573909 secs] 49535K-&gt;37531K(49536K), [Metaspace: 61206K-&gt;61206K(1105920K)], 0.1575372 secs] [Times: user=0.15 sys=0.00, real=0.15 secs] 
[GC (CMS Initial Mark) [1 CMS-initial-mark: 34175K(34176K)] 37586K(49536K), 0.0033936 secs] [Times: user=0.01 sys=0.00, real=0.01 secs] 
<writer thread='11267'/>
[CMS-concurrent-mark-start]
<writer thread='11779'/>
[Full GC (Allocation Failure) [CMS
<writer thread='11267'/>
[CMS-concurrent-mark: 0.069/0.071 secs] [Times: user=0.11 sys=0.01, real=0.07 secs] 
<writer thread='11779'/>
 (concurrent mode failure): 34175K-&gt;34175K(34176K), 0.2112303 secs] 49535K-&gt;37536K(49536K), [Metaspace: 61206K-&gt;61206K(1105920K)], 0.2113865 secs] [Times: user=0.20 sys=0.00, real=0.21 secs] 
[Full GC (Allocation Failure) [CMS: 34175K-&gt;34175K(34176K), 0.1603115 secs] 49535K-&gt;37344K(49536K), [Metaspace: 61206K-&gt;61206K(1105920K)], 0.1604618 secs] [Times: user=0.16 sys=0.00, real=0.16 secs] 
[GC (CMS Initial Mark) [1 CMS-initial-mark: 34175K(34176K)] 37610K(49536K), 0.0032463 secs] [Times: user=0.01 sys=0.00, real=0.01 secs] 
<writer thread='11267'/>
[CMS-concurrent-mark-start]
<writer thread='11779'/>
[Full GC (Allocation Failure) [CMS
<writer thread='11267'/>
[CMS-concurrent-mark: 0.073/0.075 secs] [Times: user=0.12 sys=0.01, real=0.07 secs] 
<writer thread='11779'/>
 (concurrent mode failure): 34175K-&gt;34175K(34176K), 0.2234755 secs] 49535K-&gt;37566K(49536K), [Metaspace: 61206K-&gt;61206K(1105920K)], 0.2236481 secs] [Times: user=0.21 sys=0.00, real=0.23 secs] 
[Full GC (Allocation Failure) [CMS: 34175K-&gt;34175K(34176K), 0.1834080 secs] 49529K-&gt;37371K(49536K), [Metaspace: 61206K-&gt;61206K(1105920K)], 0.1835823 secs] [Times: user=0.17 sys=0.00, real=0.18 secs] 
[GC (CMS Initial Mark) [1 CMS-initial-mark: 34175K(34176K)] 37579K(49536K), 0.0027492 secs] [Times: user=0.00 sys=0.00, real=0.01 secs] 
<writer thread='11267'/>
[CMS-concurrent-mark-start]
<writer thread='11779'/>
[Full GC (Allocation Failure) [CMS
<writer thread='11267'/>
[CMS-concurrent-mark: 0.068/0.070 secs] [Times: user=0.11 sys=0.00, real=0.07 secs] 
<writer thread='11779'/>
 (concurrent mode failure): 34175K-&gt;34176K(34176K), 0.2043026 secs] 49520K-&gt;37354K(49536K), [Metaspace: 61206K-&gt;61206K(1105920K)], 0.2044795 secs] [Times: user=0.19 sys=0.01, real=0.20 secs] 
[Full GC (Allocation Failure) [CMS: 34176K-&gt;34175K(34176K), 0.1518060 secs] 49530K-&gt;37429K(49536K), [Metaspace: 61206K-&gt;61206K(1105920K)], 0.1519874 secs] [Times: user=0.15 sys=0.00, real=0.15 secs] 
[GC (CMS Initial Mark) [1 CMS-initial-mark: 34175K(34176K)] 37633K(49536K), 0.0027031 secs] [Times: user=0.01 sys=0.00, real=0.01 secs] 
<writer thread='11267'/>
[CMS-concurrent-mark-start]
<writer thread='11779'/>
[Full GC (Allocation Failure) [CMS
<writer thread='11267'/>
[CMS-concurrent-mark: 0.067/0.069 secs] [Times: user=0.11 sys=0.01, real=0.06 secs] 
<writer thread='11779'/>
 (concurrent mode failure): 34175K-&gt;34175K(34176K), 0.2031817 secs] 49533K-&gt;37391K(49536K), [Metaspace: 61206K-&gt;61206K(1105920K)], 0.2033329 secs] [Times: user=0.19 sys=0.00, real=0.20 secs] 
[Full GC (Allocation Failure) [CMS: 34175K-&gt;34175K(34176K), 0.1479723 secs] 49535K-&gt;37558K(49536K), [Metaspace: 61206K-&gt;61206K(1105920K)], 0.1481302 secs] [Times: user=0.15 sys=0.00, real=0.15 secs] 
[GC (CMS Initial Mark) [1 CMS-initial-mark: 34175K(34176K)] 37807K(49536K), 0.0028180 secs] [Times: user=0.01 sys=0.00, real=0.00 secs] 
<writer thread='11267'/>
[CMS-concurrent-mark-start]
<writer thread='11779'/>
[Full GC (Allocation Failure) [CMS
<writer thread='11267'/>
[CMS-concurrent-mark: 0.063/0.065 secs] [Times: user=0.10 sys=0.01, real=0.07 secs] 
<writer thread='11779'/>
 (concurrent mode failure): 34175K-&gt;34175K(34176K), 0.1935946 secs] 49535K-&gt;37519K(49536K), [Metaspace: 61206K-&gt;61206K(1105920K)], 0.1937659 secs] [Times: user=0.19 sys=0.00, real=0.20 secs] 
[Full GC (Allocation Failure) [CMS: 34175K-&gt;34175K(34176K), 0.1512005 secs] 49535K-&gt;37408K(49536K), [Metaspace: 61206K-&gt;61206K(1105920K)], 0.1513592 secs] [Times: user=0.14 sys=0.00, real=0.15 secs] 
[GC (CMS Initial Mark) [1 CMS-initial-mark: 34175K(34176K)] 37563K(49536K), 0.0028109 secs] [Times: user=0.01 sys=0.00, real=0.00 secs] 
<writer thread='11267'/>
[CMS-concurrent-mark-start]
<writer thread='11779'/>
[Full GC (Allocation Failure) [CMS
<writer thread='11267'/>
[CMS-concurrent-mark: 0.060/0.062 secs] [Times: user=0.10 sys=0.01, real=0.06 secs] 
<writer thread='11779'/>
 (concurrent mode failure): 34175K-&gt;34175K(34176K), 0.1990126 secs] 49530K-&gt;37371K(49536K), [Metaspace: 61206K-&gt;61206K(1105920K)], 0.1991623 secs] [Times: user=0.19 sys=0.00, real=0.20 secs] 
[Full GC (Allocation Failure) [CMS: 34175K-&gt;34176K(34176K), 0.1516134 secs] 49535K-&gt;37326K(49536K), [Metaspace: 61206K-&gt;61206K(1105920K)], 0.1517917 secs] [Times: user=0.15 sys=0.00, real=0.15 secs] 
[GC (CMS Initial Mark) [1 CMS-initial-mark: 34176K(34176K)] 37570K(49536K), 0.0029253 secs] [Times: user=0.01 sys=0.00, real=0.01 secs] 
<writer thread='11267'/>
[CMS-concurrent-mark-start]
<writer thread='11779'/>
[Full GC (Allocation Failure) [CMS
<writer thread='11267'/>
[CMS-concurrent-mark: 0.066/0.067 secs] [Times: user=0.10 sys=0.01, real=0.07 secs] 
<writer thread='11779'/>
 (concurrent mode failure): 34176K-&gt;34175K(34176K), 0.1965029 secs] 49534K-&gt;37249K(49536K), [Metaspace: 61206K-&gt;61206K(1105920K)], 0.1966558 secs] [Times: user=0.19 sys=0.00, real=0.20 secs] 
[Full GC (Allocation Failure) [CMS: 34175K-&gt;34175K(34176K), 0.1532052 secs] 49530K-&gt;37405K(49536K), [Metaspace: 61206K-&gt;61206K(1105920K)], 0.1533888 secs] [Times: user=0.15 sys=0.00, real=0.16 secs] 
[GC (CMS Initial Mark) [1 CMS-initial-mark: 34175K(34176K)] 37531K(49536K), 0.0025918 secs] [Times: user=0.01 sys=0.00, real=0.00 secs] 
<writer thread='11267'/>
[CMS-concurrent-mark-start]
<writer thread='11779'/>
[Full GC (Allocation Failure) [CMS
<writer thread='11267'/>
[CMS-concurrent-mark: 0.063/0.065 secs] [Times: user=0.10 sys=0.01, real=0.07 secs] 
<writer thread='11779'/>
 (concurrent mode failure): 34175K-&gt;34176K(34176K), 0.1990690 secs] 49523K-&gt;37374K(49536K), [Metaspace: 61206K-&gt;61206K(1105920K)], 0.1992215 secs] [Times: user=0.18 sys=0.00, real=0.20 secs] 
[Full GC (Allocation Failure) [CMS: 34176K-&gt;34175K(34176K), 0.1578451 secs] 49535K-&gt;37302K(49536K), [Metaspace: 61206K-&gt;61206K(1105920K)], 0.1580239 secs] [Times: user=0.16 sys=0.00, real=0.16 secs] 
[GC (CMS Initial Mark) [1 CMS-initial-mark: 34175K(34176K)] 37401K(49536K), 0.0026382 secs] [Times: user=0.00 sys=0.00, real=0.00 secs] 
<writer thread='11267'/>
[CMS-concurrent-mark-start]
<writer thread='11779'/>
[Full GC (Allocation Failure) [CMS
<writer thread='11267'/>
[CMS-concurrent-mark: 0.062/0.064 secs] [Times: user=0.11 sys=0.01, real=0.07 secs] 
<writer thread='11779'/>
 (concurrent mode failure): 34176K-&gt;34175K(34176K), 0.1805870 secs] 49535K-&gt;37226K(49536K), [Metaspace: 61208K-&gt;61208K(1105920K)], 0.1807532 secs] [Times: user=0.17 sys=0.00, real=0.18 secs] 
[Full GC (System.gc()) [CMS: 34175K-&gt;34162K(34176K), 0.1504048 secs] 39133K-&gt;35319K(49536K), [Metaspace: 61210K-&gt;61210K(1105920K)], 0.1505781 secs] [Times: user=0.14 sys=0.00, real=0.15 secs] 
[GC (CMS Initial Mark) [1 CMS-initial-mark: 34162K(34176K)] 35319K(49536K), 0.0017051 secs] [Times: user=0.00 sys=0.00, real=0.00 secs] 
<writer thread='11267'/>
[CMS-concurrent-mark-start]
[CMS-concurrent-mark: 0.073/0.073 secs] [Times: user=0.20 sys=0.01, real=0.08 secs] 
[CMS-concurrent-preclean-start]
[CMS-concurrent-preclean: 0.060/0.060 secs] [Times: user=0.16 sys=0.00, real=0.06 secs] 
[CMS-concurrent-abortable-preclean-start]
[CMS-concurrent-abortable-preclean: 0.000/0.000 secs] [Times: user=0.00 sys=0.00, real=0.00 secs] 
<writer thread='11779'/>
[GC (CMS Final Remark) [YG occupancy: 13820 K (15360 K)][Rescan (parallel) , 0.0068394 secs][weak refs processing, 0.0000142 secs][class unloading, 0.0178345 secs][scrub symbol table, 0.0127911 secs][scrub string table, 0.0013442 secs][1 CMS-remark: 34162K(34176K)] 47982K(49536K), 0.0400064 secs] [Times: user=0.05 sys=0.00, real=0.04 secs] 
<writer thread='11267'/>
[CMS-concurrent-sweep-start]
[CMS-concurrent-sweep: 0.017/0.017 secs] [Times: user=0.03 sys=0.00, real=0.02 secs] 
[CMS-concurrent-reset-start]
[CMS-concurrent-reset: 0.000/0.000 secs] [Times: user=0.00 sys=0.00, real=0.00 secs] 
<writer thread='11779'/>
[GC (Allocation Failure) [ParNew (promotion failed): 15359K-&gt;15360K(15360K), 0.0253670 secs][CMS: 33666K-&gt;32448K(34176K), 0.1548981 secs] 48885K-&gt;32448K(49536K), [Metaspace: 61212K-&gt;61212K(1105920K)], 0.1807470 secs] [Times: user=0.21 sys=0.00, real=0.18 secs] 
[GC (CMS Initial Mark) [1 CMS-initial-mark: 32448K(34176K)] 32568K(49536K), 0.0026545 secs] [Times: user=0.01 sys=0.00, real=0.00 secs] 
<writer thread='11267'/>
[CMS-concurrent-mark-start]
<writer thread='11779'/>
[GC (Allocation Failure) [ParNew: 13696K-&gt;1324K(15360K), 0.0020589 secs] 46144K-&gt;33772K(49536K), 0.0022073 secs] [Times: user=0.01 sys=0.00, real=0.00 secs] 
[GC (Allocation Failure) [ParNew: 14945K-&gt;366K(15360K), 0.0018559 secs] 47393K-&gt;32815K(49536K), 0.0019654 secs] [Times: user=0.01 sys=0.00, real=0.00 secs] 
<writer thread='11267'/>
[CMS-concurrent-mark: 0.075/0.081 secs] [Times: user=0.25 sys=0.01, real=0.08 secs] 
[CMS-concurrent-preclean-start]
[CMS-concurrent-preclean: 0.001/0.001 secs] [Times: user=0.00 sys=0.00, real=0.01 secs] 
[CMS-concurrent-abortable-preclean-start]
<writer thread='11779'/>
[GC (Allocation Failure) [ParNew: 14062K-&gt;602K(15360K), 0.0019916 secs] 46511K-&gt;33050K(49536K), 0.0021120 secs] [Times: user=0.01 sys=0.00, real=0.00 secs] 
<writer thread='11267'/>
[CMS-concurrent-abortable-preclean: 0.022/0.025 secs] [Times: user=0.07 sys=0.01, real=0.02 secs] 
<writer thread='11779'/>
[GC (CMS Final Remark) [YG occupancy: 8333 K (15360 K)][Rescan (parallel) , 0.0060205 secs][weak refs processing, 0.0000590 secs][class unloading, 0.0181318 secs][scrub symbol table, 0.0093480 secs][scrub string table, 0.0007980 secs][1 CMS-remark: 32448K(34176K)] 40781K(49536K), 0.0354486 secs] [Times: user=0.05 sys=0.00, real=0.04 secs] 
<writer thread='11267'/>
[CMS-concurrent-sweep-start]
<writer thread='11779'/>
[GC (Allocation Failure) [ParNew: 14298K-&gt;631K(15360K), 0.0045296 secs] 46746K-&gt;33079K(49536K), 0.0046797 secs] [Times: user=0.00 sys=0.00, real=0.01 secs] 
<writer thread='11267'/>
[CMS-concurrent-sweep: 0.027/0.032 secs] [Times: user=0.08 sys=0.00, real=0.03 secs] 
[CMS-concurrent-reset-start]
[CMS-concurrent-reset: 0.000/0.000 secs] [Times: user=0.00 sys=0.00, real=0.00 secs] 
<writer thread='11779'/>
[GC (Allocation Failure) [ParNew: 14327K-&gt;769K(15360K), 0.0032678 secs] 46622K-&gt;33065K(49536K), 0.0034605 secs] [Times: user=0.01 sys=0.00, real=0.00 secs] 
[GC (CMS Initial Mark) [1 CMS-initial-mark: 32295K(34176K)] 33281K(49536K), 0.0023496 secs] [Times: user=0.01 sys=0.00, real=0.00 secs] 
<writer thread='11267'/>
[CMS-concurrent-mark-start]
<writer thread='11779'/>
[GC (Allocation Failure) [ParNew: 14465K-&gt;1052K(15360K), 0.0022913 secs] 46761K-&gt;33348K(49536K), 0.0024342 secs] [Times: user=0.01 sys=0.00, real=0.00 secs] 
[GC (Allocation Failure) [ParNew: 14748K-&gt;928K(15360K), 0.0026511 secs] 47044K-&gt;33415K(49536K), 0.0027852 secs] [Times: user=0.01 sys=0.00, real=0.01 secs] 
<writer thread='11267'/>
[CMS-concurrent-mark: 0.078/0.085 secs] [Times: user=0.27 sys=0.01, real=0.09 secs] 
[CMS-concurrent-preclean-start]
[CMS-concurrent-preclean: 0.001/0.001 secs] [Times: user=0.00 sys=0.00, real=0.00 secs] 
[CMS-concurrent-abortable-preclean-start]
<writer thread='11779'/>
[GC (Allocation Failure) [ParNew: 14624K-&gt;888K(15360K), 0.0024101 secs] 47111K-&gt;33470K(49536K), 0.0025338 secs] [Times: user=0.01 sys=0.00, real=0.00 secs] 
<writer thread='11267'/>
[CMS-concurrent-abortable-preclean: 0.024/0.028 secs] [Times: user=0.08 sys=0.01, real=0.03 secs] 
<writer thread='11779'/>
[GC (CMS Final Remark) [YG occupancy: 10193 K (15360 K)][Rescan (parallel) , 0.0074505 secs][weak refs processing, 0.0000365 secs][class unloading, 0.0139841 secs][scrub symbol table, 0.0092447 secs][scrub string table, 0.0008346 secs][1 CMS-remark: 32582K(34176K)] 42776K(49536K), 0.0326557 secs] [Times: user=0.05 sys=0.00, real=0.03 secs] 
<writer thread='11267'/>
[CMS-concurrent-sweep-start]
<writer thread='11779'/>
[GC (Allocation Failure) [ParNew: 14584K-&gt;726K(15360K), 0.0036297 secs] 47166K-&gt;33410K(49536K), 0.0037986 secs] [Times: user=0.01 sys=0.00, real=0.01 secs] 
<writer thread='11267'/>
[CMS-concurrent-sweep: 0.020/0.025 secs] [Times: user=0.06 sys=0.00, real=0.02 secs] 
[CMS-concurrent-reset-start]
[CMS-concurrent-reset: 0.000/0.000 secs] [Times: user=0.00 sys=0.00, real=0.01 secs] 
<writer thread='11779'/>
[GC (Allocation Failure) [ParNew: 14422K-&gt;1018K(15360K), 0.0039123 secs] 46975K-&gt;33662K(49536K), 0.0042060 secs] [Times: user=0.01 sys=0.00, real=0.00 secs] 
[GC (CMS Initial Mark) [1 CMS-initial-mark: 32644K(34176K)] 33804K(49536K), 0.0027575 secs] [Times: user=0.00 sys=0.00, real=0.00 secs] 
<writer thread='11267'/>
[CMS-concurrent-mark-start]
<writer thread='11779'/>
[GC (Allocation Failure) [ParNew: 14714K-&gt;723K(15360K), 0.0049070 secs] 47358K-&gt;33466K(49536K), 0.0051932 secs] [Times: user=0.01 sys=0.00, real=0.00 secs] 
[GC (Allocation Failure) [ParNew: 14419K-&gt;907K(15360K), 0.0038099 secs] 47162K-&gt;33745K(49536K), 0.0040017 secs] [Times: user=0.01 sys=0.00, real=0.00 secs] 
[GC (Allocation Failure) [ParNew: 14603K-&gt;976K(15360K), 0.0032902 secs] 47441K-&gt;33907K(49536K), 0.0034434 secs] [Times: user=0.01 sys=0.00, real=0.01 secs] 
[GC (Allocation Failure) [ParNew: 14672K-&gt;805K(15360K), 0.0035062 secs] 47603K-&gt;33830K(49536K), 0.0040029 secs] [Times: user=0.01 sys=0.00, real=0.01 secs] 
<writer thread='11267'/>
[CMS-concurrent-mark: 0.141/0.162 secs] [Times: user=0.39 sys=0.02, real=0.17 secs] 
[CMS-concurrent-preclean-start]
[CMS-concurrent-preclean: 0.002/0.002 secs] [Times: user=0.02 sys=0.00, real=0.00 secs] 
[CMS-concurrent-abortable-preclean-start]
<writer thread='11779'/>
[GC (Allocation Failure) [ParNew: 14501K-&gt;772K(15360K), 0.0025613 secs] 47526K-&gt;33887K(49536K), 0.0026871 secs] [Times: user=0.01 sys=0.00, real=0.00 secs] 
<writer thread='11267'/>
[CMS-concurrent-abortable-preclean: 0.024/0.028 secs] [Times: user=0.07 sys=0.00, real=0.03 secs] 
<writer thread='11779'/>
[GC (CMS Final Remark) [YG occupancy: 9053 K (15360 K)][Rescan (parallel) , 0.0089411 secs][weak refs processing, 0.0000491 secs][class unloading, 0.0188061 secs][scrub symbol table, 0.0093042 secs][scrub string table, 0.0022080 secs][1 CMS-remark: 33115K(34176K)] 42169K(49536K), 0.0409857 secs] [Times: user=0.05 sys=0.00, real=0.04 secs] 
<writer thread='11267'/>
[CMS-concurrent-sweep-start]
<writer thread='11779'/>
[GC (Allocation Failure) [ParNew: 14468K-&gt;830K(15360K), 0.0038378 secs] 47583K-&gt;34038K(49536K), 0.0039691 secs] [Times: user=0.01 sys=0.00, real=0.01 secs] 
<writer thread='11267'/>
[CMS-concurrent-sweep: 0.022/0.026 secs] [Times: user=0.06 sys=0.01, real=0.03 secs] 
[CMS-concurrent-reset-start]
[CMS-concurrent-reset: 0.000/0.000 secs] [Times: user=0.00 sys=0.00, real=0.00 secs] 
<writer thread='11779'/>
[GC (Allocation Failure) [ParNew: 14526K-&gt;706K(15360K), 0.0038553 secs] 47562K-&gt;33836K(49536K), 0.0040299 secs] [Times: user=0.01 sys=0.00, real=0.01 secs] 
[GC (CMS Initial Mark) [1 CMS-initial-mark: 33130K(34176K)] 34108K(49536K), 0.0040459 secs] [Times: user=0.00 sys=0.00, real=0.00 secs] 
<writer thread='11267'/>
[CMS-concurrent-mark-start]
<writer thread='11779'/>
[GC (Allocation Failure) [ParNew: 14402K-&gt;988K(15360K), 0.0025034 secs] 47532K-&gt;34209K(49536K), 0.0026333 secs] [Times: user=0.01 sys=0.00, real=0.00 secs] 
[GC (Allocation Failure) [ParNew: 14684K-&gt;893K(15360K), 0.0043706 secs] 47905K-&gt;34208K(49536K), 0.0045819 secs] [Times: user=0.01 sys=0.00, real=0.01 secs] 
[GC (Allocation Failure) [ParNew: 14589K-&gt;898K(15360K), 0.0024684 secs] 47904K-&gt;34300K(49536K), 0.0025954 secs] [Times: user=0.01 sys=0.00, real=0.00 secs] 
<writer thread='11267'/>
[CMS-concurrent-mark: 0.089/0.101 secs] [Times: user=0.28 sys=0.01, real=0.11 secs] 
[CMS-concurrent-preclean-start]
[CMS-concurrent-preclean: 0.001/0.001 secs] [Times: user=0.00 sys=0.00, real=0.00 secs] 
[CMS-concurrent-abortable-preclean-start]
<writer thread='11779'/>
[GC (Allocation Failure) [ParNew: 14594K-&gt;830K(15360K), 0.0024818 secs] 47996K-&gt;34325K(49536K), 0.0026011 secs] [Times: user=0.01 sys=0.00, real=0.00 secs] 
<writer thread='11267'/>
[CMS-concurrent-abortable-preclean: 0.031/0.035 secs] [Times: user=0.10 sys=0.00, real=0.03 secs] 
<writer thread='11779'/>
[GC (CMS Final Remark) [YG occupancy: 9202 K (15360 K)][Rescan (parallel) , 0.0044291 secs][weak refs processing, 0.0000271 secs][class unloading, 0.0174960 secs][scrub symbol table, 0.0088413 secs][scrub string table, 0.0007210 secs][1 CMS-remark: 33495K(34176K)] 42697K(49536K), 0.0324315 secs] [Times: user=0.04 sys=0.00, real=0.03 secs] 
<writer thread='11267'/>
[CMS-concurrent-sweep-start]
<writer thread='11779'/>
[GC (Allocation Failure) [ParNew: 14526K-&gt;1005K(15360K), 0.0025393 secs] 48021K-&gt;34589K(49536K), 0.0026569 secs] [Times: user=0.01 sys=0.00, real=0.00 secs] 
<writer thread='11267'/>
[CMS-concurrent-sweep: 0.036/0.039 secs] [Times: user=0.12 sys=0.01, real=0.03 secs] 
[CMS-concurrent-reset-start]
[CMS-concurrent-reset: 0.000/0.000 secs] [Times: user=0.00 sys=0.00, real=0.01 secs] 
<writer thread='11779'/>
[GC (Allocation Failure) [ParNew: 14701K-&gt;812K(15360K), 0.0024815 secs] 48132K-&gt;34337K(49536K), 0.0026169 secs] [Times: user=0.01 sys=0.00, real=0.00 secs] 
[GC (CMS Initial Mark) [1 CMS-initial-mark: 33525K(34176K)] 34611K(49536K), 0.0021035 secs] [Times: user=0.01 sys=0.00, real=0.00 secs] 
<writer thread='11267'/>
[CMS-concurrent-mark-start]
<writer thread='11779'/>
[GC (Allocation Failure) [ParNew: 14508K-&gt;658K(15360K), 0.0040570 secs] 48033K-&gt;34274K(49536K), 0.0042739 secs] [Times: user=0.01 sys=0.00, real=0.00 secs] 
[GC (Allocation Failure) [ParNew: 14354K-&gt;849K(15360K), 0.0053120 secs] 47970K-&gt;34555K(49536K), 0.0054924 secs] [Times: user=0.01 sys=0.00, real=0.00 secs] 
[GC (Allocation Failure) [ParNew: 14545K-&gt;868K(15360K), 0.0025413 secs] 48251K-&gt;34667K(49536K), 0.0026851 secs] [Times: user=0.01 sys=0.00, real=0.01 secs] 
<writer thread='11267'/>
[CMS-concurrent-mark: 0.093/0.111 secs] [Times: user=0.28 sys=0.01, real=0.11 secs] 
[CMS-concurrent-preclean-start]
[CMS-concurrent-preclean: 0.001/0.002 secs] [Times: user=0.01 sys=0.00, real=0.00 secs] 
[CMS-concurrent-abortable-preclean-start]
<writer thread='11779'/>
[GC (Allocation Failure) [ParNew: 14564K-&gt;866K(15360K), 0.0026372 secs] 48363K-&gt;34762K(49536K), 0.0027714 secs] [Times: user=0.01 sys=0.00, real=0.00 secs] 
[GC (Allocation Failure) [ParNew: 14562K-&gt;865K(15360K), 0.0028462 secs] 48458K-&gt;34854K(49536K), 0.0029790 secs] [Times: user=0.01 sys=0.00, real=0.00 secs] 
[GC (Allocation Failure) [ParNew (promotion failed): 14561K-&gt;14560K(15360K), 0.0112072 secs][CMS
<writer thread='11267'/>
[CMS-concurrent-abortable-preclean: 0.053/0.097 secs] [Times: user=0.22 sys=0.02, real=0.10 secs] 
<writer thread='11779'/>
 (concurrent mode failure): 34026K-&gt;34175K(34176K), 0.1612696 secs] 48550K-&gt;34395K(49536K), [Metaspace: 61145K-&gt;61145K(1105920K)], 0.1727349 secs] [Times: user=0.17 sys=0.00, real=0.18 secs] 
[Full GC (Allocation Failure) [CMS: 34175K-&gt;34176K(34176K), 0.1552958 secs] 49535K-&gt;34461K(49536K), [Metaspace: 61145K-&gt;61145K(1105920K)], 0.1554557 secs] [Times: user=0.15 sys=0.00, real=0.16 secs] 
[GC (CMS Initial Mark) [1 CMS-initial-mark: 34176K(34176K)] 34689K(49536K), 0.0025018 secs] [Times: user=0.00 sys=0.00, real=0.00 secs] 
<writer thread='11267'/>
[CMS-concurrent-mark-start]
<writer thread='11779'/>
[Full GC (Allocation Failure) [CMS
<writer thread='11267'/>
[CMS-concurrent-mark: 0.075/0.079 secs] [Times: user=0.16 sys=0.01, real=0.08 secs] 
<writer thread='11779'/>
 (concurrent mode failure): 34176K-&gt;34175K(34176K), 0.1938064 secs] 49535K-&gt;34528K(49536K), [Metaspace: 61145K-&gt;61145K(1105920K)], 0.1939889 secs] [Times: user=0.19 sys=0.00, real=0.20 secs] 
[Full GC (Allocation Failure) [CMS: 34175K-&gt;34175K(34176K), 0.1555552 secs] 49535K-&gt;34604K(49536K), [Metaspace: 61145K-&gt;61145K(1105920K)], 0.1557071 secs] [Times: user=0.14 sys=0.01, real=0.15 secs] 
[GC (CMS Initial Mark) [1 CMS-initial-mark: 34175K(34176K)] 34831K(49536K), 0.0018694 secs] [Times: user=0.00 sys=0.00, real=0.00 secs] 
<writer thread='11267'/>
[CMS-concurrent-mark-start]
<writer thread='11779'/>
[Full GC (Allocation Failure) [CMS
<writer thread='11267'/>
[CMS-concurrent-mark: 0.065/0.068 secs] [Times: user=0.15 sys=0.00, real=0.07 secs] 
<writer thread='11779'/>
 (concurrent mode failure): 34175K-&gt;34175K(34176K), 0.1874016 secs] 49535K-&gt;34666K(49536K), [Metaspace: 61145K-&gt;61145K(1105920K)], 0.1876287 secs] [Times: user=0.18 sys=0.00, real=0.19 secs] 
[Full GC (Allocation Failure) [CMS: 34175K-&gt;34175K(34176K), 0.1584585 secs] 49535K-&gt;34740K(49536K), [Metaspace: 61145K-&gt;61145K(1105920K)], 0.1586147 secs] [Times: user=0.15 sys=0.00, real=0.16 secs] 
[GC (CMS Initial Mark) [1 CMS-initial-mark: 34175K(34176K)] 35048K(49536K), 0.0019972 secs] [Times: user=0.00 sys=0.00, real=0.00 secs] 
<writer thread='11267'/>
[CMS-concurrent-mark-start]
<writer thread='11779'/>
[Full GC (Allocation Failure) [CMS
<writer thread='11267'/>
[CMS-concurrent-mark: 0.063/0.065 secs] [Times: user=0.13 sys=0.01, real=0.07 secs] 
<writer thread='11779'/>
 (concurrent mode failure): 34175K-&gt;34175K(34176K), 0.1822992 secs] 49535K-&gt;34938K(49536K), [Metaspace: 61145K-&gt;61145K(1105920K)], 0.1824908 secs] [Times: user=0.18 sys=0.00, real=0.18 secs] 
[Full GC (Allocation Failure) [CMS: 34175K-&gt;34175K(34176K), 0.1476170 secs] 49535K-&gt;36781K(49536K), [Metaspace: 61145K-&gt;61145K(1105920K)], 0.1477617 secs] [Times: user=0.15 sys=0.00, real=0.15 secs] 
[GC (CMS Initial Mark) [1 CMS-initial-mark: 34175K(34176K)] 37476K(49536K), 0.0030976 secs] [Times: user=0.01 sys=0.00, real=0.00 secs] 
<writer thread='11267'/>
[CMS-concurrent-mark-start]
<writer thread='11779'/>
[Full GC (Allocation Failure) [CMS
<writer thread='11267'/>
[CMS-concurrent-mark: 0.065/0.067 secs] [Times: user=0.12 sys=0.01, real=0.07 secs] 
<writer thread='11779'/>
 (concurrent mode failure): 34175K-&gt;34175K(34176K), 0.1996083 secs] 49528K-&gt;37144K(49536K), [Metaspace: 61145K-&gt;61145K(1105920K)], 0.1997729 secs] [Times: user=0.19 sys=0.00, real=0.20 secs] 
[Full GC (Allocation Failure) [CMS: 34175K-&gt;34175K(34176K), 0.1557768 secs] 49535K-&gt;37455K(49536K), [Metaspace: 61145K-&gt;61145K(1105920K)], 0.1559784 secs] [Times: user=0.15 sys=0.00, real=0.15 secs] 
[GC (CMS Initial Mark) [1 CMS-initial-mark: 34175K(34176K)] 41864K(49536K), 0.0035329 secs] [Times: user=0.01 sys=0.00, real=0.00 secs] 
<writer thread='11267'/>
[CMS-concurrent-mark-start]
<writer thread='11779'/>
[Full GC (Allocation Failure) [CMS
<writer thread='11267'/>
[CMS-concurrent-mark: 0.068/0.069 secs] [Times: user=0.09 sys=0.01, real=0.07 secs] 
<writer thread='11779'/>
 (concurrent mode failure): 34175K-&gt;34175K(34176K), 0.2040868 secs] 49528K-&gt;37190K(49536K), [Metaspace: 61145K-&gt;61145K(1105920K)], 0.2042395 secs] [Times: user=0.19 sys=0.01, real=0.21 secs] 
[Full GC (Allocation Failure) [CMS: 34175K-&gt;34175K(34176K), 0.1726317 secs] 49532K-&gt;37345K(49536K), [Metaspace: 61145K-&gt;61145K(1105920K)], 0.1727943 secs] [Times: user=0.17 sys=0.00, real=0.17 secs] 
[GC (CMS Initial Mark) [1 CMS-initial-mark: 34175K(34176K)] 38004K(49536K), 0.0028177 secs] [Times: user=0.01 sys=0.00, real=0.00 secs] 
<writer thread='11267'/>
[CMS-concurrent-mark-start]
<writer thread='11779'/>
[Full GC (Allocation Failure) [CMS
<writer thread='11267'/>
[CMS-concurrent-mark: 0.063/0.065 secs] [Times: user=0.10 sys=0.00, real=0.07 secs] 
<writer thread='11779'/>
 (concurrent mode failure): 34175K-&gt;34175K(34176K), 0.2055051 secs] 49535K-&gt;37276K(49536K), [Metaspace: 61145K-&gt;61145K(1105920K)], 0.2056584 secs] [Times: user=0.19 sys=0.00, real=0.21 secs] 
[Full GC (Allocation Failure) [CMS: 34175K-&gt;34176K(34176K), 0.1731990 secs] 49535K-&gt;37291K(49536K), [Metaspace: 61145K-&gt;61145K(1105920K)], 0.1733903 secs] [Times: user=0.16 sys=0.00, real=0.17 secs] 
[GC (CMS Initial Mark) [1 CMS-initial-mark: 34176K(34176K)] 37401K(49536K), 0.0028951 secs] [Times: user=0.01 sys=0.00, real=0.00 secs] 
<writer thread='11267'/>
[CMS-concurrent-mark-start]
<writer thread='11779'/>
[Full GC (Allocation Failure) [CMS
<writer thread='11267'/>
[CMS-concurrent-mark: 0.063/0.065 secs] [Times: user=0.10 sys=0.00, real=0.07 secs] 
<writer thread='11779'/>
 (concurrent mode failure): 34176K-&gt;34175K(34176K), 0.2122031 secs] 49530K-&gt;37527K(49536K), [Metaspace: 61145K-&gt;61145K(1105920K)], 0.2123573 secs] [Times: user=0.20 sys=0.01, real=0.21 secs] 
[Full GC (Allocation Failure) [CMS: 34175K-&gt;34175K(34176K), 0.1499992 secs] 49531K-&gt;37234K(49536K), [Metaspace: 61145K-&gt;61145K(1105920K)], 0.1501821 secs] [Times: user=0.15 sys=0.00, real=0.15 secs] 
[GC (CMS Initial Mark) [1 CMS-initial-mark: 34175K(34176K)] 46518K(49536K), 0.0053905 secs] [Times: user=0.01 sys=0.00, real=0.00 secs] 
<writer thread='11267'/>
[CMS-concurrent-mark-start]
<writer thread='11779'/>
[Full GC (Allocation Failure) [CMS
<writer thread='11267'/>
[CMS-concurrent-mark: 0.058/0.060 secs] [Times: user=0.06 sys=0.00, real=0.06 secs] 
<writer thread='11779'/>
 (concurrent mode failure): 34175K-&gt;34175K(34176K), 0.2253958 secs] 49529K-&gt;37294K(49536K), [Metaspace: 61145K-&gt;61145K(1105920K)], 0.2255682 secs] [Times: user=0.21 sys=0.00, real=0.23 secs] 
[Full GC (Allocation Failure) [CMS: 34175K-&gt;34175K(34176K), 0.1511434 secs] 49535K-&gt;37360K(49536K), [Metaspace: 61145K-&gt;61145K(1105920K)], 0.1512918 secs] [Times: user=0.15 sys=0.01, real=0.15 secs] 
[GC (CMS Initial Mark) [1 CMS-initial-mark: 34175K(34176K)] 37403K(49536K), 0.0026091 secs] [Times: user=0.01 sys=0.00, real=0.01 secs] 
<writer thread='11267'/>
[CMS-concurrent-mark-start]
<writer thread='11779'/>
[Full GC (Allocation Failure) [CMS
<writer thread='11267'/>
[CMS-concurrent-mark: 0.059/0.061 secs] [Times: user=0.10 sys=0.00, real=0.06 secs] 
<writer thread='11779'/>
 (concurrent mode failure): 34175K-&gt;34175K(34176K), 0.1911513 secs] 49535K-&gt;37346K(49536K), [Metaspace: 61145K-&gt;61145K(1105920K)], 0.1913093 secs] [Times: user=0.19 sys=0.00, real=0.19 secs] 
[Full GC (Allocation Failure) [CMS: 34175K-&gt;34175K(34176K), 0.1456434 secs] 49531K-&gt;37284K(49536K), [Metaspace: 61145K-&gt;61145K(1105920K)], 0.1457929 secs] [Times: user=0.14 sys=0.00, real=0.14 secs] 
[GC (CMS Initial Mark) [1 CMS-initial-mark: 34175K(34176K)] 37311K(49536K), 0.0032421 secs] [Times: user=0.00 sys=0.00, real=0.01 secs] 
<writer thread='11267'/>
[CMS-concurrent-mark-start]
<writer thread='11779'/>
[Full GC (Allocation Failure) [CMS
<writer thread='11267'/>
[CMS-concurrent-mark: 0.070/0.071 secs] [Times: user=0.13 sys=0.01, real=0.07 secs] 
<writer thread='11779'/>
 (concurrent mode failure): 34176K-&gt;34175K(34176K), 0.2007974 secs] 49536K-&gt;37624K(49536K), [Metaspace: 61145K-&gt;61145K(1105920K)], 0.2009494 secs] [Times: user=0.18 sys=0.01, real=0.20 secs] 
[Full GC (Allocation Failure) [CMS: 34175K-&gt;34175K(34176K), 0.1512637 secs] 49535K-&gt;37286K(49536K), [Metaspace: 61145K-&gt;61145K(1105920K)], 0.1514476 secs] [Times: user=0.15 sys=0.01, real=0.15 secs] 
[GC (CMS Initial Mark) [1 CMS-initial-mark: 34175K(34176K)] 38827K(49536K), 0.0028398 secs] [Times: user=0.00 sys=0.00, real=0.01 secs] 
<writer thread='11267'/>
[CMS-concurrent-mark-start]
<writer thread='11779'/>
[Full GC (Allocation Failure) [CMS
<writer thread='11267'/>
[CMS-concurrent-mark: 0.064/0.066 secs] [Times: user=0.11 sys=0.00, real=0.06 secs] 
<writer thread='11779'/>
 (concurrent mode failure): 34175K-&gt;34175K(34176K), 0.2035479 secs] 49535K-&gt;37367K(49536K), [Metaspace: 61145K-&gt;61145K(1105920K)], 0.2036952 secs] [Times: user=0.19 sys=0.00, real=0.20 secs] 
[Full GC (Allocation Failure) [CMS: 34175K-&gt;34175K(34176K), 0.1498456 secs] 49533K-&gt;37300K(49536K), [Metaspace: 61145K-&gt;61145K(1105920K)], 0.1500107 secs] [Times: user=0.15 sys=0.00, real=0.15 secs] 
[GC (CMS Initial Mark) [1 CMS-initial-mark: 34175K(34176K)] 37518K(49536K), 0.0027343 secs] [Times: user=0.01 sys=0.00, real=0.00 secs] 
<writer thread='11267'/>
[CMS-concurrent-mark-start]
<writer thread='11779'/>
[Full GC (Allocation Failure) [CMS
<writer thread='11267'/>
[CMS-concurrent-mark: 0.064/0.066 secs] [Times: user=0.11 sys=0.01, real=0.07 secs] 
<writer thread='11779'/>
 (concurrent mode failure): 34175K-&gt;34176K(34176K), 0.1985036 secs] 49531K-&gt;37207K(49536K), [Metaspace: 61145K-&gt;61145K(1105920K)], 0.1986641 secs] [Times: user=0.19 sys=0.00, real=0.20 secs] 
[Full GC (Allocation Failure) [CMS: 34176K-&gt;34176K(34176K), 0.1523254 secs] 49535K-&gt;37200K(49536K), [Metaspace: 61145K-&gt;61145K(1105920K)], 0.1524753 secs] [Times: user=0.15 sys=0.00, real=0.15 secs] 
[GC (CMS Initial Mark) [1 CMS-initial-mark: 34176K(34176K)] 37438K(49536K), 0.0025075 secs] [Times: user=0.00 sys=0.00, real=0.00 secs] 
<writer thread='11267'/>
[CMS-concurrent-mark-start]
<writer thread='11779'/>
[Full GC (Allocation Failure) [CMS
<writer thread='11267'/>
[CMS-concurrent-mark: 0.060/0.061 secs] [Times: user=0.11 sys=0.00, real=0.07 secs] 
<writer thread='11779'/>
 (concurrent mode failure): 34176K-&gt;34175K(34176K), 0.2164086 secs] 49536K-&gt;37540K(49536K), [Metaspace: 61145K-&gt;61145K(1105920K)], 0.2165584 secs] [Times: user=0.20 sys=0.01, real=0.22 secs] 
[Full GC (Allocation Failure) [CMS: 34175K-&gt;34175K(34176K), 0.1665429 secs] 49523K-&gt;37404K(49536K), [Metaspace: 61145K-&gt;61145K(1105920K)], 0.1666944 secs] [Times: user=0.16 sys=0.00, real=0.16 secs] 
[GC (CMS Initial Mark) [1 CMS-initial-mark: 34175K(34176K)] 42305K(49536K), 0.0037689 secs] [Times: user=0.01 sys=0.00, real=0.00 secs] 
<writer thread='11267'/>
[CMS-concurrent-mark-start]
<writer thread='11779'/>
[Full GC (Allocation Failure) [CMS
<writer thread='11267'/>
[CMS-concurrent-mark: 0.061/0.063 secs] [Times: user=0.07 sys=0.00, real=0.07 secs] 
<writer thread='11779'/>
 (concurrent mode failure): 34176K-&gt;34175K(34176K), 0.2190898 secs] 49536K-&gt;37470K(49536K), [Metaspace: 61145K-&gt;61145K(1105920K)], 0.2192846 secs] [Times: user=0.21 sys=0.00, real=0.22 secs] 
[Full GC (Allocation Failure) [CMS: 34175K-&gt;34175K(34176K), 0.1600107 secs] 49530K-&gt;37546K(49536K), [Metaspace: 61145K-&gt;61145K(1105920K)], 0.1601909 secs] [Times: user=0.16 sys=0.00, real=0.16 secs] 
[GC (CMS Initial Mark) [1 CMS-initial-mark: 34175K(34176K)] 37587K(49536K), 0.0032841 secs] [Times: user=0.00 sys=0.00, real=0.00 secs] 
<writer thread='11267'/>
[CMS-concurrent-mark-start]
<writer thread='11779'/>
[Full GC (Allocation Failure) [CMS
<writer thread='11267'/>
[CMS-concurrent-mark: 0.067/0.069 secs] [Times: user=0.11 sys=0.01, real=0.07 secs] 
<writer thread='11779'/>
 (concurrent mode failure): 34175K-&gt;34176K(34176K), 0.2063658 secs] 49532K-&gt;37111K(49536K), [Metaspace: 61145K-&gt;61145K(1105920K)], 0.2065556 secs] [Times: user=0.20 sys=0.00, real=0.20 secs] 
[Full GC (Allocation Failure) [CMS: 34176K-&gt;34175K(34176K), 0.1707603 secs] 49535K-&gt;37192K(49536K), [Metaspace: 61145K-&gt;61145K(1105920K)], 0.1709163 secs] [Times: user=0.17 sys=0.01, real=0.17 secs] 
[GC (CMS Initial Mark) [1 CMS-initial-mark: 34175K(34176K)] 37660K(49536K), 0.0028968 secs] [Times: user=0.01 sys=0.00, real=0.00 secs] 
<writer thread='11267'/>
[CMS-concurrent-mark-start]
<writer thread='11779'/>
[Full GC (Allocation Failure) [CMS
<writer thread='11267'/>
[CMS-concurrent-mark: 0.070/0.072 secs] [Times: user=0.11 sys=0.00, real=0.07 secs] 
<writer thread='11779'/>
 (concurrent mode failure): 34175K-&gt;34175K(34176K), 0.2037818 secs] 49530K-&gt;37390K(49536K), [Metaspace: 61145K-&gt;61145K(1105920K)], 0.2039443 secs] [Times: user=0.19 sys=0.00, real=0.20 secs] 
[Full GC (Allocation Failure) [CMS: 34175K-&gt;34175K(34176K), 0.1661681 secs] 49535K-&gt;37335K(49536K), [Metaspace: 61145K-&gt;61145K(1105920K)], 0.1663515 secs] [Times: user=0.16 sys=0.00, real=0.16 secs] 
[GC (CMS Initial Mark) [1 CMS-initial-mark: 34175K(34176K)] 37915K(49536K), 0.0029983 secs] [Times: user=0.01 sys=0.00, real=0.01 secs] 
<writer thread='11267'/>
[CMS-concurrent-mark-start]
<writer thread='11779'/>
[Full GC (Allocation Failure) [CMS
<writer thread='11267'/>
[CMS-concurrent-mark: 0.065/0.066 secs] [Times: user=0.11 sys=0.01, real=0.06 secs] 
<writer thread='11779'/>
 (concurrent mode failure): 34175K-&gt;34176K(34176K), 0.2081086 secs] 49532K-&gt;37477K(49536K), [Metaspace: 61145K-&gt;61145K(1105920K)], 0.2082728 secs] [Times: user=0.19 sys=0.00, real=0.21 secs] 
[Full GC (Allocation Failure) [CMS: 34176K-&gt;34175K(34176K), 0.1582890 secs] 49532K-&gt;37519K(49536K), [Metaspace: 61145K-&gt;61145K(1105920K)], 0.1584598 secs] [Times: user=0.15 sys=0.00, real=0.16 secs] 
[GC (CMS Initial Mark) [1 CMS-initial-mark: 34175K(34176K)] 37765K(49536K), 0.0028249 secs] [Times: user=0.01 sys=0.00, real=0.01 secs] 
<writer thread='11267'/>
[CMS-concurrent-mark-start]
<writer thread='11779'/>
[Full GC (Allocation Failure) [CMS
<writer thread='11267'/>
[CMS-concurrent-mark: 0.067/0.069 secs] [Times: user=0.10 sys=0.01, real=0.07 secs] 
<writer thread='11779'/>
 (concurrent mode failure): 34175K-&gt;34176K(34176K), 0.2032595 secs] 49535K-&gt;37592K(49536K), [Metaspace: 61145K-&gt;61145K(1105920K)], 0.2034115 secs] [Times: user=0.19 sys=0.00, real=0.20 secs] 
[Full GC (Allocation Failure) [CMS: 34176K-&gt;34175K(34176K), 0.1510432 secs] 49530K-&gt;37468K(49536K), [Metaspace: 61145K-&gt;61145K(1105920K)], 0.1512072 secs] [Times: user=0.15 sys=0.00, real=0.15 secs] 
[GC (CMS Initial Mark) [1 CMS-initial-mark: 34175K(34176K)] 38021K(49536K), 0.0026885 secs] [Times: user=0.01 sys=0.00, real=0.00 secs] 
<writer thread='11267'/>
[CMS-concurrent-mark-start]
<writer thread='11779'/>
[Full GC (Allocation Failure) [CMS
<writer thread='11267'/>
[CMS-concurrent-mark: 0.060/0.062 secs] [Times: user=0.10 sys=0.01, real=0.07 secs] 
<writer thread='11779'/>
 (concurrent mode failure): 34175K-&gt;34175K(34176K), 0.1902121 secs] 49534K-&gt;37342K(49536K), [Metaspace: 61146K-&gt;61146K(1105920K)], 0.1903661 secs] [Times: user=0.19 sys=0.00, real=0.19 secs] 
[Full GC (Allocation Failure) [CMS: 34175K-&gt;34175K(34176K), 0.1539008 secs] 49535K-&gt;37185K(49536K), [Metaspace: 61146K-&gt;61146K(1105920K)], 0.1540652 secs] [Times: user=0.15 sys=0.00, real=0.15 secs] 
[GC (CMS Initial Mark) [1 CMS-initial-mark: 34175K(34176K)] 37795K(49536K), 0.0032598 secs] [Times: user=0.01 sys=0.00, real=0.00 secs] 
<writer thread='11267'/>
[CMS-concurrent-mark-start]
<writer thread='11779'/>
[Full GC (Allocation Failure) [CMS
<writer thread='11267'/>
[CMS-concurrent-mark: 0.068/0.070 secs] [Times: user=0.11 sys=0.01, real=0.07 secs] 
<writer thread='11779'/>
 (concurrent mode failure): 34175K-&gt;34175K(34176K), 0.2026295 secs] 49530K-&gt;37231K(49536K), [Metaspace: 61146K-&gt;61146K(1105920K)], 0.2027762 secs] [Times: user=0.20 sys=0.00, real=0.20 secs] 
[Full GC (Allocation Failure) [CMS: 34175K-&gt;34175K(34176K), 0.1652741 secs] 49528K-&gt;37489K(49536K), [Metaspace: 61146K-&gt;61146K(1105920K)], 0.1654573 secs] [Times: user=0.16 sys=0.00, real=0.17 secs] 
[GC (CMS Initial Mark) [1 CMS-initial-mark: 34175K(34176K)] 38629K(49536K), 0.0026229 secs] [Times: user=0.01 sys=0.00, real=0.00 secs] 
<writer thread='11267'/>
[CMS-concurrent-mark-start]
<writer thread='11779'/>
[Full GC (Allocation Failure) [CMS
<writer thread='11267'/>
[CMS-concurrent-mark: 0.071/0.078 secs] [Times: user=0.09 sys=0.01, real=0.08 secs] 
<writer thread='11779'/>
 (concurrent mode failure): 34175K-&gt;34175K(34176K), 0.2169603 secs] 49533K-&gt;37493K(49536K), [Metaspace: 61146K-&gt;61146K(1105920K)], 0.2171357 secs] [Times: user=0.20 sys=0.00, real=0.22 secs] 
[Full GC (Allocation Failure) [CMS: 34175K-&gt;34175K(34176K), 0.1491191 secs] 49529K-&gt;37319K(49536K), [Metaspace: 61146K-&gt;61146K(1105920K)], 0.1493058 secs] [Times: user=0.15 sys=0.00, real=0.14 secs] 
[GC (CMS Initial Mark) [1 CMS-initial-mark: 34175K(34176K)] 37367K(49536K), 0.0027931 secs] [Times: user=0.01 sys=0.00, real=0.00 secs] 
<writer thread='11267'/>
[CMS-concurrent-mark-start]
<writer thread='11779'/>
[Full GC (Allocation Failure) [CMS
<writer thread='11267'/>
[CMS-concurrent-mark: 0.065/0.067 secs] [Times: user=0.11 sys=0.01, real=0.07 secs] 
<writer thread='11779'/>
 (concurrent mode failure): 34175K-&gt;34175K(34176K), 0.1965518 secs] 49531K-&gt;37360K(49536K), [Metaspace: 61146K-&gt;61146K(1105920K)], 0.1967135 secs] [Times: user=0.19 sys=0.00, real=0.20 secs] 
[Full GC (Allocation Failure) [CMS: 34175K-&gt;34175K(34176K), 0.1610493 secs] 49531K-&gt;37215K(49536K), [Metaspace: 61146K-&gt;61146K(1105920K)], 0.1612391 secs] [Times: user=0.16 sys=0.00, real=0.16 secs] 
[GC (CMS Initial Mark) [1 CMS-initial-mark: 34175K(34176K)] 37648K(49536K), 0.0028418 secs] [Times: user=0.01 sys=0.00, real=0.00 secs] 
<writer thread='11267'/>
[CMS-concurrent-mark-start]
<writer thread='11779'/>
[Full GC (Allocation Failure) [CMS
<writer thread='11267'/>
[CMS-concurrent-mark: 0.068/0.070 secs] [Times: user=0.11 sys=0.01, real=0.07 secs] 
<writer thread='11779'/>
 (concurrent mode failure): 34175K-&gt;34175K(34176K), 0.2092154 secs] 49535K-&gt;37535K(49536K), [Metaspace: 61146K-&gt;61146K(1105920K)], 0.2093881 secs] [Times: user=0.20 sys=0.00, real=0.21 secs] 
[Full GC (Allocation Failure) [CMS: 34175K-&gt;34176K(34176K), 0.1562645 secs] 49535K-&gt;37165K(49536K), [Metaspace: 61146K-&gt;61146K(1105920K)], 0.1564400 secs] [Times: user=0.15 sys=0.00, real=0.16 secs] 
[GC (CMS Initial Mark) [1 CMS-initial-mark: 34176K(34176K)] 37299K(49536K), 0.0025040 secs] [Times: user=0.01 sys=0.00, real=0.00 secs] 
<writer thread='11267'/>
[CMS-concurrent-mark-start]
<writer thread='11779'/>
[Full GC (Allocation Failure) [CMS
<writer thread='11267'/>
[CMS-concurrent-mark: 0.064/0.066 secs] [Times: user=0.11 sys=0.01, real=0.07 secs] 
<writer thread='11779'/>
 (concurrent mode failure): 34176K-&gt;34176K(34176K), 0.1939721 secs] 49532K-&gt;37204K(49536K), [Metaspace: 61146K-&gt;61146K(1105920K)], 0.1941348 secs] [Times: user=0.18 sys=0.00, real=0.19 secs] 
[Full GC (Allocation Failure) [CMS: 34176K-&gt;34175K(34176K), 0.1479543 secs] 49525K-&gt;37393K(49536K), [Metaspace: 61146K-&gt;61146K(1105920K)], 0.1481276 secs] [Times: user=0.14 sys=0.01, real=0.14 secs] 
[GC (CMS Initial Mark) [1 CMS-initial-mark: 34175K(34176K)] 37741K(49536K), 0.0027234 secs] [Times: user=0.01 sys=0.00, real=0.00 secs] 
<writer thread='11267'/>
[CMS-concurrent-mark-start]
<writer thread='11779'/>
[Full GC (Allocation Failure) [CMS
<writer thread='11267'/>
[CMS-concurrent-mark: 0.067/0.068 secs] [Times: user=0.11 sys=0.00, real=0.07 secs] 
<writer thread='11779'/>
 (concurrent mode failure): 34175K-&gt;34175K(34176K), 0.1984432 secs] 49535K-&gt;37495K(49536K), [Metaspace: 61146K-&gt;61146K(1105920K)], 0.1985898 secs] [Times: user=0.19 sys=0.00, real=0.20 secs] 
[Full GC (Allocation Failure) [CMS: 34175K-&gt;34175K(34176K), 0.1611450 secs] 49532K-&gt;37204K(49536K), [Metaspace: 61146K-&gt;61146K(1105920K)], 0.1612895 secs] [Times: user=0.16 sys=0.00, real=0.17 secs] 
[GC (CMS Initial Mark) [1 CMS-initial-mark: 34175K(34176K)] 37822K(49536K), 0.0031024 secs] [Times: user=0.01 sys=0.00, real=0.00 secs] 
<writer thread='11267'/>
[CMS-concurrent-mark-start]
<writer thread='11779'/>
[Full GC (Allocation Failure) [CMS
<writer thread='11267'/>
[CMS-concurrent-mark: 0.066/0.068 secs] [Times: user=0.11 sys=0.01, real=0.07 secs] 
<writer thread='11779'/>
 (concurrent mode failure): 34175K-&gt;34175K(34176K), 0.2022612 secs] 49535K-&gt;37601K(49536K), [Metaspace: 61146K-&gt;61146K(1105920K)], 0.2024560 secs] [Times: user=0.19 sys=0.00, real=0.20 secs] 
[Full GC (Allocation Failure) [CMS: 34175K-&gt;34175K(34176K), 0.1513216 secs] 49535K-&gt;37342K(49536K), [Metaspace: 61146K-&gt;61146K(1105920K)], 0.1514811 secs] [Times: user=0.15 sys=0.01, real=0.15 secs] 
[GC (CMS Initial Mark) [1 CMS-initial-mark: 34175K(34176K)] 37509K(49536K), 0.0030195 secs] [Times: user=0.00 sys=0.00, real=0.00 secs] 
<writer thread='11267'/>
[CMS-concurrent-mark-start]
<writer thread='11779'/>
[Full GC (Allocation Failure) [CMS
<writer thread='11267'/>
[CMS-concurrent-mark: 0.063/0.065 secs] [Times: user=0.11 sys=0.00, real=0.07 secs] 
<writer thread='11779'/>
 (concurrent mode failure): 34175K-&gt;34175K(34176K), 0.2035019 secs] 49491K-&gt;37326K(49536K), [Metaspace: 61146K-&gt;61146K(1105920K)], 0.2036703 secs] [Times: user=0.19 sys=0.00, real=0.21 secs] 
[Full GC (Allocation Failure) [CMS: 34175K-&gt;34175K(34176K), 0.1589279 secs] 49535K-&gt;37471K(49536K), [Metaspace: 61146K-&gt;61146K(1105920K)], 0.1590835 secs] [Times: user=0.16 sys=0.00, real=0.16 secs] 
[GC (CMS Initial Mark) [1 CMS-initial-mark: 34175K(34176K)] 38188K(49536K), 0.0029644 secs] [Times: user=0.01 sys=0.00, real=0.01 secs] 
<writer thread='11267'/>
[CMS-concurrent-mark-start]
<writer thread='11779'/>
[Full GC (Allocation Failure) [CMS
<writer thread='11267'/>
[CMS-concurrent-mark: 0.061/0.063 secs] [Times: user=0.11 sys=0.01, real=0.06 secs] 
<writer thread='11779'/>
 (concurrent mode failure): 34175K-&gt;34175K(34176K), 0.2098907 secs] 49535K-&gt;37522K(49536K), [Metaspace: 61146K-&gt;61146K(1105920K)], 0.2100846 secs] [Times: user=0.19 sys=0.00, real=0.21 secs] 
[Full GC (Allocation Failure) [CMS: 34175K-&gt;34175K(34176K), 0.1546948 secs] 49528K-&gt;37260K(49536K), [Metaspace: 61146K-&gt;61146K(1105920K)], 0.1548578 secs] [Times: user=0.15 sys=0.00, real=0.16 secs] 
[GC (CMS Initial Mark) [1 CMS-initial-mark: 34175K(34176K)] 37341K(49536K), 0.0031407 secs] [Times: user=0.01 sys=0.00, real=0.00 secs] 
<writer thread='11267'/>
[CMS-concurrent-mark-start]
<writer thread='11779'/>
[Full GC (Allocation Failure) [CMS
<writer thread='11267'/>
[CMS-concurrent-mark: 0.059/0.061 secs] [Times: user=0.10 sys=0.01, real=0.06 secs] 
<writer thread='11779'/>
 (concurrent mode failure): 34175K-&gt;34175K(34176K), 0.1983001 secs] 49535K-&gt;37392K(49536K), [Metaspace: 61147K-&gt;61147K(1105920K)], 0.1984471 secs] [Times: user=0.19 sys=0.00, real=0.20 secs] 
[Full GC (Allocation Failure) [CMS: 34175K-&gt;34175K(34176K), 0.1525133 secs] 49535K-&gt;37345K(49536K), [Metaspace: 61147K-&gt;61147K(1105920K)], 0.1526761 secs] [Times: user=0.15 sys=0.00, real=0.15 secs] 
[GC (CMS Initial Mark) [1 CMS-initial-mark: 34175K(34176K)] 37420K(49536K), 0.0026961 secs] [Times: user=0.00 sys=0.00, real=0.01 secs] 
<writer thread='11267'/>
[CMS-concurrent-mark-start]
<writer thread='11779'/>
[Full GC (Allocation Failure) [CMS
<writer thread='11267'/>
[CMS-concurrent-mark: 0.063/0.065 secs] [Times: user=0.11 sys=0.01, real=0.06 secs] 
<writer thread='11779'/>
 (concurrent mode failure): 34176K-&gt;34176K(34176K), 0.1921471 secs] 49535K-&gt;37483K(49536K), [Metaspace: 61147K-&gt;61147K(1105920K)], 0.1923017 secs] [Times: user=0.19 sys=0.00, real=0.19 secs] 
[Full GC (Allocation Failure) [CMS: 34176K-&gt;34176K(34176K), 0.1501937 secs] 49535K-&gt;37236K(49536K), [Metaspace: 61147K-&gt;61147K(1105920K)], 0.1503600 secs] [Times: user=0.14 sys=0.00, real=0.15 secs] 
[GC (CMS Initial Mark) [1 CMS-initial-mark: 34176K(34176K)] 37846K(49536K), 0.0025155 secs] [Times: user=0.00 sys=0.00, real=0.00 secs] 
<writer thread='11267'/>
[CMS-concurrent-mark-start]
<writer thread='11779'/>
[Full GC (Allocation Failure) [CMS
<writer thread='11267'/>
[CMS-concurrent-mark: 0.065/0.067 secs] [Times: user=0.11 sys=0.01, real=0.07 secs] 
<writer thread='11779'/>
 (concurrent mode failure): 34176K-&gt;34175K(34176K), 0.2010430 secs] 49535K-&gt;37346K(49536K), [Metaspace: 61147K-&gt;61147K(1105920K)], 0.2012090 secs] [Times: user=0.19 sys=0.00, real=0.20 secs] 
[Full GC (Allocation Failure) [CMS: 34175K-&gt;34175K(34176K), 0.1482284 secs] 49533K-&gt;37208K(49536K), [Metaspace: 61147K-&gt;61147K(1105920K)], 0.1483785 secs] [Times: user=0.14 sys=0.00, real=0.15 secs] 
[GC (CMS Initial Mark) [1 CMS-initial-mark: 34175K(34176K)] 37254K(49536K), 0.0025597 secs] [Times: user=0.01 sys=0.00, real=0.00 secs] 
<writer thread='11267'/>
[CMS-concurrent-mark-start]
<writer thread='11779'/>
[Full GC (Allocation Failure) [CMS
<writer thread='11267'/>
[CMS-concurrent-mark: 0.065/0.066 secs] [Times: user=0.11 sys=0.01, real=0.07 secs] 
<writer thread='11779'/>
 (concurrent mode failure): 34175K-&gt;34175K(34176K), 0.2003636 secs] 49532K-&gt;37296K(49536K), [Metaspace: 61147K-&gt;61147K(1105920K)], 0.2005269 secs] [Times: user=0.18 sys=0.00, real=0.20 secs] 
[Full GC (Allocation Failure) [CMS: 34175K-&gt;34176K(34176K), 0.1627750 secs] 49531K-&gt;37067K(49536K), [Metaspace: 61147K-&gt;61147K(1105920K)], 0.1629327 secs] [Times: user=0.16 sys=0.00, real=0.17 secs] 
[GC (CMS Initial Mark) [1 CMS-initial-mark: 34176K(34176K)] 37156K(49536K), 0.0029762 secs] [Times: user=0.00 sys=0.00, real=0.00 secs] 
<writer thread='11267'/>
[CMS-concurrent-mark-start]
<writer thread='11779'/>
[Full GC (Allocation Failure) [CMS
<writer thread='11267'/>
[CMS-concurrent-mark: 0.062/0.064 secs] [Times: user=0.12 sys=0.00, real=0.06 secs] 
<writer thread='11779'/>
 (concurrent mode failure): 34176K-&gt;34176K(34176K), 0.1987880 secs] 49535K-&gt;37575K(49536K), [Metaspace: 61147K-&gt;61147K(1105920K)], 0.1989595 secs] [Times: user=0.19 sys=0.01, real=0.20 secs] 
[Full GC (Allocation Failure) [CMS: 34176K-&gt;34175K(34176K), 0.1522493 secs] 49526K-&gt;37886K(49536K), [Metaspace: 61147K-&gt;61147K(1105920K)], 0.1523990 secs] [Times: user=0.15 sys=0.00, real=0.15 secs] 
[GC (CMS Initial Mark) [1 CMS-initial-mark: 34175K(34176K)] 37980K(49536K), 0.0032271 secs] [Times: user=0.00 sys=0.00, real=0.00 secs] 
<writer thread='11267'/>
[CMS-concurrent-mark-start]
<writer thread='11779'/>
[Full GC (Allocation Failure) [CMS
<writer thread='11267'/>
[CMS-concurrent-mark: 0.060/0.062 secs] [Times: user=0.11 sys=0.01, real=0.07 secs] 
<writer thread='11779'/>
 (concurrent mode failure): 34175K-&gt;34175K(34176K), 0.1941454 secs] 49531K-&gt;37217K(49536K), [Metaspace: 61147K-&gt;61147K(1105920K)], 0.1942991 secs] [Times: user=0.19 sys=0.00, real=0.20 secs] 
[Full GC (Allocation Failure) [CMS: 34175K-&gt;34175K(34176K), 0.1494963 secs] 49535K-&gt;37713K(49536K), [Metaspace: 61147K-&gt;61147K(1105920K)], 0.1496666 secs] [Times: user=0.14 sys=0.00, real=0.15 secs] 
[GC (CMS Initial Mark) [1 CMS-initial-mark: 34175K(34176K)] 39094K(49536K), 0.0030480 secs] [Times: user=0.01 sys=0.00, real=0.00 secs] 
<writer thread='11267'/>
[CMS-concurrent-mark-start]
<writer thread='11779'/>
[Full GC (Allocation Failure) [CMS
<writer thread='11267'/>
[CMS-concurrent-mark: 0.062/0.063 secs] [Times: user=0.10 sys=0.01, real=0.06 secs] 
<writer thread='11779'/>
 (concurrent mode failure): 34175K-&gt;34175K(34176K), 0.1927608 secs] 49535K-&gt;37344K(49536K), [Metaspace: 61147K-&gt;61147K(1105920K)], 0.1929138 secs] [Times: user=0.18 sys=0.00, real=0.19 secs] 
[Full GC (Allocation Failure) [CMS: 34175K-&gt;34175K(34176K), 0.1519438 secs] 49533K-&gt;37479K(49536K), [Metaspace: 61147K-&gt;61147K(1105920K)], 0.1521059 secs] [Times: user=0.14 sys=0.01, real=0.15 secs] 
[GC (CMS Initial Mark) [1 CMS-initial-mark: 34175K(34176K)] 37730K(49536K), 0.0029574 secs] [Times: user=0.00 sys=0.00, real=0.01 secs] 
<writer thread='11267'/>
[CMS-concurrent-mark-start]
<writer thread='11779'/>
[Full GC (Allocation Failure) [CMS
<writer thread='11267'/>
[CMS-concurrent-mark: 0.063/0.065 secs] [Times: user=0.11 sys=0.01, real=0.06 secs] 
<writer thread='11779'/>
 (concurrent mode failure): 34175K-&gt;34175K(34176K), 0.1897991 secs] 49534K-&gt;37628K(49536K), [Metaspace: 61147K-&gt;61147K(1105920K)], 0.1899516 secs] [Times: user=0.18 sys=0.00, real=0.19 secs] 
[Full GC (Allocation Failure) [CMS: 34176K-&gt;34175K(34176K), 0.1513077 secs] 49535K-&gt;37277K(49536K), [Metaspace: 61147K-&gt;61147K(1105920K)], 0.1514665 secs] [Times: user=0.15 sys=0.00, real=0.16 secs] 
[GC (CMS Initial Mark) [1 CMS-initial-mark: 34175K(34176K)] 37319K(49536K), 0.0023985 secs] [Times: user=0.01 sys=0.00, real=0.00 secs] 
<writer thread='11267'/>
[CMS-concurrent-mark-start]
<writer thread='11779'/>
[Full GC (Allocation Failure) [CMS
<writer thread='11267'/>
[CMS-concurrent-mark: 0.062/0.063 secs] [Times: user=0.10 sys=0.01, real=0.06 secs] 
<writer thread='11779'/>
 (concurrent mode failure): 34175K-&gt;34175K(34176K), 0.2013353 secs] 49531K-&gt;37288K(49536K), [Metaspace: 61147K-&gt;61147K(1105920K)], 0.2014868 secs] [Times: user=0.20 sys=0.00, real=0.20 secs] 
[Full GC (Allocation Failure) [CMS: 34175K-&gt;34175K(34176K), 0.1577104 secs] 49535K-&gt;37268K(49536K), [Metaspace: 61147K-&gt;61147K(1105920K)], 0.1578620 secs] [Times: user=0.15 sys=0.00, real=0.16 secs] 
[GC (CMS Initial Mark) [1 CMS-initial-mark: 34175K(34176K)] 37696K(49536K), 0.0026288 secs] [Times: user=0.01 sys=0.00, real=0.00 secs] 
<writer thread='11267'/>
[CMS-concurrent-mark-start]
<writer thread='11779'/>
[Full GC (Allocation Failure) [CMS
<writer thread='11267'/>
[CMS-concurrent-mark: 0.062/0.064 secs] [Times: user=0.11 sys=0.01, real=0.07 secs] 
<writer thread='11779'/>
 (concurrent mode failure): 34175K-&gt;34175K(34176K), 0.2003175 secs] 49535K-&gt;37360K(49536K), [Metaspace: 61147K-&gt;61147K(1105920K)], 0.2004705 secs] [Times: user=0.19 sys=0.00, real=0.20 secs] 
[Full GC (Allocation Failure) [CMS: 34175K-&gt;34176K(34176K), 0.1506580 secs] 49533K-&gt;37315K(49536K), [Metaspace: 61147K-&gt;61147K(1105920K)], 0.1508182 secs] [Times: user=0.15 sys=0.00, real=0.15 secs] 
[GC (CMS Initial Mark) [1 CMS-initial-mark: 34176K(34176K)] 38060K(49536K), 0.0026676 secs] [Times: user=0.01 sys=0.00, real=0.00 secs] 
<writer thread='11267'/>
[CMS-concurrent-mark-start]
<writer thread='11779'/>
[Full GC (Allocation Failure) [CMS
<writer thread='11267'/>
[CMS-concurrent-mark: 0.064/0.066 secs] [Times: user=0.10 sys=0.01, real=0.07 secs] 
<writer thread='11779'/>
 (concurrent mode failure): 34176K-&gt;34176K(34176K), 0.1978784 secs] 49535K-&gt;37667K(49536K), [Metaspace: 61147K-&gt;61147K(1105920K)], 0.1980399 secs] [Times: user=0.19 sys=0.01, real=0.20 secs] 
[Full GC (Allocation Failure) [CMS: 34176K-&gt;34175K(34176K), 0.1492607 secs] 49536K-&gt;37325K(49536K), [Metaspace: 61147K-&gt;61147K(1105920K)], 0.1494084 secs] [Times: user=0.14 sys=0.00, real=0.15 secs] 
[GC (CMS Initial Mark) [1 CMS-initial-mark: 34175K(34176K)] 37583K(49536K), 0.0023857 secs] [Times: user=0.01 sys=0.00, real=0.00 secs] 
<writer thread='11267'/>
[CMS-concurrent-mark-start]
<writer thread='11779'/>
[Full GC (Allocation Failure) [CMS
<writer thread='11267'/>
[CMS-concurrent-mark: 0.062/0.064 secs] [Times: user=0.10 sys=0.01, real=0.07 secs] 
<writer thread='11779'/>
 (concurrent mode failure): 34175K-&gt;34175K(34176K), 0.1898379 secs] 49535K-&gt;37271K(49536K), [Metaspace: 61147K-&gt;61147K(1105920K)], 0.1900112 secs] [Times: user=0.19 sys=0.00, real=0.19 secs] 
[Full GC (Allocation Failure) [CMS: 34175K-&gt;34176K(34176K), 0.1501045 secs] 49534K-&gt;37361K(49536K), [Metaspace: 61147K-&gt;61147K(1105920K)], 0.1502543 secs] [Times: user=0.14 sys=0.00, real=0.15 secs] 
[GC (CMS Initial Mark) [1 CMS-initial-mark: 34176K(34176K)] 37455K(49536K), 0.0026253 secs] [Times: user=0.01 sys=0.00, real=0.01 secs] 
<writer thread='11267'/>
[CMS-concurrent-mark-start]
<writer thread='11779'/>
[Full GC (Allocation Failure) [CMS
<writer thread='11267'/>
[CMS-concurrent-mark: 0.066/0.068 secs] [Times: user=0.11 sys=0.01, real=0.06 secs] 
<writer thread='11779'/>
 (concurrent mode failure): 34176K-&gt;34176K(34176K), 0.1953280 secs] 49536K-&gt;37276K(49536K), [Metaspace: 61147K-&gt;61147K(1105920K)], 0.1954848 secs] [Times: user=0.19 sys=0.00, real=0.19 secs] 
[Full GC (Allocation Failure) [CMS: 34176K-&gt;34176K(34176K), 0.1564289 secs] 49531K-&gt;37255K(49536K), [Metaspace: 61147K-&gt;61147K(1105920K)], 0.1565851 secs] [Times: user=0.15 sys=0.00, real=0.16 secs] 
[GC (CMS Initial Mark) [1 CMS-initial-mark: 34176K(34176K)] 37744K(49536K), 0.0024978 secs] [Times: user=0.01 sys=0.00, real=0.00 secs] 
<writer thread='11267'/>
[CMS-concurrent-mark-start]
<writer thread='11779'/>
[Full GC (Allocation Failure) [CMS
<writer thread='11267'/>
[CMS-concurrent-mark: 0.058/0.060 secs] [Times: user=0.10 sys=0.01, real=0.06 secs] 
<writer thread='11779'/>
 (concurrent mode failure): 34176K-&gt;34175K(34176K), 0.1948011 secs] 49535K-&gt;37306K(49536K), [Metaspace: 61147K-&gt;61147K(1105920K)], 0.1949533 secs] [Times: user=0.18 sys=0.00, real=0.20 secs] 
[Full GC (Allocation Failure) [CMS: 34175K-&gt;34175K(34176K), 0.1507214 secs] 49521K-&gt;37347K(49536K), [Metaspace: 61147K-&gt;61147K(1105920K)], 0.1508766 secs] [Times: user=0.15 sys=0.00, real=0.15 secs] 
[GC (CMS Initial Mark) [1 CMS-initial-mark: 34175K(34176K)] 37598K(49536K), 0.0025663 secs] [Times: user=0.01 sys=0.00, real=0.00 secs] 
<writer thread='11267'/>
[CMS-concurrent-mark-start]
<writer thread='11779'/>
[Full GC (Allocation Failure) [CMS
<writer thread='11267'/>
[CMS-concurrent-mark: 0.062/0.064 secs] [Times: user=0.10 sys=0.01, real=0.06 secs] 
<writer thread='11779'/>
 (concurrent mode failure): 34175K-&gt;34175K(34176K), 0.1918856 secs] 49528K-&gt;37306K(49536K), [Metaspace: 61147K-&gt;61147K(1105920K)], 0.1920433 secs] [Times: user=0.19 sys=0.00, real=0.19 secs] 
[Full GC (Allocation Failure) [CMS: 34175K-&gt;34175K(34176K), 0.1505240 secs] 49534K-&gt;37449K(49536K), [Metaspace: 61147K-&gt;61147K(1105920K)], 0.1506741 secs] [Times: user=0.14 sys=0.00, real=0.15 secs] 
[GC (CMS Initial Mark) [1 CMS-initial-mark: 34175K(34176K)] 38228K(49536K), 0.0025862 secs] [Times: user=0.00 sys=0.00, real=0.00 secs] 
<writer thread='11267'/>
[CMS-concurrent-mark-start]
<writer thread='11779'/>
[Full GC (Allocation Failure) [CMS
<writer thread='11267'/>
[CMS-concurrent-mark: 0.063/0.065 secs] [Times: user=0.11 sys=0.01, real=0.07 secs] 
<writer thread='11779'/>
 (concurrent mode failure): 34175K-&gt;34175K(34176K), 0.1944001 secs] 49535K-&gt;37288K(49536K), [Metaspace: 61147K-&gt;61147K(1105920K)], 0.1945628 secs] [Times: user=0.19 sys=0.00, real=0.20 secs] 
[Full GC (Allocation Failure) [CMS: 34175K-&gt;34176K(34176K), 0.1478260 secs] 49529K-&gt;37279K(49536K), [Metaspace: 61147K-&gt;61147K(1105920K)], 0.1479867 secs] [Times: user=0.14 sys=0.00, real=0.14 secs] 
[GC (CMS Initial Mark) [1 CMS-initial-mark: 34176K(34176K)] 37521K(49536K), 0.0027182 secs] [Times: user=0.01 sys=0.00, real=0.01 secs] 
<writer thread='11267'/>
[CMS-concurrent-mark-start]
<writer thread='11779'/>
[Full GC (Allocation Failure) [CMS
<writer thread='11267'/>
[CMS-concurrent-mark: 0.063/0.065 secs] [Times: user=0.11 sys=0.01, real=0.06 secs] 
<writer thread='11779'/>
 (concurrent mode failure): 34176K-&gt;34176K(34176K), 0.1904155 secs] 49536K-&gt;37246K(49536K), [Metaspace: 61147K-&gt;61147K(1105920K)], 0.1905658 secs] [Times: user=0.19 sys=0.00, real=0.19 secs] 
[Full GC (Allocation Failure) [CMS: 34176K-&gt;34175K(34176K), 0.1495064 secs] 49525K-&gt;37553K(49536K), [Metaspace: 61147K-&gt;61147K(1105920K)], 0.1496715 secs] [Times: user=0.14 sys=0.00, real=0.15 secs] 
[GC (CMS Initial Mark) [1 CMS-initial-mark: 34175K(34176K)] 37809K(49536K), 0.0027417 secs] [Times: user=0.00 sys=0.00, real=0.00 secs] 
<writer thread='11267'/>
[CMS-concurrent-mark-start]
<writer thread='11779'/>
[Full GC (Allocation Failure) [CMS
<writer thread='11267'/>
[CMS-concurrent-mark: 0.065/0.066 secs] [Times: user=0.11 sys=0.00, real=0.07 secs] 
<writer thread='11779'/>
 (concurrent mode failure): 34175K-&gt;34175K(34176K), 0.1958239 secs] 49535K-&gt;37227K(49536K), [Metaspace: 61147K-&gt;61147K(1105920K)], 0.1959896 secs] [Times: user=0.19 sys=0.01, real=0.20 secs] 
[Full GC (Allocation Failure) [CMS: 34175K-&gt;34175K(34176K), 0.1531911 secs] 49528K-&gt;37702K(49536K), [Metaspace: 61147K-&gt;61147K(1105920K)], 0.1533440 secs] [Times: user=0.15 sys=0.01, real=0.15 secs] 
[GC (CMS Initial Mark) [1 CMS-initial-mark: 34175K(34176K)] 37758K(49536K), 0.0028273 secs] [Times: user=0.00 sys=0.00, real=0.00 secs] 
<writer thread='11267'/>
[CMS-concurrent-mark-start]
<writer thread='11779'/>
[Full GC (Allocation Failure) [CMS
<writer thread='11267'/>
[CMS-concurrent-mark: 0.061/0.063 secs] [Times: user=0.11 sys=0.01, real=0.07 secs] 
<writer thread='11779'/>
 (concurrent mode failure): 34175K-&gt;34175K(34176K), 0.2016621 secs] 49528K-&gt;37273K(49536K), [Metaspace: 61147K-&gt;61147K(1105920K)], 0.2018087 secs] [Times: user=0.19 sys=0.01, real=0.21 secs] 
[Full GC (Allocation Failure) [CMS: 34175K-&gt;34175K(34176K), 0.1580756 secs] 49534K-&gt;37351K(49536K), [Metaspace: 61147K-&gt;61147K(1105920K)], 0.1582556 secs] [Times: user=0.15 sys=0.00, real=0.16 secs] 
[GC (CMS Initial Mark) [1 CMS-initial-mark: 34175K(34176K)] 37409K(49536K), 0.0024087 secs] [Times: user=0.01 sys=0.00, real=0.00 secs] 
<writer thread='11267'/>
[CMS-concurrent-mark-start]
<writer thread='11779'/>
[Full GC (Allocation Failure) [CMS
<writer thread='11267'/>
[CMS-concurrent-mark: 0.059/0.061 secs] [Times: user=0.11 sys=0.01, real=0.07 secs] 
<writer thread='11779'/>
 (concurrent mode failure): 34175K-&gt;34175K(34176K), 0.1977844 secs] 49528K-&gt;37255K(49536K), [Metaspace: 61147K-&gt;61147K(1105920K)], 0.1979381 secs] [Times: user=0.19 sys=0.00, real=0.19 secs] 
[Full GC (Allocation Failure) [CMS: 34175K-&gt;34175K(34176K), 0.1604555 secs] 49535K-&gt;37219K(49536K), [Metaspace: 61147K-&gt;61147K(1105920K)], 0.1606186 secs] [Times: user=0.15 sys=0.00, real=0.16 secs] 
[GC (CMS Initial Mark) [1 CMS-initial-mark: 34175K(34176K)] 37368K(49536K), 0.0029010 secs] [Times: user=0.01 sys=0.00, real=0.01 secs] 
<writer thread='11267'/>
[CMS-concurrent-mark-start]
<writer thread='11779'/>
[Full GC (Allocation Failure) [CMS
<writer thread='11267'/>
[CMS-concurrent-mark: 0.068/0.070 secs] [Times: user=0.11 sys=0.01, real=0.07 secs] 
<writer thread='11779'/>
 (concurrent mode failure): 34175K-&gt;34176K(34176K), 0.2137629 secs] 49535K-&gt;37361K(49536K), [Metaspace: 61147K-&gt;61147K(1105920K)], 0.2139312 secs] [Times: user=0.20 sys=0.00, real=0.21 secs] 
[Full GC (Allocation Failure) [CMS: 34176K-&gt;34175K(34176K), 0.1603171 secs] 49536K-&gt;37358K(49536K), [Metaspace: 61147K-&gt;61147K(1105920K)], 0.1604775 secs] [Times: user=0.15 sys=0.00, real=0.16 secs] 
[GC (CMS Initial Mark) [1 CMS-initial-mark: 34175K(34176K)] 37422K(49536K), 0.0027040 secs] [Times: user=0.01 sys=0.00, real=0.00 secs] 
<writer thread='11267'/>
[CMS-concurrent-mark-start]
<writer thread='11779'/>
[Full GC (Allocation Failure) [CMS
<writer thread='11267'/>
[CMS-concurrent-mark: 0.059/0.061 secs] [Times: user=0.10 sys=0.01, real=0.06 secs] 
<writer thread='11779'/>
 (concurrent mode failure): 34175K-&gt;34175K(34176K), 0.2009067 secs] 49535K-&gt;37258K(49536K), [Metaspace: 61147K-&gt;61147K(1105920K)], 0.2011019 secs] [Times: user=0.19 sys=0.00, real=0.20 secs] 
[Full GC (Allocation Failure) [CMS: 34175K-&gt;34175K(34176K), 0.1728430 secs] 49535K-&gt;37326K(49536K), [Metaspace: 61147K-&gt;61147K(1105920K)], 0.1730209 secs] [Times: user=0.17 sys=0.00, real=0.18 secs] 
[GC (CMS Initial Mark) [1 CMS-initial-mark: 34175K(34176K)] 38549K(49536K), 0.0027305 secs] [Times: user=0.01 sys=0.00, real=0.00 secs] 
<writer thread='11267'/>
[CMS-concurrent-mark-start]
<writer thread='11779'/>
[Full GC (Allocation Failure) [CMS
<writer thread='11267'/>
[CMS-concurrent-mark: 0.059/0.062 secs] [Times: user=0.10 sys=0.01, real=0.06 secs] 
<writer thread='11779'/>
 (concurrent mode failure): 34175K-&gt;34175K(34176K), 0.2046520 secs] 49528K-&gt;37583K(49536K), [Metaspace: 61147K-&gt;61147K(1105920K)], 0.2048487 secs] [Times: user=0.20 sys=0.00, real=0.21 secs] 
[Full GC (Allocation Failure) [CMS: 34176K-&gt;34175K(34176K), 0.1585832 secs] 49535K-&gt;37368K(49536K), [Metaspace: 61147K-&gt;61147K(1105920K)], 0.1587603 secs] [Times: user=0.15 sys=0.00, real=0.15 secs] 
[GC (CMS Initial Mark) [1 CMS-initial-mark: 34175K(34176K)] 37386K(49536K), 0.0027594 secs] [Times: user=0.01 sys=0.00, real=0.00 secs] 
<writer thread='11267'/>
[CMS-concurrent-mark-start]
<writer thread='11779'/>
[Full GC (Allocation Failure) [CMS
<writer thread='11267'/>
[CMS-concurrent-mark: 0.066/0.068 secs] [Times: user=0.11 sys=0.00, real=0.07 secs] 
<writer thread='11779'/>
 (concurrent mode failure): 34175K-&gt;34175K(34176K), 0.2007063 secs] 49535K-&gt;37386K(49536K), [Metaspace: 61147K-&gt;61147K(1105920K)], 0.2008677 secs] [Times: user=0.18 sys=0.01, real=0.20 secs] 
[Full GC (Allocation Failure) [CMS: 34175K-&gt;34175K(34176K), 0.1635282 secs] 49532K-&gt;37648K(49536K), [Metaspace: 61147K-&gt;61147K(1105920K)], 0.1636857 secs] [Times: user=0.16 sys=0.00, real=0.16 secs] 
[GC (CMS Initial Mark) [1 CMS-initial-mark: 34175K(34176K)] 37703K(49536K), 0.0028686 secs] [Times: user=0.01 sys=0.00, real=0.00 secs] 
<writer thread='11267'/>
[CMS-concurrent-mark-start]
<writer thread='11779'/>
[Full GC (Allocation Failure) [CMS
<writer thread='11267'/>
[CMS-concurrent-mark: 0.063/0.066 secs] [Times: user=0.11 sys=0.01, real=0.07 secs] 
<writer thread='11779'/>
 (concurrent mode failure): 34175K-&gt;34175K(34176K), 0.2047281 secs] 49535K-&gt;37439K(49536K), [Metaspace: 61147K-&gt;61147K(1105920K)], 0.2048972 secs] [Times: user=0.19 sys=0.00, real=0.21 secs] 
[Full GC (Allocation Failure) [CMS: 34175K-&gt;34175K(34176K), 0.1638785 secs] 49528K-&gt;37365K(49536K), [Metaspace: 61147K-&gt;61147K(1105920K)], 0.1640424 secs] [Times: user=0.16 sys=0.00, real=0.17 secs] 
[GC (CMS Initial Mark) [1 CMS-initial-mark: 34175K(34176K)] 37577K(49536K), 0.0026146 secs] [Times: user=0.01 sys=0.00, real=0.00 secs] 
<writer thread='11267'/>
[CMS-concurrent-mark-start]
<writer thread='11779'/>
[Full GC (Allocation Failure) [CMS
<writer thread='11267'/>
[CMS-concurrent-mark: 0.067/0.069 secs] [Times: user=0.11 sys=0.01, real=0.07 secs] 
<writer thread='11779'/>
 (concurrent mode failure): 34175K-&gt;34176K(34176K), 0.2043501 secs] 49532K-&gt;37265K(49536K), [Metaspace: 61147K-&gt;61147K(1105920K)], 0.2045366 secs] [Times: user=0.19 sys=0.00, real=0.21 secs] 
[Full GC (Allocation Failure) [CMS: 34176K-&gt;34176K(34176K), 0.1528551 secs] 49536K-&gt;37422K(49536K), [Metaspace: 61147K-&gt;61147K(1105920K)], 0.1530061 secs] [Times: user=0.15 sys=0.00, real=0.15 secs] 
[GC (CMS Initial Mark) [1 CMS-initial-mark: 34176K(34176K)] 38162K(49536K), 0.0026751 secs] [Times: user=0.01 sys=0.00, real=0.00 secs] 
<writer thread='11267'/>
[CMS-concurrent-mark-start]
<writer thread='11779'/>
[Full GC (Allocation Failure) [CMS
<writer thread='11267'/>
[CMS-concurrent-mark: 0.065/0.067 secs] [Times: user=0.11 sys=0.01, real=0.07 secs] 
<writer thread='11779'/>
 (concurrent mode failure): 34176K-&gt;34175K(34176K), 0.2135513 secs] 49536K-&gt;37465K(49536K), [Metaspace: 61147K-&gt;61147K(1105920K)], 0.2137135 secs] [Times: user=0.21 sys=0.00, real=0.22 secs] 
[Full GC (Allocation Failure) [CMS: 34175K-&gt;34175K(34176K), 0.1609655 secs] 49533K-&gt;37363K(49536K), [Metaspace: 61147K-&gt;61147K(1105920K)], 0.1611478 secs] [Times: user=0.15 sys=0.00, real=0.16 secs] 
[GC (CMS Initial Mark) [1 CMS-initial-mark: 34175K(34176K)] 37558K(49536K), 0.0025400 secs] [Times: user=0.01 sys=0.00, real=0.00 secs] 
<writer thread='11267'/>
[CMS-concurrent-mark-start]
<writer thread='11779'/>
[Full GC (Allocation Failure) [CMS
<writer thread='11267'/>
[CMS-concurrent-mark: 0.067/0.069 secs] [Times: user=0.11 sys=0.01, real=0.07 secs] 
<writer thread='11779'/>
 (concurrent mode failure): 34175K-&gt;34175K(34176K), 0.2039178 secs] 49535K-&gt;37317K(49536K), [Metaspace: 61147K-&gt;61147K(1105920K)], 0.2040959 secs] [Times: user=0.19 sys=0.01, real=0.21 secs] 
[Full GC (Allocation Failure) [CMS: 34176K-&gt;34176K(34176K), 0.1509346 secs] 49536K-&gt;37326K(49536K), [Metaspace: 61147K-&gt;61147K(1105920K)], 0.1510860 secs] [Times: user=0.14 sys=0.00, real=0.16 secs] 
[GC (CMS Initial Mark) [1 CMS-initial-mark: 34176K(34176K)] 37983K(49536K), 0.0027047 secs] [Times: user=0.00 sys=0.00, real=0.00 secs] 
<writer thread='11267'/>
[CMS-concurrent-mark-start]
<writer thread='11779'/>
[Full GC (Allocation Failure) [CMS
<writer thread='11267'/>
[CMS-concurrent-mark: 0.063/0.065 secs] [Times: user=0.11 sys=0.01, real=0.07 secs] 
<writer thread='11779'/>
 (concurrent mode failure): 34176K-&gt;34176K(34176K), 0.2038075 secs] 49531K-&gt;37539K(49536K), [Metaspace: 61147K-&gt;61147K(1105920K)], 0.2039871 secs] [Times: user=0.19 sys=0.00, real=0.20 secs] 
[Full GC (Allocation Failure) [CMS: 34176K-&gt;34175K(34176K), 0.1667560 secs] 49535K-&gt;37788K(49536K), [Metaspace: 61147K-&gt;61147K(1105920K)], 0.1669323 secs] [Times: user=0.15 sys=0.00, real=0.17 secs] 
[GC (CMS Initial Mark) [1 CMS-initial-mark: 34175K(34176K)] 37952K(49536K), 0.0036767 secs] [Times: user=0.01 sys=0.00, real=0.00 secs] 
<writer thread='11267'/>
[CMS-concurrent-mark-start]
<writer thread='11779'/>
[Full GC (Allocation Failure) [CMS
<writer thread='11267'/>
[CMS-concurrent-mark: 0.070/0.072 secs] [Times: user=0.12 sys=0.01, real=0.08 secs] 
<writer thread='11779'/>
 (concurrent mode failure): 34175K-&gt;34175K(34176K), 0.2324025 secs] 49535K-&gt;37234K(49536K), [Metaspace: 61147K-&gt;61147K(1105920K)], 0.2326118 secs] [Times: user=0.22 sys=0.00, real=0.24 secs] 
[Full GC (Allocation Failure) [CMS: 34175K-&gt;34175K(34176K), 0.1762983 secs] 49535K-&gt;37553K(49536K), [Metaspace: 61147K-&gt;61147K(1105920K)], 0.1764900 secs] [Times: user=0.17 sys=0.00, real=0.18 secs] 
[GC (CMS Initial Mark) [1 CMS-initial-mark: 34175K(34176K)] 38652K(49536K), 0.0032209 secs] [Times: user=0.01 sys=0.00, real=0.01 secs] 
<writer thread='11267'/>
[CMS-concurrent-mark-start]
<writer thread='11779'/>
[Full GC (Allocation Failure) [CMS
<writer thread='11267'/>
[CMS-concurrent-mark: 0.069/0.070 secs] [Times: user=0.10 sys=0.01, real=0.07 secs] 
<writer thread='11779'/>
 (concurrent mode failure): 34175K-&gt;34175K(34176K), 0.2222459 secs] 49535K-&gt;37323K(49536K), [Metaspace: 61147K-&gt;61147K(1105920K)], 0.2223992 secs] [Times: user=0.21 sys=0.00, real=0.22 secs] 
[Full GC (Allocation Failure) [CMS: 34175K-&gt;34175K(34176K), 0.1489414 secs] 49535K-&gt;37436K(49536K), [Metaspace: 61147K-&gt;61147K(1105920K)], 0.1491088 secs] [Times: user=0.15 sys=0.00, real=0.15 secs] 
[GC (CMS Initial Mark) [1 CMS-initial-mark: 34175K(34176K)] 38642K(49536K), 0.0030470 secs] [Times: user=0.01 sys=0.00, real=0.01 secs] 
<writer thread='11267'/>
[CMS-concurrent-mark-start]
<writer thread='11779'/>
[Full GC (Allocation Failure) [CMS
<writer thread='11267'/>
[CMS-concurrent-mark: 0.071/0.073 secs] [Times: user=0.11 sys=0.01, real=0.07 secs] 
<writer thread='11779'/>
 (concurrent mode failure): 34175K-&gt;34175K(34176K), 0.2039587 secs] 49535K-&gt;37339K(49536K), [Metaspace: 61147K-&gt;61147K(1105920K)], 0.2041156 secs] [Times: user=0.20 sys=0.00, real=0.20 secs] 
[Full GC (Allocation Failure) [CMS: 34175K-&gt;34175K(34176K), 0.1503896 secs] 49535K-&gt;37331K(49536K), [Metaspace: 61147K-&gt;61147K(1105920K)], 0.1505821 secs] [Times: user=0.14 sys=0.00, real=0.15 secs] 
[GC (CMS Initial Mark) [1 CMS-initial-mark: 34175K(34176K)] 37437K(49536K), 0.0025020 secs] [Times: user=0.01 sys=0.00, real=0.00 secs] 
<writer thread='11267'/>
[CMS-concurrent-mark-start]
<writer thread='11779'/>
[Full GC (Allocation Failure) [CMS
<writer thread='11267'/>
[CMS-concurrent-mark: 0.062/0.064 secs] [Times: user=0.11 sys=0.01, real=0.06 secs] 
<writer thread='11779'/>
 (concurrent mode failure): 34175K-&gt;34175K(34176K), 0.2001369 secs] 49535K-&gt;37335K(49536K), [Metaspace: 61147K-&gt;61147K(1105920K)], 0.2002800 secs] [Times: user=0.19 sys=0.00, real=0.20 secs] 
[Full GC (Allocation Failure) [CMS: 34175K-&gt;34175K(34176K), 0.1513017 secs] 49528K-&gt;37394K(49536K), [Metaspace: 61147K-&gt;61147K(1105920K)], 0.1514568 secs] [Times: user=0.14 sys=0.00, real=0.15 secs] 
[GC (CMS Initial Mark) [1 CMS-initial-mark: 34175K(34176K)] 38059K(49536K), 0.0046875 secs] [Times: user=0.01 sys=0.00, real=0.01 secs] 
<writer thread='11267'/>
[CMS-concurrent-mark-start]
<writer thread='11779'/>
[Full GC (Allocation Failure) [CMS
<writer thread='11267'/>
[CMS-concurrent-mark: 0.072/0.074 secs] [Times: user=0.10 sys=0.00, real=0.07 secs] 
<writer thread='11779'/>
 (concurrent mode failure): 34175K-&gt;34175K(34176K), 0.2153574 secs] 49535K-&gt;37283K(49536K), [Metaspace: 61147K-&gt;61147K(1105920K)], 0.2155074 secs] [Times: user=0.20 sys=0.01, real=0.22 secs] 
[Full GC (Allocation Failure) [CMS: 34175K-&gt;34175K(34176K), 0.1579504 secs] 49535K-&gt;37215K(49536K), [Metaspace: 61147K-&gt;61147K(1105920K)], 0.1581024 secs] [Times: user=0.16 sys=0.00, real=0.15 secs] 
[GC (CMS Initial Mark) [1 CMS-initial-mark: 34175K(34176K)] 37580K(49536K), 0.0028878 secs] [Times: user=0.00 sys=0.00, real=0.01 secs] 
<writer thread='11267'/>
[CMS-concurrent-mark-start]
<writer thread='11779'/>
[Full GC (Allocation Failure) [CMS
<writer thread='11267'/>
[CMS-concurrent-mark: 0.067/0.069 secs] [Times: user=0.08 sys=0.00, real=0.07 secs] 
<writer thread='11779'/>
 (concurrent mode failure): 34175K-&gt;34175K(34176K), 0.2132353 secs] 49489K-&gt;37709K(49536K), [Metaspace: 61147K-&gt;61147K(1105920K)], 0.2133793 secs] [Times: user=0.20 sys=0.01, real=0.22 secs] 
[Full GC (Allocation Failure) [CMS: 34175K-&gt;34175K(34176K), 0.1504703 secs] 49531K-&gt;37343K(49536K), [Metaspace: 61147K-&gt;61147K(1105920K)], 0.1506209 secs] [Times: user=0.14 sys=0.00, real=0.15 secs] 
[GC (CMS Initial Mark) [1 CMS-initial-mark: 34175K(34176K)] 37904K(49536K), 0.0027920 secs] [Times: user=0.00 sys=0.00, real=0.00 secs] 
<writer thread='11267'/>
[CMS-concurrent-mark-start]
<writer thread='11779'/>
[Full GC (Allocation Failure) [CMS
<writer thread='11267'/>
[CMS-concurrent-mark: 0.063/0.065 secs] [Times: user=0.11 sys=0.01, real=0.07 secs] 
<writer thread='11779'/>
 (concurrent mode failure): 34175K-&gt;34175K(34176K), 0.2050523 secs] 49535K-&gt;37416K(49536K), [Metaspace: 61147K-&gt;61147K(1105920K)], 0.2052022 secs] [Times: user=0.19 sys=0.00, real=0.21 secs] 
[Full GC (Allocation Failure) [CMS: 34176K-&gt;34176K(34176K), 0.1483115 secs] 49536K-&gt;37363K(49536K), [Metaspace: 61147K-&gt;61147K(1105920K)], 0.1484621 secs] [Times: user=0.14 sys=0.00, real=0.15 secs] 
[GC (CMS Initial Mark) [1 CMS-initial-mark: 34176K(34176K)] 37451K(49536K), 0.0025455 secs] [Times: user=0.00 sys=0.00, real=0.01 secs] 
<writer thread='11267'/>
[CMS-concurrent-mark-start]
<writer thread='11779'/>
[Full GC (Allocation Failure) [CMS
<writer thread='11267'/>
[CMS-concurrent-mark: 0.064/0.066 secs] [Times: user=0.11 sys=0.01, real=0.06 secs] 
<writer thread='11779'/>
 (concurrent mode failure): 34176K-&gt;34175K(34176K), 0.1929706 secs] 49535K-&gt;37363K(49536K), [Metaspace: 61147K-&gt;61147K(1105920K)], 0.1931209 secs] [Times: user=0.18 sys=0.01, real=0.19 secs] 
[Full GC (Allocation Failure) [CMS: 34175K-&gt;34175K(34176K), 0.1558072 secs] 49535K-&gt;37286K(49536K), [Metaspace: 61147K-&gt;61147K(1105920K)], 0.1560000 secs] [Times: user=0.15 sys=0.01, real=0.16 secs] 
[GC (CMS Initial Mark) [1 CMS-initial-mark: 34175K(34176K)] 37336K(49536K), 0.0049811 secs] [Times: user=0.00 sys=0.00, real=0.00 secs] 
<writer thread='11267'/>
[CMS-concurrent-mark-start]
<writer thread='11779'/>
[Full GC (Allocation Failure) [CMS
<writer thread='11267'/>
[CMS-concurrent-mark: 0.074/0.077 secs] [Times: user=0.13 sys=0.01, real=0.08 secs] 
<writer thread='11779'/>
 (concurrent mode failure): 34175K-&gt;34175K(34176K), 0.1970570 secs] 49527K-&gt;37297K(49536K), [Metaspace: 61147K-&gt;61147K(1105920K)], 0.1972903 secs] [Times: user=0.18 sys=0.00, real=0.20 secs] 
[Full GC (Allocation Failure) [CMS: 34175K-&gt;34175K(34176K), 0.1512793 secs] 49528K-&gt;37367K(49536K), [Metaspace: 61147K-&gt;61147K(1105920K)], 0.1514292 secs] [Times: user=0.14 sys=0.00, real=0.16 secs] 
[GC (CMS Initial Mark) [1 CMS-initial-mark: 34175K(34176K)] 37536K(49536K), 0.0026997 secs] [Times: user=0.01 sys=0.00, real=0.00 secs] 
<writer thread='11267'/>
[CMS-concurrent-mark-start]
<writer thread='11779'/>
[Full GC (Allocation Failure) [CMS
<writer thread='11267'/>
[CMS-concurrent-mark: 0.065/0.067 secs] [Times: user=0.11 sys=0.01, real=0.07 secs] 
<writer thread='11779'/>
 (concurrent mode failure): 34175K-&gt;34175K(34176K), 0.2052493 secs] 49535K-&gt;37532K(49536K), [Metaspace: 61147K-&gt;61147K(1105920K)], 0.2054111 secs] [Times: user=0.19 sys=0.00, real=0.20 secs] 
[Full GC (Allocation Failure) [CMS: 34175K-&gt;34175K(34176K), 0.1561757 secs] 49534K-&gt;37423K(49536K), [Metaspace: 61147K-&gt;61147K(1105920K)], 0.1563386 secs] [Times: user=0.15 sys=0.00, real=0.16 secs] 
[GC (CMS Initial Mark) [1 CMS-initial-mark: 34175K(34176K)] 37968K(49536K), 0.0028760 secs] [Times: user=0.01 sys=0.00, real=0.00 secs] 
<writer thread='11267'/>
[CMS-concurrent-mark-start]
<writer thread='11779'/>
[Full GC (Allocation Failure) [CMS
<writer thread='11267'/>
[CMS-concurrent-mark: 0.070/0.072 secs] [Times: user=0.10 sys=0.01, real=0.08 secs] 
<writer thread='11779'/>
 (concurrent mode failure): 34175K-&gt;34175K(34176K), 0.2238248 secs] 49533K-&gt;37298K(49536K), [Metaspace: 61147K-&gt;61147K(1105920K)], 0.2239662 secs] [Times: user=0.21 sys=0.00, real=0.22 secs] 
[Full GC (Allocation Failure) [CMS: 34175K-&gt;34175K(34176K), 0.1485302 secs] 49535K-&gt;37505K(49536K), [Metaspace: 61147K-&gt;61147K(1105920K)], 0.1487031 secs] [Times: user=0.14 sys=0.00, real=0.15 secs] 
[GC (CMS Initial Mark) [1 CMS-initial-mark: 34175K(34176K)] 37743K(49536K), 0.0027483 secs] [Times: user=0.01 sys=0.00, real=0.00 secs] 
<writer thread='11267'/>
[CMS-concurrent-mark-start]
<writer thread='11779'/>
[Full GC (Allocation Failure) [CMS
<writer thread='11267'/>
[CMS-concurrent-mark: 0.063/0.065 secs] [Times: user=0.10 sys=0.01, real=0.07 secs] 
<writer thread='11779'/>
 (concurrent mode failure): 34175K-&gt;34175K(34176K), 0.1879963 secs] 49525K-&gt;37363K(49536K), [Metaspace: 61147K-&gt;61147K(1105920K)], 0.1881455 secs] [Times: user=0.18 sys=0.00, real=0.19 secs] 
[Full GC (Allocation Failure) [CMS: 34175K-&gt;34175K(34176K), 0.1502165 secs] 49529K-&gt;37327K(49536K), [Metaspace: 61147K-&gt;61147K(1105920K)], 0.1503617 secs] [Times: user=0.15 sys=0.00, real=0.15 secs] 
[GC (CMS Initial Mark) [1 CMS-initial-mark: 34175K(34176K)] 37462K(49536K), 0.0023693 secs] [Times: user=0.00 sys=0.00, real=0.00 secs] 
<writer thread='11267'/>
[CMS-concurrent-mark-start]
<writer thread='11779'/>
[Full GC (Allocation Failure) [CMS
<writer thread='11267'/>
[CMS-concurrent-mark: 0.058/0.060 secs] [Times: user=0.11 sys=0.01, real=0.06 secs] 
<writer thread='11779'/>
 (concurrent mode failure): 34175K-&gt;34175K(34176K), 0.1935393 secs] 49535K-&gt;37359K(49536K), [Metaspace: 61147K-&gt;61147K(1105920K)], 0.1937036 secs] [Times: user=0.18 sys=0.00, real=0.20 secs] 
[Full GC (Allocation Failure) [CMS: 34175K-&gt;34175K(34176K), 0.1469203 secs] 49533K-&gt;37430K(49536K), [Metaspace: 61147K-&gt;61147K(1105920K)], 0.1470745 secs] [Times: user=0.14 sys=0.00, real=0.15 secs] 
[GC (CMS Initial Mark) [1 CMS-initial-mark: 34175K(34176K)] 37783K(49536K), 0.0023137 secs] [Times: user=0.01 sys=0.00, real=0.00 secs] 
<writer thread='11267'/>
[CMS-concurrent-mark-start]
<writer thread='11779'/>
[Full GC (Allocation Failure) [CMS
<writer thread='11267'/>
[CMS-concurrent-mark: 0.064/0.065 secs] [Times: user=0.11 sys=0.01, real=0.07 secs] 
<writer thread='11779'/>
 (concurrent mode failure): 34175K-&gt;34175K(34176K), 0.1931106 secs] 49535K-&gt;37315K(49536K), [Metaspace: 61147K-&gt;61147K(1105920K)], 0.1932909 secs] [Times: user=0.18 sys=0.00, real=0.20 secs] 
[Full GC (Allocation Failure) [CMS: 34175K-&gt;34176K(34176K), 0.1498266 secs] 49530K-&gt;37269K(49536K), [Metaspace: 61147K-&gt;61147K(1105920K)], 0.1499756 secs] [Times: user=0.14 sys=0.00, real=0.15 secs] 
[GC (CMS Initial Mark) [1 CMS-initial-mark: 34176K(34176K)] 37454K(49536K), 0.0026445 secs] [Times: user=0.01 sys=0.00, real=0.00 secs] 
<writer thread='11267'/>
[CMS-concurrent-mark-start]
<writer thread='11779'/>
[Full GC (Allocation Failure) [CMS
<writer thread='11267'/>
[CMS-concurrent-mark: 0.058/0.060 secs] [Times: user=0.10 sys=0.01, real=0.06 secs] 
<writer thread='11779'/>
 (concurrent mode failure): 34176K-&gt;34176K(34176K), 0.1933295 secs] 49526K-&gt;37516K(49536K), [Metaspace: 61147K-&gt;61147K(1105920K)], 0.1934808 secs] [Times: user=0.18 sys=0.00, real=0.19 secs] 
[Full GC (Allocation Failure) [CMS: 34176K-&gt;34176K(34176K), 0.1520207 secs] 49535K-&gt;37346K(49536K), [Metaspace: 61147K-&gt;61147K(1105920K)], 0.1521759 secs] [Times: user=0.15 sys=0.00, real=0.15 secs] 
[GC (CMS Initial Mark) [1 CMS-initial-mark: 34176K(34176K)] 37445K(49536K), 0.0031022 secs] [Times: user=0.01 sys=0.00, real=0.01 secs] 
<writer thread='11267'/>
[CMS-concurrent-mark-start]
<writer thread='11779'/>
[Full GC (Allocation Failure) [CMS
<writer thread='11267'/>
[CMS-concurrent-mark: 0.061/0.063 secs] [Times: user=0.10 sys=0.00, real=0.06 secs] 
<writer thread='11779'/>
 (concurrent mode failure): 34176K-&gt;34176K(34176K), 0.1905572 secs] 49535K-&gt;37255K(49536K), [Metaspace: 61147K-&gt;61147K(1105920K)], 0.1907264 secs] [Times: user=0.18 sys=0.01, real=0.19 secs] 
[Full GC (Allocation Failure) [CMS: 34176K-&gt;34175K(34176K), 0.1492757 secs] 49521K-&gt;37381K(49536K), [Metaspace: 61147K-&gt;61147K(1105920K)], 0.1494268 secs] [Times: user=0.15 sys=0.00, real=0.15 secs] 
[GC (CMS Initial Mark) [1 CMS-initial-mark: 34175K(34176K)] 37536K(49536K), 0.0025073 secs] [Times: user=0.01 sys=0.00, real=0.00 secs] 
<writer thread='11267'/>
[CMS-concurrent-mark-start]
<writer thread='11779'/>
[Full GC (Allocation Failure) [CMS
<writer thread='11267'/>
[CMS-concurrent-mark: 0.062/0.064 secs] [Times: user=0.10 sys=0.01, real=0.06 secs] 
<writer thread='11779'/>
 (concurrent mode failure): 34175K-&gt;34175K(34176K), 0.1909413 secs] 49535K-&gt;37303K(49536K), [Metaspace: 61147K-&gt;61147K(1105920K)], 0.1910917 secs] [Times: user=0.19 sys=0.00, real=0.19 secs] 
[Full GC (Allocation Failure) [CMS: 34175K-&gt;34175K(34176K), 0.1489531 secs] 49535K-&gt;37235K(49536K), [Metaspace: 61147K-&gt;61147K(1105920K)], 0.1491068 secs] [Times: user=0.14 sys=0.00, real=0.15 secs] 
[GC (CMS Initial Mark) [1 CMS-initial-mark: 34175K(34176K)] 37956K(49536K), 0.0026221 secs] [Times: user=0.01 sys=0.00, real=0.00 secs] 
<writer thread='11267'/>
[CMS-concurrent-mark-start]
<writer thread='11779'/>
[Full GC (Allocation Failure) [CMS
<writer thread='11267'/>
[CMS-concurrent-mark: 0.063/0.065 secs] [Times: user=0.10 sys=0.01, real=0.07 secs] 
<writer thread='11779'/>
 (concurrent mode failure): 34175K-&gt;34176K(34176K), 0.1955501 secs] 49535K-&gt;37276K(49536K), [Metaspace: 61147K-&gt;61147K(1105920K)], 0.1957127 secs] [Times: user=0.19 sys=0.01, real=0.20 secs] 
[Full GC (Allocation Failure) [CMS: 34176K-&gt;34176K(34176K), 0.1487707 secs] 49535K-&gt;37426K(49536K), [Metaspace: 61147K-&gt;61147K(1105920K)], 0.1489197 secs] [Times: user=0.15 sys=0.00, real=0.15 secs] 
[GC (CMS Initial Mark) [1 CMS-initial-mark: 34176K(34176K)] 38167K(49536K), 0.0032196 secs] [Times: user=0.01 sys=0.00, real=0.00 secs] 
<writer thread='11267'/>
[CMS-concurrent-mark-start]
<writer thread='11779'/>
[Full GC (Allocation Failure) [CMS
<writer thread='11267'/>
[CMS-concurrent-mark: 0.062/0.064 secs] [Times: user=0.11 sys=0.01, real=0.07 secs] 
<writer thread='11779'/>
 (concurrent mode failure): 34176K-&gt;34175K(34176K), 0.1957429 secs] 49528K-&gt;37224K(49536K), [Metaspace: 61147K-&gt;61147K(1105920K)], 0.1959105 secs] [Times: user=0.18 sys=0.01, real=0.20 secs] 
[Full GC (Allocation Failure) [CMS: 34175K-&gt;34176K(34176K), 0.1495934 secs] 49535K-&gt;37255K(49536K), [Metaspace: 61147K-&gt;61147K(1105920K)], 0.1497587 secs] [Times: user=0.14 sys=0.01, real=0.15 secs] 
[GC (CMS Initial Mark) [1 CMS-initial-mark: 34176K(34176K)] 37582K(49536K), 0.0027804 secs] [Times: user=0.00 sys=0.00, real=0.00 secs] 
<writer thread='11267'/>
[CMS-concurrent-mark-start]
<writer thread='11779'/>
[Full GC (Allocation Failure) [CMS
<writer thread='11267'/>
[CMS-concurrent-mark: 0.059/0.061 secs] [Times: user=0.11 sys=0.00, real=0.06 secs] 
<writer thread='11779'/>
 (concurrent mode failure): 34176K-&gt;34175K(34176K), 0.2122662 secs] 49535K-&gt;37492K(49536K), [Metaspace: 61147K-&gt;61147K(1105920K)], 0.2124321 secs] [Times: user=0.20 sys=0.00, real=0.21 secs] 
[Full GC (Allocation Failure) [CMS: 34176K-&gt;34175K(34176K), 0.1539076 secs] 49536K-&gt;37273K(49536K), [Metaspace: 61147K-&gt;61147K(1105920K)], 0.1540560 secs] [Times: user=0.14 sys=0.00, real=0.15 secs] 
[GC (CMS Initial Mark) [1 CMS-initial-mark: 34175K(34176K)] 37500K(49536K), 0.0030210 secs] [Times: user=0.00 sys=0.00, real=0.01 secs] 
<writer thread='11267'/>
[CMS-concurrent-mark-start]
<writer thread='11779'/>
[Full GC (Allocation Failure) [CMS
<writer thread='11267'/>
[CMS-concurrent-mark: 0.064/0.066 secs] [Times: user=0.11 sys=0.01, real=0.06 secs] 
<writer thread='11779'/>
 (concurrent mode failure): 34175K-&gt;34176K(34176K), 0.1994587 secs] 49532K-&gt;37295K(49536K), [Metaspace: 61147K-&gt;61147K(1105920K)], 0.1996230 secs] [Times: user=0.19 sys=0.00, real=0.20 secs] 
[Full GC (Allocation Failure) [CMS: 34176K-&gt;34175K(34176K), 0.1570445 secs] 49536K-&gt;37476K(49536K), [Metaspace: 61147K-&gt;61147K(1105920K)], 0.1571881 secs] [Times: user=0.15 sys=0.00, real=0.16 secs] 
[GC (CMS Initial Mark) [1 CMS-initial-mark: 34175K(34176K)] 37612K(49536K), 0.0027762 secs] [Times: user=0.00 sys=0.00, real=0.01 secs] 
<writer thread='11267'/>
[CMS-concurrent-mark-start]
<writer thread='11779'/>
[Full GC (Allocation Failure) [CMS
<writer thread='11267'/>
[CMS-concurrent-mark: 0.065/0.067 secs] [Times: user=0.12 sys=0.01, real=0.06 secs] 
<writer thread='11779'/>
 (concurrent mode failure): 34175K-&gt;34175K(34176K), 0.1984696 secs] 49535K-&gt;37349K(49536K), [Metaspace: 61147K-&gt;61147K(1105920K)], 0.1986217 secs] [Times: user=0.18 sys=0.00, real=0.20 secs] 
[Full GC (Allocation Failure) [CMS: 34175K-&gt;34175K(34176K), 0.1576284 secs] 49532K-&gt;37646K(49536K), [Metaspace: 61147K-&gt;61147K(1105920K)], 0.1577869 secs] [Times: user=0.16 sys=0.01, real=0.15 secs] 
[GC (CMS Initial Mark) [1 CMS-initial-mark: 34175K(34176K)] 39165K(49536K), 0.0036457 secs] [Times: user=0.01 sys=0.00, real=0.00 secs] 
<writer thread='11267'/>
[CMS-concurrent-mark-start]
<writer thread='11779'/>
[Full GC (Allocation Failure) [CMS
<writer thread='11267'/>
[CMS-concurrent-mark: 0.068/0.071 secs] [Times: user=0.10 sys=0.01, real=0.07 secs] 
<writer thread='11779'/>
 (concurrent mode failure): 34175K-&gt;34175K(34176K), 0.2117866 secs] 49532K-&gt;37394K(49536K), [Metaspace: 61147K-&gt;61147K(1105920K)], 0.2119497 secs] [Times: user=0.20 sys=0.00, real=0.21 secs] 
[Full GC (Allocation Failure) [CMS: 34175K-&gt;34175K(34176K), 0.1521465 secs] 49535K-&gt;37309K(49536K), [Metaspace: 61147K-&gt;61147K(1105920K)], 0.1523003 secs] [Times: user=0.14 sys=0.00, real=0.15 secs] 
[GC (CMS Initial Mark) [1 CMS-initial-mark: 34175K(34176K)] 37919K(49536K), 0.0026734 secs] [Times: user=0.00 sys=0.00, real=0.00 secs] 
<writer thread='11267'/>
[CMS-concurrent-mark-start]
<writer thread='11779'/>
[Full GC (Allocation Failure) [CMS
<writer thread='11267'/>
[CMS-concurrent-mark: 0.065/0.067 secs] [Times: user=0.11 sys=0.01, real=0.07 secs] 
<writer thread='11779'/>
 (concurrent mode failure): 34175K-&gt;34175K(34176K), 0.1929745 secs] 49531K-&gt;37310K(49536K), [Metaspace: 61147K-&gt;61147K(1105920K)], 0.1931803 secs] [Times: user=0.18 sys=0.00, real=0.20 secs] 
[Full GC (Allocation Failure) [CMS: 34175K-&gt;34176K(34176K), 0.1565626 secs] 49535K-&gt;37355K(49536K), [Metaspace: 61159K-&gt;61159K(1105920K)], 0.1567415 secs] [Times: user=0.15 sys=0.00, real=0.15 secs] 
[GC (CMS Initial Mark) [1 CMS-initial-mark: 34176K(34176K)] 37889K(49536K), 0.0024926 secs] [Times: user=0.01 sys=0.00, real=0.00 secs] 
<writer thread='11267'/>
[CMS-concurrent-mark-start]
<writer thread='11779'/>
[Full GC (Allocation Failure) [CMS
<writer thread='11267'/>
[CMS-concurrent-mark: 0.067/0.070 secs] [Times: user=0.14 sys=0.01, real=0.07 secs] 
<writer thread='11779'/>
 (concurrent mode failure): 34176K-&gt;34176K(34176K), 0.1825803 secs] 49524K-&gt;37392K(49536K), [Metaspace: 61159K-&gt;61159K(1105920K)], 0.1827593 secs] [Times: user=0.18 sys=0.00, real=0.18 secs] 
[Full GC (Allocation Failure) [CMS: 34176K-&gt;34175K(34176K), 0.1468641 secs] 49531K-&gt;37269K(49536K), [Metaspace: 61159K-&gt;61159K(1105920K)], 0.1470179 secs] [Times: user=0.14 sys=0.00, real=0.15 secs] 
[GC (CMS Initial Mark) [1 CMS-initial-mark: 34175K(34176K)] 37634K(49536K), 0.0024791 secs] [Times: user=0.00 sys=0.00, real=0.00 secs] 
<writer thread='11267'/>
[CMS-concurrent-mark-start]
<writer thread='11779'/>
[Full GC (Allocation Failure) [CMS
<writer thread='11267'/>
[CMS-concurrent-mark: 0.064/0.066 secs] [Times: user=0.13 sys=0.01, real=0.07 secs] 
<writer thread='11779'/>
 (concurrent mode failure): 34175K-&gt;34175K(34176K), 0.1890195 secs] 49520K-&gt;37341K(49536K), [Metaspace: 61159K-&gt;61159K(1105920K)], 0.1891703 secs] [Times: user=0.18 sys=0.00, real=0.19 secs] 
[Full GC (Allocation Failure) [CMS: 34175K-&gt;34175K(34176K), 0.1508211 secs] 49529K-&gt;37474K(49536K), [Metaspace: 61159K-&gt;61159K(1105920K)], 0.1509740 secs] [Times: user=0.15 sys=0.01, real=0.16 secs] 
[GC (CMS Initial Mark) [1 CMS-initial-mark: 34175K(34176K)] 37733K(49536K), 0.0027935 secs] [Times: user=0.01 sys=0.00, real=0.00 secs] 
<writer thread='11267'/>
[CMS-concurrent-mark-start]
<writer thread='11779'/>
[Full GC (Allocation Failure) [CMS
<writer thread='11267'/>
[CMS-concurrent-mark: 0.063/0.065 secs] [Times: user=0.11 sys=0.00, real=0.06 secs] 
<writer thread='11779'/>
 (concurrent mode failure): 34175K-&gt;34175K(34176K), 0.1974878 secs] 49535K-&gt;37356K(49536K), [Metaspace: 61159K-&gt;61159K(1105920K)], 0.1976600 secs] [Times: user=0.19 sys=0.01, real=0.20 secs] 
[Full GC (Allocation Failure) [CMS: 34176K-&gt;34175K(34176K), 0.1590770 secs] 49535K-&gt;37382K(49536K), [Metaspace: 61159K-&gt;61159K(1105920K)], 0.1592464 secs] [Times: user=0.15 sys=0.01, real=0.16 secs] 
[GC (CMS Initial Mark) [1 CMS-initial-mark: 34175K(34176K)] 37661K(49536K), 0.0032130 secs] [Times: user=0.01 sys=0.00, real=0.00 secs] 
<writer thread='11267'/>
[CMS-concurrent-mark-start]
<writer thread='11779'/>
[Full GC (Allocation Failure) [CMS
<writer thread='11267'/>
[CMS-concurrent-mark: 0.069/0.071 secs] [Times: user=0.11 sys=0.00, real=0.07 secs] 
<writer thread='11779'/>
 (concurrent mode failure): 34175K-&gt;34175K(34176K), 0.2050673 secs] 49535K-&gt;37273K(49536K), [Metaspace: 61159K-&gt;61159K(1105920K)], 0.2052541 secs] [Times: user=0.20 sys=0.01, real=0.20 secs] 
[Full GC (Allocation Failure) [CMS: 34175K-&gt;34175K(34176K), 0.1534253 secs] 49525K-&gt;37343K(49536K), [Metaspace: 61159K-&gt;61159K(1105920K)], 0.1536057 secs] [Times: user=0.15 sys=0.01, real=0.16 secs] 
[GC (CMS Initial Mark) [1 CMS-initial-mark: 34175K(34176K)] 37754K(49536K), 0.0028405 secs] [Times: user=0.01 sys=0.00, real=0.00 secs] 
<writer thread='11267'/>
[CMS-concurrent-mark-start]
<writer thread='11779'/>
[Full GC (Allocation Failure) [CMS
<writer thread='11267'/>
[CMS-concurrent-mark: 0.072/0.073 secs] [Times: user=0.11 sys=0.01, real=0.07 secs] 
<writer thread='11779'/>
 (concurrent mode failure): 34175K-&gt;34175K(34176K), 0.2065452 secs] 49533K-&gt;37401K(49536K), [Metaspace: 61159K-&gt;61159K(1105920K)], 0.2067146 secs] [Times: user=0.19 sys=0.00, real=0.21 secs] 
[Full GC (Allocation Failure) [CMS: 34176K-&gt;34175K(34176K), 0.1601062 secs] 49535K-&gt;37376K(49536K), [Metaspace: 61159K-&gt;61159K(1105920K)], 0.1602613 secs] [Times: user=0.16 sys=0.00, real=0.16 secs] 
[GC (CMS Initial Mark) [1 CMS-initial-mark: 34175K(34176K)] 37569K(49536K), 0.0031116 secs] [Times: user=0.01 sys=0.00, real=0.00 secs] 
<writer thread='11267'/>
[CMS-concurrent-mark-start]
<writer thread='11779'/>
[Full GC (Allocation Failure) [CMS
<writer thread='11267'/>
[CMS-concurrent-mark: 0.070/0.072 secs] [Times: user=0.10 sys=0.01, real=0.08 secs] 
<writer thread='11779'/>
 (concurrent mode failure): 34176K-&gt;34176K(34176K), 0.2154317 secs] 49535K-&gt;37349K(49536K), [Metaspace: 61159K-&gt;61159K(1105920K)], 0.2156148 secs] [Times: user=0.20 sys=0.00, real=0.22 secs] 
[Full GC (Allocation Failure) [CMS: 34176K-&gt;34175K(34176K), 0.1587062 secs] 49535K-&gt;37355K(49536K), [Metaspace: 61159K-&gt;61159K(1105920K)], 0.1588821 secs] [Times: user=0.15 sys=0.00, real=0.15 secs] 
[GC (CMS Initial Mark) [1 CMS-initial-mark: 34175K(34176K)] 37441K(49536K), 0.0030040 secs] [Times: user=0.00 sys=0.00, real=0.01 secs] 
<writer thread='11267'/>
[CMS-concurrent-mark-start]
<writer thread='11779'/>
[Full GC (Allocation Failure) [CMS
<writer thread='11267'/>
[CMS-concurrent-mark: 0.064/0.066 secs] [Times: user=0.10 sys=0.01, real=0.07 secs] 
<writer thread='11779'/>
 (concurrent mode failure): 34175K-&gt;34175K(34176K), 0.1926531 secs] 49520K-&gt;37357K(49536K), [Metaspace: 61159K-&gt;61159K(1105920K)], 0.1929897 secs] [Times: user=0.18 sys=0.01, real=0.20 secs] 
[Full GC (Allocation Failure) [CMS: 34175K-&gt;34175K(34176K), 0.1502132 secs] 49530K-&gt;37427K(49536K), [Metaspace: 61159K-&gt;61159K(1105920K)], 0.1503670 secs] [Times: user=0.15 sys=0.01, real=0.15 secs] 
[GC (CMS Initial Mark) [1 CMS-initial-mark: 34175K(34176K)] 37526K(49536K), 0.0028249 secs] [Times: user=0.01 sys=0.00, real=0.01 secs] 
<writer thread='11267'/>
[CMS-concurrent-mark-start]
<writer thread='11779'/>
[Full GC (Allocation Failure) [CMS
<writer thread='11267'/>
[CMS-concurrent-mark: 0.066/0.067 secs] [Times: user=0.11 sys=0.00, real=0.06 secs] 
<writer thread='11779'/>
 (concurrent mode failure): 34176K-&gt;34175K(34176K), 0.1956318 secs] 49536K-&gt;37454K(49536K), [Metaspace: 61159K-&gt;61159K(1105920K)], 0.1957820 secs] [Times: user=0.19 sys=0.00, real=0.19 secs] 
[Full GC (Allocation Failure) [CMS: 34175K-&gt;34176K(34176K), 0.1524997 secs] 49530K-&gt;37402K(49536K), [Metaspace: 61159K-&gt;61159K(1105920K)], 0.1526546 secs] [Times: user=0.15 sys=0.00, real=0.15 secs] 
[GC (CMS Initial Mark) [1 CMS-initial-mark: 34176K(34176K)] 37583K(49536K), 0.0030422 secs] [Times: user=0.01 sys=0.00, real=0.01 secs] 
<writer thread='11267'/>
[CMS-concurrent-mark-start]
<writer thread='11779'/>
[Full GC (Allocation Failure) [CMS
<writer thread='11267'/>
[CMS-concurrent-mark: 0.070/0.071 secs] [Times: user=0.11 sys=0.01, real=0.07 secs] 
<writer thread='11779'/>
 (concurrent mode failure): 34176K-&gt;34175K(34176K), 0.1995936 secs] 49535K-&gt;37453K(49536K), [Metaspace: 61159K-&gt;61159K(1105920K)], 0.1997561 secs] [Times: user=0.19 sys=0.00, real=0.20 secs] 
[Full GC (Allocation Failure) [CMS: 34175K-&gt;34176K(34176K), 0.1501777 secs] 49535K-&gt;37487K(49536K), [Metaspace: 61159K-&gt;61159K(1105920K)], 0.1503721 secs] [Times: user=0.14 sys=0.01, real=0.15 secs] 
[GC (CMS Initial Mark) [1 CMS-initial-mark: 34176K(34176K)] 38037K(49536K), 0.0034906 secs] [Times: user=0.00 sys=0.00, real=0.00 secs] 
<writer thread='11267'/>
[CMS-concurrent-mark-start]
<writer thread='11779'/>
[Full GC (Allocation Failure) [CMS
<writer thread='11267'/>
[CMS-concurrent-mark: 0.065/0.067 secs] [Times: user=0.12 sys=0.00, real=0.07 secs] 
<writer thread='11779'/>
 (concurrent mode failure): 34176K-&gt;34175K(34176K), 0.1964428 secs] 49535K-&gt;37382K(49536K), [Metaspace: 61159K-&gt;61159K(1105920K)], 0.1965991 secs] [Times: user=0.19 sys=0.01, real=0.19 secs] 
[Full GC (Allocation Failure) [CMS: 34175K-&gt;34175K(34176K), 0.1508589 secs] 49535K-&gt;37549K(49536K), [Metaspace: 61159K-&gt;61159K(1105920K)], 0.1510271 secs] [Times: user=0.14 sys=0.00, real=0.15 secs] 
[GC (CMS Initial Mark) [1 CMS-initial-mark: 34175K(34176K)] 38033K(49536K), 0.0028990 secs] [Times: user=0.01 sys=0.01, real=0.01 secs] 
<writer thread='11267'/>
[CMS-concurrent-mark-start]
<writer thread='11779'/>
[Full GC (Allocation Failure) [CMS
<writer thread='11267'/>
[CMS-concurrent-mark: 0.064/0.066 secs] [Times: user=0.11 sys=0.00, real=0.06 secs] 
<writer thread='11779'/>
 (concurrent mode failure): 34175K-&gt;34176K(34176K), 0.2012143 secs] 49535K-&gt;37321K(49536K), [Metaspace: 61159K-&gt;61159K(1105920K)], 0.2013664 secs] [Times: user=0.19 sys=0.00, real=0.20 secs] 
[Full GC (Allocation Failure) [CMS: 34176K-&gt;34175K(34176K), 0.1624251 secs] 49532K-&gt;37459K(49536K), [Metaspace: 61159K-&gt;61159K(1105920K)], 0.1626005 secs] [Times: user=0.16 sys=0.00, real=0.16 secs] 
[GC (CMS Initial Mark) [1 CMS-initial-mark: 34175K(34176K)] 38574K(49536K), 0.0033685 secs] [Times: user=0.01 sys=0.00, real=0.00 secs] 
<writer thread='11267'/>
[CMS-concurrent-mark-start]
<writer thread='11779'/>
[Full GC (Allocation Failure) [CMS
<writer thread='11267'/>
[CMS-concurrent-mark: 0.069/0.071 secs] [Times: user=0.11 sys=0.01, real=0.07 secs] 
<writer thread='11779'/>
 (concurrent mode failure): 34176K-&gt;34176K(34176K), 0.2087434 secs] 49535K-&gt;37317K(49536K), [Metaspace: 61159K-&gt;61159K(1105920K)], 0.2089142 secs] [Times: user=0.20 sys=0.00, real=0.21 secs] 
[Full GC (Allocation Failure) [CMS: 34176K-&gt;34175K(34176K), 0.1633882 secs] 49535K-&gt;37368K(49536K), [Metaspace: 61159K-&gt;61159K(1105920K)], 0.1635894 secs] [Times: user=0.16 sys=0.00, real=0.17 secs] 
[GC (CMS Initial Mark) [1 CMS-initial-mark: 34175K(34176K)] 47871K(49536K), 0.0056399 secs] [Times: user=0.02 sys=0.00, real=0.01 secs] 
<writer thread='11267'/>
[CMS-concurrent-mark-start]
<writer thread='11779'/>
[Full GC (Allocation Failure) [CMS
<writer thread='11267'/>
[CMS-concurrent-mark: 0.059/0.061 secs] [Times: user=0.08 sys=0.00, real=0.06 secs] 
<writer thread='11779'/>
 (concurrent mode failure): 34175K-&gt;34175K(34176K), 0.2116655 secs] 49531K-&gt;37586K(49536K), [Metaspace: 61159K-&gt;61159K(1105920K)], 0.2118549 secs] [Times: user=0.20 sys=0.00, real=0.21 secs] 
[Full GC (Allocation Failure) [CMS: 34175K-&gt;34175K(34176K), 0.1609564 secs] 49532K-&gt;37357K(49536K), [Metaspace: 61159K-&gt;61159K(1105920K)], 0.1611916 secs] [Times: user=0.16 sys=0.00, real=0.16 secs] 
[GC (CMS Initial Mark) [1 CMS-initial-mark: 34175K(34176K)] 37475K(49536K), 0.0026638 secs] [Times: user=0.00 sys=0.00, real=0.00 secs] 
<writer thread='11267'/>
[CMS-concurrent-mark-start]
<writer thread='11779'/>
[Full GC (Allocation Failure) [CMS
<writer thread='11267'/>
[CMS-concurrent-mark: 0.063/0.065 secs] [Times: user=0.11 sys=0.01, real=0.07 secs] 
<writer thread='11779'/>
 (concurrent mode failure): 34175K-&gt;34175K(34176K), 0.1946780 secs] 49535K-&gt;37485K(49536K), [Metaspace: 61159K-&gt;61159K(1105920K)], 0.1948275 secs] [Times: user=0.19 sys=0.00, real=0.20 secs] 
[Full GC (Allocation Failure) [CMS: 34175K-&gt;34175K(34176K), 0.1504392 secs] 49525K-&gt;37374K(49536K), [Metaspace: 61159K-&gt;61159K(1105920K)], 0.1505924 secs] [Times: user=0.15 sys=0.00, real=0.15 secs] 
[GC (CMS Initial Mark) [1 CMS-initial-mark: 34175K(34176K)] 37524K(49536K), 0.0028523 secs] [Times: user=0.01 sys=0.00, real=0.00 secs] 
<writer thread='11267'/>
[CMS-concurrent-mark-start]
<writer thread='11779'/>
[Full GC (Allocation Failure) [CMS
<writer thread='11267'/>
[CMS-concurrent-mark: 0.061/0.063 secs] [Times: user=0.10 sys=0.01, real=0.06 secs] 
<writer thread='11779'/>
 (concurrent mode failure): 34175K-&gt;34175K(34176K), 0.2059618 secs] 49532K-&gt;37424K(49536K), [Metaspace: 61159K-&gt;61159K(1105920K)], 0.2061204 secs] [Times: user=0.19 sys=0.00, real=0.21 secs] 
[Full GC (Allocation Failure) [CMS: 34175K-&gt;34175K(34176K), 0.1554950 secs] 49535K-&gt;37494K(49536K), [Metaspace: 61159K-&gt;61159K(1105920K)], 0.1556723 secs] [Times: user=0.15 sys=0.00, real=0.16 secs] 
[GC (CMS Initial Mark) [1 CMS-initial-mark: 34175K(34176K)] 37994K(49536K), 0.0031275 secs] [Times: user=0.00 sys=0.00, real=0.01 secs] 
<writer thread='11267'/>
[CMS-concurrent-mark-start]
<writer thread='11779'/>
[Full GC (Allocation Failure) [CMS
<writer thread='11267'/>
[CMS-concurrent-mark: 0.069/0.071 secs] [Times: user=0.10 sys=0.01, real=0.07 secs] 
<writer thread='11779'/>
 (concurrent mode failure): 34175K-&gt;34175K(34176K), 0.2148703 secs] 49528K-&gt;37373K(49536K), [Metaspace: 61159K-&gt;61159K(1105920K)], 0.2150312 secs] [Times: user=0.20 sys=0.00, real=0.22 secs] 
[Full GC (Allocation Failure) [CMS: 34175K-&gt;34176K(34176K), 0.1491456 secs] 49532K-&gt;37473K(49536K), [Metaspace: 61159K-&gt;61159K(1105920K)], 0.1492967 secs] [Times: user=0.14 sys=0.00, real=0.15 secs] 
[GC (CMS Initial Mark) [1 CMS-initial-mark: 34176K(34176K)] 37683K(49536K), 0.0026943 secs] [Times: user=0.00 sys=0.00, real=0.00 secs] 
<writer thread='11267'/>
[CMS-concurrent-mark-start]
<writer thread='11779'/>
[Full GC (Allocation Failure) [CMS
<writer thread='11267'/>
[CMS-concurrent-mark: 0.064/0.066 secs] [Times: user=0.11 sys=0.01, real=0.07 secs] 
<writer thread='11779'/>
 (concurrent mode failure): 34176K-&gt;34176K(34176K), 0.1916911 secs] 49534K-&gt;37418K(49536K), [Metaspace: 61159K-&gt;61159K(1105920K)], 0.1918604 secs] [Times: user=0.19 sys=0.00, real=0.20 secs] 
[Full GC (Allocation Failure) [CMS: 34176K-&gt;34175K(34176K), 0.1482172 secs] 49535K-&gt;37468K(49536K), [Metaspace: 61159K-&gt;61159K(1105920K)], 0.1483710 secs] [Times: user=0.14 sys=0.00, real=0.15 secs] 
[GC (CMS Initial Mark) [1 CMS-initial-mark: 34175K(34176K)] 37504K(49536K), 0.0025878 secs] [Times: user=0.01 sys=0.00, real=0.01 secs] 
<writer thread='11267'/>
[CMS-concurrent-mark-start]
<writer thread='11779'/>
[Full GC (Allocation Failure) [CMS
<writer thread='11267'/>
[CMS-concurrent-mark: 0.067/0.069 secs] [Times: user=0.11 sys=0.01, real=0.07 secs] 
<writer thread='11779'/>
 (concurrent mode failure): 34175K-&gt;34176K(34176K), 0.1959921 secs] 49531K-&gt;37256K(49536K), [Metaspace: 61159K-&gt;61159K(1105920K)], 0.1961444 secs] [Times: user=0.18 sys=0.01, real=0.20 secs] 
[Full GC (Allocation Failure) [CMS: 34176K-&gt;34175K(34176K), 0.1558291 secs] 49532K-&gt;37360K(49536K), [Metaspace: 61159K-&gt;61159K(1105920K)], 0.1559774 secs] [Times: user=0.15 sys=0.00, real=0.16 secs] 
[GC (CMS Initial Mark) [1 CMS-initial-mark: 34175K(34176K)] 37551K(49536K), 0.0026037 secs] [Times: user=0.01 sys=0.01, real=0.00 secs] 
<writer thread='11267'/>
[CMS-concurrent-mark-start]
<writer thread='11779'/>
[Full GC (Allocation Failure) [CMS
<writer thread='11267'/>
[CMS-concurrent-mark: 0.066/0.068 secs] [Times: user=0.11 sys=0.00, real=0.07 secs] 
<writer thread='11779'/>
 (concurrent mode failure): 34175K-&gt;34175K(34176K), 0.1929175 secs] 49534K-&gt;37250K(49536K), [Metaspace: 61159K-&gt;61159K(1105920K)], 0.1930683 secs] [Times: user=0.18 sys=0.00, real=0.19 secs] 
[Full GC (Allocation Failure) [CMS: 34175K-&gt;34175K(34176K), 0.1504688 secs] 49535K-&gt;37376K(49536K), [Metaspace: 61159K-&gt;61159K(1105920K)], 0.1506288 secs] [Times: user=0.14 sys=0.00, real=0.15 secs] 
[GC (CMS Initial Mark) [1 CMS-initial-mark: 34175K(34176K)] 38012K(49536K), 0.0027839 secs] [Times: user=0.00 sys=0.00, real=0.00 secs] 
<writer thread='11267'/>
[CMS-concurrent-mark-start]
<writer thread='11779'/>
[Full GC (Allocation Failure) [CMS
<writer thread='11267'/>
[CMS-concurrent-mark: 0.058/0.060 secs] [Times: user=0.11 sys=0.01, real=0.06 secs] 
<writer thread='11779'/>
 (concurrent mode failure): 34175K-&gt;34175K(34176K), 0.1943139 secs] 49533K-&gt;37384K(49536K), [Metaspace: 61159K-&gt;61159K(1105920K)], 0.1944652 secs] [Times: user=0.19 sys=0.00, real=0.20 secs] 
[Full GC (Allocation Failure) [CMS: 34175K-&gt;34175K(34176K), 0.1532608 secs] 49527K-&gt;37347K(49536K), [Metaspace: 61159K-&gt;61159K(1105920K)], 0.1534150 secs] [Times: user=0.15 sys=0.00, real=0.15 secs] 
[GC (CMS Initial Mark) [1 CMS-initial-mark: 34175K(34176K)] 37405K(49536K), 0.0029252 secs] [Times: user=0.01 sys=0.00, real=0.00 secs] 
<writer thread='11267'/>
[CMS-concurrent-mark-start]
<writer thread='11779'/>
[Full GC (Allocation Failure) [CMS
<writer thread='11267'/>
[CMS-concurrent-mark: 0.065/0.067 secs] [Times: user=0.12 sys=0.01, real=0.07 secs] 
<writer thread='11779'/>
 (concurrent mode failure): 34175K-&gt;34175K(34176K), 0.1895611 secs] 49523K-&gt;37570K(49536K), [Metaspace: 61159K-&gt;61159K(1105920K)], 0.1897143 secs] [Times: user=0.18 sys=0.00, real=0.19 secs] 
[Full GC (Allocation Failure) [CMS: 34175K-&gt;34175K(34176K), 0.1480289 secs] 49533K-&gt;37418K(49536K), [Metaspace: 61159K-&gt;61159K(1105920K)], 0.1481815 secs] [Times: user=0.15 sys=0.00, real=0.15 secs] 
[GC (CMS Initial Mark) [1 CMS-initial-mark: 34175K(34176K)] 39325K(49536K), 0.0029690 secs] [Times: user=0.01 sys=0.00, real=0.00 secs] 
<writer thread='11267'/>
[CMS-concurrent-mark-start]
<writer thread='11779'/>
[Full GC (Allocation Failure) [CMS
<writer thread='11267'/>
[CMS-concurrent-mark: 0.062/0.064 secs] [Times: user=0.11 sys=0.01, real=0.07 secs] 
<writer thread='11779'/>
 (concurrent mode failure): 34175K-&gt;34176K(34176K), 0.1931668 secs] 49532K-&gt;37467K(49536K), [Metaspace: 61159K-&gt;61159K(1105920K)], 0.1933692 secs] [Times: user=0.18 sys=0.00, real=0.19 secs] 
[Full GC (Allocation Failure) [CMS: 34176K-&gt;34176K(34176K), 0.1707232 secs] 49534K-&gt;37343K(49536K), [Metaspace: 61159K-&gt;61159K(1105920K)], 0.1708874 secs] [Times: user=0.16 sys=0.00, real=0.17 secs] 
[GC (CMS Initial Mark) [1 CMS-initial-mark: 34176K(34176K)] 37639K(49536K), 0.0036765 secs] [Times: user=0.01 sys=0.00, real=0.01 secs] 
<writer thread='11267'/>
[CMS-concurrent-mark-start]
<writer thread='11779'/>
[Full GC (Allocation Failure) [CMS
<writer thread='11267'/>
[CMS-concurrent-mark: 0.061/0.066 secs] [Times: user=0.11 sys=0.01, real=0.06 secs] 
<writer thread='11779'/>
 (concurrent mode failure): 34176K-&gt;34175K(34176K), 0.1851848 secs] 49535K-&gt;37576K(49536K), [Metaspace: 61159K-&gt;61159K(1105920K)], 0.1854410 secs] [Times: user=0.18 sys=0.00, real=0.19 secs] 
[Full GC (Allocation Failure) [CMS: 34175K-&gt;34175K(34176K), 0.1494140 secs] 49528K-&gt;37393K(49536K), [Metaspace: 61159K-&gt;61159K(1105920K)], 0.1495803 secs] [Times: user=0.15 sys=0.00, real=0.15 secs] 
[GC (CMS Initial Mark) [1 CMS-initial-mark: 34175K(34176K)] 37490K(49536K), 0.0031434 secs] [Times: user=0.00 sys=0.00, real=0.00 secs] 
<writer thread='11267'/>
[CMS-concurrent-mark-start]
<writer thread='11779'/>
[Full GC (Allocation Failure) [CMS
<writer thread='11267'/>
[CMS-concurrent-mark: 0.063/0.064 secs] [Times: user=0.11 sys=0.01, real=0.06 secs] 
<writer thread='11779'/>
 (concurrent mode failure): 34175K-&gt;34175K(34176K), 0.1890221 secs] 49521K-&gt;37402K(49536K), [Metaspace: 61159K-&gt;61159K(1105920K)], 0.1891760 secs] [Times: user=0.19 sys=0.00, real=0.19 secs] 
[Full GC (Allocation Failure) [CMS: 34175K-&gt;34175K(34176K), 0.1629673 secs] 49535K-&gt;37437K(49536K), [Metaspace: 61159K-&gt;61159K(1105920K)], 0.1631213 secs] [Times: user=0.16 sys=0.00, real=0.16 secs] 
[GC (CMS Initial Mark) [1 CMS-initial-mark: 34175K(34176K)] 40665K(49536K), 0.0033815 secs] [Times: user=0.01 sys=0.00, real=0.00 secs] 
<writer thread='11267'/>
[CMS-concurrent-mark-start]
<writer thread='11779'/>
[Full GC (Allocation Failure) [CMS
<writer thread='11267'/>
[CMS-concurrent-mark: 0.061/0.063 secs] [Times: user=0.10 sys=0.01, real=0.06 secs] 
<writer thread='11779'/>
 (concurrent mode failure): 34175K-&gt;34175K(34176K), 0.2082541 secs] 49530K-&gt;37377K(49536K), [Metaspace: 61159K-&gt;61159K(1105920K)], 0.2084281 secs] [Times: user=0.20 sys=0.00, real=0.20 secs] 
[Full GC (Allocation Failure) [CMS: 34175K-&gt;34175K(34176K), 0.1566245 secs] 49535K-&gt;37433K(49536K), [Metaspace: 61159K-&gt;61159K(1105920K)], 0.1568719 secs] [Times: user=0.16 sys=0.00, real=0.16 secs] 
[GC (CMS Initial Mark) [1 CMS-initial-mark: 34175K(34176K)] 37552K(49536K), 0.0030220 secs] [Times: user=0.00 sys=0.00, real=0.01 secs] 
<writer thread='11267'/>
[CMS-concurrent-mark-start]
<writer thread='11779'/>
[Full GC (Allocation Failure) [CMS
<writer thread='11267'/>
[CMS-concurrent-mark: 0.064/0.066 secs] [Times: user=0.12 sys=0.01, real=0.06 secs] 
<writer thread='11779'/>
 (concurrent mode failure): 34175K-&gt;34176K(34176K), 0.1952759 secs] 49531K-&gt;37527K(49536K), [Metaspace: 61159K-&gt;61159K(1105920K)], 0.1954616 secs] [Times: user=0.18 sys=0.00, real=0.19 secs] 
[Full GC (Allocation Failure) [CMS: 34176K-&gt;34175K(34176K), 0.1628305 secs] 49535K-&gt;37618K(49536K), [Metaspace: 61159K-&gt;61159K(1105920K)], 0.1630186 secs] [Times: user=0.16 sys=0.00, real=0.16 secs] 
[GC (CMS Initial Mark) [1 CMS-initial-mark: 34175K(34176K)] 39318K(49536K), 0.0029795 secs] [Times: user=0.01 sys=0.00, real=0.00 secs] 
<writer thread='11267'/>
[CMS-concurrent-mark-start]
<writer thread='11779'/>
[Full GC (Allocation Failure) [CMS
<writer thread='11267'/>
[CMS-concurrent-mark: 0.061/0.067 secs] [Times: user=0.10 sys=0.01, real=0.07 secs] 
<writer thread='11779'/>
 (concurrent mode failure): 34175K-&gt;34175K(34176K), 0.2027603 secs] 49535K-&gt;37480K(49536K), [Metaspace: 61159K-&gt;61159K(1105920K)], 0.2029363 secs] [Times: user=0.19 sys=0.00, real=0.21 secs] 
[Full GC (Allocation Failure) [CMS: 34175K-&gt;34175K(34176K), 0.1462194 secs] 49529K-&gt;37473K(49536K), [Metaspace: 61159K-&gt;61159K(1105920K)], 0.1463718 secs] [Times: user=0.15 sys=0.00, real=0.15 secs] 
[GC (CMS Initial Mark) [1 CMS-initial-mark: 34175K(34176K)] 37889K(49536K), 0.0028529 secs] [Times: user=0.01 sys=0.00, real=0.00 secs] 
<writer thread='11267'/>
[CMS-concurrent-mark-start]
<writer thread='11779'/>
[Full GC (Allocation Failure) [CMS
<writer thread='11267'/>
[CMS-concurrent-mark: 0.065/0.067 secs] [Times: user=0.11 sys=0.01, real=0.07 secs] 
<writer thread='11779'/>
 (concurrent mode failure): 34175K-&gt;34175K(34176K), 0.1924759 secs] 49535K-&gt;37551K(49536K), [Metaspace: 61159K-&gt;61159K(1105920K)], 0.1926710 secs] [Times: user=0.18 sys=0.00, real=0.19 secs] 
[Full GC (Allocation Failure) [CMS: 34175K-&gt;34175K(34176K), 0.1491340 secs] 49535K-&gt;37480K(49536K), [Metaspace: 61159K-&gt;61159K(1105920K)], 0.1492804 secs] [Times: user=0.14 sys=0.00, real=0.15 secs] 
[GC (CMS Initial Mark) [1 CMS-initial-mark: 34175K(34176K)] 38459K(49536K), 0.0026704 secs] [Times: user=0.01 sys=0.00, real=0.00 secs] 
<writer thread='11267'/>
[CMS-concurrent-mark-start]
<writer thread='11779'/>
[Full GC (Allocation Failure) [CMS
<writer thread='11267'/>
[CMS-concurrent-mark: 0.059/0.060 secs] [Times: user=0.11 sys=0.01, real=0.06 secs] 
<writer thread='11779'/>
 (concurrent mode failure): 34175K-&gt;34175K(34176K), 0.1937478 secs] 49535K-&gt;37475K(49536K), [Metaspace: 61159K-&gt;61159K(1105920K)], 0.1938961 secs] [Times: user=0.18 sys=0.00, real=0.20 secs] 
[Full GC (Allocation Failure) [CMS: 34175K-&gt;34176K(34176K), 0.1505144 secs] 49535K-&gt;37987K(49536K), [Metaspace: 61159K-&gt;61159K(1105920K)], 0.1506765 secs] [Times: user=0.15 sys=0.00, real=0.15 secs] 
[GC (CMS Initial Mark) [1 CMS-initial-mark: 34176K(34176K)] 39121K(49536K), 0.0033127 secs] [Times: user=0.00 sys=0.00, real=0.01 secs] 
<writer thread='11267'/>
[CMS-concurrent-mark-start]
<writer thread='11779'/>
[Full GC (Allocation Failure) [CMS
<writer thread='11267'/>
[CMS-concurrent-mark: 0.059/0.061 secs] [Times: user=0.11 sys=0.00, real=0.06 secs] 
<writer thread='11779'/>
 (concurrent mode failure): 34176K-&gt;34175K(34176K), 0.1965873 secs] 49534K-&gt;37429K(49536K), [Metaspace: 61159K-&gt;61159K(1105920K)], 0.1967399 secs] [Times: user=0.18 sys=0.01, real=0.19 secs] 
[Full GC (Allocation Failure) [CMS: 34176K-&gt;34175K(34176K), 0.1496812 secs] 49536K-&gt;37586K(49536K), [Metaspace: 61159K-&gt;61159K(1105920K)], 0.1498460 secs] [Times: user=0.15 sys=0.00, real=0.15 secs] 
[GC (CMS Initial Mark) [1 CMS-initial-mark: 34175K(34176K)] 38521K(49536K), 0.0034288 secs] [Times: user=0.01 sys=0.00, real=0.01 secs] 
<writer thread='11267'/>
[CMS-concurrent-mark-start]
<writer thread='11779'/>
[Full GC (Allocation Failure) [CMS
<writer thread='11267'/>
[CMS-concurrent-mark: 0.064/0.066 secs] [Times: user=0.10 sys=0.01, real=0.06 secs] 
<writer thread='11779'/>
 (concurrent mode failure): 34175K-&gt;34175K(34176K), 0.2004688 secs] 49522K-&gt;37434K(49536K), [Metaspace: 61159K-&gt;61159K(1105920K)], 0.2006256 secs] [Times: user=0.19 sys=0.00, real=0.20 secs] 
[Full GC (Allocation Failure) [CMS: 34175K-&gt;34176K(34176K), 0.1603015 secs] 49535K-&gt;37433K(49536K), [Metaspace: 61159K-&gt;61159K(1105920K)], 0.1604505 secs] [Times: user=0.16 sys=0.00, real=0.16 secs] 
[GC (CMS Initial Mark) [1 CMS-initial-mark: 34176K(34176K)] 38969K(49536K), 0.0031214 secs] [Times: user=0.01 sys=0.00, real=0.00 secs] 
<writer thread='11267'/>
[CMS-concurrent-mark-start]
<writer thread='11779'/>
[Full GC (Allocation Failure) [CMS
<writer thread='11267'/>
[CMS-concurrent-mark: 0.064/0.066 secs] [Times: user=0.10 sys=0.01, real=0.07 secs] 
<writer thread='11779'/>
 (concurrent mode failure): 34176K-&gt;34175K(34176K), 0.2122062 secs] 49528K-&gt;37543K(49536K), [Metaspace: 61159K-&gt;61159K(1105920K)], 0.2123689 secs] [Times: user=0.20 sys=0.00, real=0.21 secs] 
[Full GC (Allocation Failure) [CMS: 34175K-&gt;34175K(34176K), 0.1586797 secs] 49533K-&gt;37407K(49536K), [Metaspace: 61159K-&gt;61159K(1105920K)], 0.1588544 secs] [Times: user=0.15 sys=0.00, real=0.16 secs] 
[GC (CMS Initial Mark) [1 CMS-initial-mark: 34175K(34176K)] 38048K(49536K), 0.0026414 secs] [Times: user=0.01 sys=0.00, real=0.00 secs] 
<writer thread='11267'/>
[CMS-concurrent-mark-start]
<writer thread='11779'/>
[Full GC (Allocation Failure) [CMS
<writer thread='11267'/>
[CMS-concurrent-mark: 0.076/0.080 secs] [Times: user=0.11 sys=0.01, real=0.08 secs] 
<writer thread='11779'/>
 (concurrent mode failure): 34175K-&gt;34175K(34176K), 0.2221609 secs] 49526K-&gt;37557K(49536K), [Metaspace: 61159K-&gt;61159K(1105920K)], 0.2223212 secs] [Times: user=0.21 sys=0.00, real=0.22 secs] 
[Full GC (Allocation Failure) [CMS: 34175K-&gt;34176K(34176K), 0.1557475 secs] 49535K-&gt;37512K(49536K), [Metaspace: 61159K-&gt;61159K(1105920K)], 0.1559303 secs] [Times: user=0.15 sys=0.00, real=0.16 secs] 
[GC (CMS Initial Mark) [1 CMS-initial-mark: 34176K(34176K)] 37648K(49536K), 0.0029958 secs] [Times: user=0.01 sys=0.00, real=0.00 secs] 
<writer thread='11267'/>
[CMS-concurrent-mark-start]
<writer thread='11779'/>
[Full GC (Allocation Failure) [CMS
<writer thread='11267'/>
[CMS-concurrent-mark: 0.067/0.069 secs] [Times: user=0.13 sys=0.01, real=0.07 secs] 
<writer thread='11779'/>
 (concurrent mode failure): 34176K-&gt;34175K(34176K), 0.1921346 secs] 49533K-&gt;37546K(49536K), [Metaspace: 61214K-&gt;61214K(1105920K)], 0.1922978 secs] [Times: user=0.19 sys=0.00, real=0.19 secs] 
[Full GC (Allocation Failure) [CMS: 34175K-&gt;34175K(34176K), 0.1523347 secs] 49535K-&gt;37413K(49536K), [Metaspace: 61214K-&gt;61214K(1105920K)], 0.1524876 secs] [Times: user=0.14 sys=0.00, real=0.15 secs] 
[GC (CMS Initial Mark) [1 CMS-initial-mark: 34175K(34176K)] 37707K(49536K), 0.0029040 secs] [Times: user=0.01 sys=0.00, real=0.00 secs] 
<writer thread='11267'/>
[CMS-concurrent-mark-start]
<writer thread='11779'/>
[Full GC (Allocation Failure) [CMS
<writer thread='11267'/>
[CMS-concurrent-mark: 0.058/0.060 secs] [Times: user=0.10 sys=0.01, real=0.06 secs] 
<writer thread='11779'/>
 (concurrent mode failure): 34175K-&gt;34175K(34176K), 0.1939741 secs] 49528K-&gt;37508K(49536K), [Metaspace: 61214K-&gt;61214K(1105920K)], 0.1941377 secs] [Times: user=0.18 sys=0.00, real=0.20 secs] 
[Full GC (Allocation Failure) [CMS: 34175K-&gt;34175K(34176K), 0.1500172 secs] 49534K-&gt;37667K(49536K), [Metaspace: 61214K-&gt;61214K(1105920K)], 0.1501859 secs] [Times: user=0.15 sys=0.00, real=0.15 secs] 
[GC (CMS Initial Mark) [1 CMS-initial-mark: 34175K(34176K)] 37760K(49536K), 0.0032978 secs] [Times: user=0.00 sys=0.00, real=0.01 secs] 
<writer thread='11267'/>
[CMS-concurrent-mark-start]
<writer thread='11779'/>
[Full GC (Allocation Failure) [CMS
<writer thread='11267'/>
[CMS-concurrent-mark: 0.060/0.062 secs] [Times: user=0.11 sys=0.01, real=0.06 secs] 
<writer thread='11779'/>
 (concurrent mode failure): 34175K-&gt;34175K(34176K), 0.1909918 secs] 49520K-&gt;37582K(49536K), [Metaspace: 61214K-&gt;61214K(1105920K)], 0.1911401 secs] [Times: user=0.18 sys=0.00, real=0.19 secs] 
[Full GC (Allocation Failure) [CMS: 34175K-&gt;34175K(34176K), 0.1498846 secs] 49535K-&gt;37470K(49536K), [Metaspace: 61214K-&gt;61214K(1105920K)], 0.1500296 secs] [Times: user=0.15 sys=0.00, real=0.15 secs] 
[GC (CMS Initial Mark) [1 CMS-initial-mark: 34175K(34176K)] 38220K(49536K), 0.0028107 secs] [Times: user=0.01 sys=0.00, real=0.00 secs] 
<writer thread='11267'/>
[CMS-concurrent-mark-start]
<writer thread='11779'/>
[Full GC (Allocation Failure) [CMS
<writer thread='11267'/>
[CMS-concurrent-mark: 0.059/0.060 secs] [Times: user=0.10 sys=0.01, real=0.06 secs] 
<writer thread='11779'/>
 (concurrent mode failure): 34175K-&gt;34175K(34176K), 0.1950450 secs] 49528K-&gt;37587K(49536K), [Metaspace: 61215K-&gt;61215K(1105920K)], 0.1952182 secs] [Times: user=0.18 sys=0.01, real=0.20 secs] 
[Full GC (Allocation Failure) [CMS: 34175K-&gt;34175K(34176K), 0.1497873 secs] 49535K-&gt;37409K(49536K), [Metaspace: 61215K-&gt;61215K(1105920K)], 0.1499629 secs] [Times: user=0.14 sys=0.00, real=0.15 secs] 
[GC (CMS Initial Mark) [1 CMS-initial-mark: 34175K(34176K)] 38090K(49536K), 0.0032462 secs] [Times: user=0.00 sys=0.00, real=0.00 secs] 
<writer thread='11267'/>
[CMS-concurrent-mark-start]
<writer thread='11779'/>
[Full GC (Allocation Failure) [CMS
<writer thread='11267'/>
[CMS-concurrent-mark: 0.062/0.064 secs] [Times: user=0.11 sys=0.00, real=0.06 secs] 
<writer thread='11779'/>
 (concurrent mode failure): 34175K-&gt;34175K(34176K), 0.1931933 secs] 49535K-&gt;37593K(49536K), [Metaspace: 61215K-&gt;61215K(1105920K)], 0.1933788 secs] [Times: user=0.18 sys=0.00, real=0.19 secs] 
[Full GC (Allocation Failure) [CMS: 34175K-&gt;34175K(34176K), 0.1538147 secs] 49535K-&gt;37381K(49536K), [Metaspace: 61215K-&gt;61215K(1105920K)], 0.1539563 secs] [Times: user=0.15 sys=0.00, real=0.16 secs] 
[GC (CMS Initial Mark) [1 CMS-initial-mark: 34175K(34176K)] 37905K(49536K), 0.0029082 secs] [Times: user=0.01 sys=0.00, real=0.00 secs] 
<writer thread='11267'/>
[CMS-concurrent-mark-start]
<writer thread='11779'/>
[Full GC (Allocation Failure) [CMS
<writer thread='11267'/>
[CMS-concurrent-mark: 0.075/0.077 secs] [Times: user=0.11 sys=0.01, real=0.08 secs] 
<writer thread='11779'/>
 (concurrent mode failure): 34175K-&gt;34175K(34176K), 0.2125404 secs] 49535K-&gt;37492K(49536K), [Metaspace: 61215K-&gt;61215K(1105920K)], 0.2127074 secs] [Times: user=0.20 sys=0.00, real=0.21 secs] 
[Full GC (Allocation Failure) [CMS: 34175K-&gt;34175K(34176K), 0.1667190 secs] 49535K-&gt;37428K(49536K), [Metaspace: 61215K-&gt;61215K(1105920K)], 0.1668978 secs] [Times: user=0.16 sys=0.00, real=0.17 secs] 
[GC (CMS Initial Mark) [1 CMS-initial-mark: 34175K(34176K)] 38339K(49536K), 0.0030475 secs] [Times: user=0.01 sys=0.00, real=0.00 secs] 
<writer thread='11267'/>
[CMS-concurrent-mark-start]
<writer thread='11779'/>
[Full GC (Allocation Failure) [CMS
<writer thread='11267'/>
[CMS-concurrent-mark: 0.061/0.062 secs] [Times: user=0.09 sys=0.00, real=0.06 secs] 
<writer thread='11779'/>
 (concurrent mode failure): 34175K-&gt;34175K(34176K), 0.2154602 secs] 49535K-&gt;37414K(49536K), [Metaspace: 61215K-&gt;61215K(1105920K)], 0.2156314 secs] [Times: user=0.21 sys=0.00, real=0.22 secs] 
[Full GC (Allocation Failure) [CMS: 34175K-&gt;34176K(34176K), 0.1614027 secs] 49535K-&gt;37506K(49536K), [Metaspace: 61215K-&gt;61215K(1105920K)], 0.1616083 secs] [Times: user=0.16 sys=0.00, real=0.16 secs] 
[GC (CMS Initial Mark) [1 CMS-initial-mark: 34176K(34176K)] 41314K(49536K), 0.0036614 secs] [Times: user=0.01 sys=0.00, real=0.01 secs] 
<writer thread='11267'/>
[CMS-concurrent-mark-start]
<writer thread='11779'/>
[Full GC (Allocation Failure) [CMS
<writer thread='11267'/>
[CMS-concurrent-mark: 0.059/0.060 secs] [Times: user=0.09 sys=0.00, real=0.06 secs] 
<writer thread='11779'/>
 (concurrent mode failure): 34176K-&gt;34176K(34176K), 0.2080278 secs] 49535K-&gt;37721K(49536K), [Metaspace: 61215K-&gt;61215K(1105920K)], 0.2081878 secs] [Times: user=0.20 sys=0.00, real=0.21 secs] 
[Full GC (Allocation Failure) [CMS: 34176K-&gt;34175K(34176K), 0.1541683 secs] 49533K-&gt;37719K(49536K), [Metaspace: 61215K-&gt;61215K(1105920K)], 0.1543443 secs] [Times: user=0.15 sys=0.00, real=0.15 secs] 
[GC (CMS Initial Mark) [1 CMS-initial-mark: 34175K(34176K)] 37869K(49536K), 0.0038881 secs] [Times: user=0.01 sys=0.00, real=0.01 secs] 
<writer thread='11267'/>
[CMS-concurrent-mark-start]
<writer thread='11779'/>
[Full GC (Allocation Failure) [CMS
<writer thread='11267'/>
[CMS-concurrent-mark: 0.072/0.074 secs] [Times: user=0.16 sys=0.01, real=0.07 secs] 
<writer thread='11779'/>
 (concurrent mode failure): 34175K-&gt;34175K(34176K), 0.2000548 secs] 49535K-&gt;37425K(49536K), [Metaspace: 61215K-&gt;61215K(1105920K)], 0.2002364 secs] [Times: user=0.22 sys=0.00, real=0.20 secs] 
[Full GC (Allocation Failure) [CMS: 34175K-&gt;34175K(34176K), 0.1581427 secs] 49535K-&gt;37633K(49536K), [Metaspace: 61215K-&gt;61215K(1105920K)], 0.1583193 secs] [Times: user=0.16 sys=0.00, real=0.16 secs] 
[GC (CMS Initial Mark) [1 CMS-initial-mark: 34175K(34176K)] 37888K(49536K), 0.0031862 secs] [Times: user=0.00 sys=0.00, real=0.00 secs] 
<writer thread='11267'/>
[CMS-concurrent-mark-start]
<writer thread='11779'/>
[Full GC (Allocation Failure) [CMS
<writer thread='11267'/>
[CMS-concurrent-mark: 0.068/0.070 secs] [Times: user=0.11 sys=0.01, real=0.07 secs] 
<writer thread='11779'/>
 (concurrent mode failure): 34175K-&gt;34175K(34176K), 0.2054231 secs] 49534K-&gt;37357K(49536K), [Metaspace: 61215K-&gt;61215K(1105920K)], 0.2055841 secs] [Times: user=0.20 sys=0.00, real=0.21 secs] 
[Full GC (Allocation Failure) [CMS: 34175K-&gt;34175K(34176K), 0.1515360 secs] 49535K-&gt;37425K(49536K), [Metaspace: 61215K-&gt;61215K(1105920K)], 0.1517540 secs] [Times: user=0.15 sys=0.00, real=0.15 secs] 
[GC (CMS Initial Mark) [1 CMS-initial-mark: 34175K(34176K)] 37654K(49536K), 0.0025952 secs] [Times: user=0.00 sys=0.00, real=0.00 secs] 
<writer thread='11267'/>
[CMS-concurrent-mark-start]
<writer thread='11779'/>
[Full GC (Allocation Failure) [CMS
<writer thread='11267'/>
[CMS-concurrent-mark: 0.065/0.066 secs] [Times: user=0.12 sys=0.01, real=0.07 secs] 
<writer thread='11779'/>
 (concurrent mode failure): 34175K-&gt;34175K(34176K), 0.1970130 secs] 49530K-&gt;37357K(49536K), [Metaspace: 61215K-&gt;61215K(1105920K)], 0.1971814 secs] [Times: user=0.19 sys=0.00, real=0.20 secs] 
[Full GC (Allocation Failure) [CMS: 34175K-&gt;34175K(34176K), 0.1511479 secs] 49535K-&gt;37473K(49536K), [Metaspace: 61215K-&gt;61215K(1105920K)], 0.1513065 secs] [Times: user=0.14 sys=0.00, real=0.15 secs] 
[GC (CMS Initial Mark) [1 CMS-initial-mark: 34175K(34176K)] 37581K(49536K), 0.0026811 secs] [Times: user=0.01 sys=0.00, real=0.00 secs] 
<writer thread='11267'/>
[CMS-concurrent-mark-start]
<writer thread='11779'/>
[Full GC (Allocation Failure) [CMS
<writer thread='11267'/>
[CMS-concurrent-mark: 0.063/0.065 secs] [Times: user=0.11 sys=0.01, real=0.07 secs] 
<writer thread='11779'/>
 (concurrent mode failure): 34175K-&gt;34175K(34176K), 0.1882980 secs] 49528K-&gt;37387K(49536K), [Metaspace: 61215K-&gt;61215K(1105920K)], 0.1884985 secs] [Times: user=0.18 sys=0.00, real=0.19 secs] 
[Full GC (Allocation Failure) [CMS: 34176K-&gt;34175K(34176K), 0.1518368 secs] 49535K-&gt;37513K(49536K), [Metaspace: 61215K-&gt;61215K(1105920K)], 0.1520017 secs] [Times: user=0.15 sys=0.00, real=0.16 secs] 
[GC (CMS Initial Mark) [1 CMS-initial-mark: 34175K(34176K)] 37603K(49536K), 0.0027446 secs] [Times: user=0.01 sys=0.00, real=0.00 secs] 
<writer thread='11267'/>
[CMS-concurrent-mark-start]
<writer thread='11779'/>
[Full GC (Allocation Failure) [CMS
<writer thread='11267'/>
[CMS-concurrent-mark: 0.066/0.068 secs] [Times: user=0.11 sys=0.01, real=0.07 secs] 
<writer thread='11779'/>
 (concurrent mode failure): 34175K-&gt;34175K(34176K), 0.1934242 secs] 49535K-&gt;37435K(49536K), [Metaspace: 61215K-&gt;61215K(1105920K)], 0.1935955 secs] [Times: user=0.18 sys=0.00, real=0.19 secs] 
[Full GC (Allocation Failure) [CMS: 34175K-&gt;34176K(34176K), 0.1626736 secs] 49535K-&gt;37576K(49536K), [Metaspace: 61215K-&gt;61215K(1105920K)], 0.1628379 secs] [Times: user=0.16 sys=0.00, real=0.16 secs] 
[GC (CMS Initial Mark) [1 CMS-initial-mark: 34176K(34176K)] 38314K(49536K), 0.0034534 secs] [Times: user=0.01 sys=0.00, real=0.01 secs] 
<writer thread='11267'/>
[CMS-concurrent-mark-start]
<writer thread='11779'/>
[Full GC (Allocation Failure) [CMS
<writer thread='11267'/>
[CMS-concurrent-mark: 0.070/0.074 secs] [Times: user=0.12 sys=0.01, real=0.07 secs] 
<writer thread='11779'/>
 (concurrent mode failure): 34176K-&gt;34175K(34176K), 0.2090773 secs] 49524K-&gt;37548K(49536K), [Metaspace: 61215K-&gt;61215K(1105920K)], 0.2092453 secs] [Times: user=0.20 sys=0.00, real=0.21 secs] 
[Full GC (Allocation Failure) [CMS: 34175K-&gt;34175K(34176K), 0.1588525 secs] 49533K-&gt;37298K(49536K), [Metaspace: 61215K-&gt;61215K(1105920K)], 0.1590058 secs] [Times: user=0.16 sys=0.00, real=0.16 secs] 
[GC (CMS Initial Mark) [1 CMS-initial-mark: 34175K(34176K)] 37394K(49536K), 0.0028041 secs] [Times: user=0.00 sys=0.00, real=0.00 secs] 
<writer thread='11267'/>
[CMS-concurrent-mark-start]
<writer thread='11779'/>
[Full GC (Allocation Failure) [CMS
<writer thread='11267'/>
[CMS-concurrent-mark: 0.065/0.067 secs] [Times: user=0.12 sys=0.01, real=0.07 secs] 
<writer thread='11779'/>
 (concurrent mode failure): 34175K-&gt;34175K(34176K), 0.2111900 secs] 49527K-&gt;37563K(49536K), [Metaspace: 61215K-&gt;61215K(1105920K)], 0.2113590 secs] [Times: user=0.20 sys=0.00, real=0.22 secs] 
[Full GC (Allocation Failure) [CMS: 34175K-&gt;34175K(34176K), 0.1606578 secs] 49535K-&gt;37551K(49536K), [Metaspace: 61215K-&gt;61215K(1105920K)], 0.1608071 secs] [Times: user=0.15 sys=0.00, real=0.16 secs] 
[GC (CMS Initial Mark) [1 CMS-initial-mark: 34175K(34176K)] 37642K(49536K), 0.0031649 secs] [Times: user=0.01 sys=0.00, real=0.01 secs] 
<writer thread='11267'/>
[CMS-concurrent-mark-start]
<writer thread='11779'/>
[Full GC (Allocation Failure) [CMS
<writer thread='11267'/>
[CMS-concurrent-mark: 0.062/0.064 secs] [Times: user=0.11 sys=0.01, real=0.06 secs] 
<writer thread='11779'/>
 (concurrent mode failure): 34175K-&gt;34175K(34176K), 0.2023651 secs] 49535K-&gt;37460K(49536K), [Metaspace: 61215K-&gt;61215K(1105920K)], 0.2025116 secs] [Times: user=0.19 sys=0.00, real=0.20 secs] 
[Full GC (Allocation Failure) [CMS: 34175K-&gt;34175K(34176K), 0.1604234 secs] 49535K-&gt;37501K(49536K), [Metaspace: 61215K-&gt;61215K(1105920K)], 0.1605852 secs] [Times: user=0.15 sys=0.00, real=0.16 secs] 
[GC (CMS Initial Mark) [1 CMS-initial-mark: 34175K(34176K)] 37566K(49536K), 0.0028031 secs] [Times: user=0.01 sys=0.00, real=0.00 secs] 
<writer thread='11267'/>
[CMS-concurrent-mark-start]
<writer thread='11779'/>
[Full GC (Allocation Failure) [CMS
<writer thread='11267'/>
[CMS-concurrent-mark: 0.064/0.065 secs] [Times: user=0.11 sys=0.01, real=0.07 secs] 
<writer thread='11779'/>
 (concurrent mode failure): 34175K-&gt;34175K(34176K), 0.2023299 secs] 49529K-&gt;37454K(49536K), [Metaspace: 61215K-&gt;61215K(1105920K)], 0.2024988 secs] [Times: user=0.19 sys=0.00, real=0.21 secs] 
[Full GC (Allocation Failure) [CMS: 34175K-&gt;34175K(34176K), 0.1586917 secs] 49532K-&gt;37555K(49536K), [Metaspace: 61215K-&gt;61215K(1105920K)], 0.1588869 secs] [Times: user=0.16 sys=0.00, real=0.16 secs] 
[GC (CMS Initial Mark) [1 CMS-initial-mark: 34175K(34176K)] 37690K(49536K), 0.0029678 secs] [Times: user=0.01 sys=0.00, real=0.01 secs] 
<writer thread='11267'/>
[CMS-concurrent-mark-start]
<writer thread='11779'/>
[Full GC (Allocation Failure) [CMS
<writer thread='11267'/>
[CMS-concurrent-mark: 0.063/0.065 secs] [Times: user=0.10 sys=0.01, real=0.06 secs] 
<writer thread='11779'/>
 (concurrent mode failure): 34175K-&gt;34175K(34176K), 0.1979003 secs] 49522K-&gt;37605K(49536K), [Metaspace: 61215K-&gt;61215K(1105920K)], 0.1980862 secs] [Times: user=0.19 sys=0.00, real=0.20 secs] 
[Full GC (Allocation Failure) [CMS: 34176K-&gt;34175K(34176K), 0.1507265 secs] 49535K-&gt;37628K(49536K), [Metaspace: 61215K-&gt;61215K(1105920K)], 0.1508818 secs] [Times: user=0.15 sys=0.00, real=0.15 secs] 
[GC (CMS Initial Mark) [1 CMS-initial-mark: 34175K(34176K)] 38405K(49536K), 0.0029839 secs] [Times: user=0.01 sys=0.00, real=0.00 secs] 
<writer thread='11267'/>
[CMS-concurrent-mark-start]
<writer thread='11779'/>
[Full GC (Allocation Failure) [CMS
<writer thread='11267'/>
[CMS-concurrent-mark: 0.064/0.066 secs] [Times: user=0.11 sys=0.00, real=0.07 secs] 
<writer thread='11779'/>
 (concurrent mode failure): 34176K-&gt;34175K(34176K), 0.1955354 secs] 49536K-&gt;37648K(49536K), [Metaspace: 61215K-&gt;61215K(1105920K)], 0.1956805 secs] [Times: user=0.19 sys=0.01, real=0.20 secs] 
[Full GC (Allocation Failure) [CMS: 34175K-&gt;34175K(34176K), 0.1506323 secs] 49535K-&gt;37681K(49536K), [Metaspace: 61215K-&gt;61215K(1105920K)], 0.1507814 secs] [Times: user=0.14 sys=0.00, real=0.15 secs] 
[GC (CMS Initial Mark) [1 CMS-initial-mark: 34175K(34176K)] 37707K(49536K), 0.0036616 secs] [Times: user=0.01 sys=0.00, real=0.01 secs] 
<writer thread='11267'/>
[CMS-concurrent-mark-start]
<writer thread='11779'/>
[Full GC (Allocation Failure) [CMS
<writer thread='11267'/>
[CMS-concurrent-mark: 0.065/0.066 secs] [Times: user=0.11 sys=0.01, real=0.06 secs] 
<writer thread='11779'/>
 (concurrent mode failure): 34176K-&gt;34176K(34176K), 0.1992042 secs] 49536K-&gt;37397K(49536K), [Metaspace: 61215K-&gt;61215K(1105920K)], 0.1993834 secs] [Times: user=0.19 sys=0.00, real=0.20 secs] 
[Full GC (Allocation Failure) [CMS: 34176K-&gt;34175K(34176K), 0.1507933 secs] 49535K-&gt;37400K(49536K), [Metaspace: 61215K-&gt;61215K(1105920K)], 0.1509623 secs] [Times: user=0.15 sys=0.00, real=0.16 secs] 
[GC (CMS Initial Mark) [1 CMS-initial-mark: 34175K(34176K)] 37773K(49536K), 0.0030943 secs] [Times: user=0.01 sys=0.00, real=0.00 secs] 
<writer thread='11267'/>
[CMS-concurrent-mark-start]
<writer thread='11779'/>
[Full GC (Allocation Failure) [CMS
<writer thread='11267'/>
[CMS-concurrent-mark: 0.065/0.067 secs] [Times: user=0.11 sys=0.01, real=0.07 secs] 
<writer thread='11779'/>
 (concurrent mode failure): 34175K-&gt;34175K(34176K), 0.2081637 secs] 49535K-&gt;37564K(49536K), [Metaspace: 61215K-&gt;61215K(1105920K)], 0.2083208 secs] [Times: user=0.20 sys=0.01, real=0.21 secs] 
[Full GC (Allocation Failure) [CMS: 34175K-&gt;34175K(34176K), 0.1622464 secs] 49535K-&gt;37834K(49536K), [Metaspace: 61215K-&gt;61215K(1105920K)], 0.1624018 secs] [Times: user=0.16 sys=0.00, real=0.16 secs] 
[GC (CMS Initial Mark) [1 CMS-initial-mark: 34175K(34176K)] 39591K(49536K), 0.0033092 secs] [Times: user=0.01 sys=0.00, real=0.00 secs] 
<writer thread='11267'/>
[CMS-concurrent-mark-start]
<writer thread='11779'/>
[Full GC (Allocation Failure) [CMS
<writer thread='11267'/>
[CMS-concurrent-mark: 0.059/0.060 secs] [Times: user=0.09 sys=0.00, real=0.07 secs] 
<writer thread='11779'/>
 (concurrent mode failure): 34175K-&gt;34175K(34176K), 0.2021936 secs] 49535K-&gt;37676K(49536K), [Metaspace: 61215K-&gt;61215K(1105920K)], 0.2023660 secs] [Times: user=0.19 sys=0.00, real=0.20 secs] 
[Full GC (Allocation Failure) [CMS: 34175K-&gt;34175K(34176K), 0.1543112 secs] 49535K-&gt;37600K(49536K), [Metaspace: 61215K-&gt;61215K(1105920K)], 0.1544599 secs] [Times: user=0.15 sys=0.00, real=0.15 secs] 
[GC (CMS Initial Mark) [1 CMS-initial-mark: 34175K(34176K)] 37649K(49536K), 0.0033087 secs] [Times: user=0.01 sys=0.00, real=0.00 secs] 
<writer thread='11267'/>
[CMS-concurrent-mark-start]
<writer thread='11779'/>
[Full GC (Allocation Failure) [CMS
<writer thread='11267'/>
[CMS-concurrent-mark: 0.058/0.060 secs] [Times: user=0.10 sys=0.01, real=0.06 secs] 
<writer thread='11779'/>
 (concurrent mode failure): 34175K-&gt;34175K(34176K), 0.1915633 secs] 49534K-&gt;37510K(49536K), [Metaspace: 61215K-&gt;61215K(1105920K)], 0.1917293 secs] [Times: user=0.18 sys=0.01, real=0.19 secs] 
[Full GC (Allocation Failure) [CMS: 34175K-&gt;34175K(34176K), 0.1492176 secs] 49535K-&gt;37302K(49536K), [Metaspace: 61215K-&gt;61215K(1105920K)], 0.1493836 secs] [Times: user=0.15 sys=0.00, real=0.14 secs] 
[GC (CMS Initial Mark) [1 CMS-initial-mark: 34175K(34176K)] 37950K(49536K), 0.0028678 secs] [Times: user=0.01 sys=0.00, real=0.00 secs] 
<writer thread='11267'/>
[CMS-concurrent-mark-start]
<writer thread='11779'/>
[Full GC (Allocation Failure) [CMS
<writer thread='11267'/>
[CMS-concurrent-mark: 0.063/0.065 secs] [Times: user=0.11 sys=0.00, real=0.06 secs] 
<writer thread='11779'/>
 (concurrent mode failure): 34175K-&gt;34175K(34176K), 0.1936590 secs] 49520K-&gt;37346K(49536K), [Metaspace: 61215K-&gt;61215K(1105920K)], 0.1938334 secs] [Times: user=0.18 sys=0.00, real=0.19 secs] 
[Full GC (Allocation Failure) [CMS: 34176K-&gt;34175K(34176K), 0.1550838 secs] 49535K-&gt;37454K(49536K), [Metaspace: 61215K-&gt;61215K(1105920K)], 0.1552335 secs] [Times: user=0.15 sys=0.00, real=0.15 secs] 
[GC (CMS Initial Mark) [1 CMS-initial-mark: 34175K(34176K)] 37662K(49536K), 0.0031773 secs] [Times: user=0.01 sys=0.00, real=0.00 secs] 
<writer thread='11267'/>
[CMS-concurrent-mark-start]
<writer thread='11779'/>
[Full GC (Allocation Failure) [CMS
<writer thread='11267'/>
[CMS-concurrent-mark: 0.062/0.064 secs] [Times: user=0.10 sys=0.00, real=0.06 secs] 
<writer thread='11779'/>
 (concurrent mode failure): 34175K-&gt;34175K(34176K), 0.1978286 secs] 49535K-&gt;37324K(49536K), [Metaspace: 61215K-&gt;61215K(1105920K)], 0.1979750 secs] [Times: user=0.19 sys=0.01, real=0.20 secs] 
[Full GC (Allocation Failure) [CMS: 34175K-&gt;34176K(34176K), 0.1528682 secs] 49535K-&gt;37499K(49536K), [Metaspace: 61215K-&gt;61215K(1105920K)], 0.1530160 secs] [Times: user=0.15 sys=0.00, real=0.16 secs] 
[GC (CMS Initial Mark) [1 CMS-initial-mark: 34176K(34176K)] 38328K(49536K), 0.0027625 secs] [Times: user=0.00 sys=0.00, real=0.00 secs] 
<writer thread='11267'/>
[CMS-concurrent-mark-start]
<writer thread='11779'/>
[Full GC (Allocation Failure) [CMS
<writer thread='11267'/>
[CMS-concurrent-mark: 0.064/0.066 secs] [Times: user=0.11 sys=0.01, real=0.07 secs] 
<writer thread='11779'/>
 (concurrent mode failure): 34176K-&gt;34176K(34176K), 0.1925678 secs] 49535K-&gt;37507K(49536K), [Metaspace: 61215K-&gt;61215K(1105920K)], 0.1927197 secs] [Times: user=0.19 sys=0.01, real=0.19 secs] 
[Full GC (Allocation Failure) [CMS: 34176K-&gt;34176K(34176K), 0.1444690 secs] 49535K-&gt;37425K(49536K), [Metaspace: 61215K-&gt;61215K(1105920K)], 0.1446198 secs] [Times: user=0.14 sys=0.00, real=0.14 secs] 
[GC (CMS Initial Mark) [1 CMS-initial-mark: 34176K(34176K)] 37617K(49536K), 0.0026431 secs] [Times: user=0.00 sys=0.00, real=0.01 secs] 
<writer thread='11267'/>
[CMS-concurrent-mark-start]
<writer thread='11779'/>
[Full GC (Allocation Failure) [CMS
<writer thread='11267'/>
[CMS-concurrent-mark: 0.061/0.063 secs] [Times: user=0.11 sys=0.01, real=0.06 secs] 
<writer thread='11779'/>
 (concurrent mode failure): 34176K-&gt;34176K(34176K), 0.1906954 secs] 49535K-&gt;37491K(49536K), [Metaspace: 61215K-&gt;61215K(1105920K)], 0.1908489 secs] [Times: user=0.18 sys=0.01, real=0.19 secs] 
[Full GC (Allocation Failure) [CMS: 34176K-&gt;34176K(34176K), 0.1499706 secs] 49535K-&gt;37381K(49536K), [Metaspace: 61215K-&gt;61215K(1105920K)], 0.1501202 secs] [Times: user=0.15 sys=0.00, real=0.15 secs] 
[GC (CMS Initial Mark) [1 CMS-initial-mark: 34176K(34176K)] 38038K(49536K), 0.0040974 secs] [Times: user=0.01 sys=0.01, real=0.00 secs] 
<writer thread='11267'/>
[CMS-concurrent-mark-start]
<writer thread='11779'/>
[Full GC (Allocation Failure) [CMS
<writer thread='11267'/>
[CMS-concurrent-mark: 0.060/0.062 secs] [Times: user=0.10 sys=0.00, real=0.06 secs] 
<writer thread='11779'/>
 (concurrent mode failure): 34176K-&gt;34175K(34176K), 0.1887642 secs] 49535K-&gt;37433K(49536K), [Metaspace: 61215K-&gt;61215K(1105920K)], 0.1889137 secs] [Times: user=0.18 sys=0.00, real=0.19 secs] 
[Full GC (Allocation Failure) [CMS: 34175K-&gt;34176K(34176K), 0.1482565 secs] 49535K-&gt;37488K(49536K), [Metaspace: 61215K-&gt;61215K(1105920K)], 0.1484348 secs] [Times: user=0.15 sys=0.00, real=0.15 secs] 
[GC (CMS Initial Mark) [1 CMS-initial-mark: 34176K(34176K)] 37740K(49536K), 0.0028352 secs] [Times: user=0.01 sys=0.00, real=0.00 secs] 
<writer thread='11267'/>
[CMS-concurrent-mark-start]
<writer thread='11779'/>
[Full GC (Allocation Failure) [CMS
<writer thread='11267'/>
[CMS-concurrent-mark: 0.059/0.061 secs] [Times: user=0.10 sys=0.01, real=0.06 secs] 
<writer thread='11779'/>
 (concurrent mode failure): 34176K-&gt;34176K(34176K), 0.1951225 secs] 49535K-&gt;37658K(49536K), [Metaspace: 61215K-&gt;61215K(1105920K)], 0.1952793 secs] [Times: user=0.18 sys=0.00, real=0.20 secs] 
[Full GC (Allocation Failure) [CMS: 34176K-&gt;34176K(34176K), 0.1466942 secs] 49535K-&gt;37433K(49536K), [Metaspace: 61215K-&gt;61215K(1105920K)], 0.1468511 secs] [Times: user=0.14 sys=0.00, real=0.14 secs] 
[GC (CMS Initial Mark) [1 CMS-initial-mark: 34176K(34176K)] 37900K(49536K), 0.0025749 secs] [Times: user=0.00 sys=0.00, real=0.01 secs] 
<writer thread='11267'/>
[CMS-concurrent-mark-start]
<writer thread='11779'/>
[Full GC (Allocation Failure) [CMS
<writer thread='11267'/>
[CMS-concurrent-mark: 0.059/0.061 secs] [Times: user=0.10 sys=0.01, real=0.06 secs] 
<writer thread='11779'/>
 (concurrent mode failure): 34176K-&gt;34176K(34176K), 0.1943469 secs] 49535K-&gt;37477K(49536K), [Metaspace: 61215K-&gt;61215K(1105920K)], 0.1945087 secs] [Times: user=0.18 sys=0.00, real=0.19 secs] 
[Full GC (Allocation Failure) [CMS: 34176K-&gt;34176K(34176K), 0.1521549 secs] 49532K-&gt;37413K(49536K), [Metaspace: 61215K-&gt;61215K(1105920K)], 0.1523289 secs] [Times: user=0.15 sys=0.00, real=0.15 secs] 
[GC (CMS Initial Mark) [1 CMS-initial-mark: 34176K(34176K)] 37552K(49536K), 0.0027594 secs] [Times: user=0.01 sys=0.00, real=0.00 secs] 
<writer thread='11267'/>
[CMS-concurrent-mark-start]
<writer thread='11779'/>
[Full GC (Allocation Failure) [CMS
<writer thread='11267'/>
[CMS-concurrent-mark: 0.064/0.065 secs] [Times: user=0.11 sys=0.01, real=0.06 secs] 
<writer thread='11779'/>
 (concurrent mode failure): 34176K-&gt;34176K(34176K), 0.1920000 secs] 49535K-&gt;37506K(49536K), [Metaspace: 61215K-&gt;61215K(1105920K)], 0.1921495 secs] [Times: user=0.18 sys=0.00, real=0.19 secs] 
[Full GC (Allocation Failure) [CMS: 34176K-&gt;34175K(34176K), 0.1503378 secs] 49535K-&gt;37284K(49536K), [Metaspace: 61215K-&gt;61215K(1105920K)], 0.1504898 secs] [Times: user=0.15 sys=0.00, real=0.15 secs] 
[GC (CMS Initial Mark) [1 CMS-initial-mark: 34175K(34176K)] 37374K(49536K), 0.0033545 secs] [Times: user=0.01 sys=0.00, real=0.00 secs] 
<writer thread='11267'/>
[CMS-concurrent-mark-start]
<writer thread='11779'/>
[Full GC (Allocation Failure) [CMS
<writer thread='11267'/>
[CMS-concurrent-mark: 0.064/0.066 secs] [Times: user=0.11 sys=0.01, real=0.07 secs] 
<writer thread='11779'/>
 (concurrent mode failure): 34175K-&gt;34176K(34176K), 0.1919997 secs] 49535K-&gt;37370K(49536K), [Metaspace: 61215K-&gt;61215K(1105920K)], 0.1921515 secs] [Times: user=0.19 sys=0.00, real=0.19 secs] 
[Full GC (Allocation Failure) [CMS: 34176K-&gt;34175K(34176K), 0.1532962 secs] 49535K-&gt;37655K(49536K), [Metaspace: 61215K-&gt;61215K(1105920K)], 0.1534596 secs] [Times: user=0.15 sys=0.01, real=0.16 secs] 
[GC (CMS Initial Mark) [1 CMS-initial-mark: 34175K(34176K)] 37884K(49536K), 0.0032388 secs] [Times: user=0.00 sys=0.00, real=0.00 secs] 
<writer thread='11267'/>
[CMS-concurrent-mark-start]
<writer thread='11779'/>
[Full GC (Allocation Failure) [CMS
<writer thread='11267'/>
[CMS-concurrent-mark: 0.058/0.060 secs] [Times: user=0.11 sys=0.00, real=0.06 secs] 
<writer thread='11779'/>
 (concurrent mode failure): 34175K-&gt;34175K(34176K), 0.1960112 secs] 49535K-&gt;37616K(49536K), [Metaspace: 61215K-&gt;61215K(1105920K)], 0.1961811 secs] [Times: user=0.19 sys=0.00, real=0.20 secs] 
[Full GC (Allocation Failure) [CMS: 34175K-&gt;34175K(34176K), 0.1511630 secs] 49535K-&gt;37497K(49536K), [Metaspace: 61215K-&gt;61215K(1105920K)], 0.1513337 secs] [Times: user=0.15 sys=0.00, real=0.15 secs] 
[GC (CMS Initial Mark) [1 CMS-initial-mark: 34175K(34176K)] 37733K(49536K), 0.0029876 secs] [Times: user=0.01 sys=0.00, real=0.00 secs] 
<writer thread='11267'/>
[CMS-concurrent-mark-start]
<writer thread='11779'/>
[Full GC (Allocation Failure) [CMS
<writer thread='11267'/>
[CMS-concurrent-mark: 0.063/0.066 secs] [Times: user=0.10 sys=0.01, real=0.06 secs] 
<writer thread='11779'/>
 (concurrent mode failure): 34175K-&gt;34175K(34176K), 0.1964993 secs] 49535K-&gt;37463K(49536K), [Metaspace: 61215K-&gt;61215K(1105920K)], 0.1966485 secs] [Times: user=0.19 sys=0.00, real=0.20 secs] 
[Full GC (Allocation Failure) [CMS: 34175K-&gt;34176K(34176K), 0.1515380 secs] 49535K-&gt;37470K(49536K), [Metaspace: 61215K-&gt;61215K(1105920K)], 0.1516872 secs] [Times: user=0.15 sys=0.00, real=0.15 secs] 
[GC (CMS Initial Mark) [1 CMS-initial-mark: 34176K(34176K)] 38316K(49536K), 0.0027195 secs] [Times: user=0.01 sys=0.00, real=0.00 secs] 
<writer thread='11267'/>
[CMS-concurrent-mark-start]
<writer thread='11779'/>
[Full GC (Allocation Failure) [CMS
<writer thread='11267'/>
[CMS-concurrent-mark: 0.062/0.064 secs] [Times: user=0.10 sys=0.01, real=0.06 secs] 
<writer thread='11779'/>
 (concurrent mode failure): 34176K-&gt;34175K(34176K), 0.1908447 secs] 49525K-&gt;37461K(49536K), [Metaspace: 61215K-&gt;61215K(1105920K)], 0.1909975 secs] [Times: user=0.18 sys=0.00, real=0.19 secs] 
[Full GC (Allocation Failure) [CMS: 34175K-&gt;34175K(34176K), 0.1549309 secs] 49533K-&gt;37499K(49536K), [Metaspace: 61215K-&gt;61215K(1105920K)], 0.1551116 secs] [Times: user=0.15 sys=0.00, real=0.16 secs] 
[GC (CMS Initial Mark) [1 CMS-initial-mark: 34175K(34176K)] 37606K(49536K), 0.0027432 secs] [Times: user=0.00 sys=0.00, real=0.00 secs] 
<writer thread='11267'/>
[CMS-concurrent-mark-start]
<writer thread='11779'/>
[Full GC (Allocation Failure) [CMS
<writer thread='11267'/>
[CMS-concurrent-mark: 0.068/0.070 secs] [Times: user=0.12 sys=0.01, real=0.07 secs] 
<writer thread='11779'/>
 (concurrent mode failure): 34176K-&gt;34176K(34176K), 0.2079994 secs] 49536K-&gt;37667K(49536K), [Metaspace: 61215K-&gt;61215K(1105920K)], 0.2081988 secs] [Times: user=0.20 sys=0.01, real=0.21 secs] 
[Full GC (Allocation Failure) [CMS: 34176K-&gt;34175K(34176K), 0.1522655 secs] 49535K-&gt;37621K(49536K), [Metaspace: 61215K-&gt;61215K(1105920K)], 0.1524115 secs] [Times: user=0.14 sys=0.00, real=0.15 secs] 
[GC (CMS Initial Mark) [1 CMS-initial-mark: 34175K(34176K)] 37694K(49536K), 0.0030116 secs] [Times: user=0.01 sys=0.00, real=0.01 secs] 
<writer thread='11267'/>
[CMS-concurrent-mark-start]
<writer thread='11779'/>
[Full GC (Allocation Failure) [CMS
<writer thread='11267'/>
[CMS-concurrent-mark: 0.072/0.074 secs] [Times: user=0.11 sys=0.01, real=0.07 secs] 
<writer thread='11779'/>
 (concurrent mode failure): 34175K-&gt;34175K(34176K), 0.2197151 secs] 49535K-&gt;37518K(49536K), [Metaspace: 61215K-&gt;61215K(1105920K)], 0.2198675 secs] [Times: user=0.21 sys=0.01, real=0.22 secs] 
[Full GC (Allocation Failure) [CMS: 34175K-&gt;34175K(34176K), 0.1593643 secs] 49535K-&gt;37507K(49536K), [Metaspace: 61215K-&gt;61215K(1105920K)], 0.1595137 secs] [Times: user=0.16 sys=0.00, real=0.16 secs] 
[GC (CMS Initial Mark) [1 CMS-initial-mark: 34175K(34176K)] 41903K(49536K), 0.0038242 secs] [Times: user=0.01 sys=0.00, real=0.00 secs] 
<writer thread='11267'/>
[CMS-concurrent-mark-start]
<writer thread='11779'/>
[Full GC (Allocation Failure) [CMS
<writer thread='11267'/>
[CMS-concurrent-mark: 0.056/0.058 secs] [Times: user=0.09 sys=0.00, real=0.06 secs] 
<writer thread='11779'/>
 (concurrent mode failure): 34175K-&gt;34175K(34176K), 0.2185643 secs] 49535K-&gt;37422K(49536K), [Metaspace: 61215K-&gt;61215K(1105920K)], 0.2187307 secs] [Times: user=0.20 sys=0.01, real=0.22 secs] 
[Full GC (Allocation Failure) [CMS: 34175K-&gt;34175K(34176K), 0.1580650 secs] 49523K-&gt;37525K(49536K), [Metaspace: 61215K-&gt;61215K(1105920K)], 0.1582188 secs] [Times: user=0.15 sys=0.01, real=0.16 secs] 
[GC (CMS Initial Mark) [1 CMS-initial-mark: 34175K(34176K)] 39867K(49536K), 0.0028871 secs] [Times: user=0.01 sys=0.00, real=0.00 secs] 
<writer thread='11267'/>
[CMS-concurrent-mark-start]
<writer thread='11779'/>
[Full GC (Allocation Failure) [CMS
<writer thread='11267'/>
[CMS-concurrent-mark: 0.061/0.063 secs] [Times: user=0.10 sys=0.00, real=0.06 secs] 
<writer thread='11779'/>
 (concurrent mode failure): 34175K-&gt;34175K(34176K), 0.1940321 secs] 49528K-&gt;37399K(49536K), [Metaspace: 61215K-&gt;61215K(1105920K)], 0.1941761 secs] [Times: user=0.18 sys=0.01, real=0.19 secs] 
[Full GC (Allocation Failure) [CMS: 34175K-&gt;34175K(34176K), 0.1524795 secs] 49534K-&gt;37465K(49536K), [Metaspace: 61215K-&gt;61215K(1105920K)], 0.1526294 secs] [Times: user=0.15 sys=0.01, real=0.15 secs] 
[GC (CMS Initial Mark) [1 CMS-initial-mark: 34175K(34176K)] 37538K(49536K), 0.0029198 secs] [Times: user=0.01 sys=0.00, real=0.00 secs] 
<writer thread='11267'/>
[CMS-concurrent-mark-start]
<writer thread='11779'/>
[Full GC (Allocation Failure) [CMS
<writer thread='11267'/>
[CMS-concurrent-mark: 0.064/0.066 secs] [Times: user=0.11 sys=0.00, real=0.07 secs] 
<writer thread='11779'/>
 (concurrent mode failure): 34175K-&gt;34176K(34176K), 0.1933828 secs] 49535K-&gt;37398K(49536K), [Metaspace: 61215K-&gt;61215K(1105920K)], 0.1935340 secs] [Times: user=0.18 sys=0.01, real=0.19 secs] 
[Full GC (Allocation Failure) [CMS: 34176K-&gt;34175K(34176K), 0.1535833 secs] 49530K-&gt;37386K(49536K), [Metaspace: 61215K-&gt;61215K(1105920K)], 0.1537380 secs] [Times: user=0.15 sys=0.00, real=0.15 secs] 
[GC (CMS Initial Mark) [1 CMS-initial-mark: 34175K(34176K)] 37494K(49536K), 0.0029124 secs] [Times: user=0.01 sys=0.00, real=0.00 secs] 
<writer thread='11267'/>
[CMS-concurrent-mark-start]
<writer thread='11779'/>
[Full GC (Allocation Failure) [CMS
<writer thread='11267'/>
[CMS-concurrent-mark: 0.064/0.065 secs] [Times: user=0.11 sys=0.01, real=0.06 secs] 
<writer thread='11779'/>
 (concurrent mode failure): 34175K-&gt;34175K(34176K), 0.1993147 secs] 49530K-&gt;37381K(49536K), [Metaspace: 61215K-&gt;61215K(1105920K)], 0.1994895 secs] [Times: user=0.19 sys=0.00, real=0.20 secs] 
[Full GC (Allocation Failure) [CMS: 34175K-&gt;34175K(34176K), 0.1669054 secs] 49535K-&gt;37416K(49536K), [Metaspace: 61215K-&gt;61215K(1105920K)], 0.1670578 secs] [Times: user=0.16 sys=0.00, real=0.17 secs] 
[GC (CMS Initial Mark) [1 CMS-initial-mark: 34175K(34176K)] 37638K(49536K), 0.0027593 secs] [Times: user=0.01 sys=0.00, real=0.00 secs] 
<writer thread='11267'/>
[CMS-concurrent-mark-start]
<writer thread='11779'/>
[Full GC (Allocation Failure) [CMS
<writer thread='11267'/>
[CMS-concurrent-mark: 0.060/0.062 secs] [Times: user=0.10 sys=0.01, real=0.06 secs] 
<writer thread='11779'/>
 (concurrent mode failure): 34175K-&gt;34175K(34176K), 0.2024425 secs] 49531K-&gt;37604K(49536K), [Metaspace: 61215K-&gt;61215K(1105920K)], 0.2025967 secs] [Times: user=0.19 sys=0.01, real=0.21 secs] 
[Full GC (Allocation Failure) [CMS: 34175K-&gt;34175K(34176K), 0.1497643 secs] 49535K-&gt;37392K(49536K), [Metaspace: 61215K-&gt;61215K(1105920K)], 0.1499394 secs] [Times: user=0.14 sys=0.00, real=0.15 secs] 
[GC (CMS Initial Mark) [1 CMS-initial-mark: 34175K(34176K)] 37724K(49536K), 0.0026782 secs] [Times: user=0.01 sys=0.01, real=0.00 secs] 
<writer thread='11267'/>
[CMS-concurrent-mark-start]
<writer thread='11779'/>
[Full GC (Allocation Failure) [CMS
<writer thread='11267'/>
[CMS-concurrent-mark: 0.060/0.061 secs] [Times: user=0.11 sys=0.00, real=0.06 secs] 
<writer thread='11779'/>
 (concurrent mode failure): 34175K-&gt;34176K(34176K), 0.2009606 secs] 49535K-&gt;37422K(49536K), [Metaspace: 61215K-&gt;61215K(1105920K)], 0.2011164 secs] [Times: user=0.20 sys=0.00, real=0.20 secs] 
[Full GC (Allocation Failure) [CMS: 34176K-&gt;34175K(34176K), 0.1578429 secs] 49535K-&gt;37493K(49536K), [Metaspace: 61215K-&gt;61215K(1105920K)], 0.1580053 secs] [Times: user=0.16 sys=0.00, real=0.16 secs] 
[GC (CMS Initial Mark) [1 CMS-initial-mark: 34175K(34176K)] 39391K(49536K), 0.0056001 secs] [Times: user=0.01 sys=0.00, real=0.01 secs] 
<writer thread='11267'/>
[CMS-concurrent-mark-start]
<writer thread='11779'/>
[Full GC (Allocation Failure) [CMS
<writer thread='11267'/>
[CMS-concurrent-mark: 0.060/0.062 secs] [Times: user=0.07 sys=0.01, real=0.06 secs] 
<writer thread='11779'/>
 (concurrent mode failure): 34175K-&gt;34175K(34176K), 0.2126378 secs] 49535K-&gt;37371K(49536K), [Metaspace: 61215K-&gt;61215K(1105920K)], 0.2128141 secs] [Times: user=0.21 sys=0.01, real=0.21 secs] 
[Full GC (Allocation Failure) [CMS: 34175K-&gt;34175K(34176K), 0.1593159 secs] 49535K-&gt;37473K(49536K), [Metaspace: 61215K-&gt;61215K(1105920K)], 0.1594747 secs] [Times: user=0.16 sys=0.00, real=0.16 secs] 
[GC (CMS Initial Mark) [1 CMS-initial-mark: 34175K(34176K)] 37509K(49536K), 0.0027469 secs] [Times: user=0.00 sys=0.00, real=0.01 secs] 
<writer thread='11267'/>
[CMS-concurrent-mark-start]
<writer thread='11779'/>
[Full GC (Allocation Failure) [CMS
<writer thread='11267'/>
[CMS-concurrent-mark: 0.066/0.068 secs] [Times: user=0.11 sys=0.01, real=0.06 secs] 
<writer thread='11779'/>
 (concurrent mode failure): 34175K-&gt;34175K(34176K), 0.2035204 secs] 49535K-&gt;37457K(49536K), [Metaspace: 61215K-&gt;61215K(1105920K)], 0.2036695 secs] [Times: user=0.20 sys=0.00, real=0.20 secs] 
[Full GC (Allocation Failure) [CMS: 34175K-&gt;34175K(34176K), 0.1633697 secs] 49535K-&gt;37560K(49536K), [Metaspace: 61215K-&gt;61215K(1105920K)], 0.1635578 secs] [Times: user=0.16 sys=0.00, real=0.17 secs] 
[GC (CMS Initial Mark) [1 CMS-initial-mark: 34175K(34176K)] 37788K(49536K), 0.0028136 secs] [Times: user=0.01 sys=0.00, real=0.00 secs] 
<writer thread='11267'/>
[CMS-concurrent-mark-start]
<writer thread='11779'/>
[Full GC (Allocation Failure) [CMS
<writer thread='11267'/>
[CMS-concurrent-mark: 0.066/0.068 secs] [Times: user=0.11 sys=0.01, real=0.07 secs] 
<writer thread='11779'/>
 (concurrent mode failure): 34176K-&gt;34175K(34176K), 0.2016621 secs] 49536K-&gt;37528K(49536K), [Metaspace: 61215K-&gt;61215K(1105920K)], 0.2018443 secs] [Times: user=0.19 sys=0.00, real=0.20 secs] 
[Full GC (Allocation Failure) [CMS: 34175K-&gt;34175K(34176K), 0.1498537 secs] 49535K-&gt;37417K(49536K), [Metaspace: 61215K-&gt;61215K(1105920K)], 0.1500073 secs] [Times: user=0.15 sys=0.00, real=0.15 secs] 
[GC (CMS Initial Mark) [1 CMS-initial-mark: 34175K(34176K)] 37663K(49536K), 0.0028285 secs] [Times: user=0.00 sys=0.00, real=0.01 secs] 
<writer thread='11267'/>
[CMS-concurrent-mark-start]
<writer thread='11779'/>
[Full GC (Allocation Failure) [CMS
<writer thread='11267'/>
[CMS-concurrent-mark: 0.060/0.062 secs] [Times: user=0.11 sys=0.01, real=0.06 secs] 
<writer thread='11779'/>
 (concurrent mode failure): 34175K-&gt;34175K(34176K), 0.1978593 secs] 49534K-&gt;37505K(49536K), [Metaspace: 61215K-&gt;61215K(1105920K)], 0.1980283 secs] [Times: user=0.19 sys=0.00, real=0.20 secs] 
[Full GC (Allocation Failure) [CMS: 34176K-&gt;34176K(34176K), 0.1483616 secs] 49536K-&gt;37460K(49536K), [Metaspace: 61215K-&gt;61215K(1105920K)], 0.1485351 secs] [Times: user=0.14 sys=0.00, real=0.15 secs] 
[GC (CMS Initial Mark) [1 CMS-initial-mark: 34176K(34176K)] 37642K(49536K), 0.0032908 secs] [Times: user=0.01 sys=0.00, real=0.00 secs] 
<writer thread='11267'/>
[CMS-concurrent-mark-start]
<writer thread='11779'/>
[Full GC (Allocation Failure) [CMS
<writer thread='11267'/>
[CMS-concurrent-mark: 0.065/0.067 secs] [Times: user=0.11 sys=0.00, real=0.07 secs] 
<writer thread='11779'/>
 (concurrent mode failure): 34176K-&gt;34176K(34176K), 0.1926329 secs] 49520K-&gt;37546K(49536K), [Metaspace: 61215K-&gt;61215K(1105920K)], 0.1927827 secs] [Times: user=0.18 sys=0.00, real=0.20 secs] 
[Full GC (Allocation Failure) [CMS: 34176K-&gt;34175K(34176K), 0.1531920 secs] 49527K-&gt;37403K(49536K), [Metaspace: 61215K-&gt;61215K(1105920K)], 0.1533912 secs] [Times: user=0.15 sys=0.00, real=0.15 secs] 
[GC (CMS Initial Mark) [1 CMS-initial-mark: 34175K(34176K)] 37506K(49536K), 0.0032782 secs] [Times: user=0.00 sys=0.01, real=0.00 secs] 
<writer thread='11267'/>
[CMS-concurrent-mark-start]
<writer thread='11779'/>
[Full GC (Allocation Failure) [CMS
<writer thread='11267'/>
[CMS-concurrent-mark: 0.070/0.072 secs] [Times: user=0.12 sys=0.00, real=0.08 secs] 
<writer thread='11779'/>
 (concurrent mode failure): 34175K-&gt;34176K(34176K), 0.2071595 secs] 49530K-&gt;37834K(49536K), [Metaspace: 61215K-&gt;61215K(1105920K)], 0.2073328 secs] [Times: user=0.20 sys=0.00, real=0.21 secs] 
[Full GC (Allocation Failure) [CMS: 34176K-&gt;34175K(34176K), 0.1613068 secs] 49535K-&gt;37473K(49536K), [Metaspace: 61215K-&gt;61215K(1105920K)], 0.1614884 secs] [Times: user=0.16 sys=0.00, real=0.16 secs] 
[GC (CMS Initial Mark) [1 CMS-initial-mark: 34175K(34176K)] 37714K(49536K), 0.0035585 secs] [Times: user=0.00 sys=0.00, real=0.01 secs] 
<writer thread='11267'/>
[CMS-concurrent-mark-start]
<writer thread='11779'/>
[Full GC (Allocation Failure) [CMS
<writer thread='11267'/>
[CMS-concurrent-mark: 0.069/0.072 secs] [Times: user=0.13 sys=0.01, real=0.07 secs] 
<writer thread='11779'/>
 (concurrent mode failure): 34175K-&gt;34175K(34176K), 0.1997728 secs] 49535K-&gt;37726K(49536K), [Metaspace: 61215K-&gt;61215K(1105920K)], 0.1999264 secs] [Times: user=0.19 sys=0.00, real=0.20 secs] 
[Full GC (Allocation Failure) [CMS: 34175K-&gt;34175K(34176K), 0.1593003 secs] 49535K-&gt;37346K(49536K), [Metaspace: 61215K-&gt;61215K(1105920K)], 0.1594685 secs] [Times: user=0.16 sys=0.00, real=0.16 secs] 
[GC (CMS Initial Mark) [1 CMS-initial-mark: 34175K(34176K)] 37543K(49536K), 0.0027609 secs] [Times: user=0.01 sys=0.00, real=0.00 secs] 
<writer thread='11267'/>
[CMS-concurrent-mark-start]
<writer thread='11779'/>
[Full GC (Allocation Failure) [CMS
<writer thread='11267'/>
[CMS-concurrent-mark: 0.065/0.067 secs] [Times: user=0.11 sys=0.01, real=0.07 secs] 
<writer thread='11779'/>
 (concurrent mode failure): 34175K-&gt;34175K(34176K), 0.1946568 secs] 49535K-&gt;37249K(49536K), [Metaspace: 61215K-&gt;61215K(1105920K)], 0.1948367 secs] [Times: user=0.19 sys=0.00, real=0.19 secs] 
[Full GC (Allocation Failure) [CMS: 34175K-&gt;34175K(34176K), 0.1565900 secs] 49532K-&gt;37200K(49536K), [Metaspace: 61215K-&gt;61215K(1105920K)], 0.1567693 secs] [Times: user=0.15 sys=0.01, real=0.15 secs] 
[GC (CMS Initial Mark) [1 CMS-initial-mark: 34175K(34176K)] 37316K(49536K), 0.0028593 secs] [Times: user=0.00 sys=0.00, real=0.01 secs] 
<writer thread='11267'/>
[CMS-concurrent-mark-start]
<writer thread='11779'/>
[Full GC (Allocation Failure) [CMS
<writer thread='11267'/>
[CMS-concurrent-mark: 0.058/0.059 secs] [Times: user=0.10 sys=0.00, real=0.06 secs] 
<writer thread='11779'/>
 (concurrent mode failure): 34175K-&gt;34176K(34176K), 0.1695108 secs] 49534K-&gt;37237K(49536K), [Metaspace: 61215K-&gt;61215K(1105920K)], 0.1696742 secs] [Times: user=0.16 sys=0.01, real=0.17 secs] 
[Full GC (Allocation Failure) [CMS: 34176K-&gt;34175K(34176K), 0.1547954 secs] 49534K-&gt;37298K(49536K), [Metaspace: 61218K-&gt;61218K(1105920K)], 0.1549523 secs] [Times: user=0.15 sys=0.00, real=0.16 secs] 
[GC (CMS Initial Mark) [1 CMS-initial-mark: 34175K(34176K)] 37378K(49536K), 0.0026286 secs] [Times: user=0.01 sys=0.00, real=0.00 secs] 
<writer thread='11267'/>
[CMS-concurrent-mark-start]
<writer thread='11779'/>
[Full GC (System.gc()) [CMS
<writer thread='11267'/>
[CMS-concurrent-mark: 0.060/0.061 secs] [Times: user=0.07 sys=0.00, real=0.06 secs] 
<writer thread='11779'/>
 (concurrent mode interrupted): 34175K-&gt;34175K(34176K), 0.1979254 secs] 37685K-&gt;34916K(49536K), [Metaspace: 61221K-&gt;61221K(1105920K)], 0.1980967 secs] [Times: user=0.19 sys=0.00, real=0.20 secs] 
[Full GC (Allocation Failure) [CMS: 34175K-&gt;32516K(34176K), 0.1387440 secs] 49535K-&gt;32516K(49536K), [Metaspace: 61223K-&gt;61223K(1105920K)], 0.1389095 secs] [Times: user=0.17 sys=0.00, real=0.14 secs] 
[GC (CMS Initial Mark) [1 CMS-initial-mark: 32516K(34176K)] 32651K(49536K), 0.0017866 secs] [Times: user=0.00 sys=0.00, real=0.01 secs] 
<writer thread='11267'/>
[CMS-concurrent-mark-start]
<writer thread='11779'/>
[GC (Allocation Failure) [ParNew: 13696K-&gt;437K(15360K), 0.0027610 secs] 46212K-&gt;32953K(49536K), 0.0029600 secs] [Times: user=0.01 sys=0.00, real=0.00 secs] 
[GC (Allocation Failure) [ParNew: 14133K-&gt;371K(15360K), 0.0021863 secs] 46649K-&gt;32887K(49536K), 0.0023238 secs] [Times: user=0.00 sys=0.00, real=0.00 secs] 
[GC (Allocation Failure) [ParNew: 14067K-&gt;515K(15360K), 0.0019414 secs] 46583K-&gt;33031K(49536K), 0.0020733 secs] [Times: user=0.00 sys=0.00, real=0.00 secs] 
[GC (Allocation Failure) [ParNew: 14211K-&gt;667K(15360K), 0.0020216 secs] 46727K-&gt;33184K(49536K), 0.0021400 secs] [Times: user=0.01 sys=0.00, real=0.00 secs] 
<writer thread='11267'/>
[CMS-concurrent-mark: 0.151/0.164 secs] [Times: user=0.51 sys=0.03, real=0.16 secs] 
[CMS-concurrent-preclean-start]
<writer thread='11779'/>
[GC (Allocation Failure) [ParNew: 14363K-&gt;630K(15360K), 0.0039813 secs] 46880K-&gt;33146K(49536K), 0.0043335 secs] [Times: user=0.01 sys=0.00, real=0.01 secs] 
<writer thread='11267'/>
[CMS-concurrent-preclean: 0.001/0.007 secs] [Times: user=0.02 sys=0.00, real=0.01 secs] 
<writer thread='11779'/>
[GC (CMS Final Remark) [YG occupancy: 1708 K (15360 K)][Rescan (parallel) , 0.0027200 secs][weak refs processing, 0.0000142 secs][class unloading, 0.0134789 secs][scrub symbol table, 0.0089221 secs][scrub string table, 0.0029225 secs][1 CMS-remark: 32516K(34176K)] 34224K(49536K), 0.0297341 secs] [Times: user=0.03 sys=0.00, real=0.03 secs] 
<writer thread='11267'/>
[CMS-concurrent-sweep-start]
[CMS-concurrent-sweep: 0.021/0.021 secs] [Times: user=0.06 sys=0.00, real=0.02 secs] 
[CMS-concurrent-reset-start]
[CMS-concurrent-reset: 0.000/0.000 secs] [Times: user=0.00 sys=0.00, real=0.00 secs] 
<writer thread='11779'/>
[GC (Allocation Failure) [ParNew: 14326K-&gt;1014K(15360K), 0.0048960 secs] 46636K-&gt;33324K(49536K), 0.0051913 secs] [Times: user=0.02 sys=0.00, real=0.00 secs] 
[GC (CMS Initial Mark) [1 CMS-initial-mark: 32310K(34176K)] 33590K(49536K), 0.0056273 secs] [Times: user=0.01 sys=0.00, real=0.01 secs] 
<writer thread='11267'/>
[CMS-concurrent-mark-start]
<writer thread='11779'/>
[GC (Allocation Failure) [ParNew: 14710K-&gt;907K(15360K), 0.0026984 secs] 47020K-&gt;33385K(49536K), 0.0028226 secs] [Times: user=0.01 sys=0.00, real=0.01 secs] 
[GC (Allocation Failure) [ParNew: 14603K-&gt;1028K(15360K), 0.0045073 secs] 47081K-&gt;33600K(49536K), 0.0046766 secs] [Times: user=0.01 sys=0.00, real=0.01 secs] 
<writer thread='11267'/>
[CMS-concurrent-mark: 0.080/0.089 secs] [Times: user=0.26 sys=0.02, real=0.09 secs] 
[CMS-concurrent-preclean-start]
[CMS-concurrent-preclean: 0.001/0.001 secs] [Times: user=0.00 sys=0.00, real=0.00 secs] 
[CMS-concurrent-abortable-preclean-start]
<writer thread='11779'/>
[GC (Allocation Failure) [ParNew: 14724K-&gt;825K(15360K), 0.0028740 secs] 47296K-&gt;33493K(49536K), 0.0030123 secs] [Times: user=0.01 sys=0.00, real=0.00 secs] 
<writer thread='11267'/>
[CMS-concurrent-abortable-preclean: 0.030/0.033 secs] [Times: user=0.09 sys=0.00, real=0.03 secs] 
<writer thread='11779'/>
[GC (CMS Final Remark) [YG occupancy: 13430 K (15360 K)][Rescan (parallel) , 0.0063946 secs][weak refs processing, 0.0000151 secs][class unloading, 0.0183250 secs][scrub symbol table, 0.0103961 secs][scrub string table, 0.0016081 secs][1 CMS-remark: 32667K(34176K)] 46098K(49536K), 0.0387007 secs] [Times: user=0.05 sys=0.00, real=0.04 secs] 
<writer thread='11267'/>
[CMS-concurrent-sweep-start]
<writer thread='11779'/>
[GC (Allocation Failure) [ParNew: 14521K-&gt;800K(15360K), 0.0035820 secs] 47189K-&gt;33561K(49536K), 0.0037158 secs] [Times: user=0.01 sys=0.00, real=0.00 secs] 
<writer thread='11267'/>
[CMS-concurrent-sweep: 0.021/0.025 secs] [Times: user=0.07 sys=0.00, real=0.03 secs] 
[CMS-concurrent-reset-start]
[CMS-concurrent-reset: 0.000/0.000 secs] [Times: user=0.00 sys=0.00, real=0.00 secs] 
<writer thread='11779'/>
[GC (Allocation Failure) [ParNew: 14496K-&gt;866K(15360K), 0.0042001 secs] 47163K-&gt;33632K(49536K), 0.0043627 secs] [Times: user=0.01 sys=0.01, real=0.01 secs] 
[GC (CMS Initial Mark) [1 CMS-initial-mark: 32766K(34176K)] 33904K(49536K), 0.0024570 secs] [Times: user=0.00 sys=0.00, real=0.00 secs] 
<writer thread='11267'/>
[CMS-concurrent-mark-start]
<writer thread='11779'/>
[GC (Allocation Failure) [ParNew: 14562K-&gt;862K(15360K), 0.0024927 secs] 47328K-&gt;33724K(49536K), 0.0026360 secs] [Times: user=0.01 sys=0.00, real=0.00 secs] 
[GC (Allocation Failure) [ParNew: 14558K-&gt;998K(15360K), 0.0025129 secs] 47420K-&gt;33961K(49536K), 0.0026507 secs] [Times: user=0.01 sys=0.00, real=0.00 secs] 
[GC (Allocation Failure) [ParNew: 14694K-&gt;722K(15360K), 0.0024965 secs] 47657K-&gt;33777K(49536K), 0.0026572 secs] [Times: user=0.01 sys=0.00, real=0.00 secs] 
[GC (Allocation Failure) [ParNew: 14418K-&gt;783K(15360K), 0.0064370 secs] 47473K-&gt;33931K(49536K), 0.0067827 secs] [Times: user=0.02 sys=0.00, real=0.01 secs] 
<writer thread='11267'/>
[CMS-concurrent-mark: 0.128/0.146 secs] [Times: user=0.40 sys=0.02, real=0.15 secs] 
[CMS-concurrent-preclean-start]
[CMS-concurrent-preclean: 0.001/0.001 secs] [Times: user=0.01 sys=0.00, real=0.00 secs] 
[CMS-concurrent-abortable-preclean-start]
<writer thread='11779'/>
[GC (Allocation Failure) [ParNew: 14479K-&gt;837K(15360K), 0.0041538 secs] 47627K-&gt;34074K(49536K), 0.0043264 secs] [Times: user=0.01 sys=0.00, real=0.00 secs] 
<writer thread='11267'/>
[CMS-concurrent-abortable-preclean: 0.026/0.032 secs] [Times: user=0.08 sys=0.00, real=0.03 secs] 
<writer thread='11779'/>
[GC (CMS Final Remark) [YG occupancy: 10312 K (15360 K)][Rescan (parallel) , 0.0049841 secs][weak refs processing, 0.0000129 secs][class unloading, 0.0206599 secs][scrub symbol table, 0.0117169 secs][scrub string table, 0.0007842 secs][1 CMS-remark: 33237K(34176K)] 43549K(49536K), 0.0391028 secs] [Times: user=0.05 sys=0.00, real=0.04 secs] 
<writer thread='11267'/>
[CMS-concurrent-sweep-start]
<writer thread='11779'/>
[GC (Allocation Failure) [ParNew: 14533K-&gt;990K(15360K), 0.0029047 secs] 47770K-&gt;34320K(49536K), 0.0031745 secs] [Times: user=0.01 sys=0.00, real=0.01 secs] 
<writer thread='11267'/>
[CMS-concurrent-sweep: 0.021/0.025 secs] [Times: user=0.07 sys=0.00, real=0.03 secs] 
[CMS-concurrent-reset-start]
[CMS-concurrent-reset: 0.000/0.000 secs] [Times: user=0.00 sys=0.00, real=0.00 secs] 
<writer thread='11779'/>
[GC (Allocation Failure) [ParNew: 14686K-&gt;801K(15360K), 0.0045950 secs] 47839K-&gt;34042K(49536K), 0.0047684 secs] [Times: user=0.01 sys=0.00, real=0.01 secs] 
[GC (CMS Initial Mark) [1 CMS-initial-mark: 33241K(34176K)] 34134K(49536K), 0.0020745 secs] [Times: user=0.00 sys=0.00, real=0.00 secs] 
<writer thread='11267'/>
[CMS-concurrent-mark-start]
<writer thread='11779'/>
[GC (Allocation Failure) [ParNew: 14497K-&gt;915K(15360K), 0.0025190 secs] 47738K-&gt;34252K(49536K), 0.0026532 secs] [Times: user=0.01 sys=0.00, real=0.00 secs] 
[GC (Allocation Failure) [ParNew: 14611K-&gt;990K(15360K), 0.0046147 secs] 47948K-&gt;34416K(49536K), 0.0050398 secs] [Times: user=0.02 sys=0.00, real=0.00 secs] 
[GC (Allocation Failure) [ParNew: 14686K-&gt;722K(15360K), 0.0025174 secs] 48112K-&gt;34239K(49536K), 0.0026413 secs] [Times: user=0.01 sys=0.00, real=0.00 secs] 
[GC (Allocation Failure) [ParNew: 14418K-&gt;803K(15360K), 0.0026129 secs] 47935K-&gt;34413K(49536K), 0.0027294 secs] [Times: user=0.01 sys=0.00, real=0.00 secs] 
<writer thread='11267'/>
[CMS-concurrent-mark: 0.119/0.137 secs] [Times: user=0.40 sys=0.02, real=0.14 secs] 
[CMS-concurrent-preclean-start]
[CMS-concurrent-preclean: 0.001/0.001 secs] [Times: user=0.00 sys=0.00, real=0.00 secs] 
[CMS-concurrent-abortable-preclean-start]
<writer thread='11779'/>
[GC (Allocation Failure) [ParNew: 14499K-&gt;1000K(15360K), 0.0024881 secs] 48109K-&gt;34704K(49536K), 0.0026462 secs] [Times: user=0.01 sys=0.00, real=0.00 secs] 
<writer thread='11267'/>
[CMS-concurrent-abortable-preclean: 0.038/0.042 secs] [Times: user=0.12 sys=0.00, real=0.04 secs] 
<writer thread='11779'/>
[GC (CMS Final Remark) [YG occupancy: 12278 K (15360 K)][Rescan (parallel) , 0.0061557 secs][weak refs processing, 0.0000133 secs][class unloading, 0.0140365 secs][scrub symbol table, 0.0139390 secs][scrub string table, 0.0006468 secs][1 CMS-remark: 33704K(34176K)] 45983K(49536K), 0.0358157 secs] [Times: user=0.05 sys=0.00, real=0.04 secs] 
<writer thread='11267'/>
[CMS-concurrent-sweep-start]
<writer thread='11779'/>
[GC (Allocation Failure) [ParNew: 14696K-&gt;726K(15360K), 0.0027215 secs] 48400K-&gt;34522K(49536K), 0.0030902 secs] [Times: user=0.01 sys=0.00, real=0.01 secs] 
<writer thread='11267'/>
[CMS-concurrent-sweep: 0.025/0.030 secs] [Times: user=0.09 sys=0.01, real=0.03 secs] 
[CMS-concurrent-reset-start]
[CMS-concurrent-reset: 0.000/0.000 secs] [Times: user=0.00 sys=0.00, real=0.00 secs] 
<writer thread='11779'/>
[GC (Allocation Failure) [ParNew: 14422K-&gt;928K(15360K), 0.0025709 secs] 48038K-&gt;34635K(49536K), 0.0027055 secs] [Times: user=0.01 sys=0.00, real=0.01 secs] 
[GC (CMS Initial Mark) [1 CMS-initial-mark: 33707K(34176K)] 34714K(49536K), 0.0020103 secs] [Times: user=0.00 sys=0.00, real=0.00 secs] 
<writer thread='11267'/>
[CMS-concurrent-mark-start]
<writer thread='11779'/>
[GC (Allocation Failure) [ParNew: 14624K-&gt;856K(15360K), 0.0088115 secs] 48331K-&gt;34660K(49536K), 0.0091901 secs] [Times: user=0.02 sys=0.00, real=0.01 secs] 
[GC (Allocation Failure) [ParNew: 14552K-&gt;1015K(15360K), 0.0026254 secs] 48356K-&gt;34914K(49536K), 0.0028118 secs] [Times: user=0.01 sys=0.00, real=0.01 secs] 
[GC (Allocation Failure) [ParNew (promotion failed): 14700K-&gt;14320K(15360K), 0.0067387 secs] 48599K-&gt;48289K(49536K), 0.0068747 secs] [Times: user=0.01 sys=0.00, real=0.00 secs] 
[Full GC (Allocation Failure) [CMS
<writer thread='11267'/>
[CMS-concurrent-mark: 0.096/0.124 secs] [Times: user=0.31 sys=0.01, real=0.12 secs] 
<writer thread='11779'/>
 (concurrent mode failure): 33968K-&gt;34084K(34176K), 0.1763172 secs] 48289K-&gt;34084K(49536K), [Metaspace: 61223K-&gt;61223K(1105920K)], 0.1766405 secs] [Times: user=0.17 sys=0.00, real=0.18 secs] 
[GC (Allocation Failure) [ParNew: 13696K-&gt;13696K(15360K), 0.0000357 secs][CMS: 34084K-&gt;34175K(34176K), 0.1547107 secs] 47780K-&gt;34176K(49536K), [Metaspace: 60871K-&gt;60871K(1105920K)], 0.1549787 secs] [Times: user=0.16 sys=0.00, real=0.15 secs] 
[GC (CMS Initial Mark) [1 CMS-initial-mark: 34175K(34176K)] 34272K(49536K), 0.0016783 secs] [Times: user=0.00 sys=0.00, real=0.00 secs] 
<writer thread='11267'/>
[CMS-concurrent-mark-start]
<writer thread='11779'/>
[Full GC (Allocation Failure) [CMS
<writer thread='11267'/>
[CMS-concurrent-mark: 0.081/0.084 secs] [Times: user=0.22 sys=0.01, real=0.08 secs] 
<writer thread='11779'/>
 (concurrent mode failure): 34175K-&gt;34175K(34176K), 0.1788331 secs] 49535K-&gt;34253K(49536K), [Metaspace: 60871K-&gt;60871K(1105920K)], 0.1790132 secs] [Times: user=0.17 sys=0.01, real=0.18 secs] 
[Full GC (Allocation Failure) [CMS: 34175K-&gt;34175K(34176K), 0.1487291 secs] 49535K-&gt;34332K(49536K), [Metaspace: 60871K-&gt;60871K(1105920K)], 0.1488945 secs] [Times: user=0.14 sys=0.00, real=0.15 secs] 
[GC (CMS Initial Mark) [1 CMS-initial-mark: 34175K(34176K)] 34403K(49536K), 0.0017832 secs] [Times: user=0.00 sys=0.00, real=0.01 secs] 
<writer thread='11267'/>
[CMS-concurrent-mark-start]
<writer thread='11779'/>
[Full GC (Allocation Failure) [CMS
<writer thread='11267'/>
[CMS-concurrent-mark: 0.060/0.064 secs] [Times: user=0.15 sys=0.01, real=0.06 secs] 
<writer thread='11779'/>
 (concurrent mode failure): 34175K-&gt;34175K(34176K), 0.1763986 secs] 49535K-&gt;34414K(49536K), [Metaspace: 60871K-&gt;60871K(1105920K)], 0.1766192 secs] [Times: user=0.17 sys=0.00, real=0.17 secs] 
[Full GC (Allocation Failure) [CMS: 34175K-&gt;34175K(34176K), 0.1459404 secs] 49535K-&gt;34488K(49536K), [Metaspace: 60871K-&gt;60871K(1105920K)], 0.1460977 secs] [Times: user=0.14 sys=0.00, real=0.15 secs] 
[GC (CMS Initial Mark) [1 CMS-initial-mark: 34175K(34176K)] 34787K(49536K), 0.0018575 secs] [Times: user=0.00 sys=0.00, real=0.00 secs] 
<writer thread='11267'/>
[CMS-concurrent-mark-start]
<writer thread='11779'/>
[Full GC (Allocation Failure) [CMS
<writer thread='11267'/>
[CMS-concurrent-mark: 0.064/0.067 secs] [Times: user=0.15 sys=0.00, real=0.07 secs] 
<writer thread='11779'/>
 (concurrent mode failure): 34175K-&gt;34175K(34176K), 0.1843645 secs] 49535K-&gt;34550K(49536K), [Metaspace: 60871K-&gt;60871K(1105920K)], 0.1845535 secs] [Times: user=0.18 sys=0.01, real=0.19 secs] 
[Full GC (Allocation Failure) [CMS: 34175K-&gt;34175K(34176K), 0.1549801 secs] 49532K-&gt;34938K(49536K), [Metaspace: 60871K-&gt;60871K(1105920K)], 0.1551285 secs] [Times: user=0.14 sys=0.00, real=0.15 secs] 
[GC (CMS Initial Mark) [1 CMS-initial-mark: 34175K(34176K)] 34997K(49536K), 0.0019938 secs] [Times: user=0.00 sys=0.00, real=0.00 secs] 
<writer thread='11267'/>
[CMS-concurrent-mark-start]
<writer thread='11779'/>
[Full GC (Allocation Failure) [CMS
<writer thread='11267'/>
[CMS-concurrent-mark: 0.088/0.091 secs] [Times: user=0.27 sys=0.01, real=0.09 secs] 
<writer thread='11779'/>
 (concurrent mode failure): 34175K-&gt;34176K(34176K), 0.1759776 secs] 49535K-&gt;36677K(49536K), [Metaspace: 60917K-&gt;60917K(1105920K)], 0.1761940 secs] [Times: user=0.20 sys=0.00, real=0.18 secs] 
[Full GC (Allocation Failure) [CMS: 34176K-&gt;34176K(34176K), 0.1632710 secs] 49531K-&gt;37445K(49536K), [Metaspace: 60930K-&gt;60930K(1105920K)], 0.1634613 secs] [Times: user=0.18 sys=0.00, real=0.17 secs] 
[GC (CMS Initial Mark) [1 CMS-initial-mark: 34176K(34176K)] 47872K(49536K), 0.0053485 secs] [Times: user=0.02 sys=0.00, real=0.00 secs] 
<writer thread='11267'/>
[CMS-concurrent-mark-start]
<writer thread='11779'/>
[Full GC (Allocation Failure) [CMS
<writer thread='11267'/>
[CMS-concurrent-mark: 0.059/0.061 secs] [Times: user=0.07 sys=0.01, real=0.06 secs] 
<writer thread='11779'/>
 (concurrent mode failure): 34176K-&gt;34175K(34176K), 0.2106495 secs] 49530K-&gt;37278K(49536K), [Metaspace: 60930K-&gt;60930K(1105920K)], 0.2108294 secs] [Times: user=0.20 sys=0.00, real=0.21 secs] 
[Full GC (Allocation Failure) [CMS: 34175K-&gt;34175K(34176K), 0.1646270 secs] 49535K-&gt;37271K(49536K), [Metaspace: 61046K-&gt;61046K(1105920K)], 0.1648222 secs] [Times: user=0.16 sys=0.00, real=0.17 secs] 
[GC (CMS Initial Mark) [1 CMS-initial-mark: 34175K(34176K)] 38195K(49536K), 0.0025064 secs] [Times: user=0.01 sys=0.00, real=0.00 secs] 
<writer thread='11267'/>
[CMS-concurrent-mark-start]
<writer thread='11779'/>
[Full GC (Allocation Failure) [CMS
<writer thread='11267'/>
[CMS-concurrent-mark: 0.065/0.067 secs] [Times: user=0.11 sys=0.01, real=0.07 secs] 
<writer thread='11779'/>
 (concurrent mode failure): 34175K-&gt;34175K(34176K), 0.1904870 secs] 49523K-&gt;37301K(49536K), [Metaspace: 61032K-&gt;61032K(1105920K)], 0.1906362 secs] [Times: user=0.18 sys=0.01, real=0.20 secs] 
[Full GC (Allocation Failure) [CMS: 34175K-&gt;34175K(34176K), 0.1457508 secs] 49535K-&gt;37315K(49536K), [Metaspace: 61032K-&gt;61032K(1105920K)], 0.1459129 secs] [Times: user=0.14 sys=0.01, real=0.15 secs] 
[GC (CMS Initial Mark) [1 CMS-initial-mark: 34175K(34176K)] 37542K(49536K), 0.0024962 secs] [Times: user=0.00 sys=0.00, real=0.00 secs] 
<writer thread='11267'/>
[CMS-concurrent-mark-start]
<writer thread='11779'/>
[Full GC (Allocation Failure) [CMS
<writer thread='11267'/>
[CMS-concurrent-mark: 0.063/0.065 secs] [Times: user=0.12 sys=0.00, real=0.07 secs] 
<writer thread='11779'/>
 (concurrent mode failure): 34175K-&gt;34175K(34176K), 0.1958424 secs] 49535K-&gt;37376K(49536K), [Metaspace: 61035K-&gt;61035K(1105920K)], 0.1960229 secs] [Times: user=0.19 sys=0.01, real=0.20 secs] 
[Full GC (Allocation Failure) [CMS: 34175K-&gt;34175K(34176K), 0.1471057 secs] 49535K-&gt;37424K(49536K), [Metaspace: 61035K-&gt;61035K(1105920K)], 0.1472791 secs] [Times: user=0.14 sys=0.01, real=0.15 secs] 
[GC (CMS Initial Mark) [1 CMS-initial-mark: 34175K(34176K)] 37708K(49536K), 0.0027597 secs] [Times: user=0.00 sys=0.00, real=0.00 secs] 
<writer thread='11267'/>
[CMS-concurrent-mark-start]
<writer thread='11779'/>
[Full GC (Allocation Failure) [CMS
<writer thread='11267'/>
[CMS-concurrent-mark: 0.063/0.065 secs] [Times: user=0.11 sys=0.00, real=0.07 secs] 
<writer thread='11779'/>
 (concurrent mode failure): 34175K-&gt;34176K(34176K), 0.1943568 secs] 49535K-&gt;37289K(49536K), [Metaspace: 61035K-&gt;61035K(1105920K)], 0.1945131 secs] [Times: user=0.18 sys=0.00, real=0.20 secs] 
[Full GC (Allocation Failure) [CMS: 34176K-&gt;34175K(34176K), 0.1545704 secs] 49535K-&gt;37354K(49536K), [Metaspace: 61035K-&gt;61035K(1105920K)], 0.1547719 secs] [Times: user=0.15 sys=0.00, real=0.16 secs] 
[GC (CMS Initial Mark) [1 CMS-initial-mark: 34175K(34176K)] 38021K(49536K), 0.0029320 secs] [Times: user=0.01 sys=0.00, real=0.00 secs] 
<writer thread='11267'/>
[CMS-concurrent-mark-start]
<writer thread='11779'/>
[Full GC (Allocation Failure) [CMS
<writer thread='11267'/>
[CMS-concurrent-mark: 0.064/0.066 secs] [Times: user=0.11 sys=0.01, real=0.07 secs] 
<writer thread='11779'/>
 (concurrent mode failure): 34175K-&gt;34175K(34176K), 0.1941922 secs] 49532K-&gt;37190K(49536K), [Metaspace: 61035K-&gt;61035K(1105920K)], 0.1943451 secs] [Times: user=0.19 sys=0.00, real=0.20 secs] 
[Full GC (Allocation Failure) [CMS: 34176K-&gt;34175K(34176K), 0.1467126 secs] 49536K-&gt;37296K(49536K), [Metaspace: 61035K-&gt;61035K(1105920K)], 0.1468916 secs] [Times: user=0.15 sys=0.00, real=0.15 secs] 
[GC (CMS Initial Mark) [1 CMS-initial-mark: 34175K(34176K)] 37439K(49536K), 0.0024829 secs] [Times: user=0.01 sys=0.00, real=0.00 secs] 
<writer thread='11267'/>
[CMS-concurrent-mark-start]
<writer thread='11779'/>
[Full GC (Allocation Failure) [CMS
<writer thread='11267'/>
[CMS-concurrent-mark: 0.069/0.072 secs] [Times: user=0.18 sys=0.01, real=0.07 secs] 
<writer thread='11779'/>
 (concurrent mode failure): 34175K-&gt;34175K(34176K), 0.1981565 secs] 49534K-&gt;37291K(49536K), [Metaspace: 61036K-&gt;61036K(1105920K)], 0.1983776 secs] [Times: user=0.23 sys=0.00, real=0.20 secs] 
[Full GC (Allocation Failure) [CMS: 34176K-&gt;34175K(34176K), 0.1566509 secs] 49535K-&gt;37206K(49536K), [Metaspace: 61036K-&gt;61036K(1105920K)], 0.1568037 secs] [Times: user=0.15 sys=0.01, real=0.15 secs] 
[Full GC (Allocation Failure) [CMS: 34175K-&gt;34175K(34176K), 0.1547503 secs] 49535K-&gt;37421K(49536K), [Metaspace: 61036K-&gt;61036K(1105920K)], 0.1549475 secs] [Times: user=0.15 sys=0.00, real=0.16 secs] 
[GC (CMS Initial Mark) [1 CMS-initial-mark: 34175K(34176K)] 38122K(49536K), 0.0027820 secs] [Times: user=0.01 sys=0.00, real=0.00 secs] 
<writer thread='11267'/>
[CMS-concurrent-mark-start]
<writer thread='11779'/>
[Full GC (Allocation Failure) [CMS
<writer thread='11267'/>
[CMS-concurrent-mark: 0.070/0.073 secs] [Times: user=0.16 sys=0.01, real=0.08 secs] 
<writer thread='11779'/>
 (concurrent mode failure): 34175K-&gt;34175K(34176K), 0.1933563 secs] 49535K-&gt;37113K(49536K), [Metaspace: 61036K-&gt;61036K(1105920K)], 0.1935754 secs] [Times: user=0.19 sys=0.00, real=0.19 secs] 
[Full GC (Allocation Failure) [CMS: 34175K-&gt;34175K(34176K), 0.1485821 secs] 49534K-&gt;37277K(49536K), [Metaspace: 61089K-&gt;61089K(1105920K)], 0.1487448 secs] [Times: user=0.15 sys=0.00, real=0.14 secs] 
[GC (CMS Initial Mark) [1 CMS-initial-mark: 34175K(34176K)] 37386K(49536K), 0.0026682 secs] [Times: user=0.00 sys=0.00, real=0.01 secs] 
<writer thread='11267'/>
[CMS-concurrent-mark-start]
<writer thread='11779'/>
[Full GC (Allocation Failure) [CMS
<writer thread='11267'/>
[CMS-concurrent-mark: 0.066/0.067 secs] [Times: user=0.12 sys=0.01, real=0.07 secs] 
<writer thread='11779'/>
 (concurrent mode failure): 34175K-&gt;34176K(34176K), 0.1976274 secs] 49535K-&gt;37708K(49536K), [Metaspace: 61089K-&gt;61089K(1105920K)], 0.1978046 secs] [Times: user=0.19 sys=0.00, real=0.20 secs] 
[Full GC (Allocation Failure) [CMS: 34176K-&gt;34176K(34176K), 0.1520139 secs] 49535K-&gt;37316K(49536K), [Metaspace: 61092K-&gt;61092K(1105920K)], 0.1521666 secs] [Times: user=0.15 sys=0.01, real=0.16 secs] 
[GC (CMS Initial Mark) [1 CMS-initial-mark: 34176K(34176K)] 37410K(49536K), 0.0028689 secs] [Times: user=0.01 sys=0.00, real=0.00 secs] 
<writer thread='11267'/>
[CMS-concurrent-mark-start]
<writer thread='11779'/>
[Full GC (Allocation Failure) [CMS
<writer thread='11267'/>
[CMS-concurrent-mark: 0.064/0.066 secs] [Times: user=0.12 sys=0.00, real=0.07 secs] 
<writer thread='11779'/>
 (concurrent mode failure): 34176K-&gt;34175K(34176K), 0.1946634 secs] 49536K-&gt;37171K(49536K), [Metaspace: 61094K-&gt;61094K(1105920K)], 0.1948165 secs] [Times: user=0.18 sys=0.00, real=0.20 secs] 
[Full GC (Allocation Failure) [CMS: 34175K-&gt;34175K(34176K), 0.1470961 secs] 49535K-&gt;37380K(49536K), [Metaspace: 61095K-&gt;61095K(1105920K)], 0.1472508 secs] [Times: user=0.14 sys=0.00, real=0.14 secs] 
[GC (CMS Initial Mark) [1 CMS-initial-mark: 34175K(34176K)] 37863K(49536K), 0.0031089 secs] [Times: user=0.00 sys=0.00, real=0.00 secs] 
<writer thread='11267'/>
[CMS-concurrent-mark-start]
<writer thread='11779'/>
[Full GC (Allocation Failure) [CMS
<writer thread='11267'/>
[CMS-concurrent-mark: 0.068/0.070 secs] [Times: user=0.11 sys=0.01, real=0.07 secs] 
<writer thread='11779'/>
 (concurrent mode failure): 34175K-&gt;34175K(34176K), 0.2142421 secs] 49535K-&gt;37070K(49536K), [Metaspace: 61099K-&gt;61099K(1105920K)], 0.2144199 secs] [Times: user=0.20 sys=0.00, real=0.21 secs] 
[Full GC (Allocation Failure) [CMS: 34175K-&gt;34175K(34176K), 0.1544223 secs] 49531K-&gt;37171K(49536K), [Metaspace: 61099K-&gt;61099K(1105920K)], 0.1545818 secs] [Times: user=0.15 sys=0.00, real=0.15 secs] 
[GC (CMS Initial Mark) [1 CMS-initial-mark: 34175K(34176K)] 37359K(49536K), 0.0028127 secs] [Times: user=0.01 sys=0.00, real=0.01 secs] 
<writer thread='11267'/>
[CMS-concurrent-mark-start]
<writer thread='11779'/>
[Full GC (Allocation Failure) [CMS
<writer thread='11267'/>
[CMS-concurrent-mark: 0.069/0.071 secs] [Times: user=0.10 sys=0.01, real=0.07 secs] 
<writer thread='11779'/>
 (concurrent mode failure): 34175K-&gt;34175K(34176K), 0.2208182 secs] 49530K-&gt;37285K(49536K), [Metaspace: 61099K-&gt;61099K(1105920K)], 0.2210093 secs] [Times: user=0.21 sys=0.01, real=0.23 secs] 
[Full GC (Allocation Failure) [CMS: 34175K-&gt;34176K(34176K), 0.1506456 secs] 49535K-&gt;37320K(49536K), [Metaspace: 61103K-&gt;61103K(1105920K)], 0.1508005 secs] [Times: user=0.15 sys=0.01, real=0.15 secs] 
[GC (CMS Initial Mark) [1 CMS-initial-mark: 34176K(34176K)] 38420K(49536K), 0.0027843 secs] [Times: user=0.01 sys=0.00, real=0.00 secs] 
<writer thread='11267'/>
[CMS-concurrent-mark-start]
<writer thread='11779'/>
[Full GC (Allocation Failure) [CMS
<writer thread='11267'/>
[CMS-concurrent-mark: 0.063/0.065 secs] [Times: user=0.11 sys=0.00, real=0.06 secs] 
<writer thread='11779'/>
 (concurrent mode failure): 34176K-&gt;34175K(34176K), 0.1927689 secs] 49535K-&gt;37368K(49536K), [Metaspace: 61103K-&gt;61103K(1105920K)], 0.1929228 secs] [Times: user=0.19 sys=0.00, real=0.19 secs] 
[Full GC (Allocation Failure) [CMS: 34175K-&gt;34175K(34176K), 0.1501381 secs] 49535K-&gt;37318K(49536K), [Metaspace: 61103K-&gt;61103K(1105920K)], 0.1502888 secs] [Times: user=0.15 sys=0.00, real=0.15 secs] 
[GC (CMS Initial Mark) [1 CMS-initial-mark: 34175K(34176K)] 37964K(49536K), 0.0029408 secs] [Times: user=0.01 sys=0.00, real=0.00 secs] 
<writer thread='11267'/>
[CMS-concurrent-mark-start]
<writer thread='11779'/>
[Full GC (Allocation Failure) [CMS
<writer thread='11267'/>
[CMS-concurrent-mark: 0.063/0.065 secs] [Times: user=0.10 sys=0.01, real=0.07 secs] 
<writer thread='11779'/>
 (concurrent mode failure): 34175K-&gt;34175K(34176K), 0.1917844 secs] 49520K-&gt;37148K(49536K), [Metaspace: 61103K-&gt;61103K(1105920K)], 0.1919351 secs] [Times: user=0.19 sys=0.00, real=0.20 secs] 
[Full GC (Allocation Failure) [CMS: 34175K-&gt;34175K(34176K), 0.1483717 secs] 49535K-&gt;37194K(49536K), [Metaspace: 61103K-&gt;61103K(1105920K)], 0.1485545 secs] [Times: user=0.14 sys=0.00, real=0.15 secs] 
[GC (CMS Initial Mark) [1 CMS-initial-mark: 34175K(34176K)] 38319K(49536K), 0.0030137 secs] [Times: user=0.01 sys=0.00, real=0.00 secs] 
<writer thread='11267'/>
[CMS-concurrent-mark-start]
<writer thread='11779'/>
[Full GC (Allocation Failure) [CMS
<writer thread='11267'/>
[CMS-concurrent-mark: 0.067/0.069 secs] [Times: user=0.11 sys=0.01, real=0.07 secs] 
<writer thread='11779'/>
 (concurrent mode failure): 34175K-&gt;34175K(34176K), 0.2022898 secs] 49529K-&gt;37492K(49536K), [Metaspace: 61103K-&gt;61103K(1105920K)], 0.2024910 secs] [Times: user=0.19 sys=0.01, real=0.20 secs] 
[Full GC (Allocation Failure) [CMS: 34175K-&gt;34175K(34176K), 0.1586337 secs] 49535K-&gt;37248K(49536K), [Metaspace: 61108K-&gt;61108K(1105920K)], 0.1587864 secs] [Times: user=0.15 sys=0.00, real=0.16 secs] 
[GC (CMS Initial Mark) [1 CMS-initial-mark: 34175K(34176K)] 37417K(49536K), 0.0027001 secs] [Times: user=0.01 sys=0.00, real=0.01 secs] 
<writer thread='11267'/>
[CMS-concurrent-mark-start]
<writer thread='11779'/>
[Full GC (Allocation Failure) [CMS
<writer thread='11267'/>
[CMS-concurrent-mark: 0.064/0.066 secs] [Times: user=0.12 sys=0.00, real=0.06 secs] 
<writer thread='11779'/>
 (concurrent mode failure): 34175K-&gt;34175K(34176K), 0.2008347 secs] 49535K-&gt;37201K(49536K), [Metaspace: 61113K-&gt;61113K(1105920K)], 0.2010273 secs] [Times: user=0.19 sys=0.00, real=0.20 secs] 
[Full GC (Allocation Failure) [CMS: 34175K-&gt;34175K(34176K), 0.1562821 secs] 49535K-&gt;37264K(49536K), [Metaspace: 61113K-&gt;61113K(1105920K)], 0.1564579 secs] [Times: user=0.15 sys=0.00, real=0.16 secs] 
[GC (CMS Initial Mark) [1 CMS-initial-mark: 34175K(34176K)] 37308K(49536K), 0.0025719 secs] [Times: user=0.01 sys=0.00, real=0.00 secs] 
<writer thread='11267'/>
[CMS-concurrent-mark-start]
<writer thread='11779'/>
[Full GC (Allocation Failure) [CMS
<writer thread='11267'/>
[CMS-concurrent-mark: 0.070/0.072 secs] [Times: user=0.12 sys=0.01, real=0.08 secs] 
<writer thread='11779'/>
 (concurrent mode failure): 34175K-&gt;34175K(34176K), 0.2037912 secs] 49520K-&gt;37311K(49536K), [Metaspace: 61113K-&gt;61113K(1105920K)], 0.2039935 secs] [Times: user=0.20 sys=0.01, real=0.20 secs] 
[Full GC (Allocation Failure) [CMS: 34175K-&gt;34175K(34176K), 0.1646145 secs] 49535K-&gt;37469K(49536K), [Metaspace: 61113K-&gt;61113K(1105920K)], 0.1647651 secs] [Times: user=0.15 sys=0.00, real=0.17 secs] 
[GC (CMS Initial Mark) [1 CMS-initial-mark: 34175K(34176K)] 38372K(49536K), 0.0023939 secs] [Times: user=0.00 sys=0.00, real=0.00 secs] 
<writer thread='11267'/>
[CMS-concurrent-mark-start]
<writer thread='11779'/>
[Full GC (Allocation Failure) [CMS
<writer thread='11267'/>
[CMS-concurrent-mark: 0.078/0.081 secs] [Times: user=0.10 sys=0.01, real=0.08 secs] 
<writer thread='11779'/>
 (concurrent mode failure): 34175K-&gt;34175K(34176K), 0.2163789 secs] 49535K-&gt;37470K(49536K), [Metaspace: 61113K-&gt;61113K(1105920K)], 0.2165453 secs] [Times: user=0.21 sys=0.00, real=0.22 secs] 
[Full GC (Allocation Failure) [CMS: 34175K-&gt;34176K(34176K), 0.1510851 secs] 49535K-&gt;37358K(49536K), [Metaspace: 61113K-&gt;61113K(1105920K)], 0.1512366 secs] [Times: user=0.15 sys=0.00, real=0.16 secs] 
[GC (CMS Initial Mark) [1 CMS-initial-mark: 34176K(34176K)] 37441K(49536K), 0.0024461 secs] [Times: user=0.00 sys=0.00, real=0.00 secs] 
<writer thread='11267'/>
[CMS-concurrent-mark-start]
<writer thread='11779'/>
[Full GC (Allocation Failure) [CMS
<writer thread='11267'/>
[CMS-concurrent-mark: 0.065/0.067 secs] [Times: user=0.12 sys=0.01, real=0.07 secs] 
<writer thread='11779'/>
 (concurrent mode failure): 34176K-&gt;34175K(34176K), 0.1928696 secs] 49532K-&gt;37302K(49536K), [Metaspace: 61114K-&gt;61114K(1105920K)], 0.1930429 secs] [Times: user=0.19 sys=0.00, real=0.20 secs] 
[Full GC (Allocation Failure) [CMS: 34175K-&gt;34175K(34176K), 0.1499196 secs] 49531K-&gt;37609K(49536K), [Metaspace: 61114K-&gt;61114K(1105920K)], 0.1500818 secs] [Times: user=0.14 sys=0.00, real=0.15 secs] 
[GC (CMS Initial Mark) [1 CMS-initial-mark: 34175K(34176K)] 37829K(49536K), 0.0030385 secs] [Times: user=0.00 sys=0.00, real=0.00 secs] 
<writer thread='11267'/>
[CMS-concurrent-mark-start]
<writer thread='11779'/>
[Full GC (Allocation Failure) [CMS
<writer thread='11267'/>
[CMS-concurrent-mark: 0.065/0.067 secs] [Times: user=0.11 sys=0.01, real=0.07 secs] 
<writer thread='11779'/>
 (concurrent mode failure): 34175K-&gt;34176K(34176K), 0.1940101 secs] 49477K-&gt;37575K(49536K), [Metaspace: 61114K-&gt;61114K(1105920K)], 0.1941576 secs] [Times: user=0.19 sys=0.00, real=0.20 secs] 
[Full GC (Allocation Failure) [CMS: 34176K-&gt;34175K(34176K), 0.1537226 secs] 49535K-&gt;37317K(49536K), [Metaspace: 61114K-&gt;61114K(1105920K)], 0.1538672 secs] [Times: user=0.15 sys=0.00, real=0.15 secs] 
[GC (CMS Initial Mark) [1 CMS-initial-mark: 34175K(34176K)] 37348K(49536K), 0.0030928 secs] [Times: user=0.01 sys=0.00, real=0.00 secs] 
<writer thread='11267'/>
[CMS-concurrent-mark-start]
<writer thread='11779'/>
[Full GC (Allocation Failure) [CMS
<writer thread='11267'/>
[CMS-concurrent-mark: 0.062/0.064 secs] [Times: user=0.11 sys=0.00, real=0.07 secs] 
<writer thread='11779'/>
 (concurrent mode failure): 34175K-&gt;34175K(34176K), 0.1955009 secs] 49523K-&gt;37396K(49536K), [Metaspace: 61114K-&gt;61114K(1105920K)], 0.1956636 secs] [Times: user=0.18 sys=0.00, real=0.20 secs] 
[Full GC (Allocation Failure) [CMS: 34175K-&gt;34175K(34176K), 0.1533565 secs] 49534K-&gt;37715K(49536K), [Metaspace: 61114K-&gt;61114K(1105920K)], 0.1535123 secs] [Times: user=0.15 sys=0.00, real=0.15 secs] 
[GC (CMS Initial Mark) [1 CMS-initial-mark: 34175K(34176K)] 37846K(49536K), 0.0030376 secs] [Times: user=0.00 sys=0.00, real=0.00 secs] 
<writer thread='11267'/>
[CMS-concurrent-mark-start]
<writer thread='11779'/>
[Full GC (Allocation Failure) [CMS
<writer thread='11267'/>
[CMS-concurrent-mark: 0.060/0.061 secs] [Times: user=0.11 sys=0.01, real=0.07 secs] 
<writer thread='11779'/>
 (concurrent mode failure): 34175K-&gt;34176K(34176K), 0.1977528 secs] 49534K-&gt;37631K(49536K), [Metaspace: 61117K-&gt;61117K(1105920K)], 0.1979461 secs] [Times: user=0.19 sys=0.00, real=0.20 secs] 
[Full GC (Allocation Failure) [CMS: 34176K-&gt;34175K(34176K), 0.1511636 secs] 49531K-&gt;37452K(49536K), [Metaspace: 61119K-&gt;61119K(1105920K)], 0.1513837 secs] [Times: user=0.15 sys=0.00, real=0.15 secs] 
[GC (CMS Initial Mark) [1 CMS-initial-mark: 34175K(34176K)] 38202K(49536K), 0.0045645 secs] [Times: user=0.01 sys=0.00, real=0.01 secs] 
<writer thread='11267'/>
[CMS-concurrent-mark-start]
<writer thread='11779'/>
[Full GC (Allocation Failure) [CMS
<writer thread='11267'/>
[CMS-concurrent-mark: 0.065/0.066 secs] [Times: user=0.11 sys=0.01, real=0.06 secs] 
<writer thread='11779'/>
 (concurrent mode failure): 34175K-&gt;34175K(34176K), 0.2036769 secs] 49535K-&gt;37472K(49536K), [Metaspace: 61119K-&gt;61119K(1105920K)], 0.2038524 secs] [Times: user=0.20 sys=0.00, real=0.20 secs] 
[Full GC (Allocation Failure) [CMS: 34175K-&gt;34175K(34176K), 0.1666654 secs] 49535K-&gt;37230K(49536K), [Metaspace: 61119K-&gt;61119K(1105920K)], 0.1668454 secs] [Times: user=0.16 sys=0.00, real=0.16 secs] 
[GC (CMS Initial Mark) [1 CMS-initial-mark: 34175K(34176K)] 37852K(49536K), 0.0028517 secs] [Times: user=0.00 sys=0.00, real=0.01 secs] 
<writer thread='11267'/>
[CMS-concurrent-mark-start]
<writer thread='11779'/>
[Full GC (Allocation Failure) [CMS
<writer thread='11267'/>
[CMS-concurrent-mark: 0.065/0.067 secs] [Times: user=0.12 sys=0.00, real=0.06 secs] 
<writer thread='11779'/>
 (concurrent mode failure): 34175K-&gt;34176K(34176K), 0.2094371 secs] 49535K-&gt;37208K(49536K), [Metaspace: 61119K-&gt;61119K(1105920K)], 0.2096222 secs] [Times: user=0.20 sys=0.01, real=0.21 secs] 
[Full GC (Allocation Failure) [CMS: 34176K-&gt;34175K(34176K), 0.1697718 secs] 49535K-&gt;37784K(49536K), [Metaspace: 61119K-&gt;61119K(1105920K)], 0.1699305 secs] [Times: user=0.16 sys=0.01, real=0.17 secs] 
[GC (CMS Initial Mark) [1 CMS-initial-mark: 34175K(34176K)] 42580K(49536K), 0.0037067 secs] [Times: user=0.01 sys=0.00, real=0.01 secs] 
<writer thread='11267'/>
[CMS-concurrent-mark-start]
<writer thread='11779'/>
[Full GC (Allocation Failure) [CMS
<writer thread='11267'/>
[CMS-concurrent-mark: 0.059/0.061 secs] [Times: user=0.10 sys=0.00, real=0.07 secs] 
<writer thread='11779'/>
 (concurrent mode failure): 34175K-&gt;34175K(34176K), 0.2206911 secs] 49535K-&gt;37319K(49536K), [Metaspace: 61119K-&gt;61119K(1105920K)], 0.2208739 secs] [Times: user=0.20 sys=0.01, real=0.22 secs] 
[Full GC (Allocation Failure) [CMS: 34175K-&gt;34176K(34176K), 0.1503210 secs] 49530K-&gt;37527K(49536K), [Metaspace: 61119K-&gt;61119K(1105920K)], 0.1504681 secs] [Times: user=0.15 sys=0.00, real=0.15 secs] 
[GC (CMS Initial Mark) [1 CMS-initial-mark: 34176K(34176K)] 38169K(49536K), 0.0028567 secs] [Times: user=0.01 sys=0.00, real=0.00 secs] 
<writer thread='11267'/>
[CMS-concurrent-mark-start]
<writer thread='11779'/>
[Full GC (Allocation Failure) [CMS
<writer thread='11267'/>
[CMS-concurrent-mark: 0.063/0.065 secs] [Times: user=0.11 sys=0.01, real=0.07 secs] 
<writer thread='11779'/>
 (concurrent mode failure): 34176K-&gt;34175K(34176K), 0.1909738 secs] 49529K-&gt;37510K(49536K), [Metaspace: 61119K-&gt;61119K(1105920K)], 0.1911488 secs] [Times: user=0.18 sys=0.00, real=0.20 secs] 
[Full GC (Allocation Failure) [CMS: 34175K-&gt;34175K(34176K), 0.1523225 secs] 49535K-&gt;37246K(49536K), [Metaspace: 61119K-&gt;61119K(1105920K)], 0.1524737 secs] [Times: user=0.15 sys=0.00, real=0.16 secs] 
[GC (CMS Initial Mark) [1 CMS-initial-mark: 34175K(34176K)] 37852K(49536K), 0.0026699 secs] [Times: user=0.01 sys=0.00, real=0.00 secs] 
<writer thread='11267'/>
[CMS-concurrent-mark-start]
<writer thread='11779'/>
[Full GC (Allocation Failure) [CMS
<writer thread='11267'/>
[CMS-concurrent-mark: 0.058/0.060 secs] [Times: user=0.10 sys=0.01, real=0.06 secs] 
<writer thread='11779'/>
 (concurrent mode failure): 34175K-&gt;34176K(34176K), 0.1961728 secs] 49530K-&gt;37399K(49536K), [Metaspace: 61119K-&gt;61119K(1105920K)], 0.1963288 secs] [Times: user=0.19 sys=0.00, real=0.20 secs] 
[Full GC (Allocation Failure) [CMS: 34176K-&gt;34175K(34176K), 0.1541579 secs] 49535K-&gt;37368K(49536K), [Metaspace: 61119K-&gt;61119K(1105920K)], 0.1543120 secs] [Times: user=0.15 sys=0.00, real=0.15 secs] 
[GC (CMS Initial Mark) [1 CMS-initial-mark: 34175K(34176K)] 38012K(49536K), 0.0024312 secs] [Times: user=0.01 sys=0.00, real=0.00 secs] 
<writer thread='11267'/>
[CMS-concurrent-mark-start]
<writer thread='11779'/>
[Full GC (Allocation Failure) [CMS
<writer thread='11267'/>
[CMS-concurrent-mark: 0.073/0.075 secs] [Times: user=0.17 sys=0.01, real=0.08 secs] 
<writer thread='11779'/>
 (concurrent mode failure): 34175K-&gt;34175K(34176K), 0.1912819 secs] 49535K-&gt;37253K(49536K), [Metaspace: 61119K-&gt;61119K(1105920K)], 0.1914660 secs] [Times: user=0.21 sys=0.00, real=0.19 secs] 
[Full GC (Allocation Failure) [CMS: 34175K-&gt;34175K(34176K), 0.1507143 secs] 49530K-&gt;37250K(49536K), [Metaspace: 61119K-&gt;61119K(1105920K)], 0.1508806 secs] [Times: user=0.14 sys=0.00, real=0.15 secs] 
[GC (CMS Initial Mark) [1 CMS-initial-mark: 34175K(34176K)] 37461K(49536K), 0.0026075 secs] [Times: user=0.00 sys=0.00, real=0.01 secs] 
<writer thread='11267'/>
[CMS-concurrent-mark-start]
<writer thread='11779'/>
[Full GC (Allocation Failure) [CMS
<writer thread='11267'/>
[CMS-concurrent-mark: 0.066/0.068 secs] [Times: user=0.13 sys=0.01, real=0.06 secs] 
<writer thread='11779'/>
 (concurrent mode failure): 34175K-&gt;34175K(34176K), 0.2051384 secs] 49535K-&gt;37295K(49536K), [Metaspace: 61119K-&gt;61119K(1105920K)], 0.2052957 secs] [Times: user=0.20 sys=0.00, real=0.21 secs] 
[Full GC (Allocation Failure) [CMS: 34175K-&gt;34175K(34176K), 0.1548307 secs] 49522K-&gt;37694K(49536K), [Metaspace: 61119K-&gt;61119K(1105920K)], 0.1550153 secs] [Times: user=0.15 sys=0.00, real=0.15 secs] 
[GC (CMS Initial Mark) [1 CMS-initial-mark: 34175K(34176K)] 38496K(49536K), 0.0033222 secs] [Times: user=0.00 sys=0.00, real=0.01 secs] 
<writer thread='11267'/>
[CMS-concurrent-mark-start]
<writer thread='11779'/>
[Full GC (Allocation Failure) [CMS
<writer thread='11267'/>
[CMS-concurrent-mark: 0.067/0.069 secs] [Times: user=0.11 sys=0.01, real=0.07 secs] 
<writer thread='11779'/>
 (concurrent mode failure): 34176K-&gt;34175K(34176K), 0.2154454 secs] 49535K-&gt;37402K(49536K), [Metaspace: 61119K-&gt;61119K(1105920K)], 0.2155989 secs] [Times: user=0.20 sys=0.00, real=0.22 secs] 
[Full GC (Allocation Failure) [CMS: 34175K-&gt;34175K(34176K), 0.1570569 secs] 49521K-&gt;37464K(49536K), [Metaspace: 61119K-&gt;61119K(1105920K)], 0.1572465 secs] [Times: user=0.15 sys=0.00, real=0.16 secs] 
[GC (CMS Initial Mark) [1 CMS-initial-mark: 34175K(34176K)] 37716K(49536K), 0.0028044 secs] [Times: user=0.01 sys=0.00, real=0.00 secs] 
<writer thread='11267'/>
[CMS-concurrent-mark-start]
<writer thread='11779'/>
[Full GC (Allocation Failure) [CMS
<writer thread='11267'/>
[CMS-concurrent-mark: 0.059/0.061 secs] [Times: user=0.11 sys=0.01, real=0.06 secs] 
<writer thread='11779'/>
 (concurrent mode failure): 34175K-&gt;34175K(34176K), 0.1934322 secs] 49535K-&gt;37410K(49536K), [Metaspace: 61119K-&gt;61119K(1105920K)], 0.1935970 secs] [Times: user=0.18 sys=0.00, real=0.20 secs] 
[Full GC (Allocation Failure) [CMS: 34175K-&gt;34175K(34176K), 0.1507824 secs] 49523K-&gt;37405K(49536K), [Metaspace: 61119K-&gt;61119K(1105920K)], 0.1509305 secs] [Times: user=0.14 sys=0.00, real=0.15 secs] 
[GC (CMS Initial Mark) [1 CMS-initial-mark: 34175K(34176K)] 38403K(49536K), 0.0028543 secs] [Times: user=0.00 sys=0.00, real=0.01 secs] 
<writer thread='11267'/>
[CMS-concurrent-mark-start]
<writer thread='11779'/>
[Full GC (Allocation Failure) [CMS
<writer thread='11267'/>
[CMS-concurrent-mark: 0.061/0.063 secs] [Times: user=0.11 sys=0.00, real=0.06 secs] 
<writer thread='11779'/>
 (concurrent mode failure): 34175K-&gt;34175K(34176K), 0.1948450 secs] 49535K-&gt;37697K(49536K), [Metaspace: 61119K-&gt;61119K(1105920K)], 0.1949977 secs] [Times: user=0.19 sys=0.00, real=0.19 secs] 
[Full GC (Allocation Failure) [CMS: 34175K-&gt;34176K(34176K), 0.1607543 secs] 49535K-&gt;37443K(49536K), [Metaspace: 61119K-&gt;61119K(1105920K)], 0.1609092 secs] [Times: user=0.15 sys=0.00, real=0.16 secs] 
[GC (CMS Initial Mark) [1 CMS-initial-mark: 34176K(34176K)] 38581K(49536K), 0.0030612 secs] [Times: user=0.00 sys=0.00, real=0.00 secs] 
<writer thread='11267'/>
[CMS-concurrent-mark-start]
<writer thread='11779'/>
[Full GC (Allocation Failure) [CMS
<writer thread='11267'/>
[CMS-concurrent-mark: 0.056/0.058 secs] [Times: user=0.08 sys=0.01, real=0.06 secs] 
<writer thread='11779'/>
 (concurrent mode failure): 34176K-&gt;34175K(34176K), 0.2036086 secs] 49536K-&gt;37305K(49536K), [Metaspace: 61119K-&gt;61119K(1105920K)], 0.2037639 secs] [Times: user=0.20 sys=0.00, real=0.21 secs] 
[Full GC (Allocation Failure) [CMS: 34175K-&gt;34176K(34176K), 0.1637855 secs] 49529K-&gt;37454K(49536K), [Metaspace: 61119K-&gt;61119K(1105920K)], 0.1639426 secs] [Times: user=0.16 sys=0.00, real=0.17 secs] 
[GC (CMS Initial Mark) [1 CMS-initial-mark: 34176K(34176K)] 38004K(49536K), 0.0027353 secs] [Times: user=0.00 sys=0.00, real=0.00 secs] 
<writer thread='11267'/>
[CMS-concurrent-mark-start]
<writer thread='11779'/>
[Full GC (Allocation Failure) [CMS
<writer thread='11267'/>
[CMS-concurrent-mark: 0.061/0.063 secs] [Times: user=0.10 sys=0.01, real=0.07 secs] 
<writer thread='11779'/>
 (concurrent mode failure): 34176K-&gt;34176K(34176K), 0.1983345 secs] 49535K-&gt;37319K(49536K), [Metaspace: 61119K-&gt;61119K(1105920K)], 0.1984892 secs] [Times: user=0.19 sys=0.00, real=0.20 secs] 
[Full GC (Allocation Failure) [CMS: 34176K-&gt;34175K(34176K), 0.1461349 secs] 49535K-&gt;37335K(49536K), [Metaspace: 61119K-&gt;61119K(1105920K)], 0.1462856 secs] [Times: user=0.15 sys=0.00, real=0.14 secs] 
[GC (CMS Initial Mark) [1 CMS-initial-mark: 34175K(34176K)] 37454K(49536K), 0.0024532 secs] [Times: user=0.00 sys=0.00, real=0.01 secs] 
<writer thread='11267'/>
[CMS-concurrent-mark-start]
<writer thread='11779'/>
[Full GC (Allocation Failure) [CMS
<writer thread='11267'/>
[CMS-concurrent-mark: 0.062/0.064 secs] [Times: user=0.11 sys=0.01, real=0.06 secs] 
<writer thread='11779'/>
 (concurrent mode failure): 34175K-&gt;34176K(34176K), 0.1970547 secs] 49535K-&gt;37304K(49536K), [Metaspace: 61119K-&gt;61119K(1105920K)], 0.1972067 secs] [Times: user=0.19 sys=0.00, real=0.20 secs] 
[Full GC (Allocation Failure) [CMS: 34176K-&gt;34176K(34176K), 0.1463979 secs] 49531K-&gt;37387K(49536K), [Metaspace: 61119K-&gt;61119K(1105920K)], 0.1465825 secs] [Times: user=0.14 sys=0.00, real=0.15 secs] 
[GC (CMS Initial Mark) [1 CMS-initial-mark: 34176K(34176K)] 37611K(49536K), 0.0023733 secs] [Times: user=0.01 sys=0.00, real=0.00 secs] 
<writer thread='11267'/>
[CMS-concurrent-mark-start]
<writer thread='11779'/>
[Full GC (Allocation Failure) [CMS
<writer thread='11267'/>
[CMS-concurrent-mark: 0.063/0.065 secs] [Times: user=0.10 sys=0.01, real=0.07 secs] 
<writer thread='11779'/>
 (concurrent mode failure): 34176K-&gt;34176K(34176K), 0.1912699 secs] 49536K-&gt;37419K(49536K), [Metaspace: 61119K-&gt;61119K(1105920K)], 0.1914310 secs] [Times: user=0.19 sys=0.00, real=0.20 secs] 
[Full GC (Allocation Failure) [CMS: 34176K-&gt;34176K(34176K), 0.1451336 secs] 49535K-&gt;37244K(49536K), [Metaspace: 61119K-&gt;61119K(1105920K)], 0.1453017 secs] [Times: user=0.14 sys=0.00, real=0.15 secs] 
[GC (CMS Initial Mark) [1 CMS-initial-mark: 34176K(34176K)] 37958K(49536K), 0.0024172 secs] [Times: user=0.01 sys=0.00, real=0.00 secs] 
<writer thread='11267'/>
[CMS-concurrent-mark-start]
<writer thread='11779'/>
[Full GC (Allocation Failure) [CMS
<writer thread='11267'/>
[CMS-concurrent-mark: 0.063/0.065 secs] [Times: user=0.11 sys=0.01, real=0.07 secs] 
<writer thread='11779'/>
 (concurrent mode failure): 34176K-&gt;34176K(34176K), 0.1899677 secs] 49535K-&gt;37547K(49536K), [Metaspace: 61119K-&gt;61119K(1105920K)], 0.1901319 secs] [Times: user=0.18 sys=0.00, real=0.19 secs] 
[Full GC (Allocation Failure) [CMS: 34176K-&gt;34176K(34176K), 0.1485910 secs] 49522K-&gt;37378K(49536K), [Metaspace: 61119K-&gt;61119K(1105920K)], 0.1487447 secs] [Times: user=0.15 sys=0.00, real=0.15 secs] 
[GC (CMS Initial Mark) [1 CMS-initial-mark: 34176K(34176K)] 37520K(49536K), 0.0028510 secs] [Times: user=0.00 sys=0.00, real=0.00 secs] 
<writer thread='11267'/>
[CMS-concurrent-mark-start]
<writer thread='11779'/>
[Full GC (Allocation Failure) [CMS
<writer thread='11267'/>
[CMS-concurrent-mark: 0.067/0.069 secs] [Times: user=0.11 sys=0.01, real=0.07 secs] 
<writer thread='11779'/>
 (concurrent mode failure): 34176K-&gt;34175K(34176K), 0.1991374 secs] 49533K-&gt;37619K(49536K), [Metaspace: 61119K-&gt;61119K(1105920K)], 0.1992948 secs] [Times: user=0.19 sys=0.00, real=0.20 secs] 
[Full GC (Allocation Failure) [CMS: 34175K-&gt;34175K(34176K), 0.1500081 secs] 49535K-&gt;37259K(49536K), [Metaspace: 61119K-&gt;61119K(1105920K)], 0.1501841 secs] [Times: user=0.15 sys=0.00, real=0.15 secs] 
[GC (CMS Initial Mark) [1 CMS-initial-mark: 34175K(34176K)] 37761K(49536K), 0.0023758 secs] [Times: user=0.00 sys=0.00, real=0.01 secs] 
<writer thread='11267'/>
[CMS-concurrent-mark-start]
<writer thread='11779'/>
[Full GC (Allocation Failure) [CMS
<writer thread='11267'/>
[CMS-concurrent-mark: 0.063/0.065 secs] [Times: user=0.11 sys=0.01, real=0.06 secs] 
<writer thread='11779'/>
 (concurrent mode failure): 34175K-&gt;34175K(34176K), 0.2060008 secs] 49535K-&gt;37360K(49536K), [Metaspace: 61119K-&gt;61119K(1105920K)], 0.2061516 secs] [Times: user=0.20 sys=0.00, real=0.20 secs] 
[Full GC (Allocation Failure) [CMS: 34176K-&gt;34176K(34176K), 0.1603276 secs] 49535K-&gt;37349K(49536K), [Metaspace: 61119K-&gt;61119K(1105920K)], 0.1605276 secs] [Times: user=0.15 sys=0.00, real=0.16 secs] 
[GC (CMS Initial Mark) [1 CMS-initial-mark: 34176K(34176K)] 37372K(49536K), 0.0027595 secs] [Times: user=0.01 sys=0.00, real=0.01 secs] 
<writer thread='11267'/>
[CMS-concurrent-mark-start]
<writer thread='11779'/>
[Full GC (Allocation Failure) [CMS
<writer thread='11267'/>
[CMS-concurrent-mark: 0.065/0.067 secs] [Times: user=0.11 sys=0.01, real=0.06 secs] 
<writer thread='11779'/>
 (concurrent mode failure): 34176K-&gt;34175K(34176K), 0.1977257 secs] 49535K-&gt;37395K(49536K), [Metaspace: 61119K-&gt;61119K(1105920K)], 0.1978958 secs] [Times: user=0.19 sys=0.00, real=0.20 secs] 
[Full GC (Allocation Failure) [CMS: 34175K-&gt;34176K(34176K), 0.1590907 secs] 49535K-&gt;37564K(49536K), [Metaspace: 61119K-&gt;61119K(1105920K)], 0.1592460 secs] [Times: user=0.15 sys=0.00, real=0.16 secs] 
[GC (CMS Initial Mark) [1 CMS-initial-mark: 34176K(34176K)] 38480K(49536K), 0.0029592 secs] [Times: user=0.01 sys=0.00, real=0.00 secs] 
<writer thread='11267'/>
[CMS-concurrent-mark-start]
<writer thread='11779'/>
[Full GC (Allocation Failure) [CMS
<writer thread='11267'/>
[CMS-concurrent-mark: 0.065/0.067 secs] [Times: user=0.11 sys=0.00, real=0.07 secs] 
<writer thread='11779'/>
 (concurrent mode failure): 34176K-&gt;34175K(34176K), 0.1938978 secs] 49535K-&gt;37293K(49536K), [Metaspace: 61119K-&gt;61119K(1105920K)], 0.1940591 secs] [Times: user=0.18 sys=0.00, real=0.19 secs] 
[Full GC (Allocation Failure) [CMS: 34175K-&gt;34175K(34176K), 0.1635531 secs] 49535K-&gt;37918K(49536K), [Metaspace: 61119K-&gt;61119K(1105920K)], 0.1637432 secs] [Times: user=0.15 sys=0.00, real=0.17 secs] 
[GC (CMS Initial Mark) [1 CMS-initial-mark: 34175K(34176K)] 38165K(49536K), 0.0030658 secs] [Times: user=0.01 sys=0.00, real=0.00 secs] 
<writer thread='11267'/>
[CMS-concurrent-mark-start]
<writer thread='11779'/>
[Full GC (Allocation Failure) [CMS
<writer thread='11267'/>
[CMS-concurrent-mark: 0.078/0.080 secs] [Times: user=0.15 sys=0.01, real=0.08 secs] 
<writer thread='11779'/>
 (concurrent mode failure): 34175K-&gt;34175K(34176K), 0.1974062 secs] 49526K-&gt;37175K(49536K), [Metaspace: 61119K-&gt;61119K(1105920K)], 0.1975975 secs] [Times: user=0.19 sys=0.00, real=0.20 secs] 
[Full GC (Allocation Failure) [CMS: 34175K-&gt;34175K(34176K), 0.1602351 secs] 49528K-&gt;37287K(49536K), [Metaspace: 61119K-&gt;61119K(1105920K)], 0.1604268 secs] [Times: user=0.17 sys=0.00, real=0.16 secs] 
[GC (CMS Initial Mark) [1 CMS-initial-mark: 34175K(34176K)] 37338K(49536K), 0.0024085 secs] [Times: user=0.00 sys=0.00, real=0.00 secs] 
<writer thread='11267'/>
[CMS-concurrent-mark-start]
<writer thread='11779'/>
[Full GC (Allocation Failure) [CMS
<writer thread='11267'/>
[CMS-concurrent-mark: 0.069/0.071 secs] [Times: user=0.12 sys=0.01, real=0.08 secs] 
<writer thread='11779'/>
 (concurrent mode failure): 34175K-&gt;34175K(34176K), 0.2000728 secs] 49535K-&gt;37281K(49536K), [Metaspace: 61119K-&gt;61119K(1105920K)], 0.2002470 secs] [Times: user=0.19 sys=0.01, real=0.20 secs] 
[Full GC (Allocation Failure) [CMS: 34175K-&gt;34175K(34176K), 0.1557300 secs] 49530K-&gt;37342K(49536K), [Metaspace: 61119K-&gt;61119K(1105920K)], 0.1558918 secs] [Times: user=0.15 sys=0.01, real=0.15 secs] 
[GC (CMS Initial Mark) [1 CMS-initial-mark: 34175K(34176K)] 47264K(49536K), 0.0049424 secs] [Times: user=0.01 sys=0.00, real=0.00 secs] 
<writer thread='11267'/>
[CMS-concurrent-mark-start]
<writer thread='11779'/>
[Full GC (Allocation Failure) [CMS
<writer thread='11267'/>
[CMS-concurrent-mark: 0.060/0.062 secs] [Times: user=0.07 sys=0.01, real=0.07 secs] 
<writer thread='11779'/>
 (concurrent mode failure): 34175K-&gt;34175K(34176K), 0.2138208 secs] 49534K-&gt;37329K(49536K), [Metaspace: 61119K-&gt;61119K(1105920K)], 0.2139712 secs] [Times: user=0.20 sys=0.01, real=0.21 secs] 
[Full GC (Allocation Failure) [CMS: 34175K-&gt;34175K(34176K), 0.1615151 secs] 49529K-&gt;37329K(49536K), [Metaspace: 61119K-&gt;61119K(1105920K)], 0.1617189 secs] [Times: user=0.15 sys=0.00, real=0.16 secs] 
[GC (CMS Initial Mark) [1 CMS-initial-mark: 34175K(34176K)] 37375K(49536K), 0.0025493 secs] [Times: user=0.01 sys=0.00, real=0.00 secs] 
<writer thread='11267'/>
[CMS-concurrent-mark-start]
<writer thread='11779'/>
[Full GC (Allocation Failure) [CMS
<writer thread='11267'/>
[CMS-concurrent-mark: 0.065/0.067 secs] [Times: user=0.11 sys=0.01, real=0.07 secs] 
<writer thread='11779'/>
 (concurrent mode failure): 34175K-&gt;34176K(34176K), 0.2076873 secs] 49535K-&gt;37339K(49536K), [Metaspace: 61119K-&gt;61119K(1105920K)], 0.2078683 secs] [Times: user=0.19 sys=0.00, real=0.21 secs] 
[Full GC (Allocation Failure) [CMS: 34176K-&gt;34176K(34176K), 0.1592448 secs] 49536K-&gt;37340K(49536K), [Metaspace: 61119K-&gt;61119K(1105920K)], 0.1593960 secs] [Times: user=0.16 sys=0.00, real=0.16 secs] 
[GC (CMS Initial Mark) [1 CMS-initial-mark: 34176K(34176K)] 37668K(49536K), 0.0028550 secs] [Times: user=0.00 sys=0.00, real=0.01 secs] 
<writer thread='11267'/>
[CMS-concurrent-mark-start]
<writer thread='11779'/>
[Full GC (Allocation Failure) [CMS
<writer thread='11267'/>
[CMS-concurrent-mark: 0.064/0.067 secs] [Times: user=0.11 sys=0.01, real=0.07 secs] 
<writer thread='11779'/>
 (concurrent mode failure): 34176K-&gt;34175K(34176K), 0.1905463 secs] 49536K-&gt;37254K(49536K), [Metaspace: 61119K-&gt;61119K(1105920K)], 0.1907093 secs] [Times: user=0.18 sys=0.00, real=0.19 secs] 
[Full GC (Allocation Failure) [CMS: 34175K-&gt;34175K(34176K), 0.1477392 secs] 49535K-&gt;37241K(49536K), [Metaspace: 61119K-&gt;61119K(1105920K)], 0.1478966 secs] [Times: user=0.14 sys=0.00, real=0.15 secs] 
[GC (CMS Initial Mark) [1 CMS-initial-mark: 34175K(34176K)] 37680K(49536K), 0.0025573 secs] [Times: user=0.01 sys=0.00, real=0.00 secs] 
<writer thread='11267'/>
[CMS-concurrent-mark-start]
<writer thread='11779'/>
[Full GC (Allocation Failure) [CMS
<writer thread='11267'/>
[CMS-concurrent-mark: 0.069/0.072 secs] [Times: user=0.15 sys=0.01, real=0.07 secs] 
<writer thread='11779'/>
 (concurrent mode failure): 34175K-&gt;34175K(34176K), 0.1912795 secs] 49535K-&gt;37411K(49536K), [Metaspace: 61119K-&gt;61119K(1105920K)], 0.1915210 secs] [Times: user=0.18 sys=0.00, real=0.20 secs] 
[Full GC (Allocation Failure) [CMS: 34175K-&gt;34176K(34176K), 0.1496462 secs] 49533K-&gt;37305K(49536K), [Metaspace: 61119K-&gt;61119K(1105920K)], 0.1498134 secs] [Times: user=0.17 sys=0.00, real=0.15 secs] 
[GC (CMS Initial Mark) [1 CMS-initial-mark: 34176K(34176K)] 37759K(49536K), 0.0025432 secs] [Times: user=0.00 sys=0.00, real=0.00 secs] 
<writer thread='11267'/>
[CMS-concurrent-mark-start]
<writer thread='11779'/>
[Full GC (Allocation Failure) [CMS
<writer thread='11267'/>
[CMS-concurrent-mark: 0.072/0.074 secs] [Times: user=0.11 sys=0.01, real=0.08 secs] 
<writer thread='11779'/>
 (concurrent mode failure): 34176K-&gt;34175K(34176K), 0.2138067 secs] 49535K-&gt;37382K(49536K), [Metaspace: 61119K-&gt;61119K(1105920K)], 0.2139728 secs] [Times: user=0.20 sys=0.00, real=0.22 secs] 
[Full GC (Allocation Failure) [CMS: 34175K-&gt;34175K(34176K), 0.1555200 secs] 49531K-&gt;37332K(49536K), [Metaspace: 61119K-&gt;61119K(1105920K)], 0.1556731 secs] [Times: user=0.15 sys=0.00, real=0.16 secs] 
[GC (CMS Initial Mark) [1 CMS-initial-mark: 34175K(34176K)] 37780K(49536K), 0.0027421 secs] [Times: user=0.01 sys=0.00, real=0.00 secs] 
<writer thread='11267'/>
[CMS-concurrent-mark-start]
<writer thread='11779'/>
[Full GC (Allocation Failure) [CMS
<writer thread='11267'/>
[CMS-concurrent-mark: 0.062/0.064 secs] [Times: user=0.11 sys=0.01, real=0.07 secs] 
<writer thread='11779'/>
 (concurrent mode failure): 34176K-&gt;34175K(34176K), 0.1988724 secs] 49535K-&gt;37395K(49536K), [Metaspace: 61119K-&gt;61119K(1105920K)], 0.1990326 secs] [Times: user=0.19 sys=0.00, real=0.20 secs] 
[Full GC (Allocation Failure) [CMS: 34175K-&gt;34175K(34176K), 0.1593496 secs] 49535K-&gt;37282K(49536K), [Metaspace: 61119K-&gt;61119K(1105920K)], 0.1595080 secs] [Times: user=0.15 sys=0.00, real=0.16 secs] 
[GC (CMS Initial Mark) [1 CMS-initial-mark: 34175K(34176K)] 37536K(49536K), 0.0027438 secs] [Times: user=0.01 sys=0.00, real=0.00 secs] 
<writer thread='11267'/>
[CMS-concurrent-mark-start]
<writer thread='11779'/>
[Full GC (Allocation Failure) [CMS
<writer thread='11267'/>
[CMS-concurrent-mark: 0.065/0.067 secs] [Times: user=0.11 sys=0.01, real=0.07 secs] 
<writer thread='11779'/>
 (concurrent mode failure): 34175K-&gt;34175K(34176K), 0.2094614 secs] 49535K-&gt;37254K(49536K), [Metaspace: 61119K-&gt;61119K(1105920K)], 0.2097354 secs] [Times: user=0.20 sys=0.00, real=0.21 secs] 
[Full GC (Allocation Failure) [CMS: 34175K-&gt;34175K(34176K), 0.1603575 secs] 49532K-&gt;37408K(49536K), [Metaspace: 61119K-&gt;61119K(1105920K)], 0.1605183 secs] [Times: user=0.15 sys=0.00, real=0.16 secs] 
[GC (CMS Initial Mark) [1 CMS-initial-mark: 34175K(34176K)] 37412K(49536K), 0.0040645 secs] [Times: user=0.01 sys=0.00, real=0.01 secs] 
<writer thread='11267'/>
[CMS-concurrent-mark-start]
<writer thread='11779'/>
[Full GC (Allocation Failure) [CMS
<writer thread='11267'/>
[CMS-concurrent-mark: 0.062/0.064 secs] [Times: user=0.11 sys=0.01, real=0.06 secs] 
<writer thread='11779'/>
 (concurrent mode failure): 34175K-&gt;34175K(34176K), 0.2033513 secs] 49532K-&gt;37395K(49536K), [Metaspace: 61119K-&gt;61119K(1105920K)], 0.2035260 secs] [Times: user=0.19 sys=0.00, real=0.20 secs] 
[Full GC (Allocation Failure) [CMS: 34176K-&gt;34174K(34176K), 0.1660190 secs] 49535K-&gt;37238K(49536K), [Metaspace: 61119K-&gt;61119K(1105920K)], 0.1661954 secs] [Times: user=0.16 sys=0.00, real=0.17 secs] 
[GC (CMS Initial Mark) [1 CMS-initial-mark: 34174K(34176K)] 37400K(49536K), 0.0025116 secs] [Times: user=0.01 sys=0.00, real=0.00 secs] 
<writer thread='11267'/>
[CMS-concurrent-mark-start]
<writer thread='11779'/>
[Full GC (Allocation Failure) [CMS
<writer thread='11267'/>
[CMS-concurrent-mark: 0.065/0.067 secs] [Times: user=0.11 sys=0.01, real=0.07 secs] 
<writer thread='11779'/>
 (concurrent mode failure): 34175K-&gt;34175K(34176K), 0.2002710 secs] 49535K-&gt;37312K(49536K), [Metaspace: 61119K-&gt;61119K(1105920K)], 0.2004312 secs] [Times: user=0.20 sys=0.00, real=0.20 secs] 
[Full GC (Allocation Failure) [CMS: 34176K-&gt;34175K(34176K), 0.1659224 secs] 49536K-&gt;37349K(49536K), [Metaspace: 61119K-&gt;61119K(1105920K)], 0.1662247 secs] [Times: user=0.15 sys=0.00, real=0.17 secs] 
[GC (CMS Initial Mark) [1 CMS-initial-mark: 34175K(34176K)] 37725K(49536K), 0.0040849 secs] [Times: user=0.01 sys=0.00, real=0.00 secs] 
<writer thread='11267'/>
[CMS-concurrent-mark-start]
<writer thread='11779'/>
[Full GC (Allocation Failure) [CMS
<writer thread='11267'/>
[CMS-concurrent-mark: 0.081/0.083 secs] [Times: user=0.10 sys=0.01, real=0.09 secs] 
<writer thread='11779'/>
 (concurrent mode failure): 34175K-&gt;34174K(34176K), 0.2289518 secs] 49529K-&gt;37293K(49536K), [Metaspace: 61119K-&gt;61119K(1105920K)], 0.2291514 secs] [Times: user=0.21 sys=0.00, real=0.23 secs] 
[Full GC (Allocation Failure) [CMS: 34175K-&gt;34173K(34176K), 0.1615658 secs] 49535K-&gt;37196K(49536K), [Metaspace: 61119K-&gt;61119K(1105920K)], 0.1617401 secs] [Times: user=0.16 sys=0.00, real=0.16 secs] 
[GC (CMS Initial Mark) [1 CMS-initial-mark: 34173K(34176K)] 37327K(49536K), 0.0026351 secs] [Times: user=0.00 sys=0.00, real=0.00 secs] 
<writer thread='11267'/>
[CMS-concurrent-mark-start]
<writer thread='11779'/>
[Full GC (Allocation Failure) [CMS
<writer thread='11267'/>
[CMS-concurrent-mark: 0.065/0.066 secs] [Times: user=0.11 sys=0.01, real=0.07 secs] 
<writer thread='11779'/>
 (concurrent mode failure): 34175K-&gt;34173K(34176K), 0.1975005 secs] 49535K-&gt;37469K(49536K), [Metaspace: 61119K-&gt;61119K(1105920K)], 0.1976521 secs] [Times: user=0.19 sys=0.01, real=0.20 secs] 
[Full GC (Allocation Failure) [CMS: 34175K-&gt;34173K(34176K), 0.1514312 secs] 49535K-&gt;37498K(49536K), [Metaspace: 61119K-&gt;61119K(1105920K)], 0.1516804 secs] [Times: user=0.15 sys=0.00, real=0.15 secs] 
[GC (CMS Initial Mark) [1 CMS-initial-mark: 34173K(34176K)] 37613K(49536K), 0.0029037 secs] [Times: user=0.01 sys=0.00, real=0.00 secs] 
<writer thread='11267'/>
[CMS-concurrent-mark-start]
<writer thread='11779'/>
[Full GC (Allocation Failure) [CMS
<writer thread='11267'/>
[CMS-concurrent-mark: 0.067/0.069 secs] [Times: user=0.11 sys=0.01, real=0.07 secs] 
<writer thread='11779'/>
 (concurrent mode failure): 34176K-&gt;34169K(34176K), 0.2185894 secs] 49536K-&gt;37305K(49536K), [Metaspace: 61119K-&gt;61119K(1105920K)], 0.2188147 secs] [Times: user=0.20 sys=0.00, real=0.22 secs] 
[Full GC (Allocation Failure) [CMS: 34176K-&gt;34171K(34176K), 0.1615175 secs] 49535K-&gt;37340K(49536K), [Metaspace: 61119K-&gt;61119K(1105920K)], 0.1617009 secs] [Times: user=0.15 sys=0.01, real=0.16 secs] 
[GC (CMS Initial Mark) [1 CMS-initial-mark: 34171K(34176K)] 37571K(49536K), 0.0026079 secs] [Times: user=0.01 sys=0.00, real=0.00 secs] 
<writer thread='11267'/>
[CMS-concurrent-mark-start]
<writer thread='11779'/>
[Full GC (Allocation Failure) [CMS
<writer thread='11267'/>
[CMS-concurrent-mark: 0.070/0.072 secs] [Times: user=0.10 sys=0.01, real=0.08 secs] 
<writer thread='11779'/>
 (concurrent mode failure): 34175K-&gt;34172K(34176K), 0.2157671 secs] 49535K-&gt;37283K(49536K), [Metaspace: 61119K-&gt;61119K(1105920K)], 0.2159269 secs] [Times: user=0.21 sys=0.01, real=0.21 secs] 
[Full GC (Allocation Failure) [CMS: 34176K-&gt;34170K(34176K), 0.1541701 secs] 49535K-&gt;37405K(49536K), [Metaspace: 61119K-&gt;61119K(1105920K)], 0.1543473 secs] [Times: user=0.15 sys=0.00, real=0.16 secs] 
[GC (CMS Initial Mark) [1 CMS-initial-mark: 34170K(34176K)] 37549K(49536K), 0.0025836 secs] [Times: user=0.00 sys=0.00, real=0.00 secs] 
<writer thread='11267'/>
[CMS-concurrent-mark-start]
<writer thread='11779'/>
[Full GC (Allocation Failure) [CMS
<writer thread='11267'/>
[CMS-concurrent-mark: 0.066/0.068 secs] [Times: user=0.12 sys=0.01, real=0.07 secs] 
<writer thread='11779'/>
 (concurrent mode failure): 34170K-&gt;34168K(34176K), 0.1992836 secs] 49528K-&gt;37352K(49536K), [Metaspace: 61119K-&gt;61119K(1105920K)], 0.1994694 secs] [Times: user=0.19 sys=0.00, real=0.20 secs] 
[Full GC (Allocation Failure) [CMS: 34175K-&gt;34172K(34176K), 0.1646995 secs] 49535K-&gt;37396K(49536K), [Metaspace: 61119K-&gt;61119K(1105920K)], 0.1648957 secs] [Times: user=0.16 sys=0.00, real=0.16 secs] 
[GC (CMS Initial Mark) [1 CMS-initial-mark: 34172K(34176K)] 37537K(49536K), 0.0028401 secs] [Times: user=0.01 sys=0.00, real=0.00 secs] 
<writer thread='11267'/>
[CMS-concurrent-mark-start]
<writer thread='11779'/>
[Full GC (Allocation Failure) [CMS
<writer thread='11267'/>
[CMS-concurrent-mark: 0.071/0.073 secs] [Times: user=0.12 sys=0.01, real=0.08 secs] 
<writer thread='11779'/>
 (concurrent mode failure): 34175K-&gt;34175K(34176K), 0.2255515 secs] 49535K-&gt;37529K(49536K), [Metaspace: 61119K-&gt;61119K(1105920K)], 0.2257202 secs] [Times: user=0.22 sys=0.00, real=0.23 secs] 
[Full GC (Allocation Failure) [CMS: 34175K-&gt;34170K(34176K), 0.1766183 secs] 49534K-&gt;37131K(49536K), [Metaspace: 61119K-&gt;61119K(1105920K)], 0.1768229 secs] [Times: user=0.17 sys=0.00, real=0.17 secs] 
[GC (CMS Initial Mark) [1 CMS-initial-mark: 34170K(34176K)] 37661K(49536K), 0.0035347 secs] [Times: user=0.01 sys=0.00, real=0.01 secs] 
<writer thread='11267'/>
[CMS-concurrent-mark-start]
<writer thread='11779'/>
[Full GC (Allocation Failure) [CMS
<writer thread='11267'/>
[CMS-concurrent-mark: 0.067/0.069 secs] [Times: user=0.12 sys=0.01, real=0.07 secs] 
<writer thread='11779'/>
 (concurrent mode failure): 34175K-&gt;34173K(34176K), 0.2074417 secs] 49535K-&gt;37348K(49536K), [Metaspace: 61120K-&gt;61120K(1105920K)], 0.2076048 secs] [Times: user=0.19 sys=0.00, real=0.21 secs] 
[Full GC (Allocation Failure) [CMS: 34173K-&gt;34172K(34176K), 0.1576830 secs] 49527K-&gt;37361K(49536K), [Metaspace: 61120K-&gt;61120K(1105920K)], 0.1578725 secs] [Times: user=0.15 sys=0.00, real=0.16 secs] 
[GC (CMS Initial Mark) [1 CMS-initial-mark: 34172K(34176K)] 37453K(49536K), 0.0024332 secs] [Times: user=0.01 sys=0.00, real=0.00 secs] 
<writer thread='11267'/>
[CMS-concurrent-mark-start]
<writer thread='11779'/>
[Full GC (Allocation Failure) [CMS
<writer thread='11267'/>
[CMS-concurrent-mark: 0.062/0.064 secs] [Times: user=0.11 sys=0.01, real=0.06 secs] 
<writer thread='11779'/>
 (concurrent mode failure): 34172K-&gt;34169K(34176K), 0.2006944 secs] 49526K-&gt;37225K(49536K), [Metaspace: 61120K-&gt;61120K(1105920K)], 0.2008585 secs] [Times: user=0.19 sys=0.00, real=0.20 secs] 
[Full GC (Allocation Failure) [CMS: 34169K-&gt;34168K(34176K), 0.1618809 secs] 49523K-&gt;37230K(49536K), [Metaspace: 61120K-&gt;61120K(1105920K)], 0.1620534 secs] [Times: user=0.15 sys=0.00, real=0.16 secs] 
[GC (CMS Initial Mark) [1 CMS-initial-mark: 34168K(34176K)] 37428K(49536K), 0.0027326 secs] [Times: user=0.00 sys=0.00, real=0.00 secs] 
<writer thread='11267'/>
[CMS-concurrent-mark-start]
<writer thread='11779'/>
[Full GC (Allocation Failure) [CMS
<writer thread='11267'/>
[CMS-concurrent-mark: 0.066/0.067 secs] [Times: user=0.11 sys=0.01, real=0.07 secs] 
<writer thread='11779'/>
 (concurrent mode failure): 34172K-&gt;34169K(34176K), 0.2046443 secs] 49532K-&gt;37353K(49536K), [Metaspace: 61120K-&gt;61120K(1105920K)], 0.2047936 secs] [Times: user=0.19 sys=0.00, real=0.20 secs] 
[Full GC (Allocation Failure) [CMS: 34169K-&gt;34167K(34176K), 0.1750669 secs] 49526K-&gt;37325K(49536K), [Metaspace: 61120K-&gt;61120K(1105920K)], 0.1752376 secs] [Times: user=0.17 sys=0.01, real=0.17 secs] 
[GC (CMS Initial Mark) [1 CMS-initial-mark: 34167K(34176K)] 37728K(49536K), 0.0024705 secs] [Times: user=0.00 sys=0.00, real=0.00 secs] 
<writer thread='11267'/>
[CMS-concurrent-mark-start]
<writer thread='11779'/>
[Full GC (Allocation Failure) [CMS
<writer thread='11267'/>
[CMS-concurrent-mark: 0.065/0.066 secs] [Times: user=0.10 sys=0.01, real=0.07 secs] 
<writer thread='11779'/>
 (concurrent mode failure): 34175K-&gt;34175K(34176K), 0.2022081 secs] 49532K-&gt;37389K(49536K), [Metaspace: 61120K-&gt;61120K(1105920K)], 0.2023673 secs] [Times: user=0.19 sys=0.00, real=0.20 secs] 
[Full GC (Allocation Failure) [CMS: 34175K-&gt;34167K(34176K), 0.1556726 secs] 49535K-&gt;37317K(49536K), [Metaspace: 61120K-&gt;61120K(1105920K)], 0.1558298 secs] [Times: user=0.15 sys=0.00, real=0.16 secs] 
[GC (CMS Initial Mark) [1 CMS-initial-mark: 34167K(34176K)] 37499K(49536K), 0.0023946 secs] [Times: user=0.01 sys=0.00, real=0.00 secs] 
<writer thread='11267'/>
[CMS-concurrent-mark-start]
<writer thread='11779'/>
[Full GC (Allocation Failure) [CMS
<writer thread='11267'/>
[CMS-concurrent-mark: 0.064/0.066 secs] [Times: user=0.11 sys=0.01, real=0.07 secs] 
<writer thread='11779'/>
 (concurrent mode failure): 34175K-&gt;34169K(34176K), 0.2030196 secs] 49535K-&gt;37239K(49536K), [Metaspace: 61120K-&gt;61120K(1105920K)], 0.2031792 secs] [Times: user=0.19 sys=0.00, real=0.21 secs] 
[Full GC (Allocation Failure) [CMS: 34175K-&gt;34171K(34176K), 0.1684487 secs] 49535K-&gt;37568K(49536K), [Metaspace: 61120K-&gt;61120K(1105920K)], 0.1685998 secs] [Times: user=0.16 sys=0.00, real=0.17 secs] 
[GC (CMS Initial Mark) [1 CMS-initial-mark: 34171K(34176K)] 37662K(49536K), 0.0028331 secs] [Times: user=0.01 sys=0.00, real=0.00 secs] 
<writer thread='11267'/>
[CMS-concurrent-mark-start]
<writer thread='11779'/>
[Full GC (Allocation Failure) [CMS
<writer thread='11267'/>
[CMS-concurrent-mark: 0.069/0.071 secs] [Times: user=0.12 sys=0.01, real=0.08 secs] 
<writer thread='11779'/>
 (concurrent mode failure): 34175K-&gt;34167K(34176K), 0.2042444 secs] 49535K-&gt;37277K(49536K), [Metaspace: 61120K-&gt;61120K(1105920K)], 0.2044056 secs] [Times: user=0.19 sys=0.00, real=0.20 secs] 
[Full GC (Allocation Failure) [CMS: 34175K-&gt;34169K(34176K), 0.1522921 secs] 49535K-&gt;37444K(49536K), [Metaspace: 61120K-&gt;61120K(1105920K)], 0.1524470 secs] [Times: user=0.14 sys=0.00, real=0.15 secs] 
[GC (CMS Initial Mark) [1 CMS-initial-mark: 34169K(34176K)] 37579K(49536K), 0.0024962 secs] [Times: user=0.01 sys=0.00, real=0.01 secs] 
<writer thread='11267'/>
[CMS-concurrent-mark-start]
<writer thread='11779'/>
[Full GC (Allocation Failure) [CMS
<writer thread='11267'/>
[CMS-concurrent-mark: 0.069/0.071 secs] [Times: user=0.11 sys=0.01, real=0.07 secs] 
<writer thread='11779'/>
 (concurrent mode failure): 34169K-&gt;34167K(34176K), 0.2111719 secs] 49520K-&gt;37485K(49536K), [Metaspace: 61120K-&gt;61120K(1105920K)], 0.2113204 secs] [Times: user=0.19 sys=0.00, real=0.21 secs] 
[Full GC (Allocation Failure) [CMS: 34175K-&gt;34168K(34176K), 0.1612836 secs] 49535K-&gt;37379K(49536K), [Metaspace: 61120K-&gt;61120K(1105920K)], 0.1614835 secs] [Times: user=0.16 sys=0.00, real=0.16 secs] 
[GC (CMS Initial Mark) [1 CMS-initial-mark: 34168K(34176K)] 37477K(49536K), 0.0028606 secs] [Times: user=0.01 sys=0.00, real=0.00 secs] 
<writer thread='11267'/>
[CMS-concurrent-mark-start]
<writer thread='11779'/>
[Full GC (Allocation Failure) [CMS
<writer thread='11267'/>
[CMS-concurrent-mark: 0.064/0.066 secs] [Times: user=0.11 sys=0.01, real=0.07 secs] 
<writer thread='11779'/>
 (concurrent mode failure): 34175K-&gt;34169K(34176K), 0.2109070 secs] 49535K-&gt;37660K(49536K), [Metaspace: 61120K-&gt;61120K(1105920K)], 0.2110597 secs] [Times: user=0.19 sys=0.00, real=0.21 secs] 
[Full GC (Allocation Failure) [CMS: 34169K-&gt;34164K(34176K), 0.1602293 secs] 49521K-&gt;37281K(49536K), [Metaspace: 61120K-&gt;61120K(1105920K)], 0.1604168 secs] [Times: user=0.16 sys=0.00, real=0.16 secs] 
[GC (CMS Initial Mark) [1 CMS-initial-mark: 34164K(34176K)] 37473K(49536K), 0.0023826 secs] [Times: user=0.01 sys=0.00, real=0.00 secs] 
<writer thread='11267'/>
[CMS-concurrent-mark-start]
<writer thread='11779'/>
[Full GC (Allocation Failure) [CMS
<writer thread='11267'/>
[CMS-concurrent-mark: 0.075/0.077 secs] [Times: user=0.10 sys=0.02, real=0.07 secs] 
<writer thread='11779'/>
 (concurrent mode failure): 34172K-&gt;34171K(34176K), 0.2240898 secs] 49526K-&gt;37396K(49536K), [Metaspace: 61120K-&gt;61120K(1105920K)], 0.2242486 secs] [Times: user=0.20 sys=0.01, real=0.23 secs] 
[Full GC (Allocation Failure) [CMS: 34171K-&gt;34163K(34176K), 0.1603696 secs] 49528K-&gt;37374K(49536K), [Metaspace: 61120K-&gt;61120K(1105920K)], 0.1605576 secs] [Times: user=0.15 sys=0.00, real=0.16 secs] 
[GC (CMS Initial Mark) [1 CMS-initial-mark: 34163K(34176K)] 37461K(49536K), 0.0025814 secs] [Times: user=0.01 sys=0.00, real=0.00 secs] 
<writer thread='11267'/>
[CMS-concurrent-mark-start]
<writer thread='11779'/>
[Full GC (Allocation Failure) [CMS
<writer thread='11267'/>
[CMS-concurrent-mark: 0.065/0.067 secs] [Times: user=0.11 sys=0.01, real=0.07 secs] 
<writer thread='11779'/>
 (concurrent mode failure): 34171K-&gt;34170K(34176K), 0.1994458 secs] 49528K-&gt;37329K(49536K), [Metaspace: 61120K-&gt;61120K(1105920K)], 0.1995936 secs] [Times: user=0.18 sys=0.00, real=0.20 secs] 
[Full GC (Allocation Failure) [CMS: 34175K-&gt;34166K(34176K), 0.1536143 secs] 49535K-&gt;37407K(49536K), [Metaspace: 61120K-&gt;61120K(1105920K)], 0.1537593 secs] [Times: user=0.14 sys=0.00, real=0.15 secs] 
[GC (CMS Initial Mark) [1 CMS-initial-mark: 34166K(34176K)] 37490K(49536K), 0.0026674 secs] [Times: user=0.01 sys=0.00, real=0.00 secs] 
<writer thread='11267'/>
[CMS-concurrent-mark-start]
<writer thread='11779'/>
[Full GC (Allocation Failure) [CMS
<writer thread='11267'/>
[CMS-concurrent-mark: 0.065/0.067 secs] [Times: user=0.11 sys=0.01, real=0.07 secs] 
<writer thread='11779'/>
 (concurrent mode failure): 34174K-&gt;34172K(34176K), 0.1958924 secs] 49528K-&gt;37290K(49536K), [Metaspace: 61120K-&gt;61120K(1105920K)], 0.1960427 secs] [Times: user=0.19 sys=0.00, real=0.19 secs] 
[Full GC (Allocation Failure) [CMS: 34172K-&gt;34175K(34176K), 0.1476485 secs] 49525K-&gt;37289K(49536K), [Metaspace: 61120K-&gt;61120K(1105920K)], 0.1478074 secs] [Times: user=0.14 sys=0.00, real=0.15 secs] 
[GC (CMS Initial Mark) [1 CMS-initial-mark: 34175K(34176K)] 38284K(49536K), 0.0026317 secs] [Times: user=0.00 sys=0.00, real=0.00 secs] 
<writer thread='11267'/>
[CMS-concurrent-mark-start]
<writer thread='11779'/>
[Full GC (Allocation Failure) [CMS
<writer thread='11267'/>
[CMS-concurrent-mark: 0.061/0.063 secs] [Times: user=0.11 sys=0.00, real=0.07 secs] 
<writer thread='11779'/>
 (concurrent mode failure): 34176K-&gt;34175K(34176K), 0.2009552 secs] 49535K-&gt;37696K(49536K), [Metaspace: 61120K-&gt;61120K(1105920K)], 0.2011127 secs] [Times: user=0.19 sys=0.01, real=0.21 secs] 
[Full GC (Allocation Failure) [CMS: 34175K-&gt;34175K(34176K), 0.1569204 secs] 49535K-&gt;37331K(49536K), [Metaspace: 61120K-&gt;61120K(1105920K)], 0.1570833 secs] [Times: user=0.15 sys=0.01, real=0.16 secs] 
[GC (CMS Initial Mark) [1 CMS-initial-mark: 34175K(34176K)] 37796K(49536K), 0.0025780 secs] [Times: user=0.00 sys=0.00, real=0.00 secs] 
<writer thread='11267'/>
[CMS-concurrent-mark-start]
<writer thread='11779'/>
[Full GC (Allocation Failure) [CMS
<writer thread='11267'/>
[CMS-concurrent-mark: 0.056/0.058 secs] [Times: user=0.10 sys=0.00, real=0.05 secs] 
<writer thread='11779'/>
 (concurrent mode failure): 34175K-&gt;34175K(34176K), 0.2021617 secs] 49535K-&gt;37217K(49536K), [Metaspace: 61120K-&gt;61120K(1105920K)], 0.2023349 secs] [Times: user=0.19 sys=0.00, real=0.21 secs] 
[Full GC (Allocation Failure) [CMS: 34175K-&gt;34174K(34176K), 0.1494296 secs] 49527K-&gt;37382K(49536K), [Metaspace: 61120K-&gt;61120K(1105920K)], 0.1495956 secs] [Times: user=0.14 sys=0.00, real=0.15 secs] 
[GC (CMS Initial Mark) [1 CMS-initial-mark: 34174K(34176K)] 38274K(49536K), 0.0026689 secs] [Times: user=0.00 sys=0.00, real=0.00 secs] 
<writer thread='11267'/>
[CMS-concurrent-mark-start]
<writer thread='11779'/>
[Full GC (Allocation Failure) [CMS
<writer thread='11267'/>
[CMS-concurrent-mark: 0.068/0.069 secs] [Times: user=0.11 sys=0.01, real=0.07 secs] 
<writer thread='11779'/>
 (concurrent mode failure): 34175K-&gt;34175K(34176K), 0.1966915 secs] 49535K-&gt;37213K(49536K), [Metaspace: 61120K-&gt;61120K(1105920K)], 0.1968418 secs] [Times: user=0.19 sys=0.00, real=0.20 secs] 
[Full GC (Allocation Failure) [CMS: 34175K-&gt;34173K(34176K), 0.1544026 secs] 49529K-&gt;37489K(49536K), [Metaspace: 61120K-&gt;61120K(1105920K)], 0.1545627 secs] [Times: user=0.15 sys=0.00, real=0.16 secs] 
[GC (CMS Initial Mark) [1 CMS-initial-mark: 34173K(34176K)] 37654K(49536K), 0.0030478 secs] [Times: user=0.01 sys=0.00, real=0.00 secs] 
<writer thread='11267'/>
[CMS-concurrent-mark-start]
<writer thread='11779'/>
[Full GC (Allocation Failure) [CMS
<writer thread='11267'/>
[CMS-concurrent-mark: 0.066/0.068 secs] [Times: user=0.13 sys=0.01, real=0.07 secs] 
<writer thread='11779'/>
 (concurrent mode failure): 34175K-&gt;34173K(34176K), 0.1868995 secs] 49535K-&gt;37438K(49536K), [Metaspace: 61120K-&gt;61120K(1105920K)], 0.1870885 secs] [Times: user=0.18 sys=0.00, real=0.19 secs] 
[Full GC (Allocation Failure) [CMS: 34173K-&gt;34171K(34176K), 0.1563535 secs] 49518K-&gt;37175K(49536K), [Metaspace: 61120K-&gt;61120K(1105920K)], 0.1564992 secs] [Times: user=0.15 sys=0.00, real=0.15 secs] 
[GC (CMS Initial Mark) [1 CMS-initial-mark: 34171K(34176K)] 37311K(49536K), 0.0028039 secs] [Times: user=0.01 sys=0.00, real=0.01 secs] 
<writer thread='11267'/>
[CMS-concurrent-mark-start]
<writer thread='11779'/>
[Full GC (Allocation Failure) [CMS
<writer thread='11267'/>
[CMS-concurrent-mark: 0.059/0.061 secs] [Times: user=0.11 sys=0.01, real=0.06 secs] 
<writer thread='11779'/>
 (concurrent mode failure): 34175K-&gt;34172K(34176K), 0.1999178 secs] 49535K-&gt;37476K(49536K), [Metaspace: 61120K-&gt;61120K(1105920K)], 0.2000756 secs] [Times: user=0.19 sys=0.00, real=0.20 secs] 
[Full GC (Allocation Failure) [CMS: 34175K-&gt;34170K(34176K), 0.1570044 secs] 49535K-&gt;37261K(49536K), [Metaspace: 61120K-&gt;61120K(1105920K)], 0.1571534 secs] [Times: user=0.15 sys=0.01, real=0.15 secs] 
[GC (CMS Initial Mark) [1 CMS-initial-mark: 34170K(34176K)] 37345K(49536K), 0.0027671 secs] [Times: user=0.00 sys=0.00, real=0.00 secs] 
<writer thread='11267'/>
[CMS-concurrent-mark-start]
<writer thread='11779'/>
[Full GC (Allocation Failure) [CMS
<writer thread='11267'/>
[CMS-concurrent-mark: 0.061/0.063 secs] [Times: user=0.11 sys=0.00, real=0.06 secs] 
<writer thread='11779'/>
 (concurrent mode failure): 34172K-&gt;34168K(34176K), 0.1958910 secs] 49532K-&gt;37333K(49536K), [Metaspace: 61120K-&gt;61120K(1105920K)], 0.1960441 secs] [Times: user=0.19 sys=0.01, real=0.20 secs] 
[Full GC (Allocation Failure) [CMS: 34175K-&gt;34172K(34176K), 0.1502723 secs] 49535K-&gt;37388K(49536K), [Metaspace: 61120K-&gt;61120K(1105920K)], 0.1504324 secs] [Times: user=0.15 sys=0.00, real=0.15 secs] 
[GC (CMS Initial Mark) [1 CMS-initial-mark: 34172K(34176K)] 37455K(49536K), 0.0028588 secs] [Times: user=0.00 sys=0.00, real=0.01 secs] 
<writer thread='11267'/>
[CMS-concurrent-mark-start]
<writer thread='11779'/>
[Full GC (Allocation Failure) [CMS
<writer thread='11267'/>
[CMS-concurrent-mark: 0.063/0.064 secs] [Times: user=0.11 sys=0.00, real=0.06 secs] 
<writer thread='11779'/>
 (concurrent mode failure): 34175K-&gt;34168K(34176K), 0.1943281 secs] 49535K-&gt;37595K(49536K), [Metaspace: 61120K-&gt;61120K(1105920K)], 0.1944831 secs] [Times: user=0.19 sys=0.00, real=0.19 secs] 
[Full GC (Allocation Failure) [CMS: 34168K-&gt;34173K(34176K), 0.1523742 secs] 49520K-&gt;37339K(49536K), [Metaspace: 61120K-&gt;61120K(1105920K)], 0.1525252 secs] [Times: user=0.15 sys=0.00, real=0.15 secs] 
[GC (CMS Initial Mark) [1 CMS-initial-mark: 34173K(34176K)] 37413K(49536K), 0.0027878 secs] [Times: user=0.00 sys=0.00, real=0.01 secs] 
<writer thread='11267'/>
[CMS-concurrent-mark-start]
<writer thread='11779'/>
[Full GC (Allocation Failure) [CMS
<writer thread='11267'/>
[CMS-concurrent-mark: 0.063/0.065 secs] [Times: user=0.11 sys=0.01, real=0.06 secs] 
<writer thread='11779'/>
 (concurrent mode failure): 34173K-&gt;34171K(34176K), 0.2018063 secs] 49531K-&gt;37414K(49536K), [Metaspace: 61120K-&gt;61120K(1105920K)], 0.2019816 secs] [Times: user=0.19 sys=0.00, real=0.20 secs] 
[Full GC (Allocation Failure) [CMS: 34172K-&gt;34171K(34176K), 0.1589875 secs] 49532K-&gt;37294K(49536K), [Metaspace: 61120K-&gt;61120K(1105920K)], 0.1591562 secs] [Times: user=0.16 sys=0.00, real=0.15 secs] 
[GC (CMS Initial Mark) [1 CMS-initial-mark: 34171K(34176K)] 37413K(49536K), 0.0027332 secs] [Times: user=0.01 sys=0.00, real=0.00 secs] 
<writer thread='11267'/>
[CMS-concurrent-mark-start]
<writer thread='11779'/>
[Full GC (Allocation Failure) [CMS
<writer thread='11267'/>
[CMS-concurrent-mark: 0.069/0.071 secs] [Times: user=0.10 sys=0.01, real=0.07 secs] 
<writer thread='11779'/>
 (concurrent mode failure): 34171K-&gt;34169K(34176K), 0.2147983 secs] 49530K-&gt;37343K(49536K), [Metaspace: 61120K-&gt;61120K(1105920K)], 0.2149472 secs] [Times: user=0.20 sys=0.00, real=0.21 secs] 
[Full GC (Allocation Failure) [CMS: 34169K-&gt;34168K(34176K), 0.1528378 secs] 49529K-&gt;37382K(49536K), [Metaspace: 61120K-&gt;61120K(1105920K)], 0.1530604 secs] [Times: user=0.15 sys=0.00, real=0.15 secs] 
[GC (CMS Initial Mark) [1 CMS-initial-mark: 34168K(34176K)] 38546K(49536K), 0.0025190 secs] [Times: user=0.01 sys=0.00, real=0.00 secs] 
<writer thread='11267'/>
[CMS-concurrent-mark-start]
<writer thread='11779'/>
[Full GC (Allocation Failure) [CMS
<writer thread='11267'/>
[CMS-concurrent-mark: 0.074/0.076 secs] [Times: user=0.11 sys=0.00, real=0.07 secs] 
<writer thread='11779'/>
 (concurrent mode failure): 34173K-&gt;34170K(34176K), 0.2163108 secs] 49533K-&gt;37371K(49536K), [Metaspace: 61124K-&gt;61124K(1105920K)], 0.2164789 secs] [Times: user=0.20 sys=0.01, real=0.21 secs] 
[Full GC (Allocation Failure) [CMS: 34175K-&gt;34170K(34176K), 0.1502185 secs] 49535K-&gt;37394K(49536K), [Metaspace: 61124K-&gt;61124K(1105920K)], 0.1503674 secs] [Times: user=0.14 sys=0.00, real=0.15 secs] 
[GC (CMS Initial Mark) [1 CMS-initial-mark: 34170K(34176K)] 37485K(49536K), 0.0025781 secs] [Times: user=0.01 sys=0.00, real=0.00 secs] 
<writer thread='11267'/>
[CMS-concurrent-mark-start]
<writer thread='11779'/>
[Full GC (Allocation Failure) [CMS
<writer thread='11267'/>
[CMS-concurrent-mark: 0.064/0.066 secs] [Times: user=0.11 sys=0.01, real=0.07 secs] 
<writer thread='11779'/>
 (concurrent mode failure): 34170K-&gt;34165K(34176K), 0.1916817 secs] 49525K-&gt;37434K(49536K), [Metaspace: 61124K-&gt;61124K(1105920K)], 0.1918371 secs] [Times: user=0.18 sys=0.00, real=0.20 secs] 
[Full GC (Allocation Failure) [CMS: 34175K-&gt;34173K(34176K), 0.1508738 secs] 49535K-&gt;37304K(49536K), [Metaspace: 61124K-&gt;61124K(1105920K)], 0.1510226 secs] [Times: user=0.15 sys=0.00, real=0.15 secs] 
[GC (CMS Initial Mark) [1 CMS-initial-mark: 34173K(34176K)] 37858K(49536K), 0.0024284 secs] [Times: user=0.01 sys=0.00, real=0.00 secs] 
<writer thread='11267'/>
[CMS-concurrent-mark-start]
<writer thread='11779'/>
[Full GC (Allocation Failure) [CMS
<writer thread='11267'/>
[CMS-concurrent-mark: 0.064/0.065 secs] [Times: user=0.10 sys=0.01, real=0.06 secs] 
<writer thread='11779'/>
 (concurrent mode failure): 34173K-&gt;34172K(34176K), 0.1937107 secs] 49532K-&gt;37328K(49536K), [Metaspace: 61124K-&gt;61124K(1105920K)], 0.1938619 secs] [Times: user=0.19 sys=0.00, real=0.19 secs] 
[Full GC (Allocation Failure) [CMS: 34175K-&gt;34165K(34176K), 0.1509629 secs] 49535K-&gt;37345K(49536K), [Metaspace: 61124K-&gt;61124K(1105920K)], 0.1511166 secs] [Times: user=0.14 sys=0.00, real=0.15 secs] 
[GC (CMS Initial Mark) [1 CMS-initial-mark: 34165K(34176K)] 37396K(49536K), 0.0025039 secs] [Times: user=0.00 sys=0.00, real=0.01 secs] 
<writer thread='11267'/>
[CMS-concurrent-mark-start]
<writer thread='11779'/>
[Full GC (Allocation Failure) [CMS
<writer thread='11267'/>
[CMS-concurrent-mark: 0.058/0.060 secs] [Times: user=0.11 sys=0.01, real=0.06 secs] 
<writer thread='11779'/>
 (concurrent mode failure): 34165K-&gt;34162K(34176K), 0.1921399 secs] 49517K-&gt;37284K(49536K), [Metaspace: 61124K-&gt;61124K(1105920K)], 0.1922915 secs] [Times: user=0.18 sys=0.00, real=0.19 secs] 
[Full GC (Allocation Failure) [CMS: 34171K-&gt;34170K(34176K), 0.1523599 secs] 49531K-&gt;37459K(49536K), [Metaspace: 61124K-&gt;61124K(1105920K)], 0.1525252 secs] [Times: user=0.15 sys=0.00, real=0.15 secs] 
[GC (CMS Initial Mark) [1 CMS-initial-mark: 34170K(34176K)] 37623K(49536K), 0.0026529 secs] [Times: user=0.01 sys=0.00, real=0.00 secs] 
<writer thread='11267'/>
[CMS-concurrent-mark-start]
<writer thread='11779'/>
[Full GC (Allocation Failure) [CMS
<writer thread='11267'/>
[CMS-concurrent-mark: 0.060/0.061 secs] [Times: user=0.10 sys=0.01, real=0.06 secs] 
<writer thread='11779'/>
 (concurrent mode failure): 34170K-&gt;34161K(34176K), 0.1944274 secs] 49519K-&gt;37248K(49536K), [Metaspace: 61124K-&gt;61124K(1105920K)], 0.1946014 secs] [Times: user=0.18 sys=0.00, real=0.20 secs] 
[Full GC (Allocation Failure) [CMS: 34175K-&gt;34167K(34176K), 0.1480858 secs] 49535K-&gt;37259K(49536K), [Metaspace: 61124K-&gt;61124K(1105920K)], 0.1482364 secs] [Times: user=0.14 sys=0.00, real=0.15 secs] 
[GC (CMS Initial Mark) [1 CMS-initial-mark: 34167K(34176K)] 38139K(49536K), 0.0028773 secs] [Times: user=0.00 sys=0.00, real=0.01 secs] 
<writer thread='11267'/>
[CMS-concurrent-mark-start]
<writer thread='11779'/>
[Full GC (Allocation Failure) [CMS
<writer thread='11267'/>
[CMS-concurrent-mark: 0.060/0.062 secs] [Times: user=0.10 sys=0.01, real=0.06 secs] 
<writer thread='11779'/>
 (concurrent mode failure): 34167K-&gt;34160K(34176K), 0.2042843 secs] 49519K-&gt;37565K(49536K), [Metaspace: 61124K-&gt;61124K(1105920K)], 0.2044559 secs] [Times: user=0.19 sys=0.00, real=0.20 secs] 
[Full GC (Allocation Failure) [CMS: 34172K-&gt;34166K(34176K), 0.1678727 secs] 49532K-&gt;37287K(49536K), [Metaspace: 61124K-&gt;61124K(1105920K)], 0.1680407 secs] [Times: user=0.16 sys=0.00, real=0.17 secs] 
[GC (CMS Initial Mark) [1 CMS-initial-mark: 34166K(34176K)] 37333K(49536K), 0.0031304 secs] [Times: user=0.01 sys=0.00, real=0.00 secs] 
<writer thread='11267'/>
[CMS-concurrent-mark-start]
<writer thread='11779'/>
[Full GC (Allocation Failure) [CMS
<writer thread='11267'/>
[CMS-concurrent-mark: 0.084/0.090 secs] [Times: user=0.12 sys=0.01, real=0.10 secs] 
<writer thread='11779'/>
 (concurrent mode failure): 34169K-&gt;34161K(34176K), 0.2181799 secs] 49529K-&gt;37437K(49536K), [Metaspace: 61124K-&gt;61124K(1105920K)], 0.2184455 secs] [Times: user=0.20 sys=0.01, real=0.22 secs] 
[Full GC (Allocation Failure) [CMS: 34161K-&gt;34175K(34176K), 0.1619784 secs] 49520K-&gt;37449K(49536K), [Metaspace: 61124K-&gt;61124K(1105920K)], 0.1621480 secs] [Times: user=0.16 sys=0.01, real=0.17 secs] 
[GC (CMS Initial Mark) [1 CMS-initial-mark: 34175K(34176K)] 40023K(49536K), 0.0031308 secs] [Times: user=0.01 sys=0.00, real=0.00 secs] 
<writer thread='11267'/>
[CMS-concurrent-mark-start]
<writer thread='11779'/>
[Full GC (Allocation Failure) [CMS
<writer thread='11267'/>
[CMS-concurrent-mark: 0.071/0.074 secs] [Times: user=0.10 sys=0.00, real=0.07 secs] 
<writer thread='11779'/>
 (concurrent mode failure): 34175K-&gt;34176K(34176K), 0.2244923 secs] 49535K-&gt;37422K(49536K), [Metaspace: 61124K-&gt;61124K(1105920K)], 0.2246668 secs] [Times: user=0.21 sys=0.01, real=0.22 secs] 
[Full GC (Allocation Failure) [CMS: 34176K-&gt;34176K(34176K), 0.1650789 secs] 49530K-&gt;37352K(49536K), [Metaspace: 61124K-&gt;61124K(1105920K)], 0.1652540 secs] [Times: user=0.16 sys=0.00, real=0.17 secs] 
[GC (CMS Initial Mark) [1 CMS-initial-mark: 34176K(34176K)] 37423K(49536K), 0.0030425 secs] [Times: user=0.01 sys=0.00, real=0.00 secs] 
<writer thread='11267'/>
[CMS-concurrent-mark-start]
<writer thread='11779'/>
[Full GC (Allocation Failure) [CMS
<writer thread='11267'/>
[CMS-concurrent-mark: 0.064/0.066 secs] [Times: user=0.11 sys=0.00, real=0.07 secs] 
<writer thread='11779'/>
 (concurrent mode failure): 34176K-&gt;34175K(34176K), 0.2082909 secs] 49536K-&gt;37278K(49536K), [Metaspace: 61124K-&gt;61124K(1105920K)], 0.2084844 secs] [Times: user=0.19 sys=0.00, real=0.21 secs] 
[Full GC (Allocation Failure) [CMS: 34175K-&gt;34175K(34176K), 0.1548967 secs] 49535K-&gt;37255K(49536K), [Metaspace: 61124K-&gt;61124K(1105920K)], 0.1550575 secs] [Times: user=0.15 sys=0.00, real=0.15 secs] 
[GC (CMS Initial Mark) [1 CMS-initial-mark: 34175K(34176K)] 37395K(49536K), 0.0028290 secs] [Times: user=0.01 sys=0.00, real=0.01 secs] 
<writer thread='11267'/>
[CMS-concurrent-mark-start]
<writer thread='11779'/>
[Full GC (Allocation Failure) [CMS
<writer thread='11267'/>
[CMS-concurrent-mark: 0.066/0.068 secs] [Times: user=0.11 sys=0.01, real=0.06 secs] 
<writer thread='11779'/>
 (concurrent mode failure): 34175K-&gt;34175K(34176K), 0.2173253 secs] 49526K-&gt;37433K(49536K), [Metaspace: 61124K-&gt;61124K(1105920K)], 0.2174800 secs] [Times: user=0.20 sys=0.00, real=0.21 secs] 
[Full GC (Allocation Failure) [CMS: 34175K-&gt;34175K(34176K), 0.1635396 secs] 49530K-&gt;37378K(49536K), [Metaspace: 61124K-&gt;61124K(1105920K)], 0.1637377 secs] [Times: user=0.16 sys=0.00, real=0.16 secs] 
[GC (CMS Initial Mark) [1 CMS-initial-mark: 34175K(34176K)] 38302K(49536K), 0.0030305 secs] [Times: user=0.01 sys=0.00, real=0.00 secs] 
<writer thread='11267'/>
[CMS-concurrent-mark-start]
<writer thread='11779'/>
[Full GC (Allocation Failure) [CMS
<writer thread='11267'/>
[CMS-concurrent-mark: 0.076/0.079 secs] [Times: user=0.10 sys=0.01, real=0.08 secs] 
<writer thread='11779'/>
 (concurrent mode failure): 34175K-&gt;34175K(34176K), 0.2265121 secs] 49528K-&gt;37465K(49536K), [Metaspace: 61124K-&gt;61124K(1105920K)], 0.2266732 secs] [Times: user=0.21 sys=0.01, real=0.23 secs] 
[Full GC (Allocation Failure) [CMS: 34175K-&gt;34176K(34176K), 0.1615719 secs] 49528K-&gt;37445K(49536K), [Metaspace: 61124K-&gt;61124K(1105920K)], 0.1617641 secs] [Times: user=0.16 sys=0.00, real=0.16 secs] 
[GC (CMS Initial Mark) [1 CMS-initial-mark: 34176K(34176K)] 37581K(49536K), 0.0026134 secs] [Times: user=0.00 sys=0.00, real=0.00 secs] 
<writer thread='11267'/>
[CMS-concurrent-mark-start]
<writer thread='11779'/>
[Full GC (Allocation Failure) [CMS
<writer thread='11267'/>
[CMS-concurrent-mark: 0.063/0.064 secs] [Times: user=0.12 sys=0.00, real=0.07 secs] 
<writer thread='11779'/>
 (concurrent mode failure): 34176K-&gt;34176K(34176K), 0.2032743 secs] 49532K-&gt;37198K(49536K), [Metaspace: 61124K-&gt;61124K(1105920K)], 0.2034797 secs] [Times: user=0.20 sys=0.01, real=0.21 secs] 
[Full GC (Allocation Failure) [CMS: 34176K-&gt;34175K(34176K), 0.1618220 secs] 49535K-&gt;37614K(49536K), [Metaspace: 61124K-&gt;61124K(1105920K)], 0.1619716 secs] [Times: user=0.15 sys=0.01, real=0.16 secs] 
[GC (CMS Initial Mark) [1 CMS-initial-mark: 34175K(34176K)] 37782K(49536K), 0.0029929 secs] [Times: user=0.01 sys=0.00, real=0.00 secs] 
<writer thread='11267'/>
[CMS-concurrent-mark-start]
<writer thread='11779'/>
[Full GC (Allocation Failure) [CMS
<writer thread='11267'/>
[CMS-concurrent-mark: 0.078/0.081 secs] [Times: user=0.13 sys=0.01, real=0.09 secs] 
<writer thread='11779'/>
 (concurrent mode failure): 34175K-&gt;34175K(34176K), 0.2050875 secs] 49535K-&gt;37309K(49536K), [Metaspace: 61124K-&gt;61124K(1105920K)], 0.2052736 secs] [Times: user=0.20 sys=0.01, real=0.20 secs] 
[Full GC (Allocation Failure) [CMS: 34176K-&gt;34175K(34176K), 0.1623781 secs] 49536K-&gt;37447K(49536K), [Metaspace: 61124K-&gt;61124K(1105920K)], 0.1625311 secs] [Times: user=0.16 sys=0.01, real=0.16 secs] 
[GC (CMS Initial Mark) [1 CMS-initial-mark: 34175K(34176K)] 38778K(49536K), 0.0028799 secs] [Times: user=0.01 sys=0.00, real=0.01 secs] 
<writer thread='11267'/>
[CMS-concurrent-mark-start]
<writer thread='11779'/>
[Full GC (Allocation Failure) [CMS
<writer thread='11267'/>
[CMS-concurrent-mark: 0.072/0.074 secs] [Times: user=0.10 sys=0.01, real=0.07 secs] 
<writer thread='11779'/>
 (concurrent mode failure): 34175K-&gt;34175K(34176K), 0.2419646 secs] 49534K-&gt;37399K(49536K), [Metaspace: 61124K-&gt;61124K(1105920K)], 0.2421372 secs] [Times: user=0.22 sys=0.01, real=0.24 secs] 
[Full GC (Allocation Failure) [CMS: 34175K-&gt;34175K(34176K), 0.1726813 secs] 49535K-&gt;37413K(49536K), [Metaspace: 61124K-&gt;61124K(1105920K)], 0.1728817 secs] [Times: user=0.16 sys=0.00, real=0.17 secs] 
[GC (CMS Initial Mark) [1 CMS-initial-mark: 34175K(34176K)] 47870K(49536K), 0.0061690 secs] [Times: user=0.02 sys=0.00, real=0.00 secs] 
<writer thread='11267'/>
[CMS-concurrent-mark-start]
<writer thread='11779'/>
[Full GC (Allocation Failure) [CMS
<writer thread='11267'/>
[CMS-concurrent-mark: 0.073/0.079 secs] [Times: user=0.09 sys=0.00, real=0.08 secs] 
<writer thread='11779'/>
 (concurrent mode failure): 34175K-&gt;34175K(34176K), 0.2296705 secs] 49535K-&gt;37321K(49536K), [Metaspace: 61124K-&gt;61124K(1105920K)], 0.2298873 secs] [Times: user=0.21 sys=0.00, real=0.23 secs] 
[Full GC (Allocation Failure) [CMS: 34175K-&gt;34175K(34176K), 0.1490365 secs] 49533K-&gt;37291K(49536K), [Metaspace: 61124K-&gt;61124K(1105920K)], 0.1491837 secs] [Times: user=0.14 sys=0.00, real=0.15 secs] 
[GC (CMS Initial Mark) [1 CMS-initial-mark: 34175K(34176K)] 37901K(49536K), 0.0026838 secs] [Times: user=0.01 sys=0.00, real=0.01 secs] 
<writer thread='11267'/>
[CMS-concurrent-mark-start]
<writer thread='11779'/>
[Full GC (Allocation Failure) [CMS
<writer thread='11267'/>
[CMS-concurrent-mark: 0.058/0.060 secs] [Times: user=0.11 sys=0.01, real=0.06 secs] 
<writer thread='11779'/>
 (concurrent mode failure): 34175K-&gt;34176K(34176K), 0.1962479 secs] 49530K-&gt;37294K(49536K), [Metaspace: 61124K-&gt;61124K(1105920K)], 0.1964014 secs] [Times: user=0.19 sys=0.00, real=0.20 secs] 
[Full GC (Allocation Failure) [CMS: 34176K-&gt;34175K(34176K), 0.1614253 secs] 49535K-&gt;37492K(49536K), [Metaspace: 61124K-&gt;61124K(1105920K)], 0.1615849 secs] [Times: user=0.16 sys=0.00, real=0.16 secs] 
[GC (CMS Initial Mark) [1 CMS-initial-mark: 34175K(34176K)] 37538K(49536K), 0.0027951 secs] [Times: user=0.01 sys=0.00, real=0.01 secs] 
<writer thread='11267'/>
[CMS-concurrent-mark-start]
<writer thread='11779'/>
[Full GC (Allocation Failure) [CMS
<writer thread='11267'/>
[CMS-concurrent-mark: 0.061/0.063 secs] [Times: user=0.11 sys=0.00, real=0.06 secs] 
<writer thread='11779'/>
 (concurrent mode failure): 34175K-&gt;34175K(34176K), 0.2090156 secs] 49535K-&gt;37304K(49536K), [Metaspace: 61124K-&gt;61124K(1105920K)], 0.2091687 secs] [Times: user=0.19 sys=0.01, real=0.21 secs] 
[Full GC (Allocation Failure) [CMS: 34175K-&gt;34175K(34176K), 0.1530049 secs] 49529K-&gt;37290K(49536K), [Metaspace: 61124K-&gt;61124K(1105920K)], 0.1532155 secs] [Times: user=0.15 sys=0.00, real=0.15 secs] 
[GC (CMS Initial Mark) [1 CMS-initial-mark: 34175K(34176K)] 37578K(49536K), 0.0028125 secs] [Times: user=0.01 sys=0.00, real=0.00 secs] 
<writer thread='11267'/>
[CMS-concurrent-mark-start]
<writer thread='11779'/>
[Full GC (Allocation Failure) [CMS
<writer thread='11267'/>
[CMS-concurrent-mark: 0.066/0.068 secs] [Times: user=0.11 sys=0.01, real=0.07 secs] 
<writer thread='11779'/>
 (concurrent mode failure): 34175K-&gt;34175K(34176K), 0.2042171 secs] 49529K-&gt;37407K(49536K), [Metaspace: 61124K-&gt;61124K(1105920K)], 0.2043847 secs] [Times: user=0.20 sys=0.00, real=0.20 secs] 
[Full GC (Allocation Failure) [CMS: 34176K-&gt;34176K(34176K), 0.1672215 secs] 49536K-&gt;37270K(49536K), [Metaspace: 61124K-&gt;61124K(1105920K)], 0.1673966 secs] [Times: user=0.16 sys=0.01, real=0.17 secs] 
[GC (CMS Initial Mark) [1 CMS-initial-mark: 34176K(34176K)] 40754K(49536K), 0.0031048 secs] [Times: user=0.00 sys=0.00, real=0.01 secs] 
<writer thread='11267'/>
[CMS-concurrent-mark-start]
<writer thread='11779'/>
[Full GC (Allocation Failure) [CMS
<writer thread='11267'/>
[CMS-concurrent-mark: 0.065/0.067 secs] [Times: user=0.09 sys=0.01, real=0.07 secs] 
<writer thread='11779'/>
 (concurrent mode failure): 34176K-&gt;34176K(34176K), 0.2156127 secs] 49533K-&gt;37371K(49536K), [Metaspace: 61124K-&gt;61124K(1105920K)], 0.2157706 secs] [Times: user=0.20 sys=0.01, real=0.22 secs] 
[Full GC (Allocation Failure) [CMS: 34176K-&gt;34175K(34176K), 0.1505726 secs] 49535K-&gt;37260K(49536K), [Metaspace: 61124K-&gt;61124K(1105920K)], 0.1507224 secs] [Times: user=0.14 sys=0.00, real=0.15 secs] 
[GC (CMS Initial Mark) [1 CMS-initial-mark: 34175K(34176K)] 37339K(49536K), 0.0027965 secs] [Times: user=0.01 sys=0.00, real=0.01 secs] 
<writer thread='11267'/>
[CMS-concurrent-mark-start]
<writer thread='11779'/>
[Full GC (Allocation Failure) [CMS
<writer thread='11267'/>
[CMS-concurrent-mark: 0.065/0.068 secs] [Times: user=0.11 sys=0.01, real=0.06 secs] 
<writer thread='11779'/>
 (concurrent mode failure): 34175K-&gt;34175K(34176K), 0.1934339 secs] 49535K-&gt;37296K(49536K), [Metaspace: 61124K-&gt;61124K(1105920K)], 0.1935969 secs] [Times: user=0.18 sys=0.00, real=0.19 secs] 
[Full GC (Allocation Failure) [CMS: 34175K-&gt;34175K(34176K), 0.1484105 secs] 49535K-&gt;37247K(49536K), [Metaspace: 61124K-&gt;61124K(1105920K)], 0.1485922 secs] [Times: user=0.15 sys=0.00, real=0.15 secs] 
[GC (CMS Initial Mark) [1 CMS-initial-mark: 34175K(34176K)] 37552K(49536K), 0.0025196 secs] [Times: user=0.00 sys=0.00, real=0.00 secs] 
<writer thread='11267'/>
[CMS-concurrent-mark-start]
<writer thread='11779'/>
[Full GC (Allocation Failure) [CMS
<writer thread='11267'/>
[CMS-concurrent-mark: 0.068/0.073 secs] [Times: user=0.12 sys=0.01, real=0.07 secs] 
<writer thread='11779'/>
 (concurrent mode failure): 34175K-&gt;34176K(34176K), 0.2204952 secs] 49531K-&gt;37322K(49536K), [Metaspace: 61124K-&gt;61124K(1105920K)], 0.2208857 secs] [Times: user=0.19 sys=0.01, real=0.22 secs] 
[Full GC (Allocation Failure) [CMS: 34176K-&gt;34175K(34176K), 0.1614034 secs] 49535K-&gt;37307K(49536K), [Metaspace: 61124K-&gt;61124K(1105920K)], 0.1615606 secs] [Times: user=0.15 sys=0.00, real=0.16 secs] 
[GC (CMS Initial Mark) [1 CMS-initial-mark: 34175K(34176K)] 37371K(49536K), 0.0027596 secs] [Times: user=0.01 sys=0.00, real=0.00 secs] 
<writer thread='11267'/>
[CMS-concurrent-mark-start]
<writer thread='11779'/>
[Full GC (Allocation Failure) [CMS
<writer thread='11267'/>
[CMS-concurrent-mark: 0.059/0.061 secs] [Times: user=0.11 sys=0.01, real=0.06 secs] 
<writer thread='11779'/>
 (concurrent mode failure): 34175K-&gt;34175K(34176K), 0.2048045 secs] 49535K-&gt;37431K(49536K), [Metaspace: 61124K-&gt;61124K(1105920K)], 0.2049681 secs] [Times: user=0.19 sys=0.00, real=0.20 secs] 
[Full GC (Allocation Failure) [CMS: 34175K-&gt;34175K(34176K), 0.1603015 secs] 49527K-&gt;37422K(49536K), [Metaspace: 61124K-&gt;61124K(1105920K)], 0.1604590 secs] [Times: user=0.15 sys=0.00, real=0.16 secs] 
[GC (CMS Initial Mark) [1 CMS-initial-mark: 34175K(34176K)] 37742K(49536K), 0.0028002 secs] [Times: user=0.01 sys=0.00, real=0.00 secs] 
<writer thread='11267'/>
[CMS-concurrent-mark-start]
<writer thread='11779'/>
[Full GC (Allocation Failure) [CMS
<writer thread='11267'/>
[CMS-concurrent-mark: 0.065/0.067 secs] [Times: user=0.11 sys=0.01, real=0.07 secs] 
<writer thread='11779'/>
 (concurrent mode failure): 34175K-&gt;34175K(34176K), 0.2047130 secs] 49533K-&gt;37395K(49536K), [Metaspace: 61124K-&gt;61124K(1105920K)], 0.2048695 secs] [Times: user=0.19 sys=0.00, real=0.20 secs] 
[Full GC (Allocation Failure) [CMS: 34175K-&gt;34175K(34176K), 0.1616746 secs] 49535K-&gt;37363K(49536K), [Metaspace: 61124K-&gt;61124K(1105920K)], 0.1618269 secs] [Times: user=0.16 sys=0.00, real=0.16 secs] 
[GC (CMS Initial Mark) [1 CMS-initial-mark: 34175K(34176K)] 37439K(49536K), 0.0039383 secs] [Times: user=0.00 sys=0.00, real=0.01 secs] 
<writer thread='11267'/>
[CMS-concurrent-mark-start]
<writer thread='11779'/>
[Full GC (Allocation Failure) [CMS
<writer thread='11267'/>
[CMS-concurrent-mark: 0.064/0.066 secs] [Times: user=0.11 sys=0.01, real=0.06 secs] 
<writer thread='11779'/>
 (concurrent mode failure): 34176K-&gt;34175K(34176K), 0.2061590 secs] 49536K-&gt;37354K(49536K), [Metaspace: 61124K-&gt;61124K(1105920K)], 0.2063141 secs] [Times: user=0.19 sys=0.00, real=0.21 secs] 
[Full GC (Allocation Failure) [CMS: 34175K-&gt;34175K(34176K), 0.1615467 secs] 49535K-&gt;37450K(49536K), [Metaspace: 61124K-&gt;61124K(1105920K)], 0.1617229 secs] [Times: user=0.16 sys=0.00, real=0.16 secs] 
[GC (CMS Initial Mark) [1 CMS-initial-mark: 34175K(34176K)] 37616K(49536K), 0.0027405 secs] [Times: user=0.01 sys=0.00, real=0.00 secs] 
<writer thread='11267'/>
[CMS-concurrent-mark-start]
<writer thread='11779'/>
[Full GC (Allocation Failure) [CMS
<writer thread='11267'/>
[CMS-concurrent-mark: 0.073/0.075 secs] [Times: user=0.12 sys=0.01, real=0.08 secs] 
<writer thread='11779'/>
 (concurrent mode failure): 34175K-&gt;34176K(34176K), 0.2090374 secs] 49535K-&gt;37324K(49536K), [Metaspace: 61124K-&gt;61124K(1105920K)], 0.2091901 secs] [Times: user=0.20 sys=0.00, real=0.21 secs] 
[Full GC (Allocation Failure) [CMS: 34176K-&gt;34175K(34176K), 0.1491775 secs] 49529K-&gt;37542K(49536K), [Metaspace: 61124K-&gt;61124K(1105920K)], 0.1493192 secs] [Times: user=0.14 sys=0.00, real=0.15 secs] 
[GC (CMS Initial Mark) [1 CMS-initial-mark: 34175K(34176K)] 37690K(49536K), 0.0028048 secs] [Times: user=0.01 sys=0.00, real=0.00 secs] 
<writer thread='11267'/>
[CMS-concurrent-mark-start]
<writer thread='11779'/>
[Full GC (Allocation Failure) [CMS
<writer thread='11267'/>
[CMS-concurrent-mark: 0.063/0.065 secs] [Times: user=0.11 sys=0.01, real=0.07 secs] 
<writer thread='11779'/>
 (concurrent mode failure): 34175K-&gt;34175K(34176K), 0.2067944 secs] 49534K-&gt;37347K(49536K), [Metaspace: 61124K-&gt;61124K(1105920K)], 0.2069426 secs] [Times: user=0.19 sys=0.00, real=0.21 secs] 
[Full GC (Allocation Failure) [CMS: 34175K-&gt;34175K(34176K), 0.1592682 secs] 49535K-&gt;37411K(49536K), [Metaspace: 61124K-&gt;61124K(1105920K)], 0.1594437 secs] [Times: user=0.16 sys=0.00, real=0.16 secs] 
[GC (CMS Initial Mark) [1 CMS-initial-mark: 34175K(34176K)] 38642K(49536K), 0.0032901 secs] [Times: user=0.01 sys=0.00, real=0.00 secs] 
<writer thread='11267'/>
[CMS-concurrent-mark-start]
<writer thread='11779'/>
[Full GC (Allocation Failure) [CMS
<writer thread='11267'/>
[CMS-concurrent-mark: 0.066/0.068 secs] [Times: user=0.10 sys=0.00, real=0.07 secs] 
<writer thread='11779'/>
 (concurrent mode failure): 34175K-&gt;34175K(34176K), 0.2089426 secs] 49530K-&gt;37353K(49536K), [Metaspace: 61124K-&gt;61124K(1105920K)], 0.2091005 secs] [Times: user=0.19 sys=0.00, real=0.21 secs] 
[Full GC (Allocation Failure) [CMS: 34175K-&gt;34175K(34176K), 0.1595319 secs] 49525K-&gt;37377K(49536K), [Metaspace: 61124K-&gt;61124K(1105920K)], 0.1598403 secs] [Times: user=0.15 sys=0.00, real=0.16 secs] 
[GC (CMS Initial Mark) [1 CMS-initial-mark: 34175K(34176K)] 42284K(49536K), 0.0037061 secs] [Times: user=0.01 sys=0.00, real=0.01 secs] 
<writer thread='11267'/>
[CMS-concurrent-mark-start]
<writer thread='11779'/>
[Full GC (Allocation Failure) [CMS
<writer thread='11267'/>
[CMS-concurrent-mark: 0.063/0.065 secs] [Times: user=0.08 sys=0.00, real=0.06 secs] 
<writer thread='11779'/>
 (concurrent mode failure): 34175K-&gt;34175K(34176K), 0.2149608 secs] 49535K-&gt;37531K(49536K), [Metaspace: 61124K-&gt;61124K(1105920K)], 0.2151133 secs] [Times: user=0.20 sys=0.00, real=0.21 secs] 
[Full GC (Allocation Failure) [CMS: 34175K-&gt;34173K(34176K), 0.1545961 secs] 49534K-&gt;37435K(49536K), [Metaspace: 61128K-&gt;61128K(1105920K)], 0.1547567 secs] [Times: user=0.15 sys=0.00, real=0.16 secs] 
[GC (CMS Initial Mark) [1 CMS-initial-mark: 34173K(34176K)] 37534K(49536K), 0.0029446 secs] [Times: user=0.01 sys=0.00, real=0.00 secs] 
<writer thread='11267'/>
[CMS-concurrent-mark-start]
<writer thread='11779'/>
[Full GC (Allocation Failure) [CMS
<writer thread='11267'/>
[CMS-concurrent-mark: 0.065/0.067 secs] [Times: user=0.12 sys=0.01, real=0.07 secs] 
<writer thread='11779'/>
 (concurrent mode failure): 34174K-&gt;34171K(34176K), 0.1912376 secs] 49534K-&gt;37577K(49536K), [Metaspace: 61136K-&gt;61136K(1105920K)], 0.1914048 secs] [Times: user=0.18 sys=0.00, real=0.19 secs] 
[Full GC (Allocation Failure) [CMS: 34175K-&gt;34174K(34176K), 0.1495560 secs] 49535K-&gt;37348K(49536K), [Metaspace: 61136K-&gt;61136K(1105920K)], 0.1497080 secs] [Times: user=0.15 sys=0.00, real=0.15 secs] 
[GC (CMS Initial Mark) [1 CMS-initial-mark: 34174K(34176K)] 37464K(49536K), 0.0026292 secs] [Times: user=0.01 sys=0.00, real=0.01 secs] 
<writer thread='11267'/>
[CMS-concurrent-mark-start]
<writer thread='11779'/>
[Full GC (Allocation Failure) [CMS
<writer thread='11267'/>
[CMS-concurrent-mark: 0.061/0.063 secs] [Times: user=0.10 sys=0.01, real=0.06 secs] 
<writer thread='11779'/>
 (concurrent mode failure): 34174K-&gt;34168K(34176K), 0.1908320 secs] 49519K-&gt;37397K(49536K), [Metaspace: 61136K-&gt;61136K(1105920K)], 0.1910051 secs] [Times: user=0.18 sys=0.00, real=0.19 secs] 
[Full GC (Allocation Failure) [CMS: 34175K-&gt;34171K(34176K), 0.1493638 secs] 49535K-&gt;37484K(49536K), [Metaspace: 61136K-&gt;61136K(1105920K)], 0.1495188 secs] [Times: user=0.15 sys=0.00, real=0.15 secs] 
[GC (CMS Initial Mark) [1 CMS-initial-mark: 34171K(34176K)] 37576K(49536K), 0.0029034 secs] [Times: user=0.01 sys=0.00, real=0.00 secs] 
<writer thread='11267'/>
[CMS-concurrent-mark-start]
<writer thread='11779'/>
[Full GC (Allocation Failure) [CMS
<writer thread='11267'/>
[CMS-concurrent-mark: 0.063/0.065 secs] [Times: user=0.11 sys=0.01, real=0.06 secs] 
<writer thread='11779'/>
 (concurrent mode failure): 34171K-&gt;34168K(34176K), 0.1976155 secs] 49504K-&gt;37488K(49536K), [Metaspace: 61136K-&gt;61136K(1105920K)], 0.1977700 secs] [Times: user=0.19 sys=0.01, real=0.20 secs] 
[Full GC (Allocation Failure) [CMS: 34175K-&gt;34170K(34176K), 0.1512290 secs] 49535K-&gt;37652K(49536K), [Metaspace: 61136K-&gt;61136K(1105920K)], 0.1513902 secs] [Times: user=0.14 sys=0.00, real=0.16 secs] 
[GC (CMS Initial Mark) [1 CMS-initial-mark: 34170K(34176K)] 37728K(49536K), 0.0030226 secs] [Times: user=0.01 sys=0.00, real=0.00 secs] 
<writer thread='11267'/>
[CMS-concurrent-mark-start]
<writer thread='11779'/>
[Full GC (Allocation Failure) [CMS
<writer thread='11267'/>
[CMS-concurrent-mark: 0.065/0.066 secs] [Times: user=0.11 sys=0.01, real=0.07 secs] 
<writer thread='11779'/>
 (concurrent mode failure): 34172K-&gt;34170K(34176K), 0.2107392 secs] 49532K-&gt;37479K(49536K), [Metaspace: 61136K-&gt;61136K(1105920K)], 0.2109168 secs] [Times: user=0.20 sys=0.00, real=0.21 secs] 
[Full GC (Allocation Failure) [CMS: 34175K-&gt;34169K(34176K), 0.1578958 secs] 49535K-&gt;37645K(49536K), [Metaspace: 61136K-&gt;61136K(1105920K)], 0.1582620 secs] [Times: user=0.15 sys=0.00, real=0.16 secs] 
[GC (CMS Initial Mark) [1 CMS-initial-mark: 34169K(34176K)] 39519K(49536K), 0.0030975 secs] [Times: user=0.01 sys=0.01, real=0.00 secs] 
<writer thread='11267'/>
[CMS-concurrent-mark-start]
<writer thread='11779'/>
[Full GC (Allocation Failure) [CMS
<writer thread='11267'/>
[CMS-concurrent-mark: 0.066/0.070 secs] [Times: user=0.10 sys=0.00, real=0.07 secs] 
<writer thread='11779'/>
 (concurrent mode failure): 34175K-&gt;34170K(34176K), 0.2068744 secs] 49535K-&gt;37333K(49536K), [Metaspace: 61136K-&gt;61136K(1105920K)], 0.2070890 secs] [Times: user=0.19 sys=0.00, real=0.21 secs] 
[Full GC (Allocation Failure) [CMS: 34170K-&gt;34175K(34176K), 0.1528697 secs] 49516K-&gt;37446K(49536K), [Metaspace: 61136K-&gt;61136K(1105920K)], 0.1530205 secs] [Times: user=0.15 sys=0.00, real=0.15 secs] 
[GC (CMS Initial Mark) [1 CMS-initial-mark: 34175K(34176K)] 37711K(49536K), 0.0027840 secs] [Times: user=0.01 sys=0.00, real=0.01 secs] 
<writer thread='11267'/>
[CMS-concurrent-mark-start]
<writer thread='11779'/>
[Full GC (Allocation Failure) [CMS
<writer thread='11267'/>
[CMS-concurrent-mark: 0.065/0.070 secs] [Times: user=0.11 sys=0.01, real=0.07 secs] 
<writer thread='11779'/>
 (concurrent mode failure): 34175K-&gt;34173K(34176K), 0.1903271 secs] 49535K-&gt;37503K(49536K), [Metaspace: 61136K-&gt;61136K(1105920K)], 0.1904800 secs] [Times: user=0.18 sys=0.00, real=0.19 secs] 
[Full GC (Allocation Failure) [CMS: 34175K-&gt;34173K(34176K), 0.1582852 secs] 49535K-&gt;37486K(49536K), [Metaspace: 61136K-&gt;61136K(1105920K)], 0.1584294 secs] [Times: user=0.16 sys=0.00, real=0.16 secs] 
[GC (CMS Initial Mark) [1 CMS-initial-mark: 34173K(34176K)] 37524K(49536K), 0.0027807 secs] [Times: user=0.00 sys=0.00, real=0.01 secs] 
<writer thread='11267'/>
[CMS-concurrent-mark-start]
<writer thread='11779'/>
[Full GC (Allocation Failure) [CMS
<writer thread='11267'/>
[CMS-concurrent-mark: 0.063/0.065 secs] [Times: user=0.12 sys=0.01, real=0.06 secs] 
<writer thread='11779'/>
 (concurrent mode failure): 34176K-&gt;34172K(34176K), 0.2039487 secs] 49536K-&gt;37280K(49536K), [Metaspace: 61171K-&gt;61171K(1105920K)], 0.2040996 secs] [Times: user=0.19 sys=0.00, real=0.20 secs] 
[Full GC (Allocation Failure) [CMS: 34172K-&gt;34170K(34176K), 0.1586683 secs] 49524K-&gt;37791K(49536K), [Metaspace: 61204K-&gt;61204K(1105920K)], 0.1588555 secs] [Times: user=0.15 sys=0.00, real=0.16 secs] 
[GC (CMS Initial Mark) [1 CMS-initial-mark: 34170K(34176K)] 38006K(49536K), 0.0035131 secs] [Times: user=0.01 sys=0.00, real=0.00 secs] 
<writer thread='11267'/>
[CMS-concurrent-mark-start]
<writer thread='11779'/>
[Full GC (Allocation Failure) [CMS
<writer thread='11267'/>
[CMS-concurrent-mark: 0.075/0.077 secs] [Times: user=0.12 sys=0.01, real=0.08 secs] 
<writer thread='11779'/>
 (concurrent mode failure): 34170K-&gt;34168K(34176K), 0.1946167 secs] 49525K-&gt;37399K(49536K), [Metaspace: 61204K-&gt;61204K(1105920K)], 0.1948197 secs] [Times: user=0.18 sys=0.00, real=0.20 secs] 
[Full GC (Allocation Failure) [CMS: 34168K-&gt;34167K(34176K), 0.1505035 secs] 49522K-&gt;37358K(49536K), [Metaspace: 61205K-&gt;61205K(1105920K)], 0.1506658 secs] [Times: user=0.15 sys=0.00, real=0.15 secs] 
[GC (CMS Initial Mark) [1 CMS-initial-mark: 34167K(34176K)] 37926K(49536K), 0.0030061 secs] [Times: user=0.01 sys=0.00, real=0.00 secs] 
<writer thread='11267'/>
[CMS-concurrent-mark-start]
<writer thread='11779'/>
[Full GC (Allocation Failure) [CMS
<writer thread='11267'/>
[CMS-concurrent-mark: 0.062/0.063 secs] [Times: user=0.11 sys=0.01, real=0.06 secs] 
<writer thread='11779'/>
 (concurrent mode failure): 34170K-&gt;34168K(34176K), 0.1928791 secs] 49530K-&gt;37833K(49536K), [Metaspace: 61205K-&gt;61205K(1105920K)], 0.1930713 secs] [Times: user=0.18 sys=0.00, real=0.19 secs] 
[Full GC (Allocation Failure) [CMS: 34175K-&gt;34169K(34176K), 0.1631426 secs] 49535K-&gt;37438K(49536K), [Metaspace: 61205K-&gt;61205K(1105920K)], 0.1632929 secs] [Times: user=0.16 sys=0.00, real=0.16 secs] 
[GC (CMS Initial Mark) [1 CMS-initial-mark: 34169K(34176K)] 37559K(49536K), 0.0033022 secs] [Times: user=0.01 sys=0.00, real=0.01 secs] 
<writer thread='11267'/>
[CMS-concurrent-mark-start]
<writer thread='11779'/>
[Full GC (Allocation Failure) [CMS
<writer thread='11267'/>
[CMS-concurrent-mark: 0.063/0.065 secs] [Times: user=0.10 sys=0.01, real=0.06 secs] 
<writer thread='11779'/>
 (concurrent mode failure): 34175K-&gt;34168K(34176K), 0.2055910 secs] 49535K-&gt;37381K(49536K), [Metaspace: 61205K-&gt;61205K(1105920K)], 0.2057414 secs] [Times: user=0.20 sys=0.00, real=0.20 secs] 
[Full GC (Allocation Failure) [CMS: 34168K-&gt;34165K(34176K), 0.1578051 secs] 49517K-&gt;37536K(49536K), [Metaspace: 61205K-&gt;61205K(1105920K)], 0.1579804 secs] [Times: user=0.16 sys=0.00, real=0.16 secs] 
[GC (CMS Initial Mark) [1 CMS-initial-mark: 34165K(34176K)] 38248K(49536K), 0.0028987 secs] [Times: user=0.01 sys=0.00, real=0.00 secs] 
<writer thread='11267'/>
[CMS-concurrent-mark-start]
<writer thread='11779'/>
[Full GC (Allocation Failure) [CMS
<writer thread='11267'/>
[CMS-concurrent-mark: 0.063/0.065 secs] [Times: user=0.10 sys=0.01, real=0.07 secs] 
<writer thread='11779'/>
 (concurrent mode failure): 34173K-&gt;34171K(34176K), 0.2164168 secs] 49526K-&gt;37418K(49536K), [Metaspace: 61205K-&gt;61205K(1105920K)], 0.2166010 secs] [Times: user=0.20 sys=0.00, real=0.22 secs] 
[Full GC (Allocation Failure) [CMS: 34175K-&gt;34174K(34176K), 0.1517890 secs] 49535K-&gt;37678K(49536K), [Metaspace: 61205K-&gt;61205K(1105920K)], 0.1519681 secs] [Times: user=0.15 sys=0.00, real=0.15 secs] 
[GC (CMS Initial Mark) [1 CMS-initial-mark: 34174K(34176K)] 38269K(49536K), 0.0031214 secs] [Times: user=0.01 sys=0.00, real=0.01 secs] 
<writer thread='11267'/>
[CMS-concurrent-mark-start]
<writer thread='11779'/>
[Full GC (Allocation Failure) [CMS
<writer thread='11267'/>
[CMS-concurrent-mark: 0.063/0.065 secs] [Times: user=0.10 sys=0.01, real=0.06 secs] 
<writer thread='11779'/>
 (concurrent mode failure): 34174K-&gt;34163K(34176K), 0.1974860 secs] 49532K-&gt;37574K(49536K), [Metaspace: 61205K-&gt;61205K(1105920K)], 0.1976366 secs] [Times: user=0.19 sys=0.01, real=0.19 secs] 
[Full GC (Allocation Failure) [CMS: 34175K-&gt;34165K(34176K), 0.1652873 secs] 49535K-&gt;37452K(49536K), [Metaspace: 61205K-&gt;61205K(1105920K)], 0.1654826 secs] [Times: user=0.16 sys=0.01, real=0.16 secs] 
[GC (CMS Initial Mark) [1 CMS-initial-mark: 34165K(34176K)] 37570K(49536K), 0.0026133 secs] [Times: user=0.00 sys=0.00, real=0.00 secs] 
<writer thread='11267'/>
[CMS-concurrent-mark-start]
<writer thread='11779'/>
[Full GC (Allocation Failure) [CMS
<writer thread='11267'/>
[CMS-concurrent-mark: 0.063/0.064 secs] [Times: user=0.11 sys=0.01, real=0.07 secs] 
<writer thread='11779'/>
 (concurrent mode failure): 34173K-&gt;34172K(34176K), 0.1992325 secs] 49530K-&gt;37563K(49536K), [Metaspace: 61205K-&gt;61205K(1105920K)], 0.1993884 secs] [Times: user=0.19 sys=0.00, real=0.20 secs] 
[Full GC (Allocation Failure) [CMS: 34175K-&gt;34165K(34176K), 0.1563010 secs] 49535K-&gt;37939K(49536K), [Metaspace: 61205K-&gt;61205K(1105920K)], 0.1564820 secs] [Times: user=0.15 sys=0.00, real=0.16 secs] 
[GC (CMS Initial Mark) [1 CMS-initial-mark: 34165K(34176K)] 38224K(49536K), 0.0039714 secs] [Times: user=0.01 sys=0.00, real=0.00 secs] 
<writer thread='11267'/>
[CMS-concurrent-mark-start]
<writer thread='11779'/>
[Full GC (Allocation Failure) [CMS
<writer thread='11267'/>
[CMS-concurrent-mark: 0.090/0.094 secs] [Times: user=0.13 sys=0.01, real=0.10 secs] 
<writer thread='11779'/>
 (concurrent mode failure): 34167K-&gt;34166K(34176K), 0.2185930 secs] 49527K-&gt;37456K(49536K), [Metaspace: 61205K-&gt;61205K(1105920K)], 0.2187613 secs] [Times: user=0.20 sys=0.00, real=0.21 secs] 
[Full GC (Allocation Failure) [CMS: 34174K-&gt;34170K(34176K), 0.1581723 secs] 49527K-&gt;37436K(49536K), [Metaspace: 61205K-&gt;61205K(1105920K)], 0.1583215 secs] [Times: user=0.16 sys=0.00, real=0.16 secs] 
[GC (CMS Initial Mark) [1 CMS-initial-mark: 34172K(34176K)] 49532K(49536K), 0.0061899 secs] [Times: user=0.02 sys=0.00, real=0.00 secs] 
<writer thread='11267'/>
[CMS-concurrent-mark-start]
<writer thread='11779'/>
[Full GC (Allocation Failure) [CMS
<writer thread='11267'/>
[CMS-concurrent-mark: 0.064/0.066 secs] [Times: user=0.06 sys=0.00, real=0.07 secs] 
<writer thread='11779'/>
 (concurrent mode failure): 34175K-&gt;34171K(34176K), 0.2338066 secs] 49535K-&gt;37403K(49536K), [Metaspace: 61205K-&gt;61205K(1105920K)], 0.2339953 secs] [Times: user=0.22 sys=0.00, real=0.24 secs] 
[Full GC (Allocation Failure) [CMS: 34175K-&gt;34162K(34176K), 0.1732884 secs] 49535K-&gt;37624K(49536K), [Metaspace: 61205K-&gt;61205K(1105920K)], 0.1734796 secs] [Times: user=0.16 sys=0.00, real=0.18 secs] 
[GC (CMS Initial Mark) [1 CMS-initial-mark: 34162K(34176K)] 37726K(49536K), 0.0029813 secs] [Times: user=0.01 sys=0.00, real=0.00 secs] 
<writer thread='11267'/>
[CMS-concurrent-mark-start]
<writer thread='11779'/>
[Full GC (Allocation Failure) [CMS
<writer thread='11267'/>
[CMS-concurrent-mark: 0.072/0.074 secs] [Times: user=0.11 sys=0.01, real=0.08 secs] 
<writer thread='11779'/>
 (concurrent mode failure): 34175K-&gt;34167K(34176K), 0.2262510 secs] 49535K-&gt;37616K(49536K), [Metaspace: 61205K-&gt;61205K(1105920K)], 0.2264026 secs] [Times: user=0.21 sys=0.00, real=0.23 secs] 
[Full GC (Allocation Failure) [CMS: 34175K-&gt;34170K(34176K), 0.1641887 secs] 49535K-&gt;37508K(49536K), [Metaspace: 61205K-&gt;61205K(1105920K)], 0.1644088 secs] [Times: user=0.15 sys=0.00, real=0.17 secs] 
[GC (CMS Initial Mark) [1 CMS-initial-mark: 34170K(34176K)] 38597K(49536K), 0.0032044 secs] [Times: user=0.01 sys=0.00, real=0.00 secs] 
<writer thread='11267'/>
[CMS-concurrent-mark-start]
<writer thread='11779'/>
[Full GC (Allocation Failure) [CMS
<writer thread='11267'/>
[CMS-concurrent-mark: 0.069/0.071 secs] [Times: user=0.10 sys=0.01, real=0.07 secs] 
<writer thread='11779'/>
 (concurrent mode failure): 34175K-&gt;34175K(34176K), 0.2186034 secs] 49535K-&gt;37524K(49536K), [Metaspace: 61205K-&gt;61205K(1105920K)], 0.2187573 secs] [Times: user=0.21 sys=0.00, real=0.22 secs] 
[Full GC (Allocation Failure) [CMS: 34175K-&gt;34175K(34176K), 0.1575486 secs] 49535K-&gt;37709K(49536K), [Metaspace: 61205K-&gt;61205K(1105920K)], 0.1576972 secs] [Times: user=0.15 sys=0.00, real=0.15 secs] 
[GC (CMS Initial Mark) [1 CMS-initial-mark: 34175K(34176K)] 39849K(49536K), 0.0032004 secs] [Times: user=0.01 sys=0.00, real=0.00 secs] 
<writer thread='11267'/>
[CMS-concurrent-mark-start]
<writer thread='11779'/>
[Full GC (Allocation Failure) [CMS
<writer thread='11267'/>
[CMS-concurrent-mark: 0.066/0.068 secs] [Times: user=0.10 sys=0.01, real=0.07 secs] 
<writer thread='11779'/>
 (concurrent mode failure): 34175K-&gt;34175K(34176K), 0.2063926 secs] 49535K-&gt;37679K(49536K), [Metaspace: 61205K-&gt;61205K(1105920K)], 0.2065431 secs] [Times: user=0.19 sys=0.00, real=0.20 secs] 
[Full GC (Allocation Failure) [CMS: 34176K-&gt;34175K(34176K), 0.1530656 secs] 49536K-&gt;37464K(49536K), [Metaspace: 61205K-&gt;61205K(1105920K)], 0.1532166 secs] [Times: user=0.15 sys=0.00, real=0.16 secs] 
[GC (CMS Initial Mark) [1 CMS-initial-mark: 34175K(34176K)] 37567K(49536K), 0.0029602 secs] [Times: user=0.01 sys=0.00, real=0.00 secs] 
<writer thread='11267'/>
[CMS-concurrent-mark-start]
<writer thread='11779'/>
[Full GC (Allocation Failure) [CMS
<writer thread='11267'/>
[CMS-concurrent-mark: 0.065/0.067 secs] [Times: user=0.11 sys=0.01, real=0.07 secs] 
<writer thread='11779'/>
 (concurrent mode failure): 34175K-&gt;34175K(34176K), 0.2045670 secs] 49535K-&gt;37545K(49536K), [Metaspace: 61205K-&gt;61205K(1105920K)], 0.2048284 secs] [Times: user=0.19 sys=0.00, real=0.20 secs] 
[Full GC (Allocation Failure) [CMS: 34175K-&gt;34175K(34176K), 0.1624225 secs] 49535K-&gt;37458K(49536K), [Metaspace: 61205K-&gt;61205K(1105920K)], 0.1625562 secs] [Times: user=0.16 sys=0.00, real=0.17 secs] 
[GC (CMS Initial Mark) [1 CMS-initial-mark: 34175K(34176K)] 38321K(49536K), 0.0028715 secs] [Times: user=0.01 sys=0.00, real=0.00 secs] 
<writer thread='11267'/>
[CMS-concurrent-mark-start]
<writer thread='11779'/>
[Full GC (Allocation Failure) [CMS
<writer thread='11267'/>
[CMS-concurrent-mark: 0.071/0.073 secs] [Times: user=0.10 sys=0.01, real=0.07 secs] 
<writer thread='11779'/>
 (concurrent mode failure): 34175K-&gt;34175K(34176K), 0.2186424 secs] 49535K-&gt;37537K(49536K), [Metaspace: 61205K-&gt;61205K(1105920K)], 0.2188096 secs] [Times: user=0.20 sys=0.01, real=0.22 secs] 
[Full GC (Allocation Failure) [CMS: 34175K-&gt;34173K(34176K), 0.1655481 secs] 49535K-&gt;37479K(49536K), [Metaspace: 61205K-&gt;61205K(1105920K)], 0.1657196 secs] [Times: user=0.16 sys=0.01, real=0.17 secs] 
[GC (CMS Initial Mark) [1 CMS-initial-mark: 34173K(34176K)] 37555K(49536K), 0.0028732 secs] [Times: user=0.01 sys=0.00, real=0.00 secs] 
<writer thread='11267'/>
[CMS-concurrent-mark-start]
<writer thread='11779'/>
[Full GC (Allocation Failure) [CMS
<writer thread='11267'/>
[CMS-concurrent-mark: 0.067/0.069 secs] [Times: user=0.11 sys=0.00, real=0.07 secs] 
<writer thread='11779'/>
 (concurrent mode failure): 34175K-&gt;34175K(34176K), 0.2100182 secs] 49535K-&gt;37389K(49536K), [Metaspace: 61205K-&gt;61205K(1105920K)], 0.2102187 secs] [Times: user=0.20 sys=0.01, real=0.21 secs] 
[Full GC (Allocation Failure) [CMS: 34175K-&gt;34174K(34176K), 0.1604751 secs] 49535K-&gt;37470K(49536K), [Metaspace: 61205K-&gt;61205K(1105920K)], 0.1606266 secs] [Times: user=0.15 sys=0.00, real=0.16 secs] 
[GC (CMS Initial Mark) [1 CMS-initial-mark: 34174K(34176K)] 37749K(49536K), 0.0035867 secs] [Times: user=0.00 sys=0.01, real=0.01 secs] 
<writer thread='11267'/>
[CMS-concurrent-mark-start]
<writer thread='11779'/>
[Full GC (Allocation Failure) [CMS
<writer thread='11267'/>
[CMS-concurrent-mark: 0.062/0.064 secs] [Times: user=0.11 sys=0.00, real=0.06 secs] 
<writer thread='11779'/>
 (concurrent mode failure): 34175K-&gt;34174K(34176K), 0.1973131 secs] 49535K-&gt;37584K(49536K), [Metaspace: 61205K-&gt;61205K(1105920K)], 0.1974751 secs] [Times: user=0.19 sys=0.00, real=0.20 secs] 
[Full GC (Allocation Failure) [CMS: 34174K-&gt;34172K(34176K), 0.1477423 secs] 49522K-&gt;38091K(49536K), [Metaspace: 61205K-&gt;61205K(1105920K)], 0.1478921 secs] [Times: user=0.14 sys=0.00, real=0.15 secs] 
[GC (CMS Initial Mark) [1 CMS-initial-mark: 34172K(34176K)] 38376K(49536K), 0.0035459 secs] [Times: user=0.01 sys=0.00, real=0.00 secs] 
<writer thread='11267'/>
[CMS-concurrent-mark-start]
<writer thread='11779'/>
[Full GC (Allocation Failure) [CMS
<writer thread='11267'/>
[CMS-concurrent-mark: 0.066/0.068 secs] [Times: user=0.11 sys=0.01, real=0.07 secs] 
<writer thread='11779'/>
 (concurrent mode failure): 34172K-&gt;34171K(34176K), 0.1953454 secs] 49529K-&gt;37500K(49536K), [Metaspace: 61205K-&gt;61205K(1105920K)], 0.1955007 secs] [Times: user=0.18 sys=0.00, real=0.20 secs] 
[Full GC (Allocation Failure) [CMS: 34171K-&gt;34171K(34176K), 0.1563544 secs] 49519K-&gt;37560K(49536K), [Metaspace: 61205K-&gt;61205K(1105920K)], 0.1565059 secs] [Times: user=0.15 sys=0.00, real=0.15 secs] 
[GC (CMS Initial Mark) [1 CMS-initial-mark: 34171K(34176K)] 37627K(49536K), 0.0029583 secs] [Times: user=0.01 sys=0.00, real=0.01 secs] 
<writer thread='11267'/>
[CMS-concurrent-mark-start]
<writer thread='11779'/>
[Full GC (Allocation Failure) [CMS
<writer thread='11267'/>
[CMS-concurrent-mark: 0.063/0.066 secs] [Times: user=0.10 sys=0.01, real=0.06 secs] 
<writer thread='11779'/>
 (concurrent mode failure): 34172K-&gt;34172K(34176K), 0.2086709 secs] 49531K-&gt;37372K(49536K), [Metaspace: 61205K-&gt;61205K(1105920K)], 0.2088378 secs] [Times: user=0.20 sys=0.00, real=0.21 secs] 
[Full GC (Allocation Failure) [CMS: 34172K-&gt;34172K(34176K), 0.1568691 secs] 49529K-&gt;37462K(49536K), [Metaspace: 61205K-&gt;61205K(1105920K)], 0.1570494 secs] [Times: user=0.16 sys=0.00, real=0.16 secs] 
[GC (CMS Initial Mark) [1 CMS-initial-mark: 34172K(34176K)] 47868K(49536K), 0.0080809 secs] [Times: user=0.03 sys=0.00, real=0.01 secs] 
<writer thread='11267'/>
[CMS-concurrent-mark-start]
<writer thread='11779'/>
[Full GC (Allocation Failure) [CMS
<writer thread='11267'/>
[CMS-concurrent-mark: 0.062/0.064 secs] [Times: user=0.08 sys=0.01, real=0.06 secs] 
<writer thread='11779'/>
 (concurrent mode failure): 34175K-&gt;34171K(34176K), 0.2276647 secs] 49535K-&gt;37758K(49536K), [Metaspace: 61205K-&gt;61205K(1105920K)], 0.2278396 secs] [Times: user=0.21 sys=0.00, real=0.22 secs] 
[Full GC (Allocation Failure) [CMS: 34174K-&gt;34173K(34176K), 0.1473963 secs] 49534K-&gt;37518K(49536K), [Metaspace: 61205K-&gt;61205K(1105920K)], 0.1475610 secs] [Times: user=0.14 sys=0.00, real=0.15 secs] 
[GC (CMS Initial Mark) [1 CMS-initial-mark: 34173K(34176K)] 38191K(49536K), 0.0031589 secs] [Times: user=0.01 sys=0.00, real=0.00 secs] 
<writer thread='11267'/>
[CMS-concurrent-mark-start]
<writer thread='11779'/>
[Full GC (Allocation Failure) [CMS
<writer thread='11267'/>
[CMS-concurrent-mark: 0.061/0.063 secs] [Times: user=0.10 sys=0.00, real=0.06 secs] 
<writer thread='11779'/>
 (concurrent mode failure): 34175K-&gt;34173K(34176K), 0.1999777 secs] 49535K-&gt;37434K(49536K), [Metaspace: 61205K-&gt;61205K(1105920K)], 0.2001285 secs] [Times: user=0.18 sys=0.01, real=0.20 secs] 
[Full GC (Allocation Failure) [CMS: 34175K-&gt;34171K(34176K), 0.1482196 secs] 49535K-&gt;37518K(49536K), [Metaspace: 61205K-&gt;61205K(1105920K)], 0.1483698 secs] [Times: user=0.15 sys=0.00, real=0.15 secs] 
[GC (CMS Initial Mark) [1 CMS-initial-mark: 34171K(34176K)] 37757K(49536K), 0.0030828 secs] [Times: user=0.00 sys=0.00, real=0.00 secs] 
<writer thread='11267'/>
[CMS-concurrent-mark-start]
<writer thread='11779'/>
[Full GC (Allocation Failure) [CMS
<writer thread='11267'/>
[CMS-concurrent-mark: 0.063/0.064 secs] [Times: user=0.11 sys=0.01, real=0.06 secs] 
<writer thread='11779'/>
 (concurrent mode failure): 34171K-&gt;34169K(34176K), 0.2022024 secs] 49526K-&gt;37376K(49536K), [Metaspace: 61205K-&gt;61205K(1105920K)], 0.2023625 secs] [Times: user=0.19 sys=0.00, real=0.20 secs] 
[Full GC (Allocation Failure) [CMS: 34175K-&gt;34171K(34176K), 0.1492815 secs] 49535K-&gt;38008K(49536K), [Metaspace: 61205K-&gt;61205K(1105920K)], 0.1494474 secs] [Times: user=0.15 sys=0.00, real=0.15 secs] 
[GC (CMS Initial Mark) [1 CMS-initial-mark: 34171K(34176K)] 38063K(49536K), 0.0036922 secs] [Times: user=0.00 sys=0.00, real=0.00 secs] 
<writer thread='11267'/>
[CMS-concurrent-mark-start]
<writer thread='11779'/>
[Full GC (Allocation Failure) [CMS
<writer thread='11267'/>
[CMS-concurrent-mark: 0.064/0.066 secs] [Times: user=0.11 sys=0.00, real=0.07 secs] 
<writer thread='11779'/>
 (concurrent mode failure): 34171K-&gt;34168K(34176K), 0.1955971 secs] 49520K-&gt;37897K(49536K), [Metaspace: 61205K-&gt;61205K(1105920K)], 0.1957425 secs] [Times: user=0.19 sys=0.01, real=0.20 secs] 
[Full GC (Allocation Failure) [CMS: 34175K-&gt;34169K(34176K), 0.1518261 secs] 49535K-&gt;37372K(49536K), [Metaspace: 61205K-&gt;61205K(1105920K)], 0.1520045 secs] [Times: user=0.15 sys=0.00, real=0.15 secs] 
[GC (CMS Initial Mark) [1 CMS-initial-mark: 34169K(34176K)] 37478K(49536K), 0.0031549 secs] [Times: user=0.01 sys=0.00, real=0.00 secs] 
<writer thread='11267'/>
[CMS-concurrent-mark-start]
<writer thread='11779'/>
[Full GC (Allocation Failure) [CMS
<writer thread='11267'/>
[CMS-concurrent-mark: 0.064/0.066 secs] [Times: user=0.11 sys=0.01, real=0.07 secs] 
<writer thread='11779'/>
 (concurrent mode failure): 34173K-&gt;34169K(34176K), 0.1944481 secs] 49533K-&gt;37908K(49536K), [Metaspace: 61205K-&gt;61205K(1105920K)], 0.1945939 secs] [Times: user=0.18 sys=0.00, real=0.20 secs] 
[Full GC (Allocation Failure) [CMS: 34173K-&gt;34168K(34176K), 0.1605374 secs] 49533K-&gt;37426K(49536K), [Metaspace: 61205K-&gt;61205K(1105920K)], 0.1607120 secs] [Times: user=0.16 sys=0.00, real=0.16 secs] 
[GC (CMS Initial Mark) [1 CMS-initial-mark: 34168K(34176K)] 37954K(49536K), 0.0031241 secs] [Times: user=0.00 sys=0.00, real=0.00 secs] 
<writer thread='11267'/>
[CMS-concurrent-mark-start]
<writer thread='11779'/>
[Full GC (Allocation Failure) [CMS
<writer thread='11267'/>
[CMS-concurrent-mark: 0.064/0.065 secs] [Times: user=0.10 sys=0.01, real=0.07 secs] 
<writer thread='11779'/>
 (concurrent mode failure): 34170K-&gt;34175K(34176K), 0.2016850 secs] 49530K-&gt;37415K(49536K), [Metaspace: 61205K-&gt;61205K(1105920K)], 0.2019556 secs] [Times: user=0.20 sys=0.01, real=0.21 secs] 
[Full GC (Allocation Failure) [CMS: 34175K-&gt;34173K(34176K), 0.1535610 secs] 49535K-&gt;37468K(49536K), [Metaspace: 61205K-&gt;61205K(1105920K)], 0.1537104 secs] [Times: user=0.14 sys=0.01, real=0.15 secs] 
[GC (CMS Initial Mark) [1 CMS-initial-mark: 34173K(34176K)] 37604K(49536K), 0.0031176 secs] [Times: user=0.01 sys=0.00, real=0.00 secs] 
<writer thread='11267'/>
[CMS-concurrent-mark-start]
<writer thread='11779'/>
[Full GC (Allocation Failure) [CMS
<writer thread='11267'/>
[CMS-concurrent-mark: 0.070/0.073 secs] [Times: user=0.11 sys=0.01, real=0.08 secs] 
<writer thread='11779'/>
 (concurrent mode failure): 34173K-&gt;34172K(34176K), 0.2073270 secs] 49524K-&gt;37477K(49536K), [Metaspace: 61205K-&gt;61205K(1105920K)], 0.2075145 secs] [Times: user=0.20 sys=0.01, real=0.21 secs] 
[Full GC (Allocation Failure) [CMS: 34172K-&gt;34172K(34176K), 0.1481843 secs] 49527K-&gt;37451K(49536K), [Metaspace: 61205K-&gt;61205K(1105920K)], 0.1483456 secs] [Times: user=0.14 sys=0.00, real=0.15 secs] 
[GC (CMS Initial Mark) [1 CMS-initial-mark: 34172K(34176K)] 37510K(49536K), 0.0028484 secs] [Times: user=0.01 sys=0.00, real=0.01 secs] 
<writer thread='11267'/>
[CMS-concurrent-mark-start]
<writer thread='11779'/>
[Full GC (Allocation Failure) [CMS
<writer thread='11267'/>
[CMS-concurrent-mark: 0.064/0.066 secs] [Times: user=0.10 sys=0.01, real=0.06 secs] 
<writer thread='11779'/>
 (concurrent mode failure): 34172K-&gt;34172K(34176K), 0.1925207 secs] 49529K-&gt;37497K(49536K), [Metaspace: 61205K-&gt;61205K(1105920K)], 0.1926881 secs] [Times: user=0.19 sys=0.00, real=0.19 secs] 
[Full GC (Allocation Failure) [CMS: 34175K-&gt;34173K(34176K), 0.1501659 secs] 49535K-&gt;37403K(49536K), [Metaspace: 61205K-&gt;61205K(1105920K)], 0.1503255 secs] [Times: user=0.14 sys=0.00, real=0.15 secs] 
[GC (CMS Initial Mark) [1 CMS-initial-mark: 34173K(34176K)] 37686K(49536K), 0.0029994 secs] [Times: user=0.00 sys=0.00, real=0.00 secs] 
<writer thread='11267'/>
[CMS-concurrent-mark-start]
<writer thread='11779'/>
[Full GC (Allocation Failure) [CMS
<writer thread='11267'/>
[CMS-concurrent-mark: 0.067/0.069 secs] [Times: user=0.11 sys=0.01, real=0.07 secs] 
<writer thread='11779'/>
 (concurrent mode failure): 34176K-&gt;34172K(34176K), 0.1989527 secs] 49536K-&gt;37473K(49536K), [Metaspace: 61205K-&gt;61205K(1105920K)], 0.1991094 secs] [Times: user=0.19 sys=0.00, real=0.20 secs] 
[Full GC (Allocation Failure) [CMS: 34172K-&gt;34170K(34176K), 0.1559057 secs] 49527K-&gt;37466K(49536K), [Metaspace: 61205K-&gt;61205K(1105920K)], 0.1560569 secs] [Times: user=0.15 sys=0.00, real=0.16 secs] 
[GC (CMS Initial Mark) [1 CMS-initial-mark: 34170K(34176K)] 37553K(49536K), 0.0031278 secs] [Times: user=0.01 sys=0.00, real=0.00 secs] 
<writer thread='11267'/>
[CMS-concurrent-mark-start]
<writer thread='11779'/>
[Full GC (Allocation Failure) [CMS
<writer thread='11267'/>
[CMS-concurrent-mark: 0.064/0.066 secs] [Times: user=0.11 sys=0.01, real=0.07 secs] 
<writer thread='11779'/>
 (concurrent mode failure): 34175K-&gt;34170K(34176K), 0.1930135 secs] 49535K-&gt;37718K(49536K), [Metaspace: 61205K-&gt;61205K(1105920K)], 0.1931630 secs] [Times: user=0.18 sys=0.00, real=0.19 secs] 
[Full GC (Allocation Failure) [CMS: 34175K-&gt;34170K(34176K), 0.1617514 secs] 49535K-&gt;37425K(49536K), [Metaspace: 61205K-&gt;61205K(1105920K)], 0.1619240 secs] [Times: user=0.16 sys=0.01, real=0.16 secs] 
[GC (CMS Initial Mark) [1 CMS-initial-mark: 34170K(34176K)] 37476K(49536K), 0.0030607 secs] [Times: user=0.00 sys=0.00, real=0.01 secs] 
<writer thread='11267'/>
[CMS-concurrent-mark-start]
<writer thread='11779'/>
[Full GC (Allocation Failure) [CMS
<writer thread='11267'/>
[CMS-concurrent-mark: 0.063/0.065 secs] [Times: user=0.11 sys=0.01, real=0.06 secs] 
<writer thread='11779'/>
 (concurrent mode failure): 34175K-&gt;34171K(34176K), 0.1905775 secs] 49535K-&gt;37560K(49536K), [Metaspace: 61205K-&gt;61205K(1105920K)], 0.1907408 secs] [Times: user=0.18 sys=0.00, real=0.19 secs] 
[Full GC (Allocation Failure) [CMS: 34171K-&gt;34169K(34176K), 0.1498481 secs] 49523K-&gt;37396K(49536K), [Metaspace: 61205K-&gt;61205K(1105920K)], 0.1500034 secs] [Times: user=0.15 sys=0.00, real=0.15 secs] 
[GC (CMS Initial Mark) [1 CMS-initial-mark: 34169K(34176K)] 37454K(49536K), 0.0029090 secs] [Times: user=0.00 sys=0.00, real=0.00 secs] 
<writer thread='11267'/>
[CMS-concurrent-mark-start]
<writer thread='11779'/>
[Full GC (Allocation Failure) [CMS
<writer thread='11267'/>
[CMS-concurrent-mark: 0.063/0.065 secs] [Times: user=0.11 sys=0.01, real=0.06 secs] 
<writer thread='11779'/>
 (concurrent mode failure): 34175K-&gt;34170K(34176K), 0.1900017 secs] 49535K-&gt;37441K(49536K), [Metaspace: 61205K-&gt;61205K(1105920K)], 0.1901574 secs] [Times: user=0.19 sys=0.00, real=0.19 secs] 
[Full GC (Allocation Failure) [CMS: 34172K-&gt;34170K(34176K), 0.1480686 secs] 49532K-&gt;37394K(49536K), [Metaspace: 61205K-&gt;61205K(1105920K)], 0.1482188 secs] [Times: user=0.14 sys=0.01, real=0.15 secs] 
[GC (CMS Initial Mark) [1 CMS-initial-mark: 34170K(34176K)] 37819K(49536K), 0.0031059 secs] [Times: user=0.00 sys=0.00, real=0.00 secs] 
<writer thread='11267'/>
[CMS-concurrent-mark-start]
<writer thread='11779'/>
[Full GC (Allocation Failure) [CMS
<writer thread='11267'/>
[CMS-concurrent-mark: 0.062/0.064 secs] [Times: user=0.11 sys=0.00, real=0.07 secs] 
<writer thread='11779'/>
 (concurrent mode failure): 34175K-&gt;34171K(34176K), 0.1937449 secs] 49535K-&gt;37655K(49536K), [Metaspace: 61205K-&gt;61205K(1105920K)], 0.1938950 secs] [Times: user=0.19 sys=0.00, real=0.20 secs] 
[Full GC (Allocation Failure) [CMS: 34171K-&gt;34165K(34176K), 0.1528595 secs] 49524K-&gt;37753K(49536K), [Metaspace: 61205K-&gt;61205K(1105920K)], 0.1530256 secs] [Times: user=0.15 sys=0.00, real=0.16 secs] 
[GC (CMS Initial Mark) [1 CMS-initial-mark: 34165K(34176K)] 38481K(49536K), 0.0034626 secs] [Times: user=0.01 sys=0.00, real=0.00 secs] 
<writer thread='11267'/>
[CMS-concurrent-mark-start]
<writer thread='11779'/>
[Full GC (Allocation Failure) [CMS
<writer thread='11267'/>
[CMS-concurrent-mark: 0.064/0.066 secs] [Times: user=0.11 sys=0.01, real=0.07 secs] 
<writer thread='11779'/>
 (concurrent mode failure): 34175K-&gt;34169K(34176K), 0.1975269 secs] 49535K-&gt;37684K(49536K), [Metaspace: 61205K-&gt;61205K(1105920K)], 0.1976807 secs] [Times: user=0.19 sys=0.00, real=0.20 secs] 
[Full GC (Allocation Failure) [CMS: 34175K-&gt;34164K(34176K), 0.1478249 secs] 49535K-&gt;37411K(49536K), [Metaspace: 61205K-&gt;61205K(1105920K)], 0.1479911 secs] [Times: user=0.15 sys=0.01, real=0.15 secs] 
[GC (CMS Initial Mark) [1 CMS-initial-mark: 34164K(34176K)] 37499K(49536K), 0.0032014 secs] [Times: user=0.01 sys=0.00, real=0.01 secs] 
<writer thread='11267'/>
[CMS-concurrent-mark-start]
<writer thread='11779'/>
[Full GC (Allocation Failure) [CMS
<writer thread='11267'/>
[CMS-concurrent-mark: 0.058/0.060 secs] [Times: user=0.10 sys=0.00, real=0.06 secs] 
<writer thread='11779'/>
 (concurrent mode failure): 34172K-&gt;34169K(34176K), 0.2044737 secs] 49531K-&gt;37368K(49536K), [Metaspace: 61205K-&gt;61205K(1105920K)], 0.2046288 secs] [Times: user=0.19 sys=0.00, real=0.20 secs] 
[Full GC (Allocation Failure) [CMS: 34169K-&gt;34160K(34176K), 0.1497298 secs] 49521K-&gt;37603K(49536K), [Metaspace: 61205K-&gt;61205K(1105920K)], 0.1498764 secs] [Times: user=0.15 sys=0.00, real=0.15 secs] 
[GC (CMS Initial Mark) [1 CMS-initial-mark: 34160K(34176K)] 38054K(49536K), 0.0030997 secs] [Times: user=0.01 sys=0.00, real=0.00 secs] 
<writer thread='11267'/>
[CMS-concurrent-mark-start]
<writer thread='11779'/>
[Full GC (Allocation Failure) [CMS
<writer thread='11267'/>
[CMS-concurrent-mark: 0.065/0.066 secs] [Times: user=0.10 sys=0.01, real=0.07 secs] 
<writer thread='11779'/>
 (concurrent mode failure): 34175K-&gt;34166K(34176K), 0.1963419 secs] 49535K-&gt;37914K(49536K), [Metaspace: 61205K-&gt;61205K(1105920K)], 0.1965190 secs] [Times: user=0.19 sys=0.00, real=0.20 secs] 
[Full GC (Allocation Failure) [CMS: 34166K-&gt;34164K(34176K), 0.1663182 secs] 49519K-&gt;37693K(49536K), [Metaspace: 61205K-&gt;61205K(1105920K)], 0.1664853 secs] [Times: user=0.16 sys=0.00, real=0.16 secs] 
[GC (CMS Initial Mark) [1 CMS-initial-mark: 34164K(34176K)] 40991K(49536K), 0.0036755 secs] [Times: user=0.01 sys=0.00, real=0.00 secs] 
<writer thread='11267'/>
[CMS-concurrent-mark-start]
<writer thread='11779'/>
[Full GC (Allocation Failure) [CMS
<writer thread='11267'/>
[CMS-concurrent-mark: 0.060/0.062 secs] [Times: user=0.09 sys=0.01, real=0.07 secs] 
<writer thread='11779'/>
 (concurrent mode failure): 34172K-&gt;34167K(34176K), 0.2188330 secs] 49530K-&gt;37551K(49536K), [Metaspace: 61205K-&gt;61205K(1105920K)], 0.2190083 secs] [Times: user=0.20 sys=0.00, real=0.22 secs] 
[Full GC (Allocation Failure) [CMS: 34176K-&gt;34161K(34176K), 0.1626356 secs] 49536K-&gt;37488K(49536K), [Metaspace: 61205K-&gt;61205K(1105920K)], 0.1628272 secs] [Times: user=0.16 sys=0.00, real=0.16 secs] 
[GC (CMS Initial Mark) [1 CMS-initial-mark: 34161K(34176K)] 39007K(49536K), 0.0037912 secs] [Times: user=0.00 sys=0.00, real=0.00 secs] 
<writer thread='11267'/>
[CMS-concurrent-mark-start]
<writer thread='11779'/>
[Full GC (Allocation Failure) [CMS
<writer thread='11267'/>
[CMS-concurrent-mark: 0.072/0.074 secs] [Times: user=0.10 sys=0.00, real=0.08 secs] 
<writer thread='11779'/>
 (concurrent mode failure): 34161K-&gt;34160K(34176K), 0.2038783 secs] 49520K-&gt;37526K(49536K), [Metaspace: 61205K-&gt;61205K(1105920K)], 0.2040301 secs] [Times: user=0.19 sys=0.00, real=0.21 secs] 
[Full GC (Allocation Failure) [CMS: 34175K-&gt;34162K(34176K), 0.1626881 secs] 49535K-&gt;37529K(49536K), [Metaspace: 61205K-&gt;61205K(1105920K)], 0.1628495 secs] [Times: user=0.15 sys=0.00, real=0.16 secs] 
[GC (CMS Initial Mark) [1 CMS-initial-mark: 34162K(34176K)] 37622K(49536K), 0.0031130 secs] [Times: user=0.01 sys=0.00, real=0.00 secs] 
<writer thread='11267'/>
[CMS-concurrent-mark-start]
<writer thread='11779'/>
[Full GC (Allocation Failure) [CMS
<writer thread='11267'/>
[CMS-concurrent-mark: 0.073/0.075 secs] [Times: user=0.11 sys=0.00, real=0.08 secs] 
<writer thread='11779'/>
 (concurrent mode failure): 34162K-&gt;34161K(34176K), 0.2007043 secs] 49509K-&gt;37627K(49536K), [Metaspace: 61205K-&gt;61205K(1105920K)], 0.2008916 secs] [Times: user=0.19 sys=0.01, real=0.20 secs] 
[Full GC (Allocation Failure) [CMS: 34161K-&gt;34175K(34176K), 0.1623941 secs] 49507K-&gt;37587K(49536K), [Metaspace: 61205K-&gt;61205K(1105920K)], 0.1625572 secs] [Times: user=0.15 sys=0.01, real=0.16 secs] 
[GC (CMS Initial Mark) [1 CMS-initial-mark: 34175K(34176K)] 37848K(49536K), 0.0032246 secs] [Times: user=0.00 sys=0.00, real=0.01 secs] 
<writer thread='11267'/>
[CMS-concurrent-mark-start]
<writer thread='11779'/>
[Full GC (Allocation Failure) [CMS
<writer thread='11267'/>
[CMS-concurrent-mark: 0.062/0.064 secs] [Times: user=0.11 sys=0.00, real=0.06 secs] 
<writer thread='11779'/>
 (concurrent mode failure): 34175K-&gt;34175K(34176K), 0.1917020 secs] 49535K-&gt;37570K(49536K), [Metaspace: 61205K-&gt;61205K(1105920K)], 0.1918599 secs] [Times: user=0.18 sys=0.01, real=0.19 secs] 
[Full GC (Allocation Failure) [CMS: 34175K-&gt;34172K(34176K), 0.1476508 secs] 49532K-&gt;37440K(49536K), [Metaspace: 61205K-&gt;61205K(1105920K)], 0.1477994 secs] [Times: user=0.14 sys=0.00, real=0.14 secs] 
[GC (CMS Initial Mark) [1 CMS-initial-mark: 34172K(34176K)] 37567K(49536K), 0.0029794 secs] [Times: user=0.01 sys=0.00, real=0.00 secs] 
<writer thread='11267'/>
[CMS-concurrent-mark-start]
<writer thread='11779'/>
[Full GC (Allocation Failure) [CMS
<writer thread='11267'/>
[CMS-concurrent-mark: 0.063/0.065 secs] [Times: user=0.10 sys=0.01, real=0.06 secs] 
<writer thread='11779'/>
 (concurrent mode failure): 34172K-&gt;34172K(34176K), 0.1922260 secs] 49528K-&gt;37388K(49536K), [Metaspace: 61205K-&gt;61205K(1105920K)], 0.1923719 secs] [Times: user=0.18 sys=0.00, real=0.19 secs] 
[Full GC (Allocation Failure) [CMS: 34175K-&gt;34174K(34176K), 0.1525637 secs] 49535K-&gt;37410K(49536K), [Metaspace: 61205K-&gt;61205K(1105920K)], 0.1527146 secs] [Times: user=0.14 sys=0.00, real=0.16 secs] 
[GC (CMS Initial Mark) [1 CMS-initial-mark: 34174K(34176K)] 37440K(49536K), 0.0028263 secs] [Times: user=0.01 sys=0.00, real=0.00 secs] 
<writer thread='11267'/>
[CMS-concurrent-mark-start]
<writer thread='11779'/>
[Full GC (Allocation Failure) [CMS
<writer thread='11267'/>
[CMS-concurrent-mark: 0.068/0.069 secs] [Times: user=0.13 sys=0.01, real=0.07 secs] 
<writer thread='11779'/>
 (concurrent mode failure): 34175K-&gt;34173K(34176K), 0.2027494 secs] 49535K-&gt;37335K(49536K), [Metaspace: 61205K-&gt;61205K(1105920K)], 0.2029035 secs] [Times: user=0.20 sys=0.00, real=0.20 secs] 
[Full GC (Allocation Failure) [CMS: 34176K-&gt;34170K(34176K), 0.1632794 secs] 49535K-&gt;37555K(49536K), [Metaspace: 61205K-&gt;61205K(1105920K)], 0.1634571 secs] [Times: user=0.15 sys=0.00, real=0.16 secs] 
[GC (CMS Initial Mark) [1 CMS-initial-mark: 34170K(34176K)] 37668K(49536K), 0.0031269 secs] [Times: user=0.01 sys=0.00, real=0.01 secs] 
<writer thread='11267'/>
[CMS-concurrent-mark-start]
<writer thread='11779'/>
[Full GC (Allocation Failure) [CMS
<writer thread='11267'/>
[CMS-concurrent-mark: 0.066/0.068 secs] [Times: user=0.11 sys=0.01, real=0.06 secs] 
<writer thread='11779'/>
 (concurrent mode failure): 34175K-&gt;34169K(34176K), 0.2101517 secs] 49535K-&gt;37535K(49536K), [Metaspace: 61205K-&gt;61205K(1105920K)], 0.2105707 secs] [Times: user=0.20 sys=0.00, real=0.21 secs] 
[Full GC (Allocation Failure) [CMS: 34175K-&gt;34169K(34176K), 0.1645809 secs] 49535K-&gt;37637K(49536K), [Metaspace: 61205K-&gt;61205K(1105920K)], 0.1647309 secs] [Times: user=0.16 sys=0.01, real=0.17 secs] 
[GC (CMS Initial Mark) [1 CMS-initial-mark: 34169K(34176K)] 37760K(49536K), 0.0032533 secs] [Times: user=0.00 sys=0.00, real=0.00 secs] 
<writer thread='11267'/>
[CMS-concurrent-mark-start]
<writer thread='11779'/>
[Full GC (Allocation Failure) [CMS
<writer thread='11267'/>
[CMS-concurrent-mark: 0.068/0.073 secs] [Times: user=0.12 sys=0.01, real=0.07 secs] 
<writer thread='11779'/>
 (concurrent mode failure): 34169K-&gt;34166K(34176K), 0.2089454 secs] 49523K-&gt;37711K(49536K), [Metaspace: 61205K-&gt;61205K(1105920K)], 0.2113606 secs] [Times: user=0.20 sys=0.01, real=0.21 secs] 
[Full GC (Allocation Failure) [CMS: 34174K-&gt;34174K(34176K), 0.1689696 secs] 49529K-&gt;37333K(49536K), [Metaspace: 61205K-&gt;61205K(1105920K)], 0.1691435 secs] [Times: user=0.16 sys=0.00, real=0.17 secs] 
[GC (CMS Initial Mark) [1 CMS-initial-mark: 34174K(34176K)] 37644K(49536K), 0.0029831 secs] [Times: user=0.01 sys=0.00, real=0.00 secs] 
<writer thread='11267'/>
[CMS-concurrent-mark-start]
<writer thread='11779'/>
[Full GC (Allocation Failure) [CMS
<writer thread='11267'/>
[CMS-concurrent-mark: 0.058/0.060 secs] [Times: user=0.10 sys=0.00, real=0.06 secs] 
<writer thread='11779'/>
 (concurrent mode failure): 34174K-&gt;34166K(34176K), 0.2005888 secs] 49533K-&gt;37397K(49536K), [Metaspace: 61205K-&gt;61205K(1105920K)], 0.2007440 secs] [Times: user=0.19 sys=0.01, real=0.20 secs] 
[Full GC (Allocation Failure) [CMS: 34174K-&gt;34174K(34176K), 0.1689486 secs] 49532K-&gt;37382K(49536K), [Metaspace: 61205K-&gt;61205K(1105920K)], 0.1691171 secs] [Times: user=0.16 sys=0.01, real=0.16 secs] 
[GC (CMS Initial Mark) [1 CMS-initial-mark: 34174K(34176K)] 37453K(49536K), 0.0035391 secs] [Times: user=0.00 sys=0.00, real=0.00 secs] 
<writer thread='11267'/>
[CMS-concurrent-mark-start]
<writer thread='11779'/>
[Full GC (Allocation Failure) [CMS
<writer thread='11267'/>
[CMS-concurrent-mark: 0.079/0.081 secs] [Times: user=0.12 sys=0.01, real=0.08 secs] 
<writer thread='11779'/>
 (concurrent mode failure): 34175K-&gt;34166K(34176K), 0.2147857 secs] 49535K-&gt;37438K(49536K), [Metaspace: 61205K-&gt;61205K(1105920K)], 0.2149615 secs] [Times: user=0.20 sys=0.00, real=0.21 secs] 
[Full GC (Allocation Failure) [CMS: 34166K-&gt;34166K(34176K), 0.1601378 secs] 49513K-&gt;37452K(49536K), [Metaspace: 61205K-&gt;61205K(1105920K)], 0.1603262 secs] [Times: user=0.15 sys=0.00, real=0.16 secs] 
[GC (CMS Initial Mark) [1 CMS-initial-mark: 34166K(34176K)] 37612K(49536K), 0.0030426 secs] [Times: user=0.01 sys=0.00, real=0.01 secs] 
<writer thread='11267'/>
[CMS-concurrent-mark-start]
<writer thread='11779'/>
[Full GC (Allocation Failure) [CMS
<writer thread='11267'/>
[CMS-concurrent-mark: 0.066/0.068 secs] [Times: user=0.11 sys=0.01, real=0.07 secs] 
<writer thread='11779'/>
 (concurrent mode failure): 34174K-&gt;34173K(34176K), 0.1945414 secs] 49529K-&gt;37429K(49536K), [Metaspace: 61205K-&gt;61205K(1105920K)], 0.1946882 secs] [Times: user=0.19 sys=0.00, real=0.20 secs] 
[Full GC (Allocation Failure) [CMS: 34175K-&gt;34166K(34176K), 0.1491342 secs] 49535K-&gt;37534K(49536K), [Metaspace: 61205K-&gt;61205K(1105920K)], 0.1493124 secs] [Times: user=0.14 sys=0.00, real=0.14 secs] 
[GC (CMS Initial Mark) [1 CMS-initial-mark: 34166K(34176K)] 37625K(49536K), 0.0031804 secs] [Times: user=0.01 sys=0.00, real=0.00 secs] 
<writer thread='11267'/>
[CMS-concurrent-mark-start]
<writer thread='11779'/>
[Full GC (Allocation Failure) [CMS
<writer thread='11267'/>
[CMS-concurrent-mark: 0.063/0.067 secs] [Times: user=0.11 sys=0.01, real=0.07 secs] 
<writer thread='11779'/>
 (concurrent mode failure): 34176K-&gt;34173K(34176K), 0.1950827 secs] 49536K-&gt;37395K(49536K), [Metaspace: 61205K-&gt;61205K(1105920K)], 0.1952707 secs] [Times: user=0.19 sys=0.00, real=0.20 secs] 
[Full GC (Allocation Failure) [CMS: 34175K-&gt;34163K(34176K), 0.1517892 secs] 49535K-&gt;37384K(49536K), [Metaspace: 61205K-&gt;61205K(1105920K)], 0.1519403 secs] [Times: user=0.15 sys=0.00, real=0.15 secs] 
[GC (CMS Initial Mark) [1 CMS-initial-mark: 34163K(34176K)] 37599K(49536K), 0.0029317 secs] [Times: user=0.01 sys=0.00, real=0.00 secs] 
<writer thread='11267'/>
[CMS-concurrent-mark-start]
<writer thread='11779'/>
[Full GC (Allocation Failure) [CMS
<writer thread='11267'/>
[CMS-concurrent-mark: 0.062/0.064 secs] [Times: user=0.11 sys=0.01, real=0.07 secs] 
<writer thread='11779'/>
 (concurrent mode failure): 34163K-&gt;34162K(34176K), 0.1926483 secs] 49513K-&gt;37420K(49536K), [Metaspace: 61205K-&gt;61205K(1105920K)], 0.1927996 secs] [Times: user=0.19 sys=0.01, real=0.19 secs] 
[Full GC (Allocation Failure) [CMS: 34170K-&gt;34169K(34176K), 0.1521901 secs] 49526K-&gt;37717K(49536K), [Metaspace: 61205K-&gt;61205K(1105920K)], 0.1523617 secs] [Times: user=0.15 sys=0.00, real=0.15 secs] 
[GC (CMS Initial Mark) [1 CMS-initial-mark: 34169K(34176K)] 38267K(49536K), 0.0047787 secs] [Times: user=0.01 sys=0.00, real=0.00 secs] 
<writer thread='11267'/>
[CMS-concurrent-mark-start]
<writer thread='11779'/>
[Full GC (Allocation Failure) [CMS
<writer thread='11267'/>
[CMS-concurrent-mark: 0.072/0.073 secs] [Times: user=0.12 sys=0.01, real=0.08 secs] 
<writer thread='11779'/>
 (concurrent mode failure): 34169K-&gt;34161K(34176K), 0.1971242 secs] 49521K-&gt;37358K(49536K), [Metaspace: 61205K-&gt;61205K(1105920K)], 0.1972796 secs] [Times: user=0.19 sys=0.00, real=0.20 secs] 
[Full GC (Allocation Failure) [CMS: 34170K-&gt;34165K(34176K), 0.1573695 secs] 49530K-&gt;37278K(49536K), [Metaspace: 61205K-&gt;61205K(1105920K)], 0.1575422 secs] [Times: user=0.15 sys=0.01, real=0.16 secs] 
[GC (CMS Initial Mark) [1 CMS-initial-mark: 34165K(34176K)] 37330K(49536K), 0.0039134 secs] [Times: user=0.01 sys=0.00, real=0.00 secs] 
<writer thread='11267'/>
[CMS-concurrent-mark-start]
<writer thread='11779'/>
[Full GC (Allocation Failure) [CMS
<writer thread='11267'/>
[CMS-concurrent-mark: 0.079/0.081 secs] [Times: user=0.13 sys=0.00, real=0.08 secs] 
<writer thread='11779'/>
 (concurrent mode failure): 34173K-&gt;34169K(34176K), 0.2082598 secs] 49530K-&gt;37466K(49536K), [Metaspace: 61205K-&gt;61205K(1105920K)], 0.2084628 secs] [Times: user=0.20 sys=0.01, real=0.21 secs] 
[Full GC (Allocation Failure) [CMS: 34175K-&gt;34175K(34176K), 0.1626014 secs] 49535K-&gt;37437K(49536K), [Metaspace: 61205K-&gt;61205K(1105920K)], 0.1627661 secs] [Times: user=0.16 sys=0.01, real=0.17 secs] 
[GC (CMS Initial Mark) [1 CMS-initial-mark: 34175K(34176K)] 37652K(49536K), 0.0033890 secs] [Times: user=0.01 sys=0.00, real=0.00 secs] 
<writer thread='11267'/>
[CMS-concurrent-mark-start]
<writer thread='11779'/>
[Full GC (Allocation Failure) [CMS
<writer thread='11267'/>
[CMS-concurrent-mark: 0.071/0.073 secs] [Times: user=0.12 sys=0.01, real=0.08 secs] 
<writer thread='11779'/>
 (concurrent mode failure): 34175K-&gt;34171K(34176K), 0.2088900 secs] 49530K-&gt;37388K(49536K), [Metaspace: 61205K-&gt;61205K(1105920K)], 0.2090759 secs] [Times: user=0.20 sys=0.00, real=0.21 secs] 
[Full GC (Allocation Failure) [CMS: 34175K-&gt;34169K(34176K), 0.1654112 secs] 49535K-&gt;37342K(49536K), [Metaspace: 61205K-&gt;61205K(1105920K)], 0.1656189 secs] [Times: user=0.16 sys=0.00, real=0.16 secs] 
[GC (CMS Initial Mark) [1 CMS-initial-mark: 34169K(34176K)] 37434K(49536K), 0.0031486 secs] [Times: user=0.01 sys=0.00, real=0.01 secs] 
<writer thread='11267'/>
[CMS-concurrent-mark-start]
<writer thread='11779'/>
[Full GC (Allocation Failure) [CMS
<writer thread='11267'/>
[CMS-concurrent-mark: 0.067/0.072 secs] [Times: user=0.12 sys=0.01, real=0.07 secs] 
<writer thread='11779'/>
 (concurrent mode failure): 34170K-&gt;34169K(34176K), 0.2090366 secs] 49530K-&gt;37342K(49536K), [Metaspace: 61205K-&gt;61205K(1105920K)], 0.2093405 secs] [Times: user=0.20 sys=0.00, real=0.21 secs] 
[Full GC (Allocation Failure) [CMS: 34175K-&gt;34175K(34176K), 0.1653219 secs] 49535K-&gt;37305K(49536K), [Metaspace: 61205K-&gt;61205K(1105920K)], 0.1655611 secs] [Times: user=0.16 sys=0.00, real=0.16 secs] 
[GC (CMS Initial Mark) [1 CMS-initial-mark: 34175K(34176K)] 37403K(49536K), 0.0028826 secs] [Times: user=0.00 sys=0.00, real=0.01 secs] 
<writer thread='11267'/>
[CMS-concurrent-mark-start]
[CMS-concurrent-mark: 0.089/0.089 secs] [Times: user=0.13 sys=0.07, real=0.09 secs] 
[CMS-concurrent-preclean-start]
[CMS-concurrent-preclean: 0.069/0.069 secs] [Times: user=0.07 sys=0.05, real=0.06 secs] 
[CMS-concurrent-abortable-preclean-start]
[CMS-concurrent-abortable-preclean: 0.000/0.000 secs] [Times: user=0.00 sys=0.00, real=0.00 secs] 
<writer thread='11779'/>
[GC (CMS Final Remark) [YG occupancy: 5581 K (15360 K)][Rescan (parallel) , 0.0032688 secs][weak refs processing, 0.0000139 secs][class unloading, 0.0139022 secs][scrub symbol table, 0.0090800 secs][scrub string table, 0.0007152 secs][1 CMS-remark: 34175K(34176K)] 39757K(49536K), 0.0279682 secs] [Times: user=0.03 sys=0.00, real=0.03 secs] 
<writer thread='11267'/>
[CMS-concurrent-sweep-start]
[CMS-concurrent-sweep: 0.027/0.027 secs] [Times: user=0.03 sys=0.02, real=0.03 secs] 
[CMS-concurrent-reset-start]
[CMS-concurrent-reset: 0.000/0.000 secs] [Times: user=0.00 sys=0.00, real=0.00 secs] 
<writer thread='5891'/>
Heap
 par new generation   total 15360K, used 6422K [0x00000007bce00000, 0x00000007bdea0000, 0x00000007bdea0000)
  eden space 13696K,  46% used [0x00000007bce00000, 0x00000007bd445a98, 0x00000007bdb60000)
  from space 1664K,   0% used [0x00000007bdd00000, 0x00000007bdd00000, 0x00000007bdea0000)
  to   space 1664K,   0% used [0x00000007bdb60000, 0x00000007bdb60000, 0x00000007bdd00000)
 concurrent mark-sweep generation total 34176K, used 34174K [0x00000007bdea0000, 0x00000007c0000000, 0x00000007c0000000)
 Metaspace       used 61218K, capacity 63930K, committed 65604K, reserved 1105920K
  class space    used 7298K, capacity 7953K, committed 8316K, reserved 1048576K
<tty_done stamp='410.098'/>
</tty>
<hotspot_log_done stamp='410.098'/>
</hotspot_log>
