<?xml version='1.0' encoding='UTF-8'?>
<hotspot_log version='160 1' process='15214' time_ms='1462188097262'>
<vm_version>
<name>
Java HotSpot(TM) 64-Bit Server VM
</name>
<release>
25.74-b02
</release>
<info>
Java HotSpot(TM) 64-Bit Server VM (25.74-b02) for bsd-amd64 JRE (1.8.0_74-b02), built on Jan 29 2016 15:32:34 by &quot;java_re&quot; with gcc 4.2.1 (Based on Apple Inc. build 5658) (LLVM build 2336.11.00)
</info>
</vm_version>
<vm_arguments>
<args>
-Xmx100m -Xms100m -XX:+UnlockDiagnosticVMOptions -XX:+UseConcMarkSweepGC -XX:+LogVMOutput -XX:+PrintGCDetails -XX:+PrintGCTimeStamps 
</args>
<command>
dacapo-9.12-bach.jar tradesoap -n 5
</command>
<launcher>
SUN_STANDARD
</launcher>
<properties>
java.vm.specification.name=Java Virtual Machine Specification
java.vm.version=25.74-b02
java.vm.name=Java HotSpot(TM) 64-Bit Server VM
java.vm.info=mixed mode, sharing
java.ext.dirs=/Users/ducky/Library/Java/Extensions:/Library/Java/JavaVirtualMachines/jdk1.8.0_74.jdk/Contents/Home/jre/lib/ext:/Library/Java/Extensions:/Network/Library/Java/Extensions:/System/Library/Java/Extensions:/usr/lib/java
java.endorsed.dirs=/Library/Java/JavaVirtualMachines/jdk1.8.0_74.jdk/Contents/Home/jre/lib/endorsed
sun.boot.library.path=/Library/Java/JavaVirtualMachines/jdk1.8.0_74.jdk/Contents/Home/jre/lib
java.library.path=/Users/ducky/Library/Java/Extensions:/Library/Java/Extensions:/Network/Library/Java/Extensions:/System/Library/Java/Extensions:/usr/lib/java:.
java.home=/Library/Java/JavaVirtualMachines/jdk1.8.0_74.jdk/Contents/Home/jre
java.class.path=dacapo-9.12-bach.jar
sun.boot.class.path=/Library/Java/JavaVirtualMachines/jdk1.8.0_74.jdk/Contents/Home/jre/lib/resources.jar:/Library/Java/JavaVirtualMachines/jdk1.8.0_74.jdk/Contents/Home/jre/lib/rt.jar:/Library/Java/JavaVirtualMachines/jdk1.8.0_74.jdk/Contents/Home/jre/lib/sunrsasign.jar:/Library/Java/JavaVirtualMachines/jdk1.8.0_74.jdk/Contents/Home/jre/lib/jsse.jar:/Library/Java/JavaVirtualMachines/jdk1.8.0_74.jdk/Contents/Home/jre/lib/jce.jar:/Library/Java/JavaVirtualMachines/jdk1.8.0_74.jdk/Contents/Home/jre/lib/charsets.jar:/Library/Java/JavaVirtualMachines/jdk1.8.0_74.jdk/Contents/Home/jre/lib/jfr.jar:/Library/Java/JavaVirtualMachines/jdk1.8.0_74.jdk/Contents/Home/jre/classes
java.vm.specification.vendor=Oracle Corporation
java.vm.specification.version=1.8
java.vm.vendor=Oracle Corporation
sun.java.command=dacapo-9.12-bach.jar tradesoap -n 5
sun.java.launcher=SUN_STANDARD
</properties>
</vm_arguments>
<tty>
<blob name='MethodHandlesAdapterBlob' size='32000'>
<sect index='1' size='32000' free='31628'/>
</blob>
<writer thread='3079'/>
<dependency_failed type='leaf_type' ctxk='java/util/zip/CRC32' witness='sun/util/calendar/ZoneInfoFile$Checksum' stamp='2.293'/>
<dependency_failed type='leaf_type' ctxk='java/util/zip/CRC32' witness='sun/util/calendar/ZoneInfoFile$Checksum' stamp='2.293'/>
<dependency_failed type='leaf_type' ctxk='java/util/zip/CRC32' witness='sun/util/calendar/ZoneInfoFile$Checksum' stamp='2.293'/>
<dependency_failed type='unique_concrete_method' ctxk='java/io/DataInput' x='java/io/DataInputStream readUnsignedShort ()I' witness='java/io/DataInput' stamp='2.393'/>
<writer thread='11779'/>
2.688: [GC (Allocation Failure) 2.688: [ParNew: 27328K-&gt;3392K(30720K), 0.0110677 secs] 27328K-&gt;4114K(99008K), 0.0111929 secs] [Times: user=0.02 sys=0.00, real=0.02 secs] 
<writer thread='3079'/>
<dependency_failed type='leaf_type' ctxk='java/util/ArrayList' witness='com/sun/istack/FinalArrayList' stamp='2.810'/>
<dependency_failed type='leaf_type' ctxk='java/util/ArrayList' witness='com/sun/istack/FinalArrayList' stamp='2.810'/>
<dependency_failed type='leaf_type' ctxk='java/util/ArrayList' witness='com/sun/istack/FinalArrayList' stamp='2.810'/>
<dependency_failed type='leaf_type' ctxk='java/util/ArrayList' witness='com/sun/istack/FinalArrayList' stamp='2.810'/>
<dependency_failed type='leaf_type' ctxk='java/util/ArrayList' witness='com/sun/istack/FinalArrayList' stamp='2.810'/>
<dependency_failed type='leaf_type' ctxk='java/util/ArrayList' witness='com/sun/istack/FinalArrayList' stamp='2.810'/>
<dependency_failed type='leaf_type' ctxk='java/util/ArrayList' witness='com/sun/istack/FinalArrayList' stamp='2.810'/>
<dependency_failed type='leaf_type' ctxk='java/util/ArrayList' witness='com/sun/istack/FinalArrayList' stamp='2.810'/>
<dependency_failed type='leaf_type' ctxk='java/util/ArrayList' witness='com/sun/istack/FinalArrayList' stamp='2.810'/>
<dependency_failed type='leaf_type' ctxk='java/util/ArrayList' witness='com/sun/istack/FinalArrayList' stamp='2.810'/>
<dependency_failed type='leaf_type' ctxk='java/lang/ThreadLocal' witness='com/sun/xml/bind/v2/ClassFactory$1' stamp='2.947'/>
<dependency_failed type='leaf_type' ctxk='java/lang/ThreadLocal' witness='com/sun/xml/bind/v2/ClassFactory$1' stamp='2.947'/>
<dependency_failed type='leaf_type' ctxk='java/lang/ThreadLocal' witness='com/sun/xml/bind/v2/ClassFactory$1' stamp='2.947'/>
<dependency_failed type='unique_concrete_method' ctxk='java/lang/Exception' x='java/lang/Throwable fillInStackTrace ()Ljava/lang/Throwable;' witness='com/sun/org/apache/xerces/internal/impl/XMLEntityScanner$1' stamp='3.184'/>
<dependency_failed type='unique_concrete_method' ctxk='java/lang/Throwable' x='java/lang/Throwable fillInStackTrace ()Ljava/lang/Throwable;' witness='com/sun/org/apache/xerces/internal/impl/XMLEntityScanner$1' stamp='3.184'/>
<dependency_failed type='unique_concrete_method' ctxk='java/lang/Throwable' x='java/lang/Throwable fillInStackTrace ()Ljava/lang/Throwable;' witness='com/sun/org/apache/xerces/internal/impl/XMLEntityScanner$1' stamp='3.184'/>
<writer thread='11779'/>
3.382: [GC (Allocation Failure) 3.382: [ParNew: 30720K-&gt;3391K(30720K), 0.0212357 secs] 31442K-&gt;6831K(99008K), 0.0213426 secs] [Times: user=0.05 sys=0.01, real=0.02 secs] 
<writer thread='19203'/>
<dependency_failed type='leaf_type' ctxk='net/sf/cglib/core/ClassEmitter' witness='net/sf/cglib/reflect/FastClassEmitter' stamp='3.452'/>
<writer thread='21255'/>
<dependency_failed type='unique_concrete_method' ctxk='java/net/URLStreamHandler' x='java/net/URLStreamHandler getDefaultPort ()I' witness='sun/net/www/protocol/http/Handler' stamp='3.537'/>
<dependency_failed type='leaf_type' ctxk='java/io/BufferedReader' witness='java/io/LineNumberReader' stamp='3.613'/>
<dependency_failed type='unique_concrete_method' ctxk='java/lang/ThreadLocal' x='java/lang/ThreadLocal getMap (Ljava/lang/Thread;)Ljava/lang/ThreadLocal$ThreadLocalMap;' witness='java/lang/InheritableThreadLocal' stamp='3.625'/>
<dependency_failed type='unique_concrete_method' ctxk='java/lang/ThreadLocal' x='java/lang/ThreadLocal getMap (Ljava/lang/Thread;)Ljava/lang/ThreadLocal$ThreadLocalMap;' witness='java/lang/InheritableThreadLocal' stamp='3.625'/>
<dependency_failed type='unique_concrete_method' ctxk='java/lang/ThreadLocal' x='java/lang/ThreadLocal getMap (Ljava/lang/Thread;)Ljava/lang/ThreadLocal$ThreadLocalMap;' witness='java/lang/InheritableThreadLocal' stamp='3.625'/>
<dependency_failed type='unique_concrete_method' ctxk='java/lang/ThreadLocal' x='java/lang/ThreadLocal getMap (Ljava/lang/Thread;)Ljava/lang/ThreadLocal$ThreadLocalMap;' witness='java/lang/InheritableThreadLocal' stamp='3.625'/>
<dependency_failed type='leaf_type' ctxk='java/util/Properties' witness='java/security/Provider' stamp='3.628'/>
<dependency_failed type='leaf_type' ctxk='java/util/Properties' witness='java/security/Provider' stamp='3.628'/>
<dependency_failed type='leaf_type' ctxk='java/util/ArrayList$Itr' witness='java/util/ArrayList$ListItr' stamp='3.664'/>
<dependency_failed type='leaf_type' ctxk='java/util/ArrayList$Itr' witness='java/util/ArrayList$ListItr' stamp='3.664'/>
<writer thread='11779'/>
3.948: [GC (Allocation Failure) 3.948: [ParNew: 30704K-&gt;3392K(30720K), 0.0099160 secs] 34143K-&gt;9180K(99008K), 0.0100077 secs] [Times: user=0.04 sys=0.00, real=0.01 secs] 
4.551: [GC (Allocation Failure) 4.551: [ParNew: 30720K-&gt;3391K(30720K), 0.0123215 secs] 36508K-&gt;11048K(99008K), 0.0124120 secs] [Times: user=0.03 sys=0.01, real=0.01 secs] 
<writer thread='3079'/>
<dependency_failed type='leaf_type' ctxk='net/sf/cglib/core/ClassEmitter' witness='net/sf/cglib/reflect/FastClassEmitter' stamp='4.769'/>
<writer thread='21255'/>
<dependency_failed type='leaf_type' ctxk='java/security/cert/Certificate' witness='java/security/cert/X509Certificate' stamp='4.961'/>
<dependency_failed type='leaf_type' ctxk='java/security/cert/Certificate' witness='java/security/cert/X509Certificate' stamp='4.961'/>
<writer thread='11779'/>
5.031: [GC (Allocation Failure) 5.031: [ParNew: 30719K-&gt;3392K(30720K), 0.0091064 secs] 38376K-&gt;12332K(99008K), 0.0092077 secs] [Times: user=0.03 sys=0.00, real=0.01 secs] 
5.117: [Full GC (System.gc()) 5.117: [CMS: 8940K-&gt;7698K(68288K), 0.0498885 secs] 14374K-&gt;7698K(99008K), [Metaspace: 20543K-&gt;20543K(1069056K)], 0.0500363 secs] [Times: user=0.06 sys=0.01, real=0.05 secs] 
5.167: [GC (CMS Initial Mark) [1 CMS-initial-mark: 7698K(68288K)] 7698K(99008K), 0.0005296 secs] [Times: user=0.01 sys=0.00, real=0.00 secs] 
<writer thread='11267'/>
5.168: [CMS-concurrent-mark-start]
<writer thread='21255'/>
<dependency_failed type='unique_concrete_method' ctxk='java/util/ArrayList' x='java/util/ArrayList add (Ljava/lang/Object;)Z' witness='javax/management/AttributeList' stamp='5.172'/>
<dependency_failed type='unique_concrete_method' ctxk='java/util/ArrayList' x='java/util/ArrayList add (Ljava/lang/Object;)Z' witness='javax/management/AttributeList' stamp='5.172'/>
<dependency_failed type='unique_concrete_method' ctxk='java/util/ArrayList' x='java/util/ArrayList add (Ljava/lang/Object;)Z' witness='javax/management/AttributeList' stamp='5.172'/>
<writer thread='11267'/>
5.192: [CMS-concurrent-mark: 0.023/0.024 secs] [Times: user=0.08 sys=0.00, real=0.03 secs] 
5.192: [CMS-concurrent-preclean-start]
5.193: [CMS-concurrent-preclean: 0.001/0.001 secs] [Times: user=0.00 sys=0.00, real=0.00 secs] 
<writer thread='11779'/>
5.193: [GC (CMS Final Remark) [YG occupancy: 605 K (30720 K)]5.193: [Rescan (parallel) , 0.0006465 secs]5.194: [weak refs processing, 0.0000257 secs]5.194: [class unloading, 0.0050824 secs]5.199: [scrub symbol table, 0.0021696 secs]5.201: [scrub string table, 0.0005127 secs][1 CMS-remark: 7698K(68288K)] 8304K(99008K), 0.0087687 secs] [Times: user=0.03 sys=0.00, real=0.01 secs] 
<writer thread='11267'/>
5.202: [CMS-concurrent-sweep-start]
5.208: [CMS-concurrent-sweep: 0.006/0.006 secs] [Times: user=0.01 sys=0.00, real=0.01 secs] 
5.208: [CMS-concurrent-reset-start]
5.209: [CMS-concurrent-reset: 0.000/0.000 secs] [Times: user=0.00 sys=0.00, real=0.00 secs] 
<writer thread='21255'/>
<dependency_failed type='leaf_type' ctxk='java/io/FileOutputStream' witness='java/net/SocketOutputStream' stamp='5.234'/>
<dependency_failed type='leaf_type' ctxk='java/io/FileOutputStream' witness='java/net/SocketOutputStream' stamp='5.234'/>
<dependency_failed type='leaf_type' ctxk='java/io/FileOutputStream' witness='java/net/SocketOutputStream' stamp='5.234'/>
<dependency_failed type='leaf_type' ctxk='java/io/FileOutputStream' witness='java/net/SocketOutputStream' stamp='5.234'/>
<dependency_failed type='leaf_type' ctxk='java/io/FileOutputStream' witness='java/net/SocketOutputStream' stamp='5.234'/>
<dependency_failed type='leaf_type' ctxk='java/io/FileOutputStream' witness='java/net/SocketOutputStream' stamp='5.234'/>
<dependency_failed type='leaf_type' ctxk='java/io/FileInputStream' witness='java/net/SocketInputStream' stamp='5.242'/>
<dependency_failed type='leaf_type' ctxk='java/io/FileInputStream' witness='java/net/SocketInputStream' stamp='5.242'/>
<dependency_failed type='leaf_type' ctxk='java/io/FileInputStream' witness='java/net/SocketInputStream' stamp='5.242'/>
<dependency_failed type='leaf_type' ctxk='java/io/FileInputStream' witness='java/net/SocketInputStream' stamp='5.242'/>
<dependency_failed type='leaf_type' ctxk='java/io/FileInputStream' witness='java/net/SocketInputStream' stamp='5.242'/>
<writer thread='11779'/>
5.598: [GC (Allocation Failure) 5.598: [ParNew: 27328K-&gt;3392K(30720K), 0.0066872 secs] 34922K-&gt;12123K(99008K), 0.0067751 secs] [Times: user=0.02 sys=0.00, real=0.01 secs] 
5.927: [GC (Allocation Failure) 5.927: [ParNew: 30720K-&gt;3392K(30720K), 0.0113505 secs] 39451K-&gt;15005K(99008K), 0.0114505 secs] [Times: user=0.04 sys=0.00, real=0.02 secs] 
<writer thread='18179'/>
<dependency_failed type='unique_concrete_method' ctxk='java/util/ArrayList' x='java/util/ArrayList add (Ljava/lang/Object;)Z' witness='javax/management/AttributeList' stamp='5.945'/>
<writer thread='3079'/>
<dependency_failed type='leaf_type' ctxk='java/io/ByteArrayInputStream' witness='sun/security/util/DerInputBuffer' stamp='6.293'/>
<dependency_failed type='leaf_type' ctxk='java/io/ByteArrayInputStream' witness='sun/security/util/DerInputBuffer' stamp='6.293'/>
<writer thread='11779'/>
6.295: [GC (Allocation Failure) 6.295: [ParNew: 30720K-&gt;2830K(30720K), 0.0067799 secs] 42333K-&gt;15384K(99008K), 0.0068698 secs] [Times: user=0.02 sys=0.00, real=0.01 secs] 
<writer thread='3079'/>
<dependency_failed type='unique_concrete_method' ctxk='sun/nio/cs/ArrayDecoder' x='sun/nio/cs/UTF_8$Decoder decode ([BII[C)I' witness='sun/nio/cs/ArrayDecoder' stamp='6.392'/>
<dependency_failed type='unique_concrete_method' ctxk='sun/nio/cs/ArrayDecoder' x='sun/nio/cs/UTF_8$Decoder decode ([BII[C)I' witness='sun/nio/cs/ArrayDecoder' stamp='6.392'/>
<dependency_failed type='abstract_with_unique_concrete_subtype' ctxk='java/nio/charset/CharsetEncoder' x='sun/nio/cs/UTF_8$Encoder' witness='sun/nio/cs/ISO_8859_1$Encoder' stamp='6.452'/>
<dependency_failed type='abstract_with_unique_concrete_subtype' ctxk='java/nio/charset/CharsetEncoder' x='sun/nio/cs/UTF_8$Encoder' witness='sun/nio/cs/ISO_8859_1$Encoder' stamp='6.452'/>
<dependency_failed type='abstract_with_unique_concrete_subtype' ctxk='java/nio/charset/CharsetEncoder' x='sun/nio/cs/UTF_8$Encoder' witness='sun/nio/cs/ISO_8859_1$Encoder' stamp='6.452'/>
<dependency_failed type='abstract_with_unique_concrete_subtype' ctxk='java/nio/charset/CharsetEncoder' x='sun/nio/cs/UTF_8$Encoder' witness='sun/nio/cs/ISO_8859_1$Encoder' stamp='6.452'/>
<dependency_failed type='abstract_with_unique_concrete_subtype' ctxk='java/nio/charset/CharsetEncoder' x='sun/nio/cs/UTF_8$Encoder' witness='sun/nio/cs/ISO_8859_1$Encoder' stamp='6.452'/>
<dependency_failed type='no_finalizable_subclasses' ctxk='java/util/Hashtable' witness='sun/security/ssl/SunJSSE' stamp='6.493'/>
<dependency_failed type='no_finalizable_subclasses' ctxk='java/util/Dictionary' witness='sun/security/ssl/SunJSSE' stamp='6.493'/>
<writer thread='21255'/>
<dependency_failed type='unique_concrete_method' ctxk='java/util/HashMap' x='java/util/HashMap put (Ljava/lang/Object;Ljava/lang/Object;)Ljava/lang/Object;' witness='org/mortbay/jetty/servlet/PathMap' stamp='6.500'/>
<dependency_failed type='unique_concrete_method' ctxk='java/util/HashMap' x='java/util/HashMap put (Ljava/lang/Object;Ljava/lang/Object;)Ljava/lang/Object;' witness='org/mortbay/jetty/servlet/PathMap' stamp='6.500'/>
<dependency_failed type='unique_concrete_method' ctxk='java/util/HashMap' x='java/util/HashMap put (Ljava/lang/Object;Ljava/lang/Object;)Ljava/lang/Object;' witness='org/mortbay/jetty/servlet/PathMap' stamp='6.500'/>
<dependency_failed type='unique_concrete_method' ctxk='java/util/HashMap' x='java/util/HashMap put (Ljava/lang/Object;Ljava/lang/Object;)Ljava/lang/Object;' witness='org/mortbay/jetty/servlet/PathMap' stamp='6.500'/>
<dependency_failed type='unique_concrete_method' ctxk='java/util/HashMap' x='java/util/HashMap put (Ljava/lang/Object;Ljava/lang/Object;)Ljava/lang/Object;' witness='org/mortbay/jetty/servlet/PathMap' stamp='6.500'/>
<dependency_failed type='unique_concrete_method' ctxk='java/util/HashMap' x='java/util/HashMap put (Ljava/lang/Object;Ljava/lang/Object;)Ljava/lang/Object;' witness='org/mortbay/jetty/servlet/PathMap' stamp='6.500'/>
<dependency_failed type='unique_concrete_method' ctxk='java/util/HashMap' x='java/util/HashMap put (Ljava/lang/Object;Ljava/lang/Object;)Ljava/lang/Object;' witness='org/mortbay/jetty/servlet/PathMap' stamp='6.500'/>
<dependency_failed type='unique_concrete_method' ctxk='java/util/HashMap' x='java/util/HashMap put (Ljava/lang/Object;Ljava/lang/Object;)Ljava/lang/Object;' witness='org/mortbay/jetty/servlet/PathMap' stamp='6.500'/>
<dependency_failed type='unique_concrete_method' ctxk='java/util/HashMap' x='java/util/HashMap put (Ljava/lang/Object;Ljava/lang/Object;)Ljava/lang/Object;' witness='org/mortbay/jetty/servlet/PathMap' stamp='6.500'/>
<dependency_failed type='unique_concrete_method' ctxk='java/util/HashMap' x='java/util/HashMap put (Ljava/lang/Object;Ljava/lang/Object;)Ljava/lang/Object;' witness='org/mortbay/jetty/servlet/PathMap' stamp='6.500'/>
<dependency_failed type='unique_concrete_method' ctxk='java/util/HashMap' x='java/util/HashMap put (Ljava/lang/Object;Ljava/lang/Object;)Ljava/lang/Object;' witness='org/mortbay/jetty/servlet/PathMap' stamp='6.500'/>
<writer thread='11779'/>
6.709: [GC (Allocation Failure) 6.709: [ParNew: 30158K-&gt;2613K(30720K), 0.0099726 secs] 42712K-&gt;16692K(99008K), 0.0101424 secs] [Times: user=0.03 sys=0.01, real=0.01 secs] 
<writer thread='21255'/>
<dependency_failed type='unique_concrete_method' ctxk='java/io/ByteArrayOutputStream' x='java/io/ByteArrayOutputStream reset ()V' witness='sun/security/ssl/OutputRecord' stamp='7.001'/>
<dependency_failed type='unique_concrete_method' ctxk='java/util/jar/JarFile' x='java/util/jar/JarFile getJarEntry (Ljava/lang/String;)Ljava/util/jar/JarEntry;' witness='org/apache/geronimo/deployment/util/NestedJarFile' stamp='7.098'/>
<dependency_failed type='unique_concrete_method' ctxk='java/util/jar/JarFile' x='java/util/jar/JarFile getJarEntry (Ljava/lang/String;)Ljava/util/jar/JarEntry;' witness='org/apache/geronimo/deployment/util/NestedJarFile' stamp='7.098'/>
<dependency_failed type='unique_concrete_method' ctxk='java/util/jar/JarFile' x='java/util/jar/JarFile getJarEntry (Ljava/lang/String;)Ljava/util/jar/JarEntry;' witness='org/apache/geronimo/deployment/util/NestedJarFile' stamp='7.098'/>
<dependency_failed type='unique_concrete_method' ctxk='java/util/jar/JarFile' x='java/util/jar/JarFile getJarEntry (Ljava/lang/String;)Ljava/util/jar/JarEntry;' witness='org/apache/geronimo/deployment/util/NestedJarFile' stamp='7.098'/>
<dependency_failed type='unique_concrete_method' ctxk='java/util/jar/JarFile' x='java/util/jar/JarFile getJarEntry (Ljava/lang/String;)Ljava/util/jar/JarEntry;' witness='org/apache/geronimo/deployment/util/NestedJarFile' stamp='7.098'/>
<dependency_failed type='unique_concrete_method' ctxk='java/util/jar/JarFile' x='java/util/jar/JarFile getJarEntry (Ljava/lang/String;)Ljava/util/jar/JarEntry;' witness='org/apache/geronimo/deployment/util/NestedJarFile' stamp='7.098'/>
<dependency_failed type='unique_concrete_method' ctxk='java/util/jar/JarFile' x='java/util/jar/JarFile getInputStream (Ljava/util/zip/ZipEntry;)Ljava/io/InputStream;' witness='org/apache/geronimo/deployment/util/NestedJarFile' stamp='7.098'/>
<writer thread='13323'/>
<dependency_failed type='leaf_type' ctxk='java/util/Date' witness='java/sql/Date' stamp='7.145'/>
<dependency_failed type='leaf_type' ctxk='java/util/Date' witness='java/sql/Date' stamp='7.146'/>
<dependency_failed type='leaf_type' ctxk='java/math/BigInteger' witness='org/apache/axis/types/NonPositiveInteger' stamp='7.182'/>
<dependency_failed type='leaf_type' ctxk='java/math/BigInteger' witness='org/apache/axis/types/NonPositiveInteger' stamp='7.182'/>
<writer thread='11779'/>
7.198: [GC (Allocation Failure) 7.198: [ParNew: 29941K-&gt;3391K(30720K), 0.0091015 secs] 44020K-&gt;19150K(99008K), 0.0092841 secs] [Times: user=0.03 sys=0.00, real=0.01 secs] 
7.633: [GC (Allocation Failure) 7.633: [ParNew: 30719K-&gt;3392K(30720K), 0.0091112 secs] 46478K-&gt;20807K(99008K), 0.0092710 secs] [Times: user=0.02 sys=0.01, real=0.01 secs] 
<writer thread='30467'/>
<dependency_failed type='leaf_type' ctxk='java/util/StringTokenizer' witness='org/mortbay/util/QuotedStringTokenizer' stamp='7.822'/>
<dependency_failed type='leaf_type' ctxk='java/util/StringTokenizer' witness='org/mortbay/util/QuotedStringTokenizer' stamp='7.822'/>
<dependency_failed type='leaf_type' ctxk='java/util/StringTokenizer' witness='org/mortbay/util/QuotedStringTokenizer' stamp='7.822'/>
<dependency_failed type='leaf_type' ctxk='java/util/StringTokenizer' witness='org/mortbay/util/QuotedStringTokenizer' stamp='7.822'/>
<dependency_failed type='leaf_type' ctxk='java/util/StringTokenizer' witness='org/mortbay/util/QuotedStringTokenizer' stamp='7.822'/>
<dependency_failed type='leaf_type' ctxk='java/util/StringTokenizer' witness='org/mortbay/util/QuotedStringTokenizer' stamp='7.822'/>
<dependency_failed type='leaf_type' ctxk='java/util/StringTokenizer' witness='org/mortbay/util/QuotedStringTokenizer' stamp='7.822'/>
<dependency_failed type='leaf_type' ctxk='java/util/StringTokenizer' witness='org/mortbay/util/QuotedStringTokenizer' stamp='7.822'/>
<dependency_failed type='leaf_type' ctxk='java/util/StringTokenizer' witness='org/mortbay/util/QuotedStringTokenizer' stamp='7.822'/>
<dependency_failed type='leaf_type' ctxk='java/util/StringTokenizer' witness='org/mortbay/util/QuotedStringTokenizer' stamp='7.822'/>
<writer thread='11779'/>
7.994: [GC (Allocation Failure) 7.994: [ParNew: 30720K-&gt;3002K(30720K), 0.0074005 secs] 48135K-&gt;21924K(99008K), 0.0075808 secs] [Times: user=0.03 sys=0.00, real=0.01 secs] 
<writer thread='21255'/>
<dependency_failed type='unique_concrete_method' ctxk='java/util/Hashtable' x='java/util/Hashtable rehash ()V' witness='org/apache/juli/logging/impl/WeakHashtable' stamp='8.194'/>
<writer thread='11779'/>
8.429: [GC (Allocation Failure) 8.429: [ParNew: 30330K-&gt;1982K(30720K), 0.0074078 secs] 49252K-&gt;22029K(99008K), 0.0075820 secs] [Times: user=0.02 sys=0.00, real=0.00 secs] 
8.437: [GC (CMS Initial Mark) [1 CMS-initial-mark: 20046K(68288K)] 22029K(99008K), 0.0017486 secs] [Times: user=0.01 sys=0.00, real=0.01 secs] 
<writer thread='11267'/>
8.439: [CMS-concurrent-mark-start]
8.491: [CMS-concurrent-mark: 0.052/0.052 secs] [Times: user=0.15 sys=0.01, real=0.05 secs] 
8.491: [CMS-concurrent-preclean-start]
8.492: [CMS-concurrent-preclean: 0.001/0.001 secs] [Times: user=0.00 sys=0.00, real=0.00 secs] 
8.492: [CMS-concurrent-abortable-preclean-start]
8.766: [CMS-concurrent-abortable-preclean: 0.053/0.274 secs] [Times: user=0.76 sys=0.05, real=0.27 secs] 
<writer thread='11779'/>
8.767: [GC (CMS Final Remark) [YG occupancy: 25488 K (30720 K)]8.767: [Rescan (parallel) , 0.0086232 secs]8.776: [weak refs processing, 0.0005964 secs]8.776: [class unloading, 0.0094161 secs]8.786: [scrub symbol table, 0.0074205 secs]8.793: [scrub string table, 0.0007740 secs][1 CMS-remark: 20046K(68288K)] 45535K(99008K), 0.0274536 secs] [Times: user=0.08 sys=0.00, real=0.03 secs] 
<writer thread='11267'/>
8.795: [CMS-concurrent-sweep-start]
8.850: [CMS-concurrent-sweep: 0.055/0.055 secs] [Times: user=0.04 sys=0.00, real=0.06 secs] 
8.851: [CMS-concurrent-reset-start]
8.851: [CMS-concurrent-reset: 0.000/0.000 secs] [Times: user=0.00 sys=0.00, real=0.00 secs] 
<writer thread='11779'/>
8.931: [GC (Allocation Failure) 8.931: [ParNew: 29310K-&gt;3391K(30720K), 0.0060230 secs] 46979K-&gt;21089K(99008K), 0.0067058 secs] [Times: user=0.02 sys=0.00, real=0.00 secs] 
<writer thread='21255'/>
<dependency_failed type='leaf_type' ctxk='javax/management/MBeanAttributeInfo' witness='javax/management/openmbean/OpenMBeanAttributeInfoSupport' stamp='9.464'/>
<dependency_failed type='leaf_type' ctxk='javax/management/MBeanAttributeInfo' witness='javax/management/openmbean/OpenMBeanAttributeInfoSupport' stamp='9.464'/>
<dependency_failed type='leaf_type' ctxk='javax/management/MBeanParameterInfo' witness='javax/management/openmbean/OpenMBeanParameterInfoSupport' stamp='9.517'/>
<dependency_failed type='leaf_type' ctxk='javax/management/MBeanParameterInfo' witness='javax/management/openmbean/OpenMBeanParameterInfoSupport' stamp='9.517'/>
<dependency_failed type='leaf_type' ctxk='javax/management/MBeanOperationInfo' witness='javax/management/openmbean/OpenMBeanOperationInfoSupport' stamp='9.520'/>
<dependency_failed type='leaf_type' ctxk='javax/management/MBeanOperationInfo' witness='javax/management/openmbean/OpenMBeanOperationInfoSupport' stamp='9.520'/>
<dependency_failed type='leaf_type' ctxk='java/io/File' witness='org/apache/derby/impl/io/DirFile' stamp='9.713'/>
<dependency_failed type='leaf_type' ctxk='java/io/File' witness='org/apache/derby/impl/io/DirFile' stamp='9.713'/>
<dependency_failed type='leaf_type' ctxk='java/io/File' witness='org/apache/derby/impl/io/DirFile' stamp='9.713'/>
<dependency_failed type='leaf_type' ctxk='java/io/File' witness='org/apache/derby/impl/io/DirFile' stamp='9.713'/>
<dependency_failed type='leaf_type' ctxk='java/io/File' witness='org/apache/derby/impl/io/DirFile' stamp='9.713'/>
<dependency_failed type='leaf_type' ctxk='java/io/File' witness='org/apache/derby/impl/io/DirFile' stamp='9.713'/>
<dependency_failed type='leaf_type' ctxk='java/io/File' witness='org/apache/derby/impl/io/DirFile' stamp='9.713'/>
<dependency_failed type='leaf_type' ctxk='java/io/File' witness='org/apache/derby/impl/io/DirFile' stamp='9.713'/>
<dependency_failed type='leaf_type' ctxk='java/io/File' witness='org/apache/derby/impl/io/DirFile' stamp='9.713'/>
<dependency_failed type='leaf_type' ctxk='java/io/File' witness='org/apache/derby/impl/io/DirFile' stamp='9.713'/>
<dependency_failed type='leaf_type' ctxk='java/io/File' witness='org/apache/derby/impl/io/DirFile' stamp='9.713'/>
<dependency_failed type='leaf_type' ctxk='java/io/File' witness='org/apache/derby/impl/io/DirFile' stamp='9.713'/>
<dependency_failed type='leaf_type' ctxk='java/io/File' witness='org/apache/derby/impl/io/DirFile' stamp='9.713'/>
<dependency_failed type='leaf_type' ctxk='java/io/File' witness='org/apache/derby/impl/io/DirFile' stamp='9.713'/>
<dependency_failed type='leaf_type' ctxk='java/io/File' witness='org/apache/derby/impl/io/DirFile' stamp='9.713'/>
<dependency_failed type='leaf_type' ctxk='java/io/File' witness='org/apache/derby/impl/io/DirFile' stamp='9.713'/>
<dependency_failed type='leaf_type' ctxk='java/io/File' witness='org/apache/derby/impl/io/DirFile' stamp='9.714'/>
<writer thread='11779'/>
9.728: [Full GC (System.gc()) 9.729: [CMS: 17697K-&gt;22454K(68288K), 0.1321981 secs] 38105K-&gt;22454K(99008K), [Metaspace: 38469K-&gt;38469K(1085440K)], 0.1327267 secs] [Times: user=0.13 sys=0.00, real=0.13 secs] 
9.862: [Full GC (System.gc()) 9.862: [CMS: 22454K-&gt;21419K(68288K), 0.1057529 secs] 22903K-&gt;21419K(99008K), [Metaspace: 38471K-&gt;38471K(1085440K)], 0.1059370 secs] [Times: user=0.10 sys=0.00, real=0.11 secs] 
<writer thread='21255'/>
<dependency_failed type='leaf_type' ctxk='java/io/DataOutputStream' witness='org/apache/derby/iapi/services/io/FormatIdOutputStream' stamp='10.015'/>
<dependency_failed type='leaf_type' ctxk='java/io/DataOutputStream' witness='org/apache/derby/iapi/services/io/FormatIdOutputStream' stamp='10.015'/>
<dependency_failed type='leaf_type' ctxk='java/io/DataOutputStream' witness='org/apache/derby/iapi/services/io/FormatIdOutputStream' stamp='10.015'/>
<dependency_failed type='leaf_type' ctxk='java/io/DataOutputStream' witness='org/apache/derby/iapi/services/io/FormatIdOutputStream' stamp='10.015'/>
<dependency_failed type='leaf_type' ctxk='java/io/DataOutputStream' witness='org/apache/derby/iapi/services/io/FormatIdOutputStream' stamp='10.015'/>
<dependency_failed type='leaf_type' ctxk='java/io/DataOutputStream' witness='org/apache/derby/iapi/services/io/FormatIdOutputStream' stamp='10.015'/>
<dependency_failed type='leaf_type' ctxk='java/io/DataOutputStream' witness='org/apache/derby/iapi/services/io/FormatIdOutputStream' stamp='10.015'/>
<dependency_failed type='leaf_type' ctxk='java/io/DataOutputStream' witness='org/apache/derby/iapi/services/io/FormatIdOutputStream' stamp='10.015'/>
<dependency_failed type='leaf_type' ctxk='java/io/DataOutputStream' witness='org/apache/derby/iapi/services/io/FormatIdOutputStream' stamp='10.015'/>
<dependency_failed type='leaf_type' ctxk='java/io/DataInputStream' witness='org/apache/derby/iapi/services/io/FormatIdInputStream' stamp='10.018'/>
<dependency_failed type='leaf_type' ctxk='java/io/DataInputStream' witness='org/apache/derby/iapi/services/io/FormatIdInputStream' stamp='10.018'/>
<dependency_failed type='leaf_type' ctxk='java/io/DataInputStream' witness='org/apache/derby/iapi/services/io/FormatIdInputStream' stamp='10.018'/>
<dependency_failed type='leaf_type' ctxk='java/io/DataInputStream' witness='org/apache/derby/iapi/services/io/FormatIdInputStream' stamp='10.018'/>
<dependency_failed type='leaf_type' ctxk='java/io/DataInputStream' witness='org/apache/derby/iapi/services/io/FormatIdInputStream' stamp='10.018'/>
<dependency_failed type='leaf_type' ctxk='java/io/DataInputStream' witness='org/apache/derby/iapi/services/io/FormatIdInputStream' stamp='10.018'/>
<dependency_failed type='leaf_type' ctxk='java/io/DataInputStream' witness='org/apache/derby/iapi/services/io/FormatIdInputStream' stamp='10.018'/>
<dependency_failed type='leaf_type' ctxk='java/io/DataInputStream' witness='org/apache/derby/iapi/services/io/FormatIdInputStream' stamp='10.018'/>
<dependency_failed type='leaf_type' ctxk='java/io/DataInputStream' witness='org/apache/derby/iapi/services/io/FormatIdInputStream' stamp='10.018'/>
<dependency_failed type='abstract_with_unique_concrete_subtype' ctxk='java/lang/CharacterData' x='java/lang/CharacterDataLatin1' witness='java/lang/CharacterData00' stamp='10.186'/>
<dependency_failed type='abstract_with_unique_concrete_subtype' ctxk='java/lang/CharacterData' x='java/lang/CharacterDataLatin1' witness='java/lang/CharacterData00' stamp='10.186'/>
<dependency_failed type='abstract_with_unique_concrete_subtype' ctxk='java/lang/CharacterData' x='java/lang/CharacterDataLatin1' witness='java/lang/CharacterData00' stamp='10.186'/>
<dependency_failed type='abstract_with_unique_concrete_subtype' ctxk='java/lang/CharacterData' x='java/lang/CharacterDataLatin1' witness='java/lang/CharacterData00' stamp='10.186'/>
<dependency_failed type='abstract_with_unique_concrete_subtype' ctxk='java/lang/CharacterData' x='java/lang/CharacterDataLatin1' witness='java/lang/CharacterData00' stamp='10.186'/>
<dependency_failed type='abstract_with_unique_concrete_subtype' ctxk='java/lang/CharacterData' x='java/lang/CharacterDataLatin1' witness='java/lang/CharacterData00' stamp='10.186'/>
<dependency_failed type='abstract_with_unique_concrete_subtype' ctxk='java/lang/CharacterData' x='java/lang/CharacterDataLatin1' witness='java/lang/CharacterData00' stamp='10.186'/>
<dependency_failed type='abstract_with_unique_concrete_subtype' ctxk='java/lang/CharacterData' x='java/lang/CharacterDataLatin1' witness='java/lang/CharacterData00' stamp='10.186'/>
<writer thread='11779'/>
10.686: [GC (Allocation Failure) 10.686: [ParNew: 27328K-&gt;3392K(30720K), 0.0049825 secs] 48747K-&gt;26245K(99008K), 0.0051419 secs] [Times: user=0.02 sys=0.00, real=0.01 secs] 
11.628: [GC (Allocation Failure) 11.628: [ParNew: 30720K-&gt;3391K(30720K), 0.0075641 secs] 53573K-&gt;28023K(99008K), 0.0077348 secs] [Times: user=0.03 sys=0.01, real=0.01 secs] 
12.047: [GC (Allocation Failure) 12.047: [ParNew: 30719K-&gt;2602K(30720K), 0.0073442 secs] 55351K-&gt;28633K(99008K), 0.0075019 secs] [Times: user=0.02 sys=0.00, real=0.01 secs] 
12.473: [GC (Allocation Failure) 12.473: [ParNew: 29930K-&gt;2308K(30720K), 0.0066682 secs] 55961K-&gt;29081K(99008K), 0.0068537 secs] [Times: user=0.03 sys=0.00, real=0.01 secs] 
12.873: [GC (Allocation Failure) 12.873: [ParNew: 29636K-&gt;3391K(30720K), 0.0069979 secs] 56409K-&gt;31194K(99008K), 0.0071851 secs] [Times: user=0.03 sys=0.00, real=0.01 secs] 
13.369: [GC (Allocation Failure) 13.369: [ParNew: 30719K-&gt;2890K(30720K), 0.0100695 secs] 58522K-&gt;32316K(99008K), 0.0102554 secs] [Times: user=0.03 sys=0.01, real=0.01 secs] 
13.825: [GC (Allocation Failure) 13.826: [ParNew: 30218K-&gt;2398K(30720K), 0.0073675 secs] 59644K-&gt;33427K(99008K), 0.0077622 secs] [Times: user=0.02 sys=0.00, real=0.01 secs] 
<writer thread='21255'/>
<dependency_failed type='unique_concrete_method' ctxk='java/util/HashMap' x='java/util/HashMap containsKey (Ljava/lang/Object;)Z' witness='org/apache/axis/utils/IdentityHashMap' stamp='14.027'/>
<dependency_failed type='unique_concrete_method' ctxk='java/util/HashMap' x='java/util/HashMap containsKey (Ljava/lang/Object;)Z' witness='org/apache/axis/utils/IdentityHashMap' stamp='14.027'/>
<dependency_failed type='unique_concrete_method' ctxk='java/util/HashMap' x='java/util/HashMap containsKey (Ljava/lang/Object;)Z' witness='org/apache/axis/utils/IdentityHashMap' stamp='14.027'/>
<dependency_failed type='unique_concrete_method' ctxk='java/util/HashMap' x='java/util/HashMap containsKey (Ljava/lang/Object;)Z' witness='org/apache/axis/utils/IdentityHashMap' stamp='14.027'/>
<dependency_failed type='unique_concrete_method' ctxk='java/util/HashMap' x='java/util/HashMap containsKey (Ljava/lang/Object;)Z' witness='org/apache/axis/utils/IdentityHashMap' stamp='14.027'/>
<dependency_failed type='unique_concrete_method' ctxk='java/util/HashMap' x='java/util/HashMap containsKey (Ljava/lang/Object;)Z' witness='org/apache/axis/utils/IdentityHashMap' stamp='14.027'/>
<dependency_failed type='unique_concrete_method' ctxk='java/util/HashMap' x='java/util/HashMap containsKey (Ljava/lang/Object;)Z' witness='org/apache/axis/utils/IdentityHashMap' stamp='14.028'/>
<dependency_failed type='unique_concrete_method' ctxk='java/util/HashMap' x='java/util/HashMap containsKey (Ljava/lang/Object;)Z' witness='org/apache/axis/utils/IdentityHashMap' stamp='14.028'/>
<dependency_failed type='unique_concrete_method' ctxk='java/util/HashMap' x='java/util/HashMap containsKey (Ljava/lang/Object;)Z' witness='org/apache/axis/utils/IdentityHashMap' stamp='14.028'/>
<dependency_failed type='unique_concrete_method' ctxk='java/util/HashMap' x='java/util/HashMap containsKey (Ljava/lang/Object;)Z' witness='org/apache/axis/utils/IdentityHashMap' stamp='14.028'/>
<dependency_failed type='unique_concrete_method' ctxk='java/util/HashMap' x='java/util/HashMap containsKey (Ljava/lang/Object;)Z' witness='org/apache/axis/utils/IdentityHashMap' stamp='14.028'/>
<dependency_failed type='unique_concrete_method' ctxk='java/util/HashMap' x='java/util/HashMap containsKey (Ljava/lang/Object;)Z' witness='org/apache/axis/utils/IdentityHashMap' stamp='14.028'/>
<dependency_failed type='unique_concrete_method' ctxk='java/util/HashMap' x='java/util/HashMap containsKey (Ljava/lang/Object;)Z' witness='org/apache/axis/utils/IdentityHashMap' stamp='14.028'/>
<dependency_failed type='unique_concrete_method' ctxk='java/util/HashMap' x='java/util/HashMap containsKey (Ljava/lang/Object;)Z' witness='org/apache/axis/utils/IdentityHashMap' stamp='14.028'/>
<dependency_failed type='unique_concrete_method' ctxk='java/util/HashMap' x='java/util/HashMap containsKey (Ljava/lang/Object;)Z' witness='org/apache/axis/utils/IdentityHashMap' stamp='14.028'/>
<dependency_failed type='unique_concrete_method' ctxk='java/util/HashMap' x='java/util/HashMap containsKey (Ljava/lang/Object;)Z' witness='org/apache/axis/utils/IdentityHashMap' stamp='14.028'/>
<dependency_failed type='unique_concrete_method' ctxk='java/lang/ClassLoader' x='java/lang/Object equals (Ljava/lang/Object;)Z' witness='org/apache/openjpa/lib/util/MultiClassLoader' stamp='14.251'/>
<dependency_failed type='unique_concrete_method' ctxk='java/lang/ClassLoader' x='java/lang/Object equals (Ljava/lang/Object;)Z' witness='org/apache/openjpa/lib/util/MultiClassLoader' stamp='14.251'/>
<dependency_failed type='unique_concrete_method' ctxk='java/lang/ClassLoader' x='java/lang/Object equals (Ljava/lang/Object;)Z' witness='org/apache/openjpa/lib/util/MultiClassLoader' stamp='14.251'/>
<writer thread='11779'/>
14.282: [GC (Allocation Failure) 14.282: [ParNew: 29726K-&gt;2052K(30720K), 0.0067796 secs] 60755K-&gt;34037K(99008K), 0.0069878 secs] [Times: user=0.03 sys=0.01, real=0.01 secs] 
<writer thread='21255'/>
<dependency_failed type='unique_concrete_method' ctxk='java/util/ArrayList' x='java/util/ArrayList remove (Ljava/lang/Object;)Z' witness='org/apache/openjpa/event/LifecycleEventManager$ListenerList' stamp='14.475'/>
<writer thread='11779'/>
15.049: [GC (Allocation Failure) 15.050: [ParNew: 29380K-&gt;3392K(30720K), 0.0063392 secs] 61365K-&gt;35605K(99008K), 0.0065426 secs] [Times: user=0.02 sys=0.00, real=0.00 secs] 
15.468: [GC (Allocation Failure) 15.468: [ParNew: 30720K-&gt;2366K(30720K), 0.0086475 secs] 62933K-&gt;35988K(99008K), 0.0088413 secs] [Times: user=0.03 sys=0.00, real=0.01 secs] 
<writer thread='21255'/>
<dependency_failed type='abstract_with_unique_concrete_subtype' ctxk='sun/misc/Resource' x='sun/misc/URLClassPath$JarLoader$2' witness='sun/misc/URLClassPath$FileLoader$1' stamp='15.510'/>
<dependency_failed type='abstract_with_unique_concrete_subtype' ctxk='sun/misc/Resource' x='sun/misc/URLClassPath$JarLoader$2' witness='sun/misc/URLClassPath$FileLoader$1' stamp='15.510'/>
<dependency_failed type='abstract_with_unique_concrete_subtype' ctxk='sun/misc/Resource' x='sun/misc/URLClassPath$JarLoader$2' witness='sun/misc/URLClassPath$FileLoader$1' stamp='15.510'/>
<dependency_failed type='abstract_with_unique_concrete_subtype' ctxk='sun/misc/Resource' x='sun/misc/URLClassPath$JarLoader$2' witness='sun/misc/URLClassPath$FileLoader$1' stamp='15.510'/>
<dependency_failed type='abstract_with_unique_concrete_subtype' ctxk='sun/misc/Resource' x='sun/misc/URLClassPath$JarLoader$2' witness='sun/misc/URLClassPath$FileLoader$1' stamp='15.510'/>
<writer thread='11779'/>
16.355: [Full GC (System.gc()) 16.355: [CMS: 33621K-&gt;32851K(68288K), 0.2083892 secs] 57334K-&gt;32851K(99008K), [Metaspace: 57463K-&gt;57463K(1101824K)], 0.2086997 secs] [Times: user=0.39 sys=0.01, real=0.21 secs] 
<writer thread='130051'/>
<dependency_failed type='unique_concrete_method' ctxk='sun/util/calendar/BaseCalendar' x='sun/util/calendar/BaseCalendar isLeapYear (I)Z' witness='sun/util/calendar/JulianCalendar' stamp='17.162'/>
<dependency_failed type='unique_concrete_method' ctxk='sun/util/calendar/BaseCalendar$Date' x='sun/util/calendar/CalendarDate isNormalized ()Z' witness='sun/util/calendar/ImmutableGregorianDate' stamp='17.165'/>
<dependency_failed type='unique_concrete_method' ctxk='sun/util/calendar/BaseCalendar$Date' x='sun/util/calendar/CalendarDate isNormalized ()Z' witness='sun/util/calendar/ImmutableGregorianDate' stamp='17.165'/>
<dependency_failed type='unique_concrete_method' ctxk='sun/util/calendar/BaseCalendar$Date' x='sun/util/calendar/CalendarDate isNormalized ()Z' witness='sun/util/calendar/ImmutableGregorianDate' stamp='17.165'/>
<dependency_failed type='unique_concrete_method' ctxk='sun/util/calendar/BaseCalendar$Date' x='sun/util/calendar/CalendarDate isNormalized ()Z' witness='sun/util/calendar/ImmutableGregorianDate' stamp='17.165'/>
<writer thread='11779'/>
17.444: [GC (Allocation Failure) 17.444: [ParNew: 27328K-&gt;1735K(30720K), 0.0094649 secs] 60179K-&gt;34586K(99008K), 0.0096708 secs] [Times: user=0.03 sys=0.01, real=0.01 secs] 
17.798: [GC (Allocation Failure) 17.798: [ParNew: 29063K-&gt;1898K(30720K), 0.0041075 secs] 61914K-&gt;34750K(99008K), 0.0043046 secs] [Times: user=0.01 sys=0.00, real=0.01 secs] 
18.035: [GC (Allocation Failure) 18.035: [ParNew: 29226K-&gt;2262K(30720K), 0.0047308 secs] 62078K-&gt;35113K(99008K), 0.0049255 secs] [Times: user=0.02 sys=0.00, real=0.01 secs] 
18.256: [GC (Allocation Failure) 18.256: [ParNew: 29590K-&gt;2587K(30720K), 0.0047239 secs] 62441K-&gt;35438K(99008K), 0.0049419 secs] [Times: user=0.02 sys=0.00, real=0.01 secs] 
18.428: [GC (Allocation Failure) 18.428: [ParNew: 29915K-&gt;1660K(30720K), 0.0066324 secs] 62766K-&gt;35811K(99008K), 0.0068267 secs] [Times: user=0.02 sys=0.00, real=0.01 secs] 
18.596: [GC (Allocation Failure) 18.597: [ParNew: 28988K-&gt;1230K(30720K), 0.0038679 secs] 63139K-&gt;35381K(99008K), 0.0040597 secs] [Times: user=0.01 sys=0.00, real=0.01 secs] 
18.769: [GC (Allocation Failure) 18.769: [ParNew: 28558K-&gt;1535K(30720K), 0.0680509 secs] 62709K-&gt;35686K(99008K), 0.0682659 secs] [Times: user=0.01 sys=0.00, real=0.07 secs] 
19.008: [GC (Allocation Failure) 19.008: [ParNew: 28863K-&gt;1567K(30720K), 0.0046194 secs] 63014K-&gt;35897K(99008K), 0.0048129 secs] [Times: user=0.01 sys=0.00, real=0.01 secs] 
19.197: [GC (Allocation Failure) 19.197: [ParNew: 28895K-&gt;1639K(30720K), 0.0175130 secs] 63225K-&gt;36146K(99008K), 0.0177190 secs] [Times: user=0.03 sys=0.00, real=0.02 secs] 
19.394: [GC (Allocation Failure) 19.394: [ParNew: 28967K-&gt;1935K(30720K), 0.0049944 secs] 63474K-&gt;36622K(99008K), 0.0052241 secs] [Times: user=0.02 sys=0.00, real=0.01 secs] 
19.592: [GC (Allocation Failure) 19.592: [ParNew: 29263K-&gt;1379K(30720K), 0.0056115 secs] 63950K-&gt;36253K(99008K), 0.0057975 secs] [Times: user=0.02 sys=0.00, real=0.00 secs] 
19.751: [GC (Allocation Failure) 19.751: [ParNew: 28707K-&gt;1476K(30720K), 0.0047183 secs] 63581K-&gt;36530K(99008K), 0.0049177 secs] [Times: user=0.02 sys=0.00, real=0.00 secs] 
19.912: [GC (Allocation Failure) 19.912: [ParNew: 28804K-&gt;1596K(30720K), 0.0046662 secs] 63858K-&gt;36819K(99008K), 0.0048581 secs] [Times: user=0.02 sys=0.00, real=0.00 secs] 
20.071: [GC (Allocation Failure) 20.071: [ParNew: 28924K-&gt;1632K(30720K), 0.0047480 secs] 64147K-&gt;37054K(99008K), 0.0049593 secs] [Times: user=0.02 sys=0.00, real=0.00 secs] 
20.230: [GC (Allocation Failure) 20.230: [ParNew: 28960K-&gt;1615K(30720K), 0.0056197 secs] 64382K-&gt;37210K(99008K), 0.0058132 secs] [Times: user=0.02 sys=0.00, real=0.00 secs] 
20.403: [GC (Allocation Failure) 20.403: [ParNew: 28943K-&gt;1682K(30720K), 0.0115511 secs] 64538K-&gt;37455K(99008K), 0.0117445 secs] [Times: user=0.04 sys=0.00, real=0.01 secs] 
20.604: [GC (Allocation Failure) 20.604: [ParNew: 29010K-&gt;1978K(30720K), 0.0047972 secs] 64783K-&gt;37927K(99008K), 0.0049782 secs] [Times: user=0.02 sys=0.00, real=0.01 secs] 
20.764: [GC (Allocation Failure) 20.764: [ParNew: 29306K-&gt;1422K(30720K), 0.0049336 secs] 65255K-&gt;37547K(99008K), 0.0051415 secs] [Times: user=0.02 sys=0.00, real=0.01 secs] 
20.936: [GC (Allocation Failure) 20.936: [ParNew: 28750K-&gt;2104K(30720K), 0.0050343 secs] 64874K-&gt;38403K(99008K), 0.0052241 secs] [Times: user=0.02 sys=0.00, real=0.01 secs] 
21.358: [GC (Allocation Failure) 21.358: [ParNew: 29424K-&gt;3392K(30720K), 0.0142099 secs] 65723K-&gt;41870K(99008K), 0.0144307 secs] [Times: user=0.04 sys=0.00, real=0.02 secs] 
21.701: [GC (Allocation Failure) 21.701: [ParNew: 30720K-&gt;3392K(30720K), 0.0302506 secs] 69198K-&gt;48573K(99008K), 0.0308584 secs] [Times: user=0.08 sys=0.01, real=0.03 secs] 
22.036: [GC (Allocation Failure) 22.036: [ParNew: 30720K-&gt;3391K(30720K), 0.0221041 secs] 75901K-&gt;52616K(99008K), 0.0223158 secs] [Times: user=0.03 sys=0.01, real=0.02 secs] 
22.331: [GC (Allocation Failure) 22.331: [ParNew: 30719K-&gt;3392K(30720K), 0.0182540 secs] 79944K-&gt;55073K(99008K), 0.0184793 secs] [Times: user=0.03 sys=0.00, real=0.02 secs] 
22.591: [GC (Allocation Failure) 22.591: [ParNew: 30720K-&gt;3392K(30720K), 0.0173796 secs] 82401K-&gt;57287K(99008K), 0.0176013 secs] [Times: user=0.05 sys=0.01, real=0.01 secs] 
22.868: [GC (Allocation Failure) 22.868: [ParNew: 30720K-&gt;3391K(30720K), 0.0184786 secs] 84615K-&gt;59769K(99008K), 0.0187589 secs] [Times: user=0.05 sys=0.00, real=0.02 secs] 
23.120: [GC (Allocation Failure) 23.120: [ParNew: 30719K-&gt;3392K(30720K), 0.0204626 secs] 87097K-&gt;63233K(99008K), 0.0206830 secs] [Times: user=0.05 sys=0.00, real=0.02 secs] 
23.142: [GC (CMS Initial Mark) [1 CMS-initial-mark: 59841K(68288K)] 63291K(99008K), 0.0024673 secs] [Times: user=0.01 sys=0.00, real=0.00 secs] 
<writer thread='11267'/>
23.145: [CMS-concurrent-mark-start]
23.325: [CMS-concurrent-mark: 0.178/0.181 secs] [Times: user=0.60 sys=0.03, real=0.18 secs] 
23.325: [CMS-concurrent-preclean-start]
23.328: [CMS-concurrent-preclean: 0.002/0.002 secs] [Times: user=0.01 sys=0.00, real=0.00 secs] 
23.328: [CMS-concurrent-abortable-preclean-start]
<writer thread='11779'/>
23.406: [GC (Allocation Failure) 23.406: [ParNew: 30720K-&gt;3391K(30720K), 0.0166518 secs] 90561K-&gt;65176K(99008K), 0.0171429 secs] [Times: user=0.05 sys=0.01, real=0.02 secs] 
<writer thread='11267'/>
23.547: [CMS-concurrent-abortable-preclean: 0.198/0.219 secs] [Times: user=0.70 sys=0.02, real=0.22 secs] 
<writer thread='11779'/>
23.549: [GC (CMS Final Remark) [YG occupancy: 18318 K (30720 K)]23.549: [Rescan (parallel) , 0.0075133 secs]23.557: [weak refs processing, 0.0056575 secs]23.562: [class unloading, 0.0252359 secs]23.588: [scrub symbol table, 0.0137607 secs]23.601: [scrub string table, 0.0012483 secs][1 CMS-remark: 61784K(68288K)] 80103K(99008K), 0.0544239 secs] [Times: user=0.11 sys=0.01, real=0.05 secs] 
<writer thread='11267'/>
23.604: [CMS-concurrent-sweep-start]
23.656: [CMS-concurrent-sweep: 0.049/0.052 secs] [Times: user=0.16 sys=0.00, real=0.05 secs] 
23.657: [CMS-concurrent-reset-start]
23.657: [CMS-concurrent-reset: 0.000/0.000 secs] [Times: user=0.00 sys=0.00, real=0.00 secs] 
<writer thread='11779'/>
23.704: [GC (Allocation Failure) 23.704: [ParNew: 30719K-&gt;3391K(30720K), 0.0153500 secs] 76242K-&gt;51513K(99008K), 0.0155879 secs] [Times: user=0.03 sys=0.00, real=0.02 secs] 
23.912: [GC (Allocation Failure) 23.913: [ParNew: 30719K-&gt;3392K(30720K), 0.0130334 secs] 78841K-&gt;53299K(99008K), 0.0132712 secs] [Times: user=0.03 sys=0.01, real=0.01 secs] 
24.138: [GC (Allocation Failure) 24.138: [ParNew: 30720K-&gt;3391K(30720K), 0.0186907 secs] 80627K-&gt;56252K(99008K), 0.0189173 secs] [Times: user=0.05 sys=0.00, real=0.02 secs] 
24.369: [GC (Allocation Failure) 24.369: [ParNew: 30719K-&gt;3392K(30720K), 0.0158041 secs] 83580K-&gt;59420K(99008K), 0.0160115 secs] [Times: user=0.05 sys=0.00, real=0.01 secs] 
24.578: [GC (Allocation Failure) 24.578: [ParNew: 30713K-&gt;3392K(30720K), 0.0162934 secs] 86742K-&gt;61838K(99008K), 0.0165309 secs] [Times: user=0.04 sys=0.00, real=0.02 secs] 
24.595: [GC (CMS Initial Mark) [1 CMS-initial-mark: 58446K(68288K)] 61848K(99008K), 0.0030437 secs] [Times: user=0.01 sys=0.00, real=0.00 secs] 
<writer thread='11267'/>
24.599: [CMS-concurrent-mark-start]
24.716: [CMS-concurrent-mark: 0.116/0.117 secs] [Times: user=0.38 sys=0.02, real=0.12 secs] 
24.716: [CMS-concurrent-preclean-start]
24.718: [CMS-concurrent-preclean: 0.002/0.002 secs] [Times: user=0.01 sys=0.00, real=0.00 secs] 
24.718: [CMS-concurrent-abortable-preclean-start]
<writer thread='11779'/>
24.834: [GC (Allocation Failure) 24.834: [ParNew: 30720K-&gt;3392K(30720K), 0.0133617 secs] 89166K-&gt;64229K(99008K), 0.0135798 secs] [Times: user=0.03 sys=0.01, real=0.01 secs] 
<writer thread='11267'/>
24.972: [CMS-concurrent-abortable-preclean: 0.229/0.253 secs] [Times: user=0.82 sys=0.03, real=0.26 secs] 
<writer thread='11779'/>
24.973: [GC (CMS Final Remark) [YG occupancy: 17639 K (30720 K)]24.973: [Rescan (parallel) , 0.0063128 secs]24.979: [weak refs processing, 0.0054776 secs]24.985: [class unloading, 0.0182797 secs]25.003: [scrub symbol table, 0.0145558 secs]25.018: [scrub string table, 0.0017596 secs][1 CMS-remark: 60837K(68288K)] 78476K(99008K), 0.0468440 secs] [Times: user=0.10 sys=0.01, real=0.05 secs] 
<writer thread='11267'/>
25.105: [CMS-concurrent-sweep-start]
<writer thread='11779'/>
25.120: [GC (Allocation Failure) 25.120: [ParNew: 30720K-&gt;3391K(30720K), 0.0197897 secs] 91502K-&gt;67186K(99008K), 0.0200505 secs] [Times: user=0.05 sys=0.00, real=0.02 secs] 
<writer thread='11267'/>
25.279: [CMS-concurrent-sweep: 0.132/0.174 secs] [Times: user=0.60 sys=0.02, real=0.19 secs] 
25.297: [CMS-concurrent-reset-start]
25.297: [CMS-concurrent-reset: 0.000/0.000 secs] [Times: user=0.01 sys=0.00, real=0.00 secs] 
<writer thread='11779'/>
25.368: [GC (Allocation Failure) 25.368: [ParNew: 30719K-&gt;3392K(30720K), 0.0138073 secs] 79351K-&gt;54413K(99008K), 0.0140214 secs] [Times: user=0.03 sys=0.01, real=0.02 secs] 
25.573: [GC (Allocation Failure) 25.573: [ParNew: 30720K-&gt;3391K(30720K), 0.0134769 secs] 81741K-&gt;56918K(99008K), 0.0136925 secs] [Times: user=0.04 sys=0.01, real=0.01 secs] 
25.763: [GC (Allocation Failure) 25.763: [ParNew: 30719K-&gt;3392K(30720K), 0.0142079 secs] 84246K-&gt;59814K(99008K), 0.0144396 secs] [Times: user=0.05 sys=0.01, real=0.01 secs] 
25.779: [GC (CMS Initial Mark) [1 CMS-initial-mark: 56422K(68288K)] 59857K(99008K), 0.0029618 secs] [Times: user=0.01 sys=0.00, real=0.01 secs] 
<writer thread='11267'/>
25.782: [CMS-concurrent-mark-start]
25.895: [CMS-concurrent-mark: 0.113/0.113 secs] [Times: user=0.37 sys=0.02, real=0.11 secs] 
25.895: [CMS-concurrent-preclean-start]
25.897: [CMS-concurrent-preclean: 0.002/0.002 secs] [Times: user=0.00 sys=0.00, real=0.00 secs] 
25.897: [CMS-concurrent-abortable-preclean-start]
<writer thread='11779'/>
25.987: [GC (Allocation Failure) 25.987: [ParNew: 30720K-&gt;3392K(30720K), 0.0171719 secs] 87142K-&gt;63812K(99008K), 0.0174076 secs] [Times: user=0.04 sys=0.01, real=0.02 secs] 
<writer thread='11267'/>
26.126: [CMS-concurrent-abortable-preclean: 0.096/0.229 secs] [Times: user=0.79 sys=0.04, real=0.25 secs] 
<writer thread='11779'/>
26.155: [GC (CMS Final Remark) [YG occupancy: 24586 K (30720 K)]26.155: [Rescan (parallel) , 0.0123293 secs]26.167: [weak refs processing, 0.0058073 secs]26.173: [class unloading, 0.0190850 secs]26.192: [scrub symbol table, 0.0143564 secs]26.207: [scrub string table, 0.0016720 secs][1 CMS-remark: 60420K(68288K)] 85006K(99008K), 0.0536966 secs] [Times: user=0.12 sys=0.01, real=0.05 secs] 
<writer thread='11267'/>
26.210: [CMS-concurrent-sweep-start]
<writer thread='11779'/>
26.259: [GC (Allocation Failure) 26.259: [ParNew: 30720K-&gt;3392K(30720K), 0.0176569 secs] 91034K-&gt;65974K(99008K), 0.0178816 secs] [Times: user=0.04 sys=0.01, real=0.01 secs] 
<writer thread='11267'/>
26.314: [CMS-concurrent-sweep: 0.085/0.104 secs] [Times: user=0.32 sys=0.01, real=0.10 secs] 
26.314: [CMS-concurrent-reset-start]
26.314: [CMS-concurrent-reset: 0.000/0.000 secs] [Times: user=0.00 sys=0.00, real=0.00 secs] 
<writer thread='11779'/>
26.474: [GC (Allocation Failure) 26.474: [ParNew: 30720K-&gt;3392K(30720K), 0.0166849 secs] 80042K-&gt;54904K(99008K), 0.0169008 secs] [Times: user=0.05 sys=0.00, real=0.02 secs] 
26.641: [GC (Allocation Failure) 26.642: [ParNew: 30717K-&gt;3392K(30720K), 0.0142670 secs] 82229K-&gt;57415K(99008K), 0.0144851 secs] [Times: user=0.04 sys=0.00, real=0.01 secs] 
26.817: [GC (Allocation Failure) 26.817: [ParNew: 30720K-&gt;3392K(30720K), 0.0171223 secs] 84743K-&gt;60618K(99008K), 0.0173336 secs] [Times: user=0.05 sys=0.00, real=0.02 secs] 
26.835: [GC (CMS Initial Mark) [1 CMS-initial-mark: 57226K(68288K)] 60765K(99008K), 0.0042954 secs] [Times: user=0.01 sys=0.00, real=0.01 secs] 
<writer thread='11267'/>
26.840: [CMS-concurrent-mark-start]
<writer thread='11779'/>
27.051: [GC (Allocation Failure) 27.051: [ParNew: 30720K-&gt;3391K(30720K), 0.0195700 secs] 87946K-&gt;64355K(99008K), 0.0198287 secs] [Times: user=0.06 sys=0.00, real=0.02 secs] 
<writer thread='11267'/>
27.102: [CMS-concurrent-mark: 0.228/0.262 secs] [Times: user=0.84 sys=0.04, real=0.26 secs] 
27.103: [CMS-concurrent-preclean-start]
27.112: [CMS-concurrent-preclean: 0.009/0.010 secs] [Times: user=0.02 sys=0.00, real=0.01 secs] 
27.113: [CMS-concurrent-abortable-preclean-start]
<writer thread='11779'/>
27.297: [GC (Allocation Failure) 27.297: [ParNew: 30719K-&gt;3392K(30720K), 0.0180238 secs] 91683K-&gt;67123K(99008K), 0.0182873 secs] [Times: user=0.06 sys=0.00, real=0.02 secs] 
27.502: [GC (Allocation Failure) 27.502: [ParNew: 30720K-&gt;3391K(30720K), 0.0196442 secs] 94451K-&gt;70077K(99008K), 0.0198711 secs] [Times: user=0.05 sys=0.00, real=0.02 secs] 
<writer thread='11267'/>
27.552: [CMS-concurrent-abortable-preclean: 0.392/0.439 secs] [Times: user=1.25 sys=0.08, real=0.44 secs] 
<writer thread='11779'/>
27.555: [GC (CMS Final Remark) [YG occupancy: 4776 K (30720 K)]27.555: [Rescan (parallel) , 0.0147618 secs]27.570: [weak refs processing, 0.0050675 secs]27.575: [class unloading, 0.0222597 secs]27.597: [scrub symbol table, 0.0148793 secs]27.612: [scrub string table, 0.0018481 secs][1 CMS-remark: 66685K(68288K)] 71461K(99008K), 0.0595760 secs] [Times: user=0.09 sys=0.00, real=0.06 secs] 
<writer thread='11267'/>
27.615: [CMS-concurrent-sweep-start]
27.673: [CMS-concurrent-sweep: 0.058/0.058 secs] [Times: user=0.16 sys=0.01, real=0.06 secs] 
27.673: [CMS-concurrent-reset-start]
27.674: [CMS-concurrent-reset: 0.000/0.000 secs] [Times: user=0.00 sys=0.00, real=0.00 secs] 
<writer thread='11779'/>
27.898: [GC (Allocation Failure) 27.898: [ParNew: 30719K-&gt;3392K(30720K), 0.0162658 secs] 82869K-&gt;58377K(99008K), 0.0164891 secs] [Times: user=0.03 sys=0.00, real=0.02 secs] 
27.916: [GC (CMS Initial Mark) [1 CMS-initial-mark: 54985K(68288K)] 58462K(99008K), 0.0034126 secs] [Times: user=0.01 sys=0.00, real=0.01 secs] 
<writer thread='11267'/>
27.920: [CMS-concurrent-mark-start]
28.072: [CMS-concurrent-mark: 0.148/0.152 secs] [Times: user=0.45 sys=0.03, real=0.15 secs] 
28.072: [CMS-concurrent-preclean-start]
28.076: [CMS-concurrent-preclean: 0.002/0.003 secs] [Times: user=0.01 sys=0.00, real=0.00 secs] 
28.076: [CMS-concurrent-abortable-preclean-start]
<writer thread='11779'/>
28.158: [GC (Allocation Failure) 28.158: [ParNew: 30720K-&gt;3392K(30720K), 0.0171899 secs] 85705K-&gt;60629K(99008K), 0.0174301 secs] [Times: user=0.02 sys=0.00, real=0.02 secs] 
<writer thread='11267'/>
28.274: [CMS-concurrent-abortable-preclean: 0.099/0.199 secs] [Times: user=0.49 sys=0.03, real=0.20 secs] 
<writer thread='11779'/>
28.277: [GC (CMS Final Remark) [YG occupancy: 18115 K (30720 K)]28.277: [Rescan (parallel) , 0.0071466 secs]28.285: [weak refs processing, 0.0055949 secs]28.290: [class unloading, 0.0209749 secs]28.311: [scrub symbol table, 0.0141944 secs]28.326: [scrub string table, 0.0012764 secs][1 CMS-remark: 57237K(68288K)] 75353K(99008K), 0.0496090 secs] [Times: user=0.08 sys=0.01, real=0.05 secs] 
<writer thread='11267'/>
28.327: [CMS-concurrent-sweep-start]
<writer thread='11779'/>
28.405: [GC (Allocation Failure) 28.405: [ParNew: 30720K-&gt;3392K(30720K), 0.0149619 secs] 87490K-&gt;62925K(99008K), 0.0152761 secs] [Times: user=0.04 sys=0.00, real=0.02 secs] 
<writer thread='11267'/>
28.475: [CMS-concurrent-sweep: 0.128/0.148 secs] [Times: user=0.45 sys=0.03, real=0.15 secs] 
28.475: [CMS-concurrent-reset-start]
28.476: [CMS-concurrent-reset: 0.000/0.000 secs] [Times: user=0.00 sys=0.00, real=0.00 secs] 
<writer thread='11779'/>
28.599: [GC (Allocation Failure) 28.599: [ParNew: 30720K-&gt;3391K(30720K), 0.0158940 secs] 78695K-&gt;54203K(99008K), 0.0161423 secs] [Times: user=0.04 sys=0.00, real=0.01 secs] 
28.765: [GC (Allocation Failure) 28.765: [ParNew: 30719K-&gt;3392K(30720K), 0.0138070 secs] 81531K-&gt;57175K(99008K), 0.0140400 secs] [Times: user=0.04 sys=0.00, real=0.01 secs] 
28.780: [GC (CMS Initial Mark) [1 CMS-initial-mark: 53783K(68288K)] 57354K(99008K), 0.0028153 secs] [Times: user=0.01 sys=0.00, real=0.00 secs] 
<writer thread='11267'/>
28.783: [CMS-concurrent-mark-start]
<writer thread='11779'/>
28.968: [GC (Allocation Failure) 28.968: [ParNew: 30720K-&gt;3392K(30720K), 0.0170449 secs] 84503K-&gt;59737K(99008K), 0.0172598 secs] [Times: user=0.05 sys=0.00, real=0.02 secs] 
<writer thread='11267'/>
29.076: [CMS-concurrent-mark: 0.265/0.293 secs] [Times: user=0.96 sys=0.05, real=0.29 secs] 
29.077: [CMS-concurrent-preclean-start]
29.084: [CMS-concurrent-preclean: 0.006/0.007 secs] [Times: user=0.02 sys=0.00, real=0.01 secs] 
29.084: [CMS-concurrent-abortable-preclean-start]
<writer thread='11779'/>
29.158: [GC (Allocation Failure) 29.158: [ParNew: 30720K-&gt;3392K(30720K), 0.0173550 secs] 87065K-&gt;62070K(99008K), 0.0175890 secs] [Times: user=0.05 sys=0.00, real=0.02 secs] 
<writer thread='11267'/>
29.260: [CMS-concurrent-abortable-preclean: 0.134/0.176 secs] [Times: user=0.54 sys=0.04, real=0.18 secs] 
<writer thread='11779'/>
29.261: [GC (CMS Final Remark) [YG occupancy: 18451 K (30720 K)]29.261: [Rescan (parallel) , 0.0181136 secs]29.279: [weak refs processing, 0.0030290 secs]29.282: [class unloading, 0.0205189 secs]29.303: [scrub symbol table, 0.0136828 secs]29.317: [scrub string table, 0.0012126 secs][1 CMS-remark: 58678K(68288K)] 77130K(99008K), 0.0569872 secs] [Times: user=0.16 sys=0.00, real=0.05 secs] 
<writer thread='11267'/>
29.318: [CMS-concurrent-sweep-start]
<writer thread='11779'/>
29.385: [GC (Allocation Failure) 29.385: [ParNew: 30720K-&gt;3392K(30720K), 0.0163784 secs] 88772K-&gt;64406K(99008K), 0.0166849 secs] [Times: user=0.05 sys=0.00, real=0.02 secs] 
<writer thread='11267'/>
29.484: [CMS-concurrent-sweep: 0.148/0.166 secs] [Times: user=0.51 sys=0.03, real=0.17 secs] 
29.486: [CMS-concurrent-reset-start]
29.486: [CMS-concurrent-reset: 0.000/0.000 secs] [Times: user=0.00 sys=0.00, real=0.00 secs] 
<writer thread='11779'/>
29.577: [GC (Allocation Failure) 29.577: [ParNew: 30720K-&gt;3391K(30720K), 0.0161533 secs] 80572K-&gt;56486K(99008K), 0.0163863 secs] [Times: user=0.05 sys=0.00, real=0.02 secs] 
29.595: [GC (CMS Initial Mark) [1 CMS-initial-mark: 53094K(68288K)] 56586K(99008K), 0.0032149 secs] [Times: user=0.01 sys=0.00, real=0.00 secs] 
<writer thread='11267'/>
29.598: [CMS-concurrent-mark-start]
29.722: [CMS-concurrent-mark: 0.123/0.124 secs] [Times: user=0.40 sys=0.02, real=0.13 secs] 
29.722: [CMS-concurrent-preclean-start]
29.724: [CMS-concurrent-preclean: 0.002/0.002 secs] [Times: user=0.01 sys=0.01, real=0.00 secs] 
29.725: [CMS-concurrent-abortable-preclean-start]
<writer thread='11779'/>
29.784: [GC (Allocation Failure) 29.784: [ParNew: 30719K-&gt;3391K(30720K), 0.0186125 secs] 83814K-&gt;59768K(99008K), 0.0188651 secs] [Times: user=0.05 sys=0.00, real=0.02 secs] 
<writer thread='11267'/>
29.904: [CMS-concurrent-abortable-preclean: 0.103/0.180 secs] [Times: user=0.56 sys=0.03, real=0.18 secs] 
<writer thread='11779'/>
29.907: [GC (CMS Final Remark) [YG occupancy: 23004 K (30720 K)]29.907: [Rescan (parallel) , 0.0089525 secs]29.916: [weak refs processing, 0.0034555 secs]29.920: [class unloading, 0.0222484 secs]29.942: [scrub symbol table, 0.0150899 secs]29.957: [scrub string table, 0.0015655 secs][1 CMS-remark: 56376K(68288K)] 79380K(99008K), 0.0516947 secs] [Times: user=0.12 sys=0.00, real=0.05 secs] 
<writer thread='11267'/>
29.959: [CMS-concurrent-sweep-start]
<writer thread='11779'/>
30.008: [GC (Allocation Failure) 30.008: [ParNew: 30719K-&gt;3392K(30720K), 0.0148156 secs] 86373K-&gt;61330K(99008K), 0.0150420 secs] [Times: user=0.04 sys=0.00, real=0.02 secs] 
<writer thread='11267'/>
30.077: [CMS-concurrent-sweep: 0.096/0.118 secs] [Times: user=0.34 sys=0.02, real=0.11 secs] 
30.078: [CMS-concurrent-reset-start]
30.078: [CMS-concurrent-reset: 0.000/0.000 secs] [Times: user=0.00 sys=0.00, real=0.00 secs] 
<writer thread='11779'/>
30.181: [GC (Allocation Failure) 30.181: [ParNew: 30720K-&gt;3391K(30720K), 0.0159066 secs] 78467K-&gt;54148K(99008K), 0.0161324 secs] [Times: user=0.04 sys=0.00, real=0.01 secs] 
30.349: [GC (Allocation Failure) 30.349: [ParNew: 30719K-&gt;3392K(30720K), 0.0165938 secs] 81476K-&gt;57547K(99008K), 0.0168292 secs] [Times: user=0.03 sys=0.00, real=0.01 secs] 
30.367: [GC (CMS Initial Mark) [1 CMS-initial-mark: 54155K(68288K)] 57551K(99008K), 0.0028344 secs] [Times: user=0.01 sys=0.00, real=0.01 secs] 
<writer thread='11267'/>
30.370: [CMS-concurrent-mark-start]
30.486: [CMS-concurrent-mark: 0.112/0.116 secs] [Times: user=0.36 sys=0.03, real=0.11 secs] 
30.486: [CMS-concurrent-preclean-start]
30.488: [CMS-concurrent-preclean: 0.002/0.002 secs] [Times: user=0.00 sys=0.00, real=0.00 secs] 
30.489: [CMS-concurrent-abortable-preclean-start]
<writer thread='11779'/>
30.554: [GC (Allocation Failure) 30.555: [ParNew: 30718K-&gt;3391K(30720K), 0.0174032 secs] 84873K-&gt;60500K(99008K), 0.0176938 secs] [Times: user=0.04 sys=0.00, real=0.02 secs] 
<writer thread='11267'/>
30.667: [CMS-concurrent-abortable-preclean: 0.150/0.179 secs] [Times: user=0.53 sys=0.03, real=0.18 secs] 
<writer thread='11779'/>
30.669: [GC (CMS Final Remark) [YG occupancy: 17947 K (30720 K)]30.669: [Rescan (parallel) , 0.0069742 secs]30.676: [weak refs processing, 0.0036229 secs]30.680: [class unloading, 0.0214054 secs]30.702: [scrub symbol table, 0.0142521 secs]30.716: [scrub string table, 0.0016505 secs][1 CMS-remark: 57108K(68288K)] 75056K(99008K), 0.0482986 secs] [Times: user=0.07 sys=0.00, real=0.04 secs] 
<writer thread='11267'/>
30.723: [CMS-concurrent-sweep-start]
30.792: [CMS-concurrent-sweep: 0.068/0.069 secs] [Times: user=0.21 sys=0.02, real=0.07 secs] 
30.793: [CMS-concurrent-reset-start]
30.793: [CMS-concurrent-reset: 0.000/0.000 secs] [Times: user=0.00 sys=0.00, real=0.00 secs] 
<writer thread='11779'/>
30.804: [GC (Allocation Failure) 30.805: [ParNew: 30719K-&gt;3391K(30720K), 0.0158498 secs] 75899K-&gt;51656K(99008K), 0.0161376 secs] [Times: user=0.04 sys=0.00, real=0.02 secs] 
30.974: [GC (Allocation Failure) 30.974: [ParNew: 30719K-&gt;3392K(30720K), 0.0159262 secs] 78984K-&gt;54687K(99008K), 0.0161746 secs] [Times: user=0.04 sys=0.00, real=0.02 secs] 
31.169: [GC (Allocation Failure) 31.169: [ParNew: 30720K-&gt;3391K(30720K), 0.0145211 secs] 82015K-&gt;57488K(99008K), 0.0147487 secs] [Times: user=0.03 sys=0.00, real=0.02 secs] 
31.185: [GC (CMS Initial Mark) [1 CMS-initial-mark: 54096K(68288K)] 57657K(99008K), 0.0029754 secs] [Times: user=0.00 sys=0.00, real=0.00 secs] 
<writer thread='11267'/>
31.188: [CMS-concurrent-mark-start]
<writer thread='11779'/>
31.348: [GC (Allocation Failure) 31.348: [ParNew: 30719K-&gt;3391K(30720K), 0.0163768 secs] 84816K-&gt;60479K(99008K), 0.0165983 secs] [Times: user=0.04 sys=0.00, real=0.02 secs] 
<writer thread='11267'/>
31.396: [CMS-concurrent-mark: 0.184/0.207 secs] [Times: user=0.65 sys=0.05, real=0.21 secs] 
31.396: [CMS-concurrent-preclean-start]
31.399: [CMS-concurrent-preclean: 0.003/0.003 secs] [Times: user=0.00 sys=0.00, real=0.00 secs] 
31.399: [CMS-concurrent-abortable-preclean-start]
<writer thread='11779'/>
31.562: [GC (Allocation Failure) 31.562: [ParNew: 30719K-&gt;3391K(30720K), 0.0156075 secs] 87807K-&gt;62999K(99008K), 0.0158195 secs] [Times: user=0.04 sys=0.00, real=0.01 secs] 
<writer thread='11267'/>
31.665: [CMS-concurrent-abortable-preclean: 0.146/0.266 secs] [Times: user=0.80 sys=0.05, real=0.27 secs] 
<writer thread='11779'/>
31.667: [GC (CMS Final Remark) [YG occupancy: 19997 K (30720 K)]31.667: [Rescan (parallel) , 0.0096702 secs]31.677: [weak refs processing, 0.0036077 secs]31.681: [class unloading, 0.0313398 secs]31.712: [scrub symbol table, 0.0132426 secs]31.725: [scrub string table, 0.0012849 secs][1 CMS-remark: 59607K(68288K)] 79604K(99008K), 0.0597169 secs] [Times: user=0.13 sys=0.01, real=0.06 secs] 
<writer thread='11267'/>
31.727: [CMS-concurrent-sweep-start]
<writer thread='11779'/>
31.801: [GC (Allocation Failure) 31.801: [ParNew: 30719K-&gt;3392K(30720K), 0.0182355 secs] 81663K-&gt;57310K(99008K), 0.0184791 secs] [Times: user=0.04 sys=0.00, real=0.02 secs] 
<writer thread='11267'/>
31.825: [CMS-concurrent-sweep: 0.076/0.097 secs] [Times: user=0.29 sys=0.01, real=0.10 secs] 
31.825: [CMS-concurrent-reset-start]
31.825: [CMS-concurrent-reset: 0.000/0.000 secs] [Times: user=0.00 sys=0.00, real=0.00 secs] 
<writer thread='11779'/>
31.963: [GC (Allocation Failure) 31.963: [ParNew: 30720K-&gt;3392K(30720K), 0.0145347 secs] 81201K-&gt;56734K(99008K), 0.0147512 secs] [Times: user=0.05 sys=0.00, real=0.01 secs] 
31.979: [GC (CMS Initial Mark) [1 CMS-initial-mark: 53342K(68288K)] 56933K(99008K), 0.0032812 secs] [Times: user=0.02 sys=0.00, real=0.00 secs] 
<writer thread='11267'/>
31.982: [CMS-concurrent-mark-start]
<writer thread='11779'/>
32.145: [GC (Allocation Failure) 32.145: [ParNew: 30720K-&gt;3392K(30720K), 0.0153889 secs] 84062K-&gt;59962K(99008K), 0.0156191 secs] [Times: user=0.03 sys=0.00, real=0.02 secs] 
<writer thread='11267'/>
32.283: [CMS-concurrent-mark: 0.272/0.301 secs] [Times: user=0.93 sys=0.07, real=0.30 secs] 
32.284: [CMS-concurrent-preclean-start]
32.288: [CMS-concurrent-preclean: 0.003/0.003 secs] [Times: user=0.01 sys=0.00, real=0.00 secs] 
32.288: [CMS-concurrent-abortable-preclean-start]
<writer thread='11779'/>
32.328: [GC (Allocation Failure) 32.328: [ParNew: 30720K-&gt;3392K(30720K), 0.0159563 secs] 87290K-&gt;62961K(99008K), 0.0161782 secs] [Times: user=0.03 sys=0.00, real=0.02 secs] 
<writer thread='11267'/>
32.432: [CMS-concurrent-abortable-preclean: 0.054/0.143 secs] [Times: user=0.42 sys=0.03, real=0.15 secs] 
<writer thread='11779'/>
32.433: [GC (CMS Final Remark) [YG occupancy: 19680 K (30720 K)]32.433: [Rescan (parallel) , 0.0090759 secs]32.442: [weak refs processing, 0.0024204 secs]32.445: [class unloading, 0.0180522 secs]32.463: [scrub symbol table, 0.0131304 secs]32.476: [scrub string table, 0.0011295 secs][1 CMS-remark: 59569K(68288K)] 79250K(99008K), 0.0442132 secs] [Times: user=0.06 sys=0.00, real=0.04 secs] 
<writer thread='11267'/>
32.477: [CMS-concurrent-sweep-start]
<writer thread='11779'/>
32.579: [GC (Allocation Failure) 32.579: [ParNew: 30720K-&gt;3392K(30720K), 0.0150742 secs] 79023K-&gt;53982K(99008K), 0.0153800 secs] [Times: user=0.03 sys=0.00, real=0.01 secs] 
<writer thread='11267'/>
32.596: [CMS-concurrent-sweep: 0.103/0.119 secs] [Times: user=0.34 sys=0.02, real=0.12 secs] 
32.597: [CMS-concurrent-reset-start]
32.597: [CMS-concurrent-reset: 0.000/0.000 secs] [Times: user=0.00 sys=0.00, real=0.00 secs] 
<writer thread='11779'/>
32.717: [GC (Allocation Failure) 32.718: [ParNew: 30720K-&gt;3391K(30720K), 0.0123480 secs] 79679K-&gt;54783K(99008K), 0.0125817 secs] [Times: user=0.03 sys=0.00, real=0.02 secs] 
32.868: [GC (Allocation Failure) 32.868: [ParNew: 30719K-&gt;3392K(30720K), 0.0121141 secs] 82111K-&gt;57762K(99008K), 0.0123568 secs] [Times: user=0.04 sys=0.00, real=0.02 secs] 
32.882: [GC (CMS Initial Mark) [1 CMS-initial-mark: 54370K(68288K)] 57820K(99008K), 0.0027450 secs] [Times: user=0.01 sys=0.00, real=0.00 secs] 
<writer thread='11267'/>
32.885: [CMS-concurrent-mark-start]
<writer thread='11779'/>
33.040: [GC (Allocation Failure) 33.040: [ParNew: 30720K-&gt;3392K(30720K), 0.0101499 secs] 85090K-&gt;60363K(99008K), 0.0103669 secs] [Times: user=0.02 sys=0.00, real=0.01 secs] 
<writer thread='11267'/>
33.144: [CMS-concurrent-mark: 0.192/0.259 secs] [Times: user=0.78 sys=0.07, real=0.26 secs] 
33.147: [CMS-concurrent-preclean-start]
33.151: [CMS-concurrent-preclean: 0.003/0.003 secs] [Times: user=0.01 sys=0.00, real=0.01 secs] 
33.152: [CMS-concurrent-abortable-preclean-start]
<writer thread='11779'/>
33.245: [GC (Allocation Failure) 33.245: [ParNew: 30720K-&gt;3392K(30720K), 0.0125619 secs] 87691K-&gt;63170K(99008K), 0.0128166 secs] [Times: user=0.03 sys=0.00, real=0.01 secs] 
<writer thread='11267'/>
33.388: [CMS-concurrent-abortable-preclean: 0.120/0.237 secs] [Times: user=0.70 sys=0.05, real=0.23 secs] 
<writer thread='11779'/>
33.390: [GC (CMS Final Remark) [YG occupancy: 28854 K (30720 K)]33.390: [Rescan (parallel) , 0.0095396 secs]33.400: [weak refs processing, 0.0039437 secs]33.404: [class unloading, 0.0180824 secs]33.422: [scrub symbol table, 0.0163414 secs]33.439: [scrub string table, 0.0013228 secs][1 CMS-remark: 59778K(68288K)] 88632K(99008K), 0.0497424 secs] [Times: user=0.13 sys=0.00, real=0.05 secs] 
<writer thread='11267'/>
33.440: [CMS-concurrent-sweep-start]
<writer thread='11779'/>
33.459: [GC (Allocation Failure) 33.459: [ParNew: 30720K-&gt;3392K(30720K), 0.0191954 secs] 90207K-&gt;65064K(99008K), 0.0194189 secs] [Times: user=0.05 sys=0.00, real=0.02 secs] 
33.613: [GC (Allocation Failure) 33.613: [ParNew: 30720K-&gt;3391K(30720K), 0.0113010 secs] 90267K-&gt;65309K(99008K), 0.0115730 secs] [Times: user=0.04 sys=0.00, real=0.01 secs] 
<writer thread='11267'/>
33.639: [CMS-concurrent-sweep: 0.164/0.199 secs] [Times: user=0.58 sys=0.05, real=0.20 secs] 
33.639: [CMS-concurrent-reset-start]
33.640: [CMS-concurrent-reset: 0.000/0.000 secs] [Times: user=0.00 sys=0.00, real=0.00 secs] 
<writer thread='11779'/>
33.751: [GC (Allocation Failure) 33.751: [ParNew: 30719K-&gt;3392K(30720K), 0.0119142 secs] 82874K-&gt;58093K(99008K), 0.0121284 secs] [Times: user=0.04 sys=0.00, real=0.01 secs] 
33.764: [GC (CMS Initial Mark) [1 CMS-initial-mark: 54701K(68288K)] 58287K(99008K), 0.0028195 secs] [Times: user=0.02 sys=0.00, real=0.00 secs] 
<writer thread='11267'/>
33.767: [CMS-concurrent-mark-start]
<writer thread='11779'/>
33.921: [GC (Allocation Failure) 33.921: [ParNew: 30720K-&gt;3392K(30720K), 0.0133828 secs] 85421K-&gt;60941K(99008K), 0.0136095 secs] [Times: user=0.04 sys=0.00, real=0.01 secs] 
34.082: [GC (Allocation Failure) 34.082: [ParNew: 30720K-&gt;3391K(30720K), 0.0133511 secs] 88269K-&gt;63638K(99008K), 0.0135653 secs] [Times: user=0.04 sys=0.00, real=0.01 secs] 
<writer thread='11267'/>
34.107: [CMS-concurrent-mark: 0.296/0.340 secs] [Times: user=1.12 sys=0.06, real=0.34 secs] 
34.108: [CMS-concurrent-preclean-start]
34.124: [CMS-concurrent-preclean: 0.014/0.015 secs] [Times: user=0.05 sys=0.01, real=0.02 secs] 
34.125: [CMS-concurrent-abortable-preclean-start]
34.190: [CMS-concurrent-abortable-preclean: 0.065/0.065 secs] [Times: user=0.16 sys=0.01, real=0.07 secs] 
<writer thread='11779'/>
34.191: [GC (CMS Final Remark) [YG occupancy: 20390 K (30720 K)]34.191: [Rescan (parallel) , 0.0106680 secs]34.202: [weak refs processing, 0.0027670 secs]34.205: [class unloading, 0.0220353 secs]34.227: [scrub symbol table, 0.0127086 secs]34.240: [scrub string table, 0.0015888 secs][1 CMS-remark: 60246K(68288K)] 80637K(99008K), 0.0503698 secs] [Times: user=0.13 sys=0.00, real=0.05 secs] 
<writer thread='11267'/>
34.242: [CMS-concurrent-sweep-start]
<writer thread='11779'/>
34.281: [GC (Allocation Failure) 34.282: [ParNew: 30719K-&gt;3392K(30720K), 0.0169783 secs] 90603K-&gt;66172K(99008K), 0.0172077 secs] [Times: user=0.04 sys=0.00, real=0.01 secs] 
<writer thread='11267'/>
34.412: [CMS-concurrent-sweep: 0.149/0.169 secs] [Times: user=0.48 sys=0.05, real=0.17 secs] 
34.412: [CMS-concurrent-reset-start]
34.412: [CMS-concurrent-reset: 0.000/0.000 secs] [Times: user=0.01 sys=0.00, real=0.00 secs] 
<writer thread='11779'/>
34.434: [GC (Allocation Failure) 34.434: [ParNew: 30720K-&gt;3392K(30720K), 0.0122107 secs] 80566K-&gt;56208K(99008K), 0.0124342 secs] [Times: user=0.03 sys=0.00, real=0.01 secs] 
34.447: [GC (CMS Initial Mark) [1 CMS-initial-mark: 52816K(68288K)] 56314K(99008K), 0.0034890 secs] [Times: user=0.01 sys=0.00, real=0.01 secs] 
<writer thread='11267'/>
34.451: [CMS-concurrent-mark-start]
<writer thread='11779'/>
34.598: [GC (Allocation Failure) 34.598: [ParNew: 30720K-&gt;3392K(30720K), 0.0171334 secs] 83536K-&gt;58487K(99008K), 0.0173452 secs] [Times: user=0.04 sys=0.01, real=0.02 secs] 
34.749: [GC (Allocation Failure) 34.749: [ParNew: 30720K-&gt;3392K(30720K), 0.0129064 secs] 85815K-&gt;60414K(99008K), 0.0132766 secs] [Times: user=0.03 sys=0.01, real=0.02 secs] 
34.862: [GC (Allocation Failure) 34.862: [ParNew: 30720K-&gt;3391K(30720K), 0.0123638 secs] 87742K-&gt;63217K(99008K), 0.0125904 secs] [Times: user=0.04 sys=0.00, real=0.01 secs] 
35.010: [GC (Allocation Failure) 35.010: [ParNew: 30719K-&gt;3391K(30720K), 0.0139604 secs] 90545K-&gt;66754K(99008K), 0.0141916 secs] [Times: user=0.03 sys=0.00, real=0.01 secs] 
<writer thread='11267'/>
35.039: [CMS-concurrent-mark: 0.488/0.589 secs] [Times: user=1.79 sys=0.14, real=0.59 secs] 
35.041: [CMS-concurrent-preclean-start]
35.049: [CMS-concurrent-preclean: 0.007/0.008 secs] [Times: user=0.02 sys=0.00, real=0.01 secs] 
35.050: [CMS-concurrent-abortable-preclean-start]
<writer thread='11779'/>
35.175: [GC (Allocation Failure) 35.176: [ParNew: 30719K-&gt;3392K(30720K), 0.0174956 secs] 94082K-&gt;69065K(99008K), 0.0177801 secs] [Times: user=0.04 sys=0.00, real=0.02 secs] 
<writer thread='11267'/>
35.289: [CMS-concurrent-abortable-preclean: 0.134/0.239 secs] [Times: user=0.66 sys=0.06, real=0.23 secs] 
<writer thread='11779'/>
35.290: [GC (CMS Final Remark) [YG occupancy: 25426 K (30720 K)]35.290: [Rescan (parallel) , 0.0102373 secs]35.300: [weak refs processing, 0.0032328 secs]35.304: [class unloading, 0.0252645 secs]35.329: [scrub symbol table, 0.0121878 secs]35.341: [scrub string table, 0.0009188 secs][1 CMS-remark: 65673K(68288K)] 91100K(99008K), 0.0634519 secs] [Times: user=0.14 sys=0.00, real=0.06 secs] 
<writer thread='11267'/>
35.354: [CMS-concurrent-sweep-start]
<writer thread='11779'/>
35.377: [GC (Allocation Failure) 35.377: [ParNew: 30720K-&gt;3391K(30720K), 0.0140867 secs] 94809K-&gt;69521K(99008K), 0.0143308 secs] [Times: user=0.04 sys=0.00, real=0.02 secs] 
35.495: [GC (Allocation Failure) 35.495: [ParNew: 30719K-&gt;30719K(30720K), 0.0000493 secs]35.495: [CMS
<writer thread='11267'/>
35.513: [CMS-concurrent-sweep: 0.064/0.159 secs] [Times: user=0.45 sys=0.05, real=0.16 secs] 
<writer thread='11779'/>
 (concurrent mode failure): 66129K-&gt;43148K(68288K), 0.2584268 secs] 96849K-&gt;43148K(99008K), [Metaspace: 61769K-&gt;61769K(1105920K)], 0.2598691 secs] [Times: user=0.30 sys=0.00, real=0.26 secs] 
35.872: [GC (Allocation Failure) 35.873: [ParNew: 27328K-&gt;3391K(30720K), 0.0110168 secs] 70476K-&gt;47875K(99008K), 0.0112847 secs] [Times: user=0.04 sys=0.00, real=0.01 secs] 
36.012: [GC (Allocation Failure) 36.012: [ParNew: 30719K-&gt;3391K(30720K), 0.0117056 secs] 75203K-&gt;50500K(99008K), 0.0119776 secs] [Times: user=0.03 sys=0.00, real=0.01 secs] 
36.160: [GC (Allocation Failure) 36.160: [ParNew: 30719K-&gt;3392K(30720K), 0.0119298 secs] 77828K-&gt;53186K(99008K), 0.0121882 secs] [Times: user=0.03 sys=0.00, real=0.01 secs] 
36.286: [GC (Allocation Failure) 36.286: [ParNew: 30720K-&gt;3392K(30720K), 0.0170281 secs] 80514K-&gt;56834K(99008K), 0.0172629 secs] [Times: user=0.05 sys=0.00, real=0.02 secs] 
36.304: [GC (CMS Initial Mark) [1 CMS-initial-mark: 53442K(68288K)] 56922K(99008K), 0.0027209 secs] [Times: user=0.01 sys=0.00, real=0.00 secs] 
<writer thread='11267'/>
36.307: [CMS-concurrent-mark-start]
<writer thread='11779'/>
36.440: [GC (Allocation Failure) 36.440: [ParNew: 30720K-&gt;3392K(30720K), 0.0121949 secs] 84162K-&gt;59096K(99008K), 0.0124111 secs] [Times: user=0.04 sys=0.00, real=0.01 secs] 
<writer thread='11267'/>
36.528: [CMS-concurrent-mark: 0.207/0.220 secs] [Times: user=0.68 sys=0.05, real=0.22 secs] 
36.528: [CMS-concurrent-preclean-start]
36.532: [CMS-concurrent-preclean: 0.004/0.004 secs] [Times: user=0.01 sys=0.00, real=0.01 secs] 
36.533: [CMS-concurrent-abortable-preclean-start]
<writer thread='11779'/>
36.582: [GC (Allocation Failure) 36.582: [ParNew: 30720K-&gt;3392K(30720K), 0.0173498 secs] 86424K-&gt;61768K(99008K), 0.0176178 secs] [Times: user=0.03 sys=0.00, real=0.02 secs] 
<writer thread='11267'/>
36.697: [CMS-concurrent-abortable-preclean: 0.142/0.164 secs] [Times: user=0.48 sys=0.04, real=0.16 secs] 
<writer thread='11779'/>
36.699: [GC (CMS Final Remark) [YG occupancy: 21892 K (30720 K)]36.699: [Rescan (parallel) , 0.0078247 secs]36.707: [weak refs processing, 0.0038007 secs]36.711: [class unloading, 0.0172131 secs]36.728: [scrub symbol table, 0.0127624 secs]36.741: [scrub string table, 0.0008690 secs][1 CMS-remark: 58376K(68288K)] 80269K(99008K), 0.0428688 secs] [Times: user=0.07 sys=0.01, real=0.04 secs] 
<writer thread='11267'/>
36.742: [CMS-concurrent-sweep-start]
<writer thread='11779'/>
36.795: [GC (Allocation Failure) 36.796: [ParNew: 30714K-&gt;3392K(30720K), 0.0139432 secs] 88936K-&gt;64620K(99008K), 0.0142419 secs] [Times: user=0.04 sys=0.00, real=0.02 secs] 
<writer thread='11267'/>
36.926: [CMS-concurrent-sweep: 0.122/0.183 secs] [Times: user=0.51 sys=0.05, real=0.18 secs] 
36.926: [CMS-concurrent-reset-start]
36.926: [CMS-concurrent-reset: 0.000/0.000 secs] [Times: user=0.00 sys=0.00, real=0.00 secs] 
<writer thread='11779'/>
36.938: [GC (Allocation Failure) 36.938: [ParNew: 30713K-&gt;3392K(30720K), 0.0170633 secs] 77468K-&gt;52558K(99008K), 0.0172861 secs] [Times: user=0.06 sys=0.00, real=0.02 secs] 
37.063: [GC (Allocation Failure) 37.063: [ParNew: 30720K-&gt;3392K(30720K), 0.0146652 secs] 79886K-&gt;55249K(99008K), 0.0148988 secs] [Times: user=0.04 sys=0.00, real=0.01 secs] 
37.079: [GC (CMS Initial Mark) [1 CMS-initial-mark: 51857K(68288K)] 55294K(99008K), 0.0040263 secs] [Times: user=0.02 sys=0.00, real=0.01 secs] 
<writer thread='11267'/>
37.083: [CMS-concurrent-mark-start]
<writer thread='11779'/>
37.211: [GC (Allocation Failure) 37.211: [ParNew: 30720K-&gt;3391K(30720K), 0.0119235 secs] 82577K-&gt;57772K(99008K), 0.0122136 secs] [Times: user=0.03 sys=0.00, real=0.01 secs] 
<writer thread='11267'/>
37.267: [CMS-concurrent-mark: 0.171/0.184 secs] [Times: user=0.79 sys=0.07, real=0.26 secs] 
<writer thread='11779'/>
37.344: [GC (Allocation Failure) 37.344: [ParNew: 30719K-&gt;3392K(30720K), 0.0137592 secs] 85100K-&gt;60938K(99008K), 0.0139836 secs] [Times: user=0.04 sys=0.00, real=0.01 secs] 
<writer thread='11267'/>
37.379: [CMS-concurrent-preclean-start]
37.405: [CMS-concurrent-preclean: 0.013/0.013 secs] [Times: user=0.08 sys=0.00, real=0.02 secs] 
37.405: [CMS-concurrent-abortable-preclean-start]
<writer thread='11779'/>
37.481: [GC (Allocation Failure) 37.481: [ParNew: 30720K-&gt;3391K(30720K), 0.0165586 secs] 88266K-&gt;63194K(99008K), 0.0167843 secs] [Times: user=0.05 sys=0.00, real=0.01 secs] 
<writer thread='11267'/>
37.573: [CMS-concurrent-abortable-preclean: 0.140/0.168 secs] [Times: user=0.50 sys=0.06, real=0.17 secs] 
<writer thread='11779'/>
37.575: [GC (CMS Final Remark) [YG occupancy: 20856 K (30720 K)]37.575: [Rescan (parallel) , 0.0084006 secs]37.584: [weak refs processing, 0.0047999 secs]37.589: [class unloading, 0.0217270 secs]37.610: [scrub symbol table, 0.0123926 secs]37.623: [scrub string table, 0.0014605 secs][1 CMS-remark: 59802K(68288K)] 80658K(99008K), 0.0492388 secs] [Times: user=0.10 sys=0.00, real=0.05 secs] 
<writer thread='11267'/>
37.625: [CMS-concurrent-sweep-start]
<writer thread='11779'/>
37.667: [GC (Allocation Failure) 37.667: [ParNew: 30719K-&gt;3391K(30720K), 0.0140027 secs] 90416K-&gt;65615K(99008K), 0.0142883 secs] [Times: user=0.02 sys=0.00, real=0.02 secs] 
<writer thread='11267'/>
37.787: [CMS-concurrent-sweep: 0.135/0.162 secs] [Times: user=0.42 sys=0.03, real=0.16 secs] 
37.789: [CMS-concurrent-reset-start]
37.789: [CMS-concurrent-reset: 0.000/0.000 secs] [Times: user=0.00 sys=0.00, real=0.00 secs] 
<writer thread='11779'/>
37.831: [GC (Allocation Failure) 37.831: [ParNew: 30719K-&gt;3392K(30720K), 0.0118067 secs] 80201K-&gt;55376K(99008K), 0.0120298 secs] [Times: user=0.04 sys=0.00, real=0.01 secs] 
37.844: [GC (CMS Initial Mark) [1 CMS-initial-mark: 51984K(68288K)] 55527K(99008K), 0.0037700 secs] [Times: user=0.01 sys=0.00, real=0.00 secs] 
<writer thread='11267'/>
37.848: [CMS-concurrent-mark-start]
<writer thread='11779'/>
37.968: [GC (Allocation Failure) 37.968: [ParNew: 30720K-&gt;3392K(30720K), 0.0164048 secs] 82704K-&gt;58621K(99008K), 0.0166449 secs] [Times: user=0.04 sys=0.00, real=0.02 secs] 
<writer thread='11267'/>
38.090: [CMS-concurrent-mark: 0.208/0.242 secs] [Times: user=0.73 sys=0.07, real=0.25 secs] 
38.091: [CMS-concurrent-preclean-start]
38.093: [CMS-concurrent-preclean: 0.003/0.003 secs] [Times: user=0.00 sys=0.00, real=0.00 secs] 
38.094: [CMS-concurrent-abortable-preclean-start]
<writer thread='11779'/>
38.112: [GC (Allocation Failure) 38.113: [ParNew: 30720K-&gt;3391K(30720K), 0.0149041 secs] 85949K-&gt;61053K(99008K), 0.0151590 secs] [Times: user=0.04 sys=0.00, real=0.01 secs] 
38.223: [GC (Allocation Failure) 38.223: [ParNew: 30719K-&gt;3392K(30720K), 0.0167509 secs] 88381K-&gt;63475K(99008K), 0.0169747 secs] [Times: user=0.04 sys=0.01, real=0.02 secs] 
<writer thread='11267'/>
38.306: [CMS-concurrent-abortable-preclean: 0.090/0.212 secs] [Times: user=0.65 sys=0.05, real=0.21 secs] 
<writer thread='11779'/>
38.307: [GC (CMS Final Remark) [YG occupancy: 17901 K (30720 K)]38.307: [Rescan (parallel) , 0.0074250 secs]38.314: [weak refs processing, 0.0038857 secs]38.318: [class unloading, 0.0204857 secs]38.339: [scrub symbol table, 0.0120505 secs]38.351: [scrub string table, 0.0009641 secs][1 CMS-remark: 60083K(68288K)] 77984K(99008K), 0.0452141 secs] [Times: user=0.10 sys=0.01, real=0.05 secs] 
<writer thread='11267'/>
38.352: [CMS-concurrent-sweep-start]
<writer thread='11779'/>
38.409: [GC (Allocation Failure) 38.409: [ParNew: 30720K-&gt;3392K(30720K), 0.0180508 secs] 90670K-&gt;65305K(99008K), 0.0184778 secs] [Times: user=0.05 sys=0.00, real=0.02 secs] 
<writer thread='11267'/>
38.489: [CMS-concurrent-sweep: 0.117/0.137 secs] [Times: user=0.40 sys=0.03, real=0.14 secs] 
38.489: [CMS-concurrent-reset-start]
38.489: [CMS-concurrent-reset: 0.000/0.000 secs] [Times: user=0.00 sys=0.01, real=0.00 secs] 
<writer thread='11779'/>
38.544: [GC (Allocation Failure) 38.544: [ParNew: 30720K-&gt;3392K(30720K), 0.0131170 secs] 79249K-&gt;54251K(99008K), 0.0133460 secs] [Times: user=0.03 sys=0.00, real=0.01 secs] 
38.674: [GC (Allocation Failure) 38.674: [ParNew: 30720K-&gt;3392K(30720K), 0.0097146 secs] 81579K-&gt;56871K(99008K), 0.0099715 secs] [Times: user=0.02 sys=0.00, real=0.01 secs] 
38.685: [GC (CMS Initial Mark) [1 CMS-initial-mark: 53479K(68288K)] 57052K(99008K), 0.0026953 secs] [Times: user=0.01 sys=0.00, real=0.00 secs] 
<writer thread='11267'/>
38.688: [CMS-concurrent-mark-start]
<writer thread='11779'/>
38.814: [GC (Allocation Failure) 38.814: [ParNew: 30709K-&gt;3392K(30720K), 0.0104257 secs] 84188K-&gt;59287K(99008K), 0.0107193 secs] [Times: user=0.02 sys=0.00, real=0.01 secs] 
<writer thread='11267'/>
38.847: [CMS-concurrent-mark: 0.147/0.159 secs] [Times: user=0.50 sys=0.03, real=0.16 secs] 
38.847: [CMS-concurrent-preclean-start]
38.850: [CMS-concurrent-preclean: 0.003/0.003 secs] [Times: user=0.01 sys=0.00, real=0.01 secs] 
38.850: [CMS-concurrent-abortable-preclean-start]
<writer thread='11779'/>
38.948: [GC (Allocation Failure) 38.948: [ParNew: 30720K-&gt;3392K(30720K), 0.0124567 secs] 86615K-&gt;61372K(99008K), 0.0127579 secs] [Times: user=0.03 sys=0.01, real=0.02 secs] 
<writer thread='11267'/>
39.034: [CMS-concurrent-abortable-preclean: 0.164/0.184 secs] [Times: user=0.49 sys=0.06, real=0.18 secs] 
<writer thread='11779'/>
39.035: [GC (CMS Final Remark) [YG occupancy: 21739 K (30720 K)]39.035: [Rescan (parallel) , 0.0098131 secs]39.045: [weak refs processing, 0.0042624 secs]39.050: [class unloading, 0.0176295 secs]39.067: [scrub symbol table, 0.0117910 secs]39.079: [scrub string table, 0.0010094 secs][1 CMS-remark: 57980K(68288K)] 79719K(99008K), 0.0449756 secs] [Times: user=0.10 sys=0.00, real=0.05 secs] 
<writer thread='11267'/>
39.080: [CMS-concurrent-sweep-start]
<writer thread='11779'/>
39.136: [GC (Allocation Failure) 39.136: [ParNew: 30720K-&gt;3391K(30720K), 0.0119236 secs] 88568K-&gt;63793K(99008K), 0.0121361 secs] [Times: user=0.02 sys=0.00, real=0.01 secs] 
<writer thread='11267'/>
39.178: [CMS-concurrent-sweep: 0.083/0.097 secs] [Times: user=0.25 sys=0.02, real=0.09 secs] 
39.178: [CMS-concurrent-reset-start]
39.178: [CMS-concurrent-reset: 0.000/0.000 secs] [Times: user=0.00 sys=0.00, real=0.00 secs] 
<writer thread='11779'/>
39.259: [GC (Allocation Failure) 39.259: [ParNew: 30719K-&gt;3391K(30720K), 0.0117946 secs] 76821K-&gt;51905K(99008K), 0.0120243 secs] [Times: user=0.02 sys=0.00, real=0.02 secs] 
39.396: [GC (Allocation Failure) 39.396: [ParNew: 30719K-&gt;3392K(30720K), 0.0100492 secs] 79233K-&gt;54280K(99008K), 0.0102795 secs] [Times: user=0.02 sys=0.00, real=0.01 secs] 
39.513: [GC (Allocation Failure) 39.514: [ParNew: 30720K-&gt;3391K(30720K), 0.0148384 secs] 81608K-&gt;56693K(99008K), 0.0151313 secs] [Times: user=0.02 sys=0.00, real=0.01 secs] 
39.530: [GC (CMS Initial Mark) [1 CMS-initial-mark: 53301K(68288K)] 56761K(99008K), 0.0039212 secs] [Times: user=0.00 sys=0.00, real=0.00 secs] 
<writer thread='11267'/>
39.534: [CMS-concurrent-mark-start]
39.633: [CMS-concurrent-mark: 0.098/0.098 secs] [Times: user=0.30 sys=0.02, real=0.10 secs] 
39.633: [CMS-concurrent-preclean-start]
39.635: [CMS-concurrent-preclean: 0.002/0.003 secs] [Times: user=0.01 sys=0.01, real=0.00 secs] 
39.636: [CMS-concurrent-abortable-preclean-start]
<writer thread='11779'/>
39.668: [GC (Allocation Failure) 39.669: [ParNew: 30714K-&gt;3392K(30720K), 0.0141531 secs] 84015K-&gt;59061K(99008K), 0.0144107 secs] [Times: user=0.03 sys=0.00, real=0.02 secs] 
<writer thread='11267'/>
39.781: [CMS-concurrent-abortable-preclean: 0.128/0.145 secs] [Times: user=0.41 sys=0.03, real=0.15 secs] 
<writer thread='11779'/>
39.831: [GC (Allocation Failure) 39.832: [ParNew: 30718K-&gt;3391K(30720K), 0.0129713 secs] 86388K-&gt;61700K(99008K), 0.0132183 secs] [Times: user=0.03 sys=0.00, real=0.01 secs] 
39.883: [GC (CMS Final Remark) [YG occupancy: 14313 K (30720 K)]39.883: [Rescan (parallel) , 0.0101910 secs]39.893: [weak refs processing, 0.0019403 secs]39.895: [class unloading, 0.0159810 secs]39.911: [scrub symbol table, 0.0137202 secs]39.925: [scrub string table, 0.0008475 secs][1 CMS-remark: 58308K(68288K)] 72622K(99008K), 0.0431380 secs] [Times: user=0.07 sys=0.01, real=0.04 secs] 
<writer thread='11267'/>
39.968: [CMS-concurrent-sweep-start]
<writer thread='11779'/>
40.013: [GC (Allocation Failure) 40.013: [ParNew: 30719K-&gt;3391K(30720K), 0.0133793 secs] 88992K-&gt;64210K(99008K), 0.0136375 secs] [Times: user=0.02 sys=0.01, real=0.01 secs] 
40.125: [GC (Allocation Failure) 40.125: [ParNew: 30719K-&gt;3392K(30720K), 0.0106889 secs] 82042K-&gt;56999K(99008K), 0.0110101 secs] [Times: user=0.02 sys=0.00, real=0.01 secs] 
<writer thread='11267'/>
40.161: [CMS-concurrent-sweep: 0.145/0.191 secs] [Times: user=0.56 sys=0.06, real=0.20 secs] 
40.162: [CMS-concurrent-reset-start]
40.162: [CMS-concurrent-reset: 0.000/0.000 secs] [Times: user=0.01 sys=0.00, real=0.00 secs] 
<writer thread='11779'/>
40.237: [GC (Allocation Failure) 40.237: [ParNew: 30720K-&gt;3392K(30720K), 0.0113086 secs] 79498K-&gt;54689K(99008K), 0.0115907 secs] [Times: user=0.03 sys=0.00, real=0.01 secs] 
40.249: [GC (CMS Initial Mark) [1 CMS-initial-mark: 51297K(68288K)] 54775K(99008K), 0.0029809 secs] [Times: user=0.01 sys=0.00, real=0.00 secs] 
<writer thread='11267'/>
40.252: [CMS-concurrent-mark-start]
<writer thread='11779'/>
40.357: [GC (Allocation Failure) 40.357: [ParNew: 30720K-&gt;3392K(30720K), 0.0113165 secs] 82017K-&gt;56987K(99008K), 0.0115547 secs] [Times: user=0.03 sys=0.00, real=0.01 secs] 
<writer thread='11267'/>
40.472: [CMS-concurrent-mark: 0.207/0.220 secs] [Times: user=0.75 sys=0.07, real=0.22 secs] 
40.472: [CMS-concurrent-preclean-start]
40.476: [CMS-concurrent-preclean: 0.004/0.004 secs] [Times: user=0.01 sys=0.00, real=0.00 secs] 
40.478: [CMS-concurrent-abortable-preclean-start]
<writer thread='11779'/>
40.481: [GC (Allocation Failure) 40.481: [ParNew: 30720K-&gt;3391K(30720K), 0.0104140 secs] 84315K-&gt;59681K(99008K), 0.0106317 secs] [Times: user=0.03 sys=0.00, real=0.01 secs] 
40.609: [GC (Allocation Failure) 40.609: [ParNew: 30719K-&gt;3391K(30720K), 0.0189716 secs] 87009K-&gt;62771K(99008K), 0.0192005 secs] [Times: user=0.05 sys=0.01, real=0.02 secs] 
<writer thread='11267'/>
40.665: [CMS-concurrent-abortable-preclean: 0.130/0.187 secs] [Times: user=0.55 sys=0.05, real=0.19 secs] 
<writer thread='11779'/>
40.667: [GC (CMS Final Remark) [YG occupancy: 11984 K (30720 K)]40.668: [Rescan (parallel) , 0.0121655 secs]40.680: [weak refs processing, 0.0013169 secs]40.681: [class unloading, 0.0192971 secs]40.700: [scrub symbol table, 0.0124235 secs]40.713: [scrub string table, 0.0009412 secs][1 CMS-remark: 59379K(68288K)] 71363K(99008K), 0.0465421 secs] [Times: user=0.09 sys=0.00, real=0.05 secs] 
<writer thread='11267'/>
40.714: [CMS-concurrent-sweep-start]
<writer thread='11779'/>
40.788: [GC (Allocation Failure) 40.788: [ParNew: 30719K-&gt;3392K(30720K), 0.0160095 secs] 86367K-&gt;61559K(99008K), 0.0162576 secs] [Times: user=0.04 sys=0.00, real=0.02 secs] 
40.896: [GC (Allocation Failure) 40.896: [ParNew: 30720K-&gt;3391K(30720K), 0.0178700 secs] 79349K-&gt;54677K(99008K), 0.0181001 secs] [Times: user=0.04 sys=0.00, real=0.02 secs] 
<writer thread='11267'/>
40.914: [CMS-concurrent-sweep: 0.153/0.200 secs] [Times: user=0.58 sys=0.05, real=0.20 secs] 
40.914: [CMS-concurrent-reset-start]
40.915: [CMS-concurrent-reset: 0.000/0.000 secs] [Times: user=0.00 sys=0.00, real=0.00 secs] 
<writer thread='11779'/>
41.031: [GC (Allocation Failure) 41.031: [ParNew: 30714K-&gt;3391K(30720K), 0.0111008 secs] 81975K-&gt;56858K(99008K), 0.0113358 secs] [Times: user=0.03 sys=0.00, real=0.01 secs] 
41.043: [GC (CMS Initial Mark) [1 CMS-initial-mark: 53466K(68288K)] 56925K(99008K), 0.0031789 secs] [Times: user=0.01 sys=0.00, real=0.00 secs] 
<writer thread='11267'/>
41.047: [CMS-concurrent-mark-start]
<writer thread='11779'/>
41.152: [GC (Allocation Failure) 41.152: [ParNew: 30719K-&gt;3392K(30720K), 0.0124174 secs] 84186K-&gt;59320K(99008K), 0.0126416 secs] [Times: user=0.03 sys=0.00, real=0.01 secs] 
<writer thread='11267'/>
41.186: [CMS-concurrent-mark: 0.125/0.139 secs] [Times: user=0.44 sys=0.04, real=0.14 secs] 
41.189: [CMS-concurrent-preclean-start]
41.192: [CMS-concurrent-preclean: 0.003/0.003 secs] [Times: user=0.01 sys=0.00, real=0.01 secs] 
41.192: [CMS-concurrent-abortable-preclean-start]
<writer thread='11779'/>
41.327: [GC (Allocation Failure) 41.327: [ParNew: 30720K-&gt;3392K(30720K), 0.0130184 secs] 86648K-&gt;61850K(99008K), 0.0132584 secs] [Times: user=0.04 sys=0.00, real=0.02 secs] 
<writer thread='11267'/>
41.439: [CMS-concurrent-abortable-preclean: 0.163/0.246 secs] [Times: user=0.75 sys=0.06, real=0.25 secs] 
<writer thread='11779'/>
41.445: [GC (CMS Final Remark) [YG occupancy: 27696 K (30720 K)]41.445: [Rescan (parallel) , 0.0108834 secs]41.456: [weak refs processing, 0.0039629 secs]41.460: [class unloading, 0.0181465 secs]41.479: [scrub symbol table, 0.0164968 secs]41.495: [scrub string table, 0.0014948 secs][1 CMS-remark: 58458K(68288K)] 86155K(99008K), 0.0514320 secs] [Times: user=0.13 sys=0.00, real=0.05 secs] 
<writer thread='11267'/>
41.498: [CMS-concurrent-sweep-start]
<writer thread='11779'/>
41.514: [GC (Allocation Failure) 41.514: [ParNew: 30720K-&gt;3392K(30720K), 0.0154343 secs] 89072K-&gt;64162K(99008K), 0.0156635 secs] [Times: user=0.03 sys=0.00, real=0.02 secs] 
41.622: [GC (Allocation Failure) 41.622: [ParNew: 30720K-&gt;3392K(30720K), 0.0148215 secs] 91436K-&gt;66932K(99008K), 0.0150425 secs] [Times: user=0.04 sys=0.00, real=0.01 secs] 
<writer thread='11267'/>
41.708: [CMS-concurrent-sweep: 0.167/0.210 secs] [Times: user=0.58 sys=0.07, real=0.22 secs] 
41.717: [CMS-concurrent-reset-start]
41.718: [CMS-concurrent-reset: 0.000/0.000 secs] [Times: user=0.01 sys=0.00, real=0.01 secs] 
<writer thread='11779'/>
41.754: [GC (Allocation Failure) 41.754: [ParNew: 30720K-&gt;3391K(30720K), 0.0161887 secs] 80528K-&gt;56191K(99008K), 0.0164056 secs] [Times: user=0.04 sys=0.00, real=0.02 secs] 
41.771: [GC (CMS Initial Mark) [1 CMS-initial-mark: 52799K(68288K)] 56347K(99008K), 0.0043069 secs] [Times: user=0.01 sys=0.00, real=0.00 secs] 
<writer thread='11267'/>
41.776: [CMS-concurrent-mark-start]
<writer thread='11779'/>
41.901: [GC (Allocation Failure) 41.901: [ParNew: 30719K-&gt;3391K(30720K), 0.0145459 secs] 83519K-&gt;58811K(99008K), 0.0148046 secs] [Times: user=0.02 sys=0.00, real=0.01 secs] 
<writer thread='11267'/>
42.025: [CMS-concurrent-mark: 0.232/0.248 secs] [Times: user=0.56 sys=0.04, real=0.25 secs] 
42.025: [CMS-concurrent-preclean-start]
42.028: [CMS-concurrent-preclean: 0.003/0.003 secs] [Times: user=0.01 sys=0.00, real=0.00 secs] 
42.028: [CMS-concurrent-abortable-preclean-start]
<writer thread='11779'/>
42.106: [GC (Allocation Failure) 42.106: [ParNew: 30719K-&gt;3391K(30720K), 0.0149895 secs] 86139K-&gt;62565K(99008K), 0.0152239 secs] [Times: user=0.04 sys=0.00, real=0.02 secs] 
<writer thread='11267'/>
42.207: [CMS-concurrent-abortable-preclean: 0.104/0.178 secs] [Times: user=0.42 sys=0.04, real=0.18 secs] 
<writer thread='11779'/>
42.208: [GC (CMS Final Remark) [YG occupancy: 17303 K (30720 K)]42.208: [Rescan (parallel) , 0.0062082 secs]42.215: [weak refs processing, 0.0027782 secs]42.217: [class unloading, 0.0300659 secs]42.248: [scrub symbol table, 0.0157000 secs]42.263: [scrub string table, 0.0013346 secs][1 CMS-remark: 59173K(68288K)] 76477K(99008K), 0.0567828 secs] [Times: user=0.10 sys=0.01, real=0.06 secs] 
<writer thread='11267'/>
42.265: [CMS-concurrent-sweep-start]
<writer thread='11779'/>
42.325: [GC (Allocation Failure) 42.326: [ParNew: 30719K-&gt;3392K(30720K), 0.0132561 secs] 89800K-&gt;65654K(99008K), 0.0134858 secs] [Times: user=0.03 sys=0.00, real=0.01 secs] 
<writer thread='11267'/>
42.419: [CMS-concurrent-sweep: 0.138/0.153 secs] [Times: user=0.43 sys=0.04, real=0.15 secs] 
42.419: [CMS-concurrent-reset-start]
42.419: [CMS-concurrent-reset: 0.000/0.000 secs] [Times: user=0.00 sys=0.00, real=0.00 secs] 
<writer thread='11779'/>
42.437: [GC (Allocation Failure) 42.437: [ParNew: 30720K-&gt;3392K(30720K), 0.0117598 secs] 79773K-&gt;55378K(99008K), 0.0119979 secs] [Times: user=0.02 sys=0.00, real=0.02 secs] 
42.450: [GC (CMS Initial Mark) [1 CMS-initial-mark: 51986K(68288K)] 55421K(99008K), 0.0029620 secs] [Times: user=0.01 sys=0.00, real=0.00 secs] 
<writer thread='11267'/>
42.454: [CMS-concurrent-mark-start]
<writer thread='11779'/>
42.582: [GC (Allocation Failure) 42.582: [ParNew: 30720K-&gt;3392K(30720K), 0.0107938 secs] 82706K-&gt;57470K(99008K), 0.0110337 secs] [Times: user=0.03 sys=0.00, real=0.01 secs] 
42.698: [GC (Allocation Failure) 42.698: [ParNew: 30720K-&gt;3392K(30720K), 0.0114398 secs] 84798K-&gt;60426K(99008K), 0.0116710 secs] [Times: user=0.04 sys=0.01, real=0.02 secs] 
<writer thread='11267'/>
42.715: [CMS-concurrent-mark: 0.226/0.261 secs] [Times: user=0.82 sys=0.07, real=0.26 secs] 
42.715: [CMS-concurrent-preclean-start]
42.724: [CMS-concurrent-preclean: 0.009/0.010 secs] [Times: user=0.03 sys=0.00, real=0.01 secs] 
42.725: [CMS-concurrent-abortable-preclean-start]
<writer thread='11779'/>
42.814: [GC (Allocation Failure) 42.814: [ParNew: 30720K-&gt;3391K(30720K), 0.0114275 secs] 87754K-&gt;62958K(99008K), 0.0116502 secs] [Times: user=0.03 sys=0.00, real=0.01 secs] 
<writer thread='11267'/>
42.887: [CMS-concurrent-abortable-preclean: 0.147/0.163 secs] [Times: user=0.54 sys=0.05, real=0.18 secs] 
<writer thread='11779'/>
42.928: [GC (CMS Final Remark) [YG occupancy: 26705 K (30720 K)]42.928: [Rescan (parallel) , 0.0147794 secs]42.943: [weak refs processing, 0.0039497 secs]42.947: [class unloading, 0.0193295 secs]42.966: [scrub symbol table, 0.0140872 secs]42.980: [scrub string table, 0.0017047 secs][1 CMS-remark: 59566K(68288K)] 86272K(99008K), 0.0543261 secs] [Times: user=0.12 sys=0.00, real=0.06 secs] 
<writer thread='11267'/>
42.982: [CMS-concurrent-sweep-start]
<writer thread='11779'/>
43.008: [GC (Allocation Failure) 43.008: [ParNew: 30719K-&gt;3391K(30720K), 0.0144187 secs] 90076K-&gt;65840K(99008K), 0.0146448 secs] [Times: user=0.03 sys=0.00, real=0.02 secs] 
43.145: [GC (Allocation Failure) 43.146: [ParNew: 30715K-&gt;3392K(30720K), 0.0470429 secs] 88151K-&gt;64054K(99008K), 0.0486700 secs] [Times: user=0.04 sys=0.00, real=0.05 secs] 
<writer thread='11267'/>
43.209: [CMS-concurrent-sweep: 0.156/0.226 secs] [Times: user=0.41 sys=0.04, real=0.22 secs] 
43.287: [CMS-concurrent-reset-start]
43.289: [CMS-concurrent-reset: 0.001/0.001 secs] [Times: user=0.00 sys=0.00, real=0.01 secs] 
<writer thread='11779'/>
43.394: [GC (Allocation Failure) 43.394: [ParNew: 30720K-&gt;3392K(30720K), 0.0145967 secs] 84852K-&gt;60615K(99008K), 0.0148162 secs] [Times: user=0.04 sys=0.00, real=0.01 secs] 
43.410: [GC (CMS Initial Mark) [1 CMS-initial-mark: 57223K(68288K)] 60666K(99008K), 0.0030718 secs] [Times: user=0.01 sys=0.00, real=0.00 secs] 
<writer thread='11267'/>
43.413: [CMS-concurrent-mark-start]
43.528: [CMS-concurrent-mark: 0.115/0.115 secs] [Times: user=0.34 sys=0.02, real=0.11 secs] 
43.528: [CMS-concurrent-preclean-start]
43.531: [CMS-concurrent-preclean: 0.002/0.002 secs] [Times: user=0.01 sys=0.00, real=0.01 secs] 
43.531: [CMS-concurrent-abortable-preclean-start]
<writer thread='11779'/>
43.585: [GC (Allocation Failure) 43.585: [ParNew: 30720K-&gt;3392K(30720K), 0.0160748 secs] 87943K-&gt;63176K(99008K), 0.0162909 secs] [Times: user=0.04 sys=0.00, real=0.02 secs] 
43.725: [GC (Allocation Failure) 43.725: [ParNew: 30720K-&gt;3391K(30720K), 0.0127168 secs] 90504K-&gt;65622K(99008K), 0.0129614 secs] [Times: user=0.04 sys=0.00, real=0.01 secs] 
<writer thread='11267'/>
43.813: [CMS-concurrent-abortable-preclean: 0.196/0.282 secs] [Times: user=0.84 sys=0.08, real=0.28 secs] 
<writer thread='11779'/>
43.814: [GC (CMS Final Remark) [YG occupancy: 24740 K (30720 K)]43.814: [Rescan (parallel) , 0.0104061 secs]43.825: [weak refs processing, 0.0028186 secs]43.828: [class unloading, 0.0185601 secs]43.846: [scrub symbol table, 0.0106238 secs]43.857: [scrub string table, 0.0010181 secs][1 CMS-remark: 62230K(68288K)] 86970K(99008K), 0.0438815 secs] [Times: user=0.08 sys=0.00, real=0.04 secs] 
<writer thread='11267'/>
43.858: [CMS-concurrent-sweep-start]
<writer thread='11779'/>
43.891: [GC (Allocation Failure) 43.891: [ParNew: 30719K-&gt;3392K(30720K), 0.0136235 secs] 92173K-&gt;67630K(99008K), 0.0138598 secs] [Times: user=0.02 sys=0.00, real=0.01 secs] 
44.005: [GC (Allocation Failure) 44.005: [ParNew: 30720K-&gt;3392K(30720K), 0.0109468 secs] 87392K-&gt;63017K(99008K), 0.0111930 secs] [Times: user=0.02 sys=0.00, real=0.01 secs] 
<writer thread='11267'/>
44.054: [CMS-concurrent-sweep: 0.160/0.196 secs] [Times: user=0.54 sys=0.06, real=0.20 secs] 
44.055: [CMS-concurrent-reset-start]
44.055: [CMS-concurrent-reset: 0.000/0.000 secs] [Times: user=0.02 sys=0.00, real=0.01 secs] 
<writer thread='11779'/>
44.138: [GC (Allocation Failure) 44.139: [ParNew: 30720K-&gt;3392K(30720K), 0.0167946 secs] 81662K-&gt;57282K(99008K), 0.0170794 secs] [Times: user=0.03 sys=0.00, real=0.02 secs] 
44.156: [GC (CMS Initial Mark) [1 CMS-initial-mark: 53890K(68288K)] 57282K(99008K), 0.0052862 secs] [Times: user=0.01 sys=0.00, real=0.01 secs] 
<writer thread='11267'/>
44.163: [CMS-concurrent-mark-start]
<writer thread='11779'/>
44.292: [GC (Allocation Failure) 44.292: [ParNew: 30720K-&gt;3392K(30720K), 0.0184774 secs] 84610K-&gt;60357K(99008K), 0.0187073 secs] [Times: user=0.04 sys=0.00, real=0.02 secs] 
<writer thread='11267'/>
44.396: [CMS-concurrent-mark: 0.205/0.233 secs] [Times: user=0.63 sys=0.04, real=0.23 secs] 
44.396: [CMS-concurrent-preclean-start]
44.398: [CMS-concurrent-preclean: 0.002/0.002 secs] [Times: user=0.01 sys=0.00, real=0.00 secs] 
44.399: [CMS-concurrent-abortable-preclean-start]
<writer thread='11779'/>
44.459: [GC (Allocation Failure) 44.460: [ParNew: 30720K-&gt;3392K(30720K), 0.0146075 secs] 87685K-&gt;63913K(99008K), 0.0148489 secs] [Times: user=0.04 sys=0.00, real=0.01 secs] 
<writer thread='11267'/>
44.539: [CMS-concurrent-abortable-preclean: 0.124/0.141 secs] [Times: user=0.42 sys=0.03, real=0.15 secs] 
<writer thread='11779'/>
44.541: [GC (CMS Final Remark) [YG occupancy: 19189 K (30720 K)]44.541: [Rescan (parallel) , 0.0109284 secs]44.552: [weak refs processing, 0.0017583 secs]44.554: [class unloading, 0.0243585 secs]44.578: [scrub symbol table, 0.0113597 secs]44.590: [scrub string table, 0.0010138 secs][1 CMS-remark: 60521K(68288K)] 79711K(99008K), 0.0499416 secs] [Times: user=0.08 sys=0.00, real=0.05 secs] 
44.642: [GC (Allocation Failure) 44.642: [ParNew: 30720K-&gt;3392K(30720K), 0.0173510 secs] 91241K-&gt;67110K(99008K), 0.0175743 secs] [Times: user=0.03 sys=0.00, real=0.02 secs] 
<writer thread='11267'/>
44.793: [CMS-concurrent-sweep-start]
<writer thread='11779'/>
44.833: [GC (Allocation Failure) 44.833: [ParNew: 30720K-&gt;3391K(30720K), 0.0163647 secs] 87636K-&gt;64003K(99008K), 0.0166298 secs] [Times: user=0.03 sys=0.00, real=0.02 secs] 
<writer thread='11267'/>
44.861: [CMS-concurrent-sweep: 0.049/0.068 secs] [Times: user=0.50 sys=0.02, real=0.07 secs] 
44.861: [CMS-concurrent-reset-start]
44.861: [CMS-concurrent-reset: 0.000/0.000 secs] [Times: user=0.00 sys=0.00, real=0.00 secs] 
<writer thread='11779'/>
44.962: [GC (Allocation Failure) 44.962: [ParNew: 30719K-&gt;3392K(30720K), 0.0149591 secs] 83185K-&gt;59313K(99008K), 0.0152955 secs] [Times: user=0.03 sys=0.00, real=0.01 secs] 
44.978: [GC (CMS Initial Mark) [1 CMS-initial-mark: 55921K(68288K)] 59473K(99008K), 0.0047009 secs] [Times: user=0.01 sys=0.01, real=0.01 secs] 
<writer thread='11267'/>
44.984: [CMS-concurrent-mark-start]
<writer thread='11779'/>
45.130: [GC (Allocation Failure) 45.130: [ParNew: 30720K-&gt;3392K(30720K), 0.0127088 secs] 86641K-&gt;62451K(99008K), 0.0129487 secs] [Times: user=0.04 sys=0.00, real=0.01 secs] 
45.243: [GC (Allocation Failure) 45.243: [ParNew: 30720K-&gt;3392K(30720K), 0.0176144 secs] 89779K-&gt;66511K(99008K), 0.0179123 secs] [Times: user=0.05 sys=0.00, real=0.02 secs] 
<writer thread='11267'/>
45.309: [CMS-concurrent-mark: 0.203/0.326 secs] [Times: user=0.94 sys=0.06, real=0.38 secs] 
<writer thread='11779'/>
45.385: [GC (Allocation Failure) 45.385: [ParNew: 30720K-&gt;3391K(30720K), 0.0132051 secs] 93839K-&gt;69148K(99008K), 0.0134249 secs] [Times: user=0.03 sys=0.00, real=0.01 secs] 
<writer thread='11267'/>
45.399: [CMS-concurrent-preclean-start]
45.431: [CMS-concurrent-preclean: 0.031/0.032 secs] [Times: user=0.10 sys=0.01, real=0.04 secs] 
45.431: [CMS-concurrent-abortable-preclean-start]
45.431: [CMS-concurrent-abortable-preclean: 0.000/0.000 secs] [Times: user=0.00 sys=0.00, real=0.00 secs] 
<writer thread='11779'/>
45.432: [GC (CMS Final Remark) [YG occupancy: 11758 K (30720 K)]45.432: [Rescan (parallel) , 0.0069722 secs]45.439: [weak refs processing, 0.0057964 secs]45.445: [class unloading, 0.0171211 secs]45.462: [scrub symbol table, 0.0112501 secs]45.474: [scrub string table, 0.0008038 secs][1 CMS-remark: 65756K(68288K)] 77514K(99008K), 0.0423431 secs] [Times: user=0.06 sys=0.00, real=0.04 secs] 
<writer thread='11267'/>
45.475: [CMS-concurrent-sweep-start]
<writer thread='11779'/>
45.568: [GC (Allocation Failure) 45.568: [ParNew: 30719K-&gt;3391K(30720K), 0.0142706 secs] 88820K-&gt;63956K(99008K), 0.0145514 secs] [Times: user=0.02 sys=0.00, real=0.02 secs] 
<writer thread='11267'/>
45.595: [CMS-concurrent-sweep: 0.104/0.120 secs] [Times: user=0.31 sys=0.02, real=0.12 secs] 
45.595: [CMS-concurrent-reset-start]
45.596: [CMS-concurrent-reset: 0.001/0.001 secs] [Times: user=0.00 sys=0.00, real=0.00 secs] 
<writer thread='11779'/>
45.688: [GC (Allocation Failure) 45.688: [ParNew: 30719K-&gt;3391K(30720K), 0.0153282 secs] 84588K-&gt;59959K(99008K), 0.0155285 secs] [Times: user=0.02 sys=0.00, real=0.02 secs] 
45.704: [GC (CMS Initial Mark) [1 CMS-initial-mark: 56567K(68288K)] 59961K(99008K), 0.0039309 secs] [Times: user=0.01 sys=0.00, real=0.00 secs] 
<writer thread='11267'/>
45.708: [CMS-concurrent-mark-start]
<writer thread='11779'/>
45.853: [GC (Allocation Failure) 45.853: [ParNew: 30719K-&gt;3392K(30720K), 0.0102228 secs] 87287K-&gt;62462K(99008K), 0.0106064 secs] [Times: user=0.02 sys=0.00, real=0.01 secs] 
<writer thread='11267'/>
45.916: [CMS-concurrent-mark: 0.196/0.208 secs] [Times: user=0.56 sys=0.04, real=0.21 secs] 
45.916: [CMS-concurrent-preclean-start]
45.919: [CMS-concurrent-preclean: 0.003/0.003 secs] [Times: user=0.01 sys=0.00, real=0.00 secs] 
45.919: [CMS-concurrent-abortable-preclean-start]
<writer thread='11779'/>
46.001: [GC (Allocation Failure) 46.001: [ParNew: 30720K-&gt;3391K(30720K), 0.0198309 secs] 89790K-&gt;66192K(99008K), 0.0200445 secs] [Times: user=0.05 sys=0.00, real=0.02 secs] 
<writer thread='11267'/>
46.095: [CMS-concurrent-abortable-preclean: 0.122/0.176 secs] [Times: user=0.48 sys=0.04, real=0.17 secs] 
<writer thread='11779'/>
46.096: [GC (CMS Final Remark) [YG occupancy: 21578 K (30720 K)]46.096: [Rescan (parallel) , 0.0117368 secs]46.108: [weak refs processing, 0.0056062 secs]46.114: [class unloading, 0.0164141 secs]46.130: [scrub symbol table, 0.0112824 secs]46.142: [scrub string table, 0.0008185 secs][1 CMS-remark: 62800K(68288K)] 84379K(99008K), 0.0462412 secs] [Times: user=0.07 sys=0.00, real=0.05 secs] 
<writer thread='11267'/>
46.143: [CMS-concurrent-sweep-start]
<writer thread='11779'/>
46.195: [GC (Allocation Failure) 46.195: [ParNew: 30719K-&gt;3392K(30720K), 0.0114144 secs] 93364K-&gt;68617K(99008K), 0.0116407 secs] [Times: user=0.03 sys=0.00, real=0.01 secs] 
<writer thread='11267'/>
46.319: [CMS-concurrent-sweep: 0.164/0.176 secs] [Times: user=0.47 sys=0.04, real=0.18 secs] 
46.320: [CMS-concurrent-reset-start]
46.321: [CMS-concurrent-reset: 0.001/0.001 secs] [Times: user=0.00 sys=0.00, real=0.00 secs] 
<writer thread='11779'/>
46.326: [GC (Allocation Failure) 46.326: [ParNew: 30720K-&gt;3391K(30720K), 0.0130156 secs] 80835K-&gt;56497K(99008K), 0.0132500 secs] [Times: user=0.03 sys=0.00, real=0.01 secs] 
46.340: [GC (CMS Initial Mark) [1 CMS-initial-mark: 53105K(68288K)] 56613K(99008K), 0.0032911 secs] [Times: user=0.01 sys=0.00, real=0.00 secs] 
<writer thread='11267'/>
46.344: [CMS-concurrent-mark-start]
<writer thread='11779'/>
46.466: [GC (Allocation Failure) 46.466: [ParNew: 30719K-&gt;3391K(30720K), 0.0129017 secs] 83825K-&gt;59479K(99008K), 0.0131039 secs] [Times: user=0.03 sys=0.01, real=0.01 secs] 
46.609: [GC (Allocation Failure) 46.609: [ParNew: 30719K-&gt;3392K(30720K), 0.0124391 secs] 86807K-&gt;62006K(99008K), 0.0127417 secs] [Times: user=0.02 sys=0.00, real=0.02 secs] 
<writer thread='11267'/>
46.659: [CMS-concurrent-mark: 0.197/0.315 secs] [Times: user=0.88 sys=0.08, real=0.31 secs] 
46.659: [CMS-concurrent-preclean-start]
46.664: [CMS-concurrent-preclean: 0.004/0.004 secs] [Times: user=0.01 sys=0.00, real=0.01 secs] 
46.664: [CMS-concurrent-abortable-preclean-start]
<writer thread='11779'/>
46.813: [GC (Allocation Failure) 46.814: [ParNew: 30720K-&gt;3391K(30720K), 0.0154572 secs] 89334K-&gt;64572K(99008K), 0.0157553 secs] [Times: user=0.04 sys=0.00, real=0.01 secs] 
47.069: [GC (Allocation Failure) 47.070: [ParNew: 30719K-&gt;3392K(30720K), 0.0271184 secs] 91900K-&gt;67383K(99008K), 0.0273730 secs] [Times: user=0.04 sys=0.01, real=0.02 secs] 
<writer thread='11267'/>
47.130: [CMS-concurrent-abortable-preclean: 0.405/0.466 secs] [Times: user=0.69 sys=0.07, real=0.47 secs] 
<writer thread='11779'/>
47.134: [GC (CMS Final Remark) [YG occupancy: 5958 K (30720 K)]47.134: [Rescan (parallel) , 0.0127154 secs]47.147: [weak refs processing, 0.0040472 secs]47.151: [class unloading, 0.0239541 secs]47.175: [scrub symbol table, 0.0148660 secs]47.190: [scrub string table, 0.0011240 secs][1 CMS-remark: 63991K(68288K)] 69949K(99008K), 0.0572528 secs] [Times: user=0.09 sys=0.00, real=0.06 secs] 
<writer thread='11267'/>
47.225: [CMS-concurrent-sweep-start]
<writer thread='11779'/>
47.334: [GC (Allocation Failure) 47.334: [ParNew: 30720K-&gt;3392K(30720K), 0.0267956 secs] 87888K-&gt;62966K(99008K), 0.0275977 secs] [Times: user=0.04 sys=0.00, real=0.03 secs] 
<writer thread='11267'/>
47.386: [CMS-concurrent-sweep: 0.130/0.160 secs] [Times: user=0.37 sys=0.03, real=0.16 secs] 
47.386: [CMS-concurrent-reset-start]
47.387: [CMS-concurrent-reset: 0.000/0.000 secs] [Times: user=0.00 sys=0.00, real=0.00 secs] 
<writer thread='11779'/>
47.533: [GC (Allocation Failure) 47.533: [ParNew: 30720K-&gt;3392K(30720K), 0.0153120 secs] 82309K-&gt;57864K(99008K), 0.0155373 secs] [Times: user=0.03 sys=0.00, real=0.01 secs] 
47.550: [GC (CMS Initial Mark) [1 CMS-initial-mark: 54472K(68288K)] 58060K(99008K), 0.0049707 secs] [Times: user=0.01 sys=0.00, real=0.00 secs] 
<writer thread='11267'/>
47.555: [CMS-concurrent-mark-start]
<writer thread='11779'/>
47.692: [GC (Allocation Failure) 47.692: [ParNew: 30720K-&gt;3392K(30720K), 0.0199038 secs] 85192K-&gt;61780K(99008K), 0.0201586 secs] [Times: user=0.04 sys=0.00, real=0.02 secs] 
<writer thread='11267'/>
47.852: [CMS-concurrent-mark: 0.264/0.297 secs] [Times: user=0.62 sys=0.05, real=0.31 secs] 
47.869: [CMS-concurrent-preclean-start]
47.873: [CMS-concurrent-preclean: 0.004/0.004 secs] [Times: user=0.00 sys=0.00, real=0.01 secs] 
47.874: [CMS-concurrent-abortable-preclean-start]
<writer thread='11779'/>
47.963: [GC (Allocation Failure) 47.963: [ParNew: 30720K-&gt;3392K(30720K), 0.0191364 secs] 89108K-&gt;64041K(99008K), 0.0193717 secs] [Times: user=0.04 sys=0.00, real=0.02 secs] 
<writer thread='11267'/>
48.059: [CMS-concurrent-abortable-preclean: 0.157/0.185 secs] [Times: user=0.43 sys=0.04, real=0.18 secs] 
<writer thread='11779'/>
48.060: [GC (CMS Final Remark) [YG occupancy: 22157 K (30720 K)]48.060: [Rescan (parallel) , 0.0099204 secs]48.070: [weak refs processing, 0.0018207 secs]48.071: [class unloading, 0.0194019 secs]48.091: [scrub symbol table, 0.0130282 secs]48.104: [scrub string table, 0.0008820 secs][1 CMS-remark: 60649K(68288K)] 82806K(99008K), 0.0454173 secs] [Times: user=0.09 sys=0.00, real=0.04 secs] 
<writer thread='11267'/>
48.105: [CMS-concurrent-sweep-start]
<writer thread='11779'/>
48.166: [GC (Allocation Failure) 48.166: [ParNew: 30720K-&gt;3392K(30720K), 0.0128559 secs] 91179K-&gt;66480K(99008K), 0.0132166 secs] [Times: user=0.03 sys=0.00, real=0.02 secs] 
<writer thread='11267'/>
48.226: [CMS-concurrent-sweep: 0.105/0.120 secs] [Times: user=0.31 sys=0.02, real=0.12 secs] 
48.227: [CMS-concurrent-reset-start]
48.228: [CMS-concurrent-reset: 0.000/0.000 secs] [Times: user=0.00 sys=0.00, real=0.00 secs] 
<writer thread='11779'/>
48.320: [GC (Allocation Failure) 48.320: [ParNew: 30707K-&gt;3392K(30720K), 0.0126669 secs] 77927K-&gt;53610K(99008K), 0.0128845 secs] [Times: user=0.04 sys=0.01, real=0.01 secs] 
48.334: [GC (CMS Initial Mark) [1 CMS-initial-mark: 50218K(68288K)] 53771K(99008K), 0.0032942 secs] [Times: user=0.01 sys=0.00, real=0.00 secs] 
<writer thread='11267'/>
48.337: [CMS-concurrent-mark-start]
48.461: [CMS-concurrent-mark: 0.124/0.124 secs] [Times: user=0.50 sys=0.02, real=0.15 secs] 
48.487: [CMS-concurrent-preclean-start]
48.491: [CMS-concurrent-preclean: 0.003/0.003 secs] [Times: user=0.01 sys=0.00, real=0.01 secs] 
48.493: [CMS-concurrent-abortable-preclean-start]
<writer thread='11779'/>
48.526: [GC (Allocation Failure) 48.526: [ParNew: 30720K-&gt;3391K(30720K), 0.0182862 secs] 80938K-&gt;55843K(99008K), 0.0185150 secs] [Times: user=0.03 sys=0.00, real=0.02 secs] 
<writer thread='11267'/>
48.624: [CMS-concurrent-abortable-preclean: 0.108/0.129 secs] [Times: user=0.31 sys=0.02, real=0.13 secs] 
<writer thread='11779'/>
48.625: [GC (CMS Final Remark) [YG occupancy: 18809 K (30720 K)]48.625: [Rescan (parallel) , 0.0069596 secs]48.632: [weak refs processing, 0.0025026 secs]48.635: [class unloading, 0.0170217 secs]48.652: [scrub symbol table, 0.0109610 secs]48.663: [scrub string table, 0.0008827 secs][1 CMS-remark: 52451K(68288K)] 71260K(99008K), 0.0387026 secs] [Times: user=0.06 sys=0.01, real=0.04 secs] 
<writer thread='11267'/>
48.664: [CMS-concurrent-sweep-start]
<writer thread='11779'/>
48.766: [GC (Allocation Failure) 48.766: [ParNew: 30717K-&gt;3392K(30720K), 0.0171338 secs] 83060K-&gt;58490K(99008K), 0.0173922 secs] [Times: user=0.03 sys=0.00, real=0.02 secs] 
<writer thread='11267'/>
48.847: [CMS-concurrent-sweep: 0.164/0.183 secs] [Times: user=0.52 sys=0.02, real=0.18 secs] 
48.848: [CMS-concurrent-reset-start]
48.848: [CMS-concurrent-reset: 0.000/0.000 secs] [Times: user=0.00 sys=0.00, real=0.00 secs] 
<writer thread='11779'/>
48.958: [GC (Allocation Failure) 48.958: [ParNew: 30720K-&gt;3391K(30720K), 0.0160485 secs] 74348K-&gt;49774K(99008K), 0.0162599 secs] [Times: user=0.05 sys=0.00, real=0.02 secs] 
49.207: [Full GC (System.gc()) 49.207: [CMS: 46383K-&gt;41067K(68288K), 0.2260771 secs] 74915K-&gt;41067K(99008K), [Metaspace: 60822K-&gt;60822K(1105920K)], 0.2263298 secs] [Times: user=0.24 sys=0.00, real=0.23 secs] 
49.717: [GC (Allocation Failure) 49.717: [ParNew: 27328K-&gt;1832K(30720K), 0.0069663 secs] 68395K-&gt;42900K(99008K), 0.0072674 secs] [Times: user=0.02 sys=0.00, real=0.01 secs] 
49.834: [GC (Allocation Failure) 49.834: [ParNew: 29160K-&gt;1272K(30720K), 0.0092178 secs] 70228K-&gt;44224K(99008K), 0.0094221 secs] [Times: user=0.04 sys=0.00, real=0.01 secs] 
49.943: [GC (Allocation Failure) 49.943: [ParNew: 28600K-&gt;625K(30720K), 0.0026100 secs] 71552K-&gt;43577K(99008K), 0.0028021 secs] [Times: user=0.01 sys=0.00, real=0.00 secs] 
50.041: [GC (Allocation Failure) 50.041: [ParNew: 27953K-&gt;777K(30720K), 0.0028719 secs] 70905K-&gt;43729K(99008K), 0.0030674 secs] [Times: user=0.01 sys=0.00, real=0.00 secs] 
50.137: [GC (Allocation Failure) 50.137: [ParNew: 28105K-&gt;1058K(30720K), 0.0031671 secs] 71057K-&gt;44010K(99008K), 0.0033627 secs] [Times: user=0.02 sys=0.00, real=0.01 secs] 
50.230: [GC (Allocation Failure) 50.230: [ParNew: 28386K-&gt;1380K(30720K), 0.0032345 secs] 71338K-&gt;44332K(99008K), 0.0034254 secs] [Times: user=0.01 sys=0.00, real=0.00 secs] 
50.325: [GC (Allocation Failure) 50.325: [ParNew: 28708K-&gt;1717K(30720K), 0.0035870 secs] 71660K-&gt;44669K(99008K), 0.0037854 secs] [Times: user=0.02 sys=0.00, real=0.00 secs] 
50.421: [GC (Allocation Failure) 50.422: [ParNew: 29045K-&gt;1808K(30720K), 0.0040927 secs] 71997K-&gt;44939K(99008K), 0.0043136 secs] [Times: user=0.02 sys=0.00, real=0.00 secs] 
50.516: [GC (Allocation Failure) 50.516: [ParNew: 29136K-&gt;1322K(30720K), 0.0040472 secs] 72267K-&gt;44627K(99008K), 0.0042260 secs] [Times: user=0.02 sys=0.00, real=0.01 secs] 
50.616: [GC (Allocation Failure) 50.616: [ParNew: 28650K-&gt;1953K(30720K), 0.0045197 secs] 71955K-&gt;45442K(99008K), 0.0047067 secs] [Times: user=0.01 sys=0.00, real=0.01 secs] 
50.720: [GC (Allocation Failure) 50.720: [ParNew: 29281K-&gt;1299K(30720K), 0.0040743 secs] 72770K-&gt;44965K(99008K), 0.0042463 secs] [Times: user=0.01 sys=0.00, real=0.00 secs] 
50.816: [GC (Allocation Failure) 50.816: [ParNew: 28627K-&gt;1692K(30720K), 0.0040202 secs] 72293K-&gt;45527K(99008K), 0.0041909 secs] [Times: user=0.01 sys=0.00, real=0.01 secs] 
50.919: [GC (Allocation Failure) 50.919: [ParNew: 29020K-&gt;1580K(30720K), 0.0043859 secs] 72855K-&gt;45589K(99008K), 0.0045429 secs] [Times: user=0.01 sys=0.00, real=0.01 secs] 
51.015: [GC (Allocation Failure) 51.015: [ParNew: 28908K-&gt;1606K(30720K), 0.0041702 secs] 72917K-&gt;45788K(99008K), 0.0043498 secs] [Times: user=0.01 sys=0.00, real=0.01 secs] 
51.105: [GC (Allocation Failure) 51.105: [ParNew: 28934K-&gt;1892K(30720K), 0.0053358 secs] 73116K-&gt;46250K(99008K), 0.0055278 secs] [Times: user=0.02 sys=0.00, real=0.01 secs] 
51.198: [GC (Allocation Failure) 51.198: [ParNew: 29220K-&gt;1177K(30720K), 0.0047847 secs] 73578K-&gt;45709K(99008K), 0.0050098 secs] [Times: user=0.02 sys=0.00, real=0.01 secs] 
51.290: [GC (Allocation Failure) 51.290: [ParNew: 28505K-&gt;1470K(30720K), 0.0056081 secs] 73037K-&gt;46183K(99008K), 0.0057930 secs] [Times: user=0.03 sys=0.00, real=0.00 secs] 
51.387: [GC (Allocation Failure) 51.387: [ParNew: 28798K-&gt;1591K(30720K), 0.0065067 secs] 73511K-&gt;46482K(99008K), 0.0067008 secs] [Times: user=0.02 sys=0.00, real=0.01 secs] 
51.497: [GC (Allocation Failure) 51.497: [ParNew: 28919K-&gt;3391K(30720K), 0.0094214 secs] 73810K-&gt;49057K(99008K), 0.0096429 secs] [Times: user=0.04 sys=0.00, real=0.01 secs] 
51.598: [GC (Allocation Failure) 51.598: [ParNew: 30719K-&gt;3391K(30720K), 0.0224552 secs] 76385K-&gt;53825K(99008K), 0.0226916 secs] [Times: user=0.07 sys=0.00, real=0.03 secs] 
51.622: [GC (CMS Initial Mark) [1 CMS-initial-mark: 50433K(68288K)] 53845K(99008K), 0.0041959 secs] [Times: user=0.01 sys=0.00, real=0.00 secs] 
<writer thread='11267'/>
51.626: [CMS-concurrent-mark-start]
51.739: [CMS-concurrent-mark: 0.113/0.113 secs] [Times: user=0.36 sys=0.03, real=0.11 secs] 
51.739: [CMS-concurrent-preclean-start]
<writer thread='11779'/>
51.741: [GC (Allocation Failure) 51.741: [ParNew: 30719K-&gt;3392K(30720K), 0.0149592 secs] 81153K-&gt;56591K(99008K), 0.0151985 secs] [Times: user=0.03 sys=0.00, real=0.01 secs] 
<writer thread='11267'/>
51.760: [CMS-concurrent-preclean: 0.004/0.021 secs] [Times: user=0.06 sys=0.00, real=0.03 secs] 
<writer thread='11779'/>
51.761: [GC (CMS Final Remark) [YG occupancy: 4950 K (30720 K)]51.761: [Rescan (parallel) , 0.0059203 secs]51.767: [weak refs processing, 0.0003547 secs]51.768: [class unloading, 0.0198362 secs]51.788: [scrub symbol table, 0.0158360 secs]51.803: [scrub string table, 0.0010334 secs][1 CMS-remark: 53199K(68288K)] 58149K(99008K), 0.0433493 secs] [Times: user=0.09 sys=0.00, real=0.04 secs] 
<writer thread='11267'/>
51.805: [CMS-concurrent-sweep-start]
<writer thread='11779'/>
51.907: [GC (Allocation Failure) 51.907: [ParNew: 30720K-&gt;3392K(30720K), 0.0187521 secs] 83867K-&gt;59722K(99008K), 0.0189845 secs] [Times: user=0.06 sys=0.00, real=0.02 secs] 
<writer thread='11267'/>
51.968: [CMS-concurrent-sweep: 0.142/0.163 secs] [Times: user=0.51 sys=0.04, real=0.16 secs] 
51.968: [CMS-concurrent-reset-start]
51.968: [CMS-concurrent-reset: 0.000/0.000 secs] [Times: user=0.00 sys=0.00, real=0.00 secs] 
<writer thread='11779'/>
52.017: [GC (Allocation Failure) 52.018: [ParNew: 30720K-&gt;3391K(30720K), 0.0174352 secs] 74337K-&gt;49553K(99008K), 0.0176619 secs] [Times: user=0.05 sys=0.00, real=0.02 secs] 
52.132: [GC (Allocation Failure) 52.132: [ParNew: 30719K-&gt;3392K(30720K), 0.0115759 secs] 76881K-&gt;52621K(99008K), 0.0118439 secs] [Times: user=0.03 sys=0.00, real=0.01 secs] 
52.145: [GC (CMS Initial Mark) [1 CMS-initial-mark: 49229K(68288K)] 52711K(99008K), 0.0027713 secs] [Times: user=0.01 sys=0.00, real=0.00 secs] 
<writer thread='11267'/>
52.148: [CMS-concurrent-mark-start]
<writer thread='11779'/>
52.282: [GC (Allocation Failure) 52.282: [ParNew: 30720K-&gt;3392K(30720K), 0.0154726 secs] 79949K-&gt;54902K(99008K), 0.0157410 secs] [Times: user=0.05 sys=0.00, real=0.01 secs] 
<writer thread='11267'/>
52.302: [CMS-concurrent-mark: 0.137/0.154 secs] [Times: user=0.48 sys=0.03, real=0.16 secs] 
52.302: [CMS-concurrent-preclean-start]
<writer thread='11779'/>
52.415: [GC (Allocation Failure) 52.420: [ParNew: 30720K-&gt;3392K(30720K), 0.0147282 secs] 82230K-&gt;57635K(99008K), 0.0206060 secs] [Times: user=0.06 sys=0.00, real=0.02 secs] 
<writer thread='11267'/>
52.447: [CMS-concurrent-preclean: 0.082/0.145 secs] [Times: user=0.42 sys=0.03, real=0.14 secs] 
52.448: [CMS-concurrent-abortable-preclean-start]
52.500: [CMS-concurrent-abortable-preclean: 0.051/0.051 secs] [Times: user=0.15 sys=0.01, real=0.06 secs] 
<writer thread='11779'/>
52.501: [GC (CMS Final Remark) [YG occupancy: 20231 K (30720 K)]52.502: [Rescan (parallel) , 0.0097182 secs]52.511: [weak refs processing, 0.0043475 secs]52.516: [class unloading, 0.0215254 secs]52.537: [scrub symbol table, 0.0132961 secs]52.551: [scrub string table, 0.0011100 secs][1 CMS-remark: 54243K(68288K)] 74474K(99008K), 0.0503366 secs] [Times: user=0.15 sys=0.01, real=0.05 secs] 
<writer thread='11267'/>
52.552: [CMS-concurrent-sweep-start]
<writer thread='11779'/>
52.595: [GC (Allocation Failure) 52.595: [ParNew: 30720K-&gt;3392K(30720K), 0.0154721 secs] 84812K-&gt;60426K(99008K), 0.0156891 secs] [Times: user=0.05 sys=0.00, real=0.02 secs] 
52.702: [GC (Allocation Failure) 52.702: [ParNew: 30720K-&gt;3392K(30720K), 0.0215895 secs] 87439K-&gt;62916K(99008K), 0.0218178 secs] [Times: user=0.07 sys=0.00, real=0.02 secs] 
<writer thread='11267'/>
52.744: [CMS-concurrent-sweep: 0.107/0.192 secs] [Times: user=0.55 sys=0.04, real=0.19 secs] 
52.744: [CMS-concurrent-reset-start]
52.744: [CMS-concurrent-reset: 0.000/0.000 secs] [Times: user=0.00 sys=0.00, real=0.00 secs] 
<writer thread='11779'/>
52.843: [GC (Allocation Failure) 52.843: [ParNew: 30720K-&gt;3392K(30720K), 0.0133874 secs] 80701K-&gt;56548K(99008K), 0.0136166 secs] [Times: user=0.04 sys=0.00, real=0.01 secs] 
52.858: [GC (CMS Initial Mark) [1 CMS-initial-mark: 53156K(68288K)] 56594K(99008K), 0.0034835 secs] [Times: user=0.01 sys=0.00, real=0.01 secs] 
<writer thread='11267'/>
52.861: [CMS-concurrent-mark-start]
<writer thread='11779'/>
52.972: [GC (Allocation Failure) 52.972: [ParNew: 30720K-&gt;3392K(30720K), 0.0138273 secs] 83876K-&gt;58625K(99008K), 0.0140528 secs] [Times: user=0.05 sys=0.00, real=0.01 secs] 
<writer thread='11267'/>
53.066: [CMS-concurrent-mark: 0.189/0.204 secs] [Times: user=0.64 sys=0.03, real=0.20 secs] 
53.067: [CMS-concurrent-preclean-start]
53.069: [CMS-concurrent-preclean: 0.002/0.002 secs] [Times: user=0.02 sys=0.00, real=0.01 secs] 
53.072: [CMS-concurrent-abortable-preclean-start]
<writer thread='11779'/>
53.103: [GC (Allocation Failure) 53.103: [ParNew: 30720K-&gt;3392K(30720K), 0.0282091 secs] 85953K-&gt;61217K(99008K), 0.0284307 secs] [Times: user=0.06 sys=0.00, real=0.03 secs] 
<writer thread='11267'/>
53.216: [CMS-concurrent-abortable-preclean: 0.078/0.144 secs] [Times: user=0.40 sys=0.04, real=0.14 secs] 
<writer thread='11779'/>
53.218: [GC (CMS Final Remark) [YG occupancy: 27907 K (30720 K)]53.218: [Rescan (parallel) , 0.0122001 secs]53.230: [weak refs processing, 0.0052509 secs]53.235: [class unloading, 0.0163626 secs]53.252: [scrub symbol table, 0.0110513 secs]53.263: [scrub string table, 0.0009809 secs][1 CMS-remark: 57825K(68288K)] 85732K(99008K), 0.0461990 secs] [Times: user=0.11 sys=0.01, real=0.05 secs] 
<writer thread='11267'/>
53.264: [CMS-concurrent-sweep-start]
<writer thread='11779'/>
53.281: [GC (Allocation Failure) 53.282: [ParNew: 30720K-&gt;3391K(30720K), 0.0149464 secs] 88505K-&gt;63885K(99008K), 0.0152832 secs] [Times: user=0.04 sys=0.00, real=0.01 secs] 
<writer thread='11267'/>
53.372: [CMS-concurrent-sweep: 0.091/0.108 secs] [Times: user=0.32 sys=0.02, real=0.11 secs] 
53.373: [CMS-concurrent-reset-start]
53.373: [CMS-concurrent-reset: 0.000/0.000 secs] [Times: user=0.00 sys=0.00, real=0.00 secs] 
<writer thread='11779'/>
53.396: [GC (Allocation Failure) 53.396: [ParNew: 30719K-&gt;3392K(30720K), 0.0112000 secs] 77878K-&gt;52873K(99008K), 0.0114750 secs] [Times: user=0.02 sys=0.00, real=0.01 secs] 
53.522: [GC (Allocation Failure) 53.522: [ParNew: 30717K-&gt;3392K(30720K), 0.0128564 secs] 80199K-&gt;55213K(99008K), 0.0130670 secs] [Times: user=0.03 sys=0.00, real=0.01 secs] 
53.636: [GC (Allocation Failure) 53.636: [ParNew: 30720K-&gt;3392K(30720K), 0.0123873 secs] 82541K-&gt;57592K(99008K), 0.0126529 secs] [Times: user=0.04 sys=0.01, real=0.01 secs] 
53.650: [GC (CMS Initial Mark) [1 CMS-initial-mark: 54200K(68288K)] 57691K(99008K), 0.0034982 secs] [Times: user=0.02 sys=0.00, real=0.01 secs] 
<writer thread='11267'/>
53.653: [CMS-concurrent-mark-start]
53.759: [CMS-concurrent-mark: 0.105/0.105 secs] [Times: user=0.31 sys=0.03, real=0.10 secs] 
53.759: [CMS-concurrent-preclean-start]
53.761: [CMS-concurrent-preclean: 0.002/0.002 secs] [Times: user=0.01 sys=0.00, real=0.01 secs] 
53.761: [CMS-concurrent-abortable-preclean-start]
<writer thread='11779'/>
53.785: [GC (Allocation Failure) 53.785: [ParNew: 30720K-&gt;3392K(30720K), 0.0148837 secs] 84920K-&gt;60861K(99008K), 0.0151316 secs] [Times: user=0.05 sys=0.00, real=0.02 secs] 
53.912: [GC (Allocation Failure) 53.912: [ParNew: 30720K-&gt;3391K(30720K), 0.0158732 secs] 88189K-&gt;63044K(99008K), 0.0161034 secs] [Times: user=0.03 sys=0.00, real=0.01 secs] 
<writer thread='11267'/>
53.999: [CMS-concurrent-abortable-preclean: 0.187/0.238 secs] [Times: user=0.69 sys=0.07, real=0.23 secs] 
<writer thread='11779'/>
54.000: [GC (CMS Final Remark) [YG occupancy: 21463 K (30720 K)]54.000: [Rescan (parallel) , 0.0087922 secs]54.009: [weak refs processing, 0.0038898 secs]54.013: [class unloading, 0.0222831 secs]54.035: [scrub symbol table, 0.0130352 secs]54.048: [scrub string table, 0.0012130 secs][1 CMS-remark: 59652K(68288K)] 81115K(99008K), 0.0497473 secs] [Times: user=0.10 sys=0.00, real=0.05 secs] 
<writer thread='11267'/>
54.050: [CMS-concurrent-sweep-start]
<writer thread='11779'/>
54.093: [GC (Allocation Failure) 54.093: [ParNew: 30719K-&gt;3392K(30720K), 0.0155848 secs] 88850K-&gt;64129K(99008K), 0.0158159 secs] [Times: user=0.04 sys=0.00, real=0.01 secs] 
54.212: [GC (Allocation Failure) 54.212: [ParNew: 30720K-&gt;3392K(30720K), 0.0185646 secs] 91164K-&gt;67028K(99008K), 0.0188764 secs] [Times: user=0.05 sys=0.00, real=0.02 secs] 
<writer thread='11267'/>
54.252: [CMS-concurrent-sweep: 0.150/0.202 secs] [Times: user=0.60 sys=0.05, real=0.20 secs] 
54.252: [CMS-concurrent-reset-start]
54.253: [CMS-concurrent-reset: 0.000/0.000 secs] [Times: user=0.00 sys=0.00, real=0.00 secs] 
<writer thread='11779'/>
54.363: [GC (Allocation Failure) 54.363: [ParNew: 30720K-&gt;3392K(30720K), 0.0157460 secs] 80605K-&gt;56226K(99008K), 0.0159781 secs] [Times: user=0.05 sys=0.00, real=0.01 secs] 
54.380: [GC (CMS Initial Mark) [1 CMS-initial-mark: 52834K(68288K)] 56333K(99008K), 0.0035304 secs] [Times: user=0.01 sys=0.00, real=0.00 secs] 
<writer thread='11267'/>
54.384: [CMS-concurrent-mark-start]
<writer thread='11779'/>
54.523: [GC (Allocation Failure) 54.523: [ParNew: 30720K-&gt;3391K(30720K), 0.0200403 secs] 83554K-&gt;60078K(99008K), 0.0203173 secs] [Times: user=0.06 sys=0.00, real=0.02 secs] 
54.667: [GC (Allocation Failure) 54.668: [ParNew: 30719K-&gt;3392K(30720K), 0.0147756 secs] 87406K-&gt;63525K(99008K), 0.0149959 secs] [Times: user=0.05 sys=0.00, real=0.02 secs] 
<writer thread='11267'/>
54.706: [CMS-concurrent-mark: 0.284/0.322 secs] [Times: user=0.91 sys=0.06, real=0.32 secs] 
54.707: [CMS-concurrent-preclean-start]
54.715: [CMS-concurrent-preclean: 0.008/0.008 secs] [Times: user=0.02 sys=0.01, real=0.01 secs] 
54.715: [CMS-concurrent-abortable-preclean-start]
<writer thread='11779'/>
54.800: [GC (Allocation Failure) 54.800: [ParNew: 30720K-&gt;3392K(30720K), 0.0200510 secs] 90853K-&gt;66032K(99008K), 0.0202823 secs] [Times: user=0.05 sys=0.00, real=0.02 secs] 
54.944: [GC (Allocation Failure) 54.944: [ParNew: 30720K-&gt;3392K(30720K), 0.0162788 secs] 93360K-&gt;68719K(99008K), 0.0164969 secs] [Times: user=0.05 sys=0.00, real=0.02 secs] 
<writer thread='11267'/>
54.972: [CMS-concurrent-abortable-preclean: 0.187/0.257 secs] [Times: user=0.72 sys=0.05, real=0.26 secs] 
<writer thread='11779'/>
54.973: [GC (CMS Final Remark) [YG occupancy: 7017 K (30720 K)]54.974: [Rescan (parallel) , 0.0056160 secs]54.979: [weak refs processing, 0.0037143 secs]54.983: [class unloading, 0.0253960 secs]55.009: [scrub symbol table, 0.0165070 secs]55.025: [scrub string table, 0.0011289 secs][1 CMS-remark: 65327K(68288K)] 72345K(99008K), 0.0530211 secs] [Times: user=0.11 sys=0.00, real=0.05 secs] 
<writer thread='11267'/>
55.027: [CMS-concurrent-sweep-start]
55.075: [CMS-concurrent-sweep: 0.049/0.049 secs] [Times: user=0.17 sys=0.02, real=0.05 secs] 
55.076: [CMS-concurrent-reset-start]
55.076: [CMS-concurrent-reset: 0.000/0.000 secs] [Times: user=0.00 sys=0.00, real=0.00 secs] 
<writer thread='11779'/>
55.109: [GC (Allocation Failure) 55.109: [ParNew: 30720K-&gt;3392K(30720K), 0.0155718 secs] 82319K-&gt;58068K(99008K), 0.0158040 secs] [Times: user=0.04 sys=0.00, real=0.02 secs] 
55.132: [GC (CMS Initial Mark) [1 CMS-initial-mark: 54676K(68288K)] 60518K(99008K), 0.0038461 secs] [Times: user=0.02 sys=0.00, real=0.00 secs] 
<writer thread='11267'/>
55.138: [CMS-concurrent-mark-start]
<writer thread='11779'/>
55.255: [GC (Allocation Failure) 55.256: [ParNew: 30720K-&gt;3391K(30720K), 0.0133959 secs] 85396K-&gt;60800K(99008K), 0.0136451 secs] [Times: user=0.03 sys=0.01, real=0.01 secs] 
55.412: [GC (Allocation Failure) 55.412: [ParNew: 30719K-&gt;3391K(30720K), 0.0127355 secs] 88128K-&gt;63738K(99008K), 0.0129545 secs] [Times: user=0.03 sys=0.00, real=0.01 secs] 
<writer thread='11267'/>
55.434: [CMS-concurrent-mark: 0.261/0.294 secs] [Times: user=0.79 sys=0.08, real=0.30 secs] 
55.435: [CMS-concurrent-preclean-start]
55.446: [CMS-concurrent-preclean: 0.011/0.011 secs] [Times: user=0.04 sys=0.00, real=0.01 secs] 
55.446: [CMS-concurrent-abortable-preclean-start]
<writer thread='11779'/>
55.536: [GC (Allocation Failure) 55.536: [ParNew: 30719K-&gt;3392K(30720K), 0.0118246 secs] 91066K-&gt;65878K(99008K), 0.0120623 secs] [Times: user=0.03 sys=0.00, real=0.01 secs] 
<writer thread='11267'/>
55.633: [CMS-concurrent-abortable-preclean: 0.171/0.187 secs] [Times: user=0.54 sys=0.04, real=0.19 secs] 
<writer thread='11779'/>
55.634: [GC (CMS Final Remark) [YG occupancy: 20634 K (30720 K)]55.634: [Rescan (parallel) , 0.0077932 secs]55.642: [weak refs processing, 0.0068294 secs]55.649: [class unloading, 0.0198755 secs]55.669: [scrub symbol table, 0.0146030 secs]55.684: [scrub string table, 0.0011424 secs][1 CMS-remark: 62486K(68288K)] 83120K(99008K), 0.0506003 secs] [Times: user=0.11 sys=0.01, real=0.05 secs] 
<writer thread='11267'/>
55.685: [CMS-concurrent-sweep-start]
<writer thread='11779'/>
55.729: [GC (Allocation Failure) 55.729: [ParNew: 30720K-&gt;3392K(30720K), 0.0125841 secs] 93187K-&gt;68744K(99008K), 0.0129362 secs] [Times: user=0.03 sys=0.00, real=0.02 secs] 
55.830: [GC (Allocation Failure) 55.830: [ParNew: 30720K-&gt;30720K(30720K), 0.0000774 secs]55.830: [CMS
<writer thread='11267'/>
55.859: [CMS-concurrent-sweep: 0.090/0.174 secs] [Times: user=0.43 sys=0.04, real=0.17 secs] 
<writer thread='11779'/>
 (concurrent mode failure): 65352K-&gt;42366K(68288K), 0.2671947 secs] 96072K-&gt;42366K(99008K), [Metaspace: 60849K-&gt;60849K(1105920K)], 0.2675747 secs] [Times: user=0.29 sys=0.00, real=0.26 secs] 
56.213: [GC (Allocation Failure) 56.213: [ParNew: 27328K-&gt;3392K(30720K), 0.0112010 secs] 69694K-&gt;47628K(99008K), 0.0114538 secs] [Times: user=0.03 sys=0.00, real=0.01 secs] 
56.322: [GC (Allocation Failure) 56.323: [ParNew: 30720K-&gt;3392K(30720K), 0.0131789 secs] 74956K-&gt;50505K(99008K), 0.0138443 secs] [Times: user=0.03 sys=0.00, real=0.01 secs] 
56.454: [GC (Allocation Failure) 56.454: [ParNew: 30720K-&gt;3392K(30720K), 0.0133699 secs] 77833K-&gt;52857K(99008K), 0.0136466 secs] [Times: user=0.03 sys=0.00, real=0.01 secs] 
56.604: [GC (Allocation Failure) 56.604: [ParNew: 30720K-&gt;3392K(30720K), 0.0139340 secs] 80185K-&gt;55676K(99008K), 0.0142871 secs] [Times: user=0.03 sys=0.00, real=0.01 secs] 
56.619: [GC (CMS Initial Mark) [1 CMS-initial-mark: 52284K(68288K)] 55692K(99008K), 0.0029960 secs] [Times: user=0.01 sys=0.00, real=0.01 secs] 
<writer thread='11267'/>
56.622: [CMS-concurrent-mark-start]
<writer thread='11779'/>
56.763: [GC (Allocation Failure) 56.764: [ParNew: 30720K-&gt;3391K(30720K), 0.0163423 secs] 83004K-&gt;58110K(99008K), 0.0165748 secs] [Times: user=0.05 sys=0.00, real=0.02 secs] 
<writer thread='11267'/>
56.789: [CMS-concurrent-mark: 0.148/0.166 secs] [Times: user=0.51 sys=0.05, real=0.16 secs] 
56.789: [CMS-concurrent-preclean-start]
56.792: [CMS-concurrent-preclean: 0.003/0.003 secs] [Times: user=0.01 sys=0.00, real=0.01 secs] 
56.792: [CMS-concurrent-abortable-preclean-start]
<writer thread='11779'/>
56.890: [GC (Allocation Failure) 56.890: [ParNew: 30719K-&gt;3392K(30720K), 0.0121022 secs] 85438K-&gt;60865K(99008K), 0.0123619 secs] [Times: user=0.04 sys=0.00, real=0.01 secs] 
<writer thread='11267'/>
56.997: [CMS-concurrent-abortable-preclean: 0.183/0.205 secs] [Times: user=0.55 sys=0.06, real=0.20 secs] 
<writer thread='11779'/>
56.999: [GC (CMS Final Remark) [YG occupancy: 26349 K (30720 K)]56.999: [Rescan (parallel) , 0.0116837 secs]57.011: [weak refs processing, 0.0025340 secs]57.014: [class unloading, 0.0210917 secs]57.035: [scrub symbol table, 0.0127764 secs]57.048: [scrub string table, 0.0011207 secs][1 CMS-remark: 57473K(68288K)] 83823K(99008K), 0.0495722 secs] [Times: user=0.12 sys=0.00, real=0.05 secs] 
<writer thread='11267'/>
57.049: [CMS-concurrent-sweep-start]
<writer thread='11779'/>
57.074: [GC (Allocation Failure) 57.074: [ParNew: 30720K-&gt;3392K(30720K), 0.0151594 secs] 88163K-&gt;63761K(99008K), 0.0153835 secs] [Times: user=0.03 sys=0.00, real=0.01 secs] 
57.182: [GC (Allocation Failure) 57.182: [ParNew: 30720K-&gt;3392K(30720K), 0.0175158 secs] 87980K-&gt;64409K(99008K), 0.0177533 secs] [Times: user=0.05 sys=0.00, real=0.02 secs] 
<writer thread='11267'/>
57.236: [CMS-concurrent-sweep: 0.141/0.187 secs] [Times: user=0.51 sys=0.05, real=0.19 secs] 
57.237: [CMS-concurrent-reset-start]
57.237: [CMS-concurrent-reset: 0.000/0.000 secs] [Times: user=0.00 sys=0.00, real=0.00 secs] 
<writer thread='11779'/>
57.331: [GC (Allocation Failure) 57.331: [ParNew: 30720K-&gt;3391K(30720K), 0.0110898 secs] 80477K-&gt;55796K(99008K), 0.0113291 secs] [Times: user=0.02 sys=0.00, real=0.01 secs] 
57.343: [GC (CMS Initial Mark) [1 CMS-initial-mark: 52404K(68288K)] 55915K(99008K), 0.0064310 secs] [Times: user=0.02 sys=0.00, real=0.01 secs] 
<writer thread='11267'/>
57.350: [CMS-concurrent-mark-start]
<writer thread='11779'/>
57.447: [GC (Allocation Failure) 57.448: [ParNew: 30719K-&gt;3392K(30720K), 0.0113135 secs] 83124K-&gt;58421K(99008K), 0.0115724 secs] [Times: user=0.02 sys=0.00, real=0.01 secs] 
57.571: [GC (Allocation Failure) 57.571: [ParNew: 30720K-&gt;3391K(30720K), 0.0141684 secs] 85749K-&gt;61185K(99008K), 0.0144416 secs] [Times: user=0.03 sys=0.00, real=0.01 secs] 
<writer thread='11267'/>
57.641: [CMS-concurrent-mark: 0.262/0.291 secs] [Times: user=0.84 sys=0.08, real=0.29 secs] 
57.642: [CMS-concurrent-preclean-start]
57.645: [CMS-concurrent-preclean: 0.003/0.003 secs] [Times: user=0.00 sys=0.00, real=0.00 secs] 
57.646: [CMS-concurrent-abortable-preclean-start]
<writer thread='11779'/>
57.714: [GC (Allocation Failure) 57.714: [ParNew: 30719K-&gt;3392K(30720K), 0.0136237 secs] 88513K-&gt;63859K(99008K), 0.0138895 secs] [Times: user=0.04 sys=0.00, real=0.01 secs] 
57.838: [GC (Allocation Failure) 57.838: [ParNew: 30720K-&gt;3391K(30720K), 0.0127023 secs] 91187K-&gt;66563K(99008K), 0.0129360 secs] [Times: user=0.03 sys=0.00, real=0.02 secs] 
<writer thread='11267'/>
57.949: [CMS-concurrent-abortable-preclean: 0.269/0.303 secs] [Times: user=0.82 sys=0.08, real=0.30 secs] 
<writer thread='11779'/>
57.951: [GC (CMS Final Remark) [YG occupancy: 29373 K (30720 K)]57.951: [Rescan (parallel) , 0.0140495 secs]57.965: [weak refs processing, 0.0030462 secs]57.968: [class unloading, 0.0187164 secs]57.987: [scrub symbol table, 0.0115139 secs]57.999: [scrub string table, 0.0007682 secs][1 CMS-remark: 63171K(68288K)] 92544K(99008K), 0.0486139 secs] [Times: user=0.09 sys=0.00, real=0.04 secs] 
<writer thread='11267'/>
58.000: [CMS-concurrent-sweep-start]
<writer thread='11779'/>
58.015: [GC (Allocation Failure) 58.015: [ParNew: 30719K-&gt;3391K(30720K), 0.0135641 secs] 93883K-&gt;69513K(99008K), 0.0138033 secs] [Times: user=0.03 sys=0.00, real=0.01 secs] 
<writer thread='11267'/>
58.111: [CMS-concurrent-sweep: 0.096/0.111 secs] [Times: user=0.30 sys=0.02, real=0.11 secs] 
58.111: [CMS-concurrent-reset-start]
58.111: [CMS-concurrent-reset: 0.000/0.000 secs] [Times: user=0.00 sys=0.00, real=0.00 secs] 
<writer thread='11779'/>
58.148: [GC (Allocation Failure) 58.148: [ParNew: 30715K-&gt;3392K(30720K), 0.0133494 secs] 83206K-&gt;58418K(99008K), 0.0135737 secs] [Times: user=0.02 sys=0.01, real=0.02 secs] 
58.162: [GC (CMS Initial Mark) [1 CMS-initial-mark: 55026K(68288K)] 58471K(99008K), 0.0032600 secs] [Times: user=0.01 sys=0.00, real=0.00 secs] 
<writer thread='11267'/>
58.165: [CMS-concurrent-mark-start]
<writer thread='11779'/>
58.290: [GC (Allocation Failure) 58.290: [ParNew: 30720K-&gt;3391K(30720K), 0.0127417 secs] 85746K-&gt;61091K(99008K), 0.0130218 secs] [Times: user=0.03 sys=0.00, real=0.02 secs] 
<writer thread='11267'/>
58.417: [CMS-concurrent-mark: 0.187/0.251 secs] [Times: user=0.65 sys=0.06, real=0.25 secs] 
58.417: [CMS-concurrent-preclean-start]
58.420: [CMS-concurrent-preclean: 0.003/0.003 secs] [Times: user=0.01 sys=0.00, real=0.01 secs] 
58.421: [CMS-concurrent-abortable-preclean-start]
<writer thread='11779'/>
58.447: [GC (Allocation Failure) 58.447: [ParNew: 30719K-&gt;3392K(30720K), 0.0135173 secs] 88419K-&gt;63681K(99008K), 0.0137955 secs] [Times: user=0.03 sys=0.00, real=0.02 secs] 
58.601: [GC (Allocation Failure) 58.601: [ParNew: 30720K-&gt;3392K(30720K), 0.0159664 secs] 91009K-&gt;65871K(99008K), 0.0161948 secs] [Times: user=0.04 sys=0.00, real=0.01 secs] 
58.719: [GC (Allocation Failure) 58.719: [ParNew: 30720K-&gt;3391K(30720K), 0.0129884 secs] 93199K-&gt;68262K(99008K), 0.0132442 secs] [Times: user=0.04 sys=0.00, real=0.02 secs] 
<writer thread='11267'/>
58.745: [CMS-concurrent-abortable-preclean: 0.255/0.324 secs] [Times: user=0.86 sys=0.08, real=0.32 secs] 
<writer thread='11779'/>
58.747: [GC (CMS Final Remark) [YG occupancy: 6651 K (30720 K)]58.747: [Rescan (parallel) , 0.0036900 secs]58.751: [weak refs processing, 0.0034084 secs]58.754: [class unloading, 0.0173329 secs]58.772: [scrub symbol table, 0.0127179 secs]58.785: [scrub string table, 0.0008369 secs][1 CMS-remark: 64870K(68288K)] 71521K(99008K), 0.0383302 secs] [Times: user=0.05 sys=0.00, real=0.04 secs] 
<writer thread='11267'/>
58.786: [CMS-concurrent-sweep-start]
58.837: [CMS-concurrent-sweep: 0.051/0.051 secs] [Times: user=0.14 sys=0.01, real=0.05 secs] 
58.837: [CMS-concurrent-reset-start]
58.837: [CMS-concurrent-reset: 0.000/0.000 secs] [Times: user=0.00 sys=0.00, real=0.00 secs] 
<writer thread='11779'/>
58.911: [GC (Allocation Failure) 58.911: [ParNew: 30719K-&gt;3391K(30720K), 0.0162746 secs] 79484K-&gt;55670K(99008K), 0.0165170 secs] [Times: user=0.04 sys=0.00, real=0.01 secs] 
58.982: [GC (CMS Initial Mark) [1 CMS-initial-mark: 52278K(68288K)] 72077K(99008K), 0.0083061 secs] [Times: user=0.02 sys=0.00, real=0.01 secs] 
<writer thread='11267'/>
58.990: [CMS-concurrent-mark-start]
<writer thread='11779'/>
59.065: [GC (Allocation Failure) 59.065: [ParNew: 30719K-&gt;3392K(30720K), 0.0167949 secs] 82998K-&gt;57931K(99008K), 0.0170390 secs] [Times: user=0.03 sys=0.00, real=0.02 secs] 
59.192: [GC (Allocation Failure) 59.192: [ParNew: 30720K-&gt;3392K(30720K), 0.0154696 secs] 85259K-&gt;60240K(99008K), 0.0157016 secs] [Times: user=0.04 sys=0.00, real=0.01 secs] 
59.308: [GC (Allocation Failure) 59.308: [ParNew: 30720K-&gt;3392K(30720K), 0.0140259 secs] 87568K-&gt;62418K(99008K), 0.0142655 secs] [Times: user=0.03 sys=0.00, real=0.02 secs] 
<writer thread='11267'/>
59.383: [CMS-concurrent-mark: 0.337/0.393 secs] [Times: user=1.09 sys=0.08, real=0.39 secs] 
59.383: [CMS-concurrent-preclean-start]
59.387: [CMS-concurrent-preclean: 0.003/0.003 secs] [Times: user=0.01 sys=0.00, real=0.00 secs] 
59.387: [CMS-concurrent-abortable-preclean-start]
<writer thread='11779'/>
59.494: [GC (Allocation Failure) 59.495: [ParNew: 30720K-&gt;3392K(30720K), 0.0135294 secs] 89746K-&gt;65600K(99008K), 0.0137710 secs] [Times: user=0.03 sys=0.00, real=0.01 secs] 
<writer thread='11267'/>
59.578: [CMS-concurrent-abortable-preclean: 0.175/0.191 secs] [Times: user=0.47 sys=0.05, real=0.19 secs] 
<writer thread='11779'/>
59.579: [GC (CMS Final Remark) [YG occupancy: 18389 K (30720 K)]59.579: [Rescan (parallel) , 0.0103674 secs]59.590: [weak refs processing, 0.0023116 secs]59.592: [class unloading, 0.0171273 secs]59.609: [scrub symbol table, 0.0105745 secs]59.620: [scrub string table, 0.0008278 secs][1 CMS-remark: 62208K(68288K)] 80598K(99008K), 0.0415524 secs] [Times: user=0.06 sys=0.00, real=0.05 secs] 
<writer thread='11267'/>
59.621: [CMS-concurrent-sweep-start]
59.676: [CMS-concurrent-sweep: 0.055/0.055 secs] [Times: user=0.16 sys=0.01, real=0.05 secs] 
59.677: [CMS-concurrent-reset-start]
59.677: [CMS-concurrent-reset: 0.000/0.000 secs] [Times: user=0.00 sys=0.00, real=0.00 secs] 
<writer thread='11779'/>
59.861: [GC (Allocation Failure) 59.861: [ParNew: 30720K-&gt;3391K(30720K), 0.0131548 secs] 78453K-&gt;53618K(99008K), 0.0133718 secs] [Times: user=0.04 sys=0.00, real=0.01 secs] 
59.954: [GC (Allocation Failure) 59.954: [ParNew: 30719K-&gt;3392K(30720K), 0.0104884 secs] 80946K-&gt;56122K(99008K), 0.0107279 secs] [Times: user=0.03 sys=0.00, real=0.01 secs] 
59.966: [GC (CMS Initial Mark) [1 CMS-initial-mark: 52730K(68288K)] 56306K(99008K), 0.0026629 secs] [Times: user=0.01 sys=0.00, real=0.00 secs] 
<writer thread='11267'/>
59.969: [CMS-concurrent-mark-start]
<writer thread='11779'/>
60.071: [GC (Allocation Failure) 60.071: [ParNew: 30720K-&gt;3392K(30720K), 0.0125074 secs] 83450K-&gt;58847K(99008K), 0.0127684 secs] [Times: user=0.03 sys=0.00, real=0.01 secs] 
60.197: [GC (Allocation Failure) 60.197: [ParNew: 30720K-&gt;3391K(30720K), 0.0118072 secs] 86175K-&gt;61909K(99008K), 0.0121252 secs] [Times: user=0.03 sys=0.00, real=0.01 secs] 
60.337: [GC (Allocation Failure) 60.337: [ParNew: 30719K-&gt;3391K(30720K), 0.0141309 secs] 89237K-&gt;64886K(99008K), 0.0146704 secs] [Times: user=0.02 sys=0.01, real=0.02 secs] 
<writer thread='11267'/>
60.390: [CMS-concurrent-mark: 0.344/0.420 secs] [Times: user=1.17 sys=0.11, real=0.43 secs] 
60.390: [CMS-concurrent-preclean-start]
60.394: [CMS-concurrent-preclean: 0.003/0.003 secs] [Times: user=0.01 sys=0.00, real=0.00 secs] 
60.394: [CMS-concurrent-abortable-preclean-start]
<writer thread='11779'/>
60.448: [GC (Allocation Failure) 60.448: [ParNew: 30719K-&gt;3392K(30720K), 0.0139045 secs] 92214K-&gt;67549K(99008K), 0.0141464 secs] [Times: user=0.03 sys=0.00, real=0.02 secs] 
60.576: [GC (Allocation Failure) 60.576: [ParNew: 30720K-&gt;3391K(30720K), 0.0114971 secs] 94877K-&gt;70363K(99008K), 0.0117284 secs] [Times: user=0.02 sys=0.00, real=0.01 secs] 
60.725: [GC (Allocation Failure) 60.725: [ParNew: 30719K-&gt;30719K(30720K), 0.0000452 secs]60.725: [CMS
<writer thread='11267'/>
60.730: [CMS-concurrent-abortable-preclean: 0.258/0.336 secs] [Times: user=0.83 sys=0.09, real=0.34 secs] 
<writer thread='11779'/>
 (concurrent mode failure): 66971K-&gt;43758K(68288K), 0.2816555 secs] 97691K-&gt;43758K(99008K), [Metaspace: 60861K-&gt;60861K(1105920K)], 0.2820050 secs] [Times: user=0.31 sys=0.00, real=0.28 secs] 
61.080: [GC (Allocation Failure) 61.081: [ParNew: 27328K-&gt;3391K(30720K), 0.0111292 secs] 71086K-&gt;48943K(99008K), 0.0113665 secs] [Times: user=0.02 sys=0.00, real=0.01 secs] 
61.183: [GC (Allocation Failure) 61.183: [ParNew: 30719K-&gt;3392K(30720K), 0.0116486 secs] 76271K-&gt;51296K(99008K), 0.0119579 secs] [Times: user=0.03 sys=0.00, real=0.01 secs] 
61.281: [GC (Allocation Failure) 61.281: [ParNew: 30720K-&gt;3391K(30720K), 0.0121958 secs] 78624K-&gt;53689K(99008K), 0.0125388 secs] [Times: user=0.03 sys=0.00, real=0.01 secs] 
61.395: [GC (Allocation Failure) 61.395: [ParNew: 30719K-&gt;3392K(30720K), 0.0129154 secs] 81017K-&gt;56376K(99008K), 0.0131375 secs] [Times: user=0.04 sys=0.00, real=0.01 secs] 
61.409: [GC (CMS Initial Mark) [1 CMS-initial-mark: 52984K(68288K)] 56461K(99008K), 0.0032535 secs] [Times: user=0.01 sys=0.00, real=0.01 secs] 
<writer thread='11267'/>
61.413: [CMS-concurrent-mark-start]
<writer thread='11779'/>
61.525: [GC (Allocation Failure) 61.525: [ParNew: 30720K-&gt;3391K(30720K), 0.0109702 secs] 83704K-&gt;59073K(99008K), 0.0111799 secs] [Times: user=0.02 sys=0.00, real=0.01 secs] 
<writer thread='11267'/>
61.615: [CMS-concurrent-mark: 0.190/0.203 secs] [Times: user=0.60 sys=0.05, real=0.20 secs] 
61.616: [CMS-concurrent-preclean-start]
61.619: [CMS-concurrent-preclean: 0.003/0.003 secs] [Times: user=0.01 sys=0.00, real=0.00 secs] 
61.620: [CMS-concurrent-abortable-preclean-start]
<writer thread='11779'/>
61.629: [GC (Allocation Failure) 61.629: [ParNew: 30719K-&gt;3392K(30720K), 0.0187062 secs] 86401K-&gt;61691K(99008K), 0.0189195 secs] [Times: user=0.06 sys=0.01, real=0.02 secs] 
<writer thread='11267'/>
61.750: [CMS-concurrent-abortable-preclean: 0.022/0.130 secs] [Times: user=0.33 sys=0.02, real=0.14 secs] 
<writer thread='11779'/>
61.752: [GC (CMS Final Remark) [YG occupancy: 19918 K (30720 K)]61.752: [Rescan (parallel) , 0.0096670 secs]61.762: [weak refs processing, 0.0009157 secs]61.763: [class unloading, 0.0196090 secs]61.782: [scrub symbol table, 0.0127431 secs]61.795: [scrub string table, 0.0008773 secs][1 CMS-remark: 58299K(68288K)] 78217K(99008K), 0.0442158 secs] [Times: user=0.06 sys=0.01, real=0.04 secs] 
<writer thread='11267'/>
61.797: [CMS-concurrent-sweep-start]
<writer thread='11779'/>
61.838: [GC (Allocation Failure) 61.838: [ParNew: 30720K-&gt;3392K(30720K), 0.0128776 secs] 89017K-&gt;64032K(99008K), 0.0131205 secs] [Times: user=0.03 sys=0.00, real=0.02 secs] 
<writer thread='11267'/>
61.919: [CMS-concurrent-sweep: 0.109/0.123 secs] [Times: user=0.24 sys=0.02, real=0.12 secs] 
61.920: [CMS-concurrent-reset-start]
61.920: [CMS-concurrent-reset: 0.000/0.000 secs] [Times: user=0.00 sys=0.00, real=0.00 secs] 
<writer thread='11779'/>
62.002: [GC (Allocation Failure) 62.002: [ParNew: 30720K-&gt;3391K(30720K), 0.0151473 secs] 75759K-&gt;51323K(99008K), 0.0153737 secs] [Times: user=0.04 sys=0.00, real=0.01 secs] 
62.086: [GC (Allocation Failure) 62.086: [ParNew: 30719K-&gt;3392K(30720K), 0.0153018 secs] 78651K-&gt;53849K(99008K), 0.0157072 secs] [Times: user=0.05 sys=0.01, real=0.02 secs] 
62.113: [GC (CMS Initial Mark) [1 CMS-initial-mark: 50457K(68288K)] 58655K(99008K), 0.0048922 secs] [Times: user=0.01 sys=0.00, real=0.00 secs] 
<writer thread='11267'/>
62.118: [CMS-concurrent-mark-start]
<writer thread='11779'/>
62.255: [GC (Allocation Failure) 62.255: [ParNew: 30720K-&gt;3391K(30720K), 0.0138865 secs] 81177K-&gt;56341K(99008K), 0.0141070 secs] [Times: user=0.03 sys=0.00, real=0.01 secs] 
62.399: [GC (Allocation Failure) 62.400: [ParNew: 30719K-&gt;3391K(30720K), 0.0160907 secs] 83669K-&gt;59175K(99008K), 0.0163267 secs] [Times: user=0.04 sys=0.00, real=0.02 secs] 
<writer thread='11267'/>
62.504: [CMS-concurrent-mark: 0.353/0.386 secs] [Times: user=0.97 sys=0.08, real=0.39 secs] 
62.504: [CMS-concurrent-preclean-start]
62.507: [CMS-concurrent-preclean: 0.003/0.003 secs] [Times: user=0.01 sys=0.01, real=0.01 secs] 
62.511: [CMS-concurrent-abortable-preclean-start]
<writer thread='11779'/>
62.536: [GC (Allocation Failure) 62.537: [ParNew: 30719K-&gt;3392K(30720K), 0.0153118 secs] 86503K-&gt;62372K(99008K), 0.0155363 secs] [Times: user=0.04 sys=0.00, real=0.02 secs] 
62.656: [GC (Allocation Failure) 62.656: [ParNew: 30720K-&gt;3391K(30720K), 0.0147569 secs] 89700K-&gt;64968K(99008K), 0.0149981 secs] [Times: user=0.03 sys=0.00, real=0.02 secs] 
<writer thread='11267'/>
62.769: [CMS-concurrent-abortable-preclean: 0.224/0.257 secs] [Times: user=0.69 sys=0.06, real=0.25 secs] 
<writer thread='11779'/>
62.770: [GC (CMS Final Remark) [YG occupancy: 22044 K (30720 K)]62.771: [Rescan (parallel) , 0.0081755 secs]62.779: [weak refs processing, 0.0029979 secs]62.782: [class unloading, 0.0173887 secs]62.799: [scrub symbol table, 0.0123057 secs]62.812: [scrub string table, 0.0013310 secs][1 CMS-remark: 61576K(68288K)] 83621K(99008K), 0.0425803 secs] [Times: user=0.06 sys=0.01, real=0.04 secs] 
<writer thread='11267'/>
62.813: [CMS-concurrent-sweep-start]
<writer thread='11779'/>
62.862: [GC (Allocation Failure) 62.862: [ParNew: 30719K-&gt;3392K(30720K), 0.0158211 secs] 92293K-&gt;67797K(99008K), 0.0161003 secs] [Times: user=0.03 sys=0.00, real=0.01 secs] 
<writer thread='11267'/>
62.966: [CMS-concurrent-sweep: 0.135/0.152 secs] [Times: user=0.33 sys=0.02, real=0.15 secs] 
62.966: [CMS-concurrent-reset-start]
62.967: [CMS-concurrent-reset: 0.000/0.000 secs] [Times: user=0.00 sys=0.00, real=0.00 secs] 
<writer thread='11779'/>
63.027: [GC (Allocation Failure) 63.027: [ParNew: 30720K-&gt;3391K(30720K), 0.0144589 secs] 83127K-&gt;58342K(99008K), 0.0146906 secs] [Times: user=0.02 sys=0.00, real=0.02 secs] 
63.043: [GC (CMS Initial Mark) [1 CMS-initial-mark: 54950K(68288K)] 58425K(99008K), 0.0035353 secs] [Times: user=0.01 sys=0.00, real=0.00 secs] 
<writer thread='11267'/>
63.047: [CMS-concurrent-mark-start]
<writer thread='11779'/>
63.167: [GC (Allocation Failure) 63.167: [ParNew: 30719K-&gt;3392K(30720K), 0.0151437 secs] 85670K-&gt;60354K(99008K), 0.0153589 secs] [Times: user=0.04 sys=0.00, real=0.02 secs] 
63.278: [GC (Allocation Failure) 63.278: [ParNew: 30720K-&gt;3391K(30720K), 0.0160898 secs] 87682K-&gt;62822K(99008K), 0.0163322 secs] [Times: user=0.04 sys=0.00, real=0.02 secs] 
63.392: [GC (Allocation Failure) 63.393: [ParNew: 30719K-&gt;3392K(30720K), 0.0156434 secs] 90150K-&gt;65511K(99008K), 0.0159003 secs] [Times: user=0.04 sys=0.00, real=0.01 secs] 
<writer thread='11267'/>
63.445: [CMS-concurrent-mark: 0.340/0.398 secs] [Times: user=1.08 sys=0.10, real=0.40 secs] 
63.445: [CMS-concurrent-preclean-start]
63.449: [CMS-concurrent-preclean: 0.003/0.004 secs] [Times: user=0.01 sys=0.00, real=0.00 secs] 
63.449: [CMS-concurrent-abortable-preclean-start]
<writer thread='11779'/>
63.540: [GC (Allocation Failure) 63.540: [ParNew: 30720K-&gt;3392K(30720K), 0.0290299 secs] 92839K-&gt;67815K(99008K), 0.0292683 secs] [Times: user=0.06 sys=0.00, real=0.03 secs] 
<writer thread='11267'/>
63.658: [CMS-concurrent-abortable-preclean: 0.163/0.209 secs] [Times: user=0.46 sys=0.04, real=0.21 secs] 
<writer thread='11779'/>
63.659: [GC (CMS Final Remark) [YG occupancy: 21114 K (30720 K)]63.659: [Rescan (parallel) , 0.0085829 secs]63.668: [weak refs processing, 0.0043681 secs]63.672: [class unloading, 0.0222473 secs]63.694: [scrub symbol table, 0.0122929 secs]63.707: [scrub string table, 0.0016794 secs][1 CMS-remark: 64423K(68288K)] 85537K(99008K), 0.0495935 secs] [Times: user=0.08 sys=0.00, real=0.05 secs] 
<writer thread='11267'/>
63.709: [CMS-concurrent-sweep-start]
<writer thread='11779'/>
63.753: [GC (Allocation Failure) 63.753: [ParNew: 30720K-&gt;3391K(30720K), 0.0151081 secs] 93340K-&gt;68998K(99008K), 0.0153854 secs] [Times: user=0.02 sys=0.00, real=0.01 secs] 
63.852: [GC (Allocation Failure) 63.852: [ParNew: 30719K-&gt;30719K(30720K), 0.0001519 secs]63.853: [CMS
<writer thread='11267'/>
63.868: [CMS-concurrent-sweep: 0.056/0.159 secs] [Times: user=0.38 sys=0.04, real=0.16 secs] 
<writer thread='11779'/>
 (concurrent mode failure): 65606K-&gt;41773K(68288K), 0.2454565 secs] 96326K-&gt;41773K(99008K), [Metaspace: 60865K-&gt;60865K(1105920K)], 0.2462644 secs] [Times: user=0.23 sys=0.01, real=0.24 secs] 
64.216: [GC (Allocation Failure) 64.216: [ParNew: 27328K-&gt;3392K(30720K), 0.0146881 secs] 69101K-&gt;46811K(99008K), 0.0148963 secs] [Times: user=0.03 sys=0.00, real=0.02 secs] 
64.323: [GC (Allocation Failure) 64.323: [ParNew: 30720K-&gt;3392K(30720K), 0.0133013 secs] 74139K-&gt;48970K(99008K), 0.0136140 secs] [Times: user=0.02 sys=0.01, real=0.01 secs] 
64.435: [GC (Allocation Failure) 64.435: [ParNew: 30709K-&gt;3392K(30720K), 0.0140038 secs] 76287K-&gt;51945K(99008K), 0.0142371 secs] [Times: user=0.04 sys=0.00, real=0.01 secs] 
64.450: [GC (CMS Initial Mark) [1 CMS-initial-mark: 48553K(68288K)] 52051K(99008K), 0.0033486 secs] [Times: user=0.01 sys=0.00, real=0.00 secs] 
<writer thread='11267'/>
64.454: [CMS-concurrent-mark-start]
<writer thread='11779'/>
64.556: [GC (Allocation Failure) 64.557: [ParNew: 30713K-&gt;3392K(30720K), 0.0126286 secs] 79267K-&gt;54312K(99008K), 0.0128483 secs] [Times: user=0.03 sys=0.00, real=0.01 secs] 
<writer thread='11267'/>
64.576: [CMS-concurrent-mark: 0.109/0.123 secs] [Times: user=0.36 sys=0.03, real=0.12 secs] 
64.577: [CMS-concurrent-preclean-start]
64.582: [CMS-concurrent-preclean: 0.004/0.004 secs] [Times: user=0.02 sys=0.00, real=0.01 secs] 
64.582: [CMS-concurrent-abortable-preclean-start]
<writer thread='11779'/>
64.708: [GC (Allocation Failure) 64.708: [ParNew: 30720K-&gt;3391K(30720K), 0.0131628 secs] 81640K-&gt;56860K(99008K), 0.0134571 secs] [Times: user=0.02 sys=0.00, real=0.02 secs] 
<writer thread='11267'/>
64.825: [CMS-concurrent-abortable-preclean: 0.204/0.243 secs] [Times: user=0.62 sys=0.07, real=0.24 secs] 
<writer thread='11779'/>
64.829: [GC (CMS Final Remark) [YG occupancy: 29883 K (30720 K)]64.829: [Rescan (parallel) , 0.0104043 secs]64.840: [weak refs processing, 0.0008983 secs]64.841: [class unloading, 0.0170781 secs]64.858: [scrub symbol table, 0.0112343 secs]64.869: [scrub string table, 0.0009580 secs][1 CMS-remark: 53468K(68288K)] 83352K(99008K), 0.0409358 secs] [Times: user=0.08 sys=0.00, real=0.05 secs] 
<writer thread='11267'/>
64.870: [CMS-concurrent-sweep-start]
<writer thread='11779'/>
64.875: [GC (Allocation Failure) 64.876: [ParNew: 30719K-&gt;3391K(30720K), 0.0156826 secs] 84187K-&gt;59480K(99008K), 0.0158948 secs] [Times: user=0.03 sys=0.00, real=0.02 secs] 
<writer thread='11267'/>
64.942: [CMS-concurrent-sweep: 0.054/0.071 secs] [Times: user=0.20 sys=0.02, real=0.07 secs] 
64.943: [CMS-concurrent-reset-start]
64.943: [CMS-concurrent-reset: 0.000/0.000 secs] [Times: user=0.00 sys=0.00, real=0.00 secs] 
<writer thread='11779'/>
64.980: [GC (Allocation Failure) 64.980: [ParNew: 30719K-&gt;3391K(30720K), 0.0111678 secs] 75516K-&gt;50882K(99008K), 0.0113830 secs] [Times: user=0.03 sys=0.00, real=0.01 secs] 
65.126: [GC (Allocation Failure) 65.126: [ParNew: 30712K-&gt;3391K(30720K), 0.0147870 secs] 78203K-&gt;53421K(99008K), 0.0150197 secs] [Times: user=0.04 sys=0.00, real=0.02 secs] 
65.142: [GC (CMS Initial Mark) [1 CMS-initial-mark: 50029K(68288K)] 53539K(99008K), 0.0032184 secs] [Times: user=0.01 sys=0.00, real=0.00 secs] 
<writer thread='11267'/>
65.146: [CMS-concurrent-mark-start]
<writer thread='11779'/>
65.230: [GC (Allocation Failure) 65.230: [ParNew: 30719K-&gt;3391K(30720K), 0.0136268 secs] 80748K-&gt;56102K(99008K), 0.0138698 secs] [Times: user=0.05 sys=0.00, real=0.01 secs] 
65.322: [GC (Allocation Failure) 65.323: [ParNew: 30719K-&gt;3391K(30720K), 0.0127882 secs] 83430K-&gt;58692K(99008K), 0.0130132 secs] [Times: user=0.03 sys=0.00, real=0.01 secs] 
65.448: [GC (Allocation Failure) 65.448: [ParNew: 30719K-&gt;3392K(30720K), 0.0121022 secs] 86020K-&gt;61168K(99008K), 0.0123458 secs] [Times: user=0.03 sys=0.00, real=0.02 secs] 
<writer thread='11267'/>
65.539: [CMS-concurrent-mark: 0.311/0.393 secs] [Times: user=1.06 sys=0.11, real=0.39 secs] 
65.539: [CMS-concurrent-preclean-start]
65.542: [CMS-concurrent-preclean: 0.003/0.003 secs] [Times: user=0.02 sys=0.00, real=0.01 secs] 
65.542: [CMS-concurrent-abortable-preclean-start]
<writer thread='11779'/>
65.596: [GC (Allocation Failure) 65.596: [ParNew: 30720K-&gt;3392K(30720K), 0.0115343 secs] 88496K-&gt;63679K(99008K), 0.0117780 secs] [Times: user=0.03 sys=0.00, real=0.01 secs] 
65.683: [GC (Allocation Failure) 65.683: [ParNew: 30720K-&gt;3391K(30720K), 0.0147666 secs] 91007K-&gt;66502K(99008K), 0.0149994 secs] [Times: user=0.02 sys=0.00, real=0.01 secs] 
<writer thread='11267'/>
65.715: [CMS-concurrent-abortable-preclean: 0.121/0.173 secs] [Times: user=0.48 sys=0.04, real=0.17 secs] 
<writer thread='11779'/>
65.716: [GC (CMS Final Remark) [YG occupancy: 10333 K (30720 K)]65.717: [Rescan (parallel) , 0.0062103 secs]65.723: [weak refs processing, 0.0023793 secs]65.725: [class unloading, 0.0165438 secs]65.742: [scrub symbol table, 0.0128623 secs]65.755: [scrub string table, 0.0011760 secs][1 CMS-remark: 63110K(68288K)] 73444K(99008K), 0.0396299 secs] [Times: user=0.05 sys=0.00, real=0.04 secs] 
<writer thread='11267'/>
65.808: [CMS-concurrent-sweep-start]
<writer thread='11779'/>
65.821: [GC (Allocation Failure) 65.821: [ParNew: 30719K-&gt;3392K(30720K), 0.0128194 secs] 93830K-&gt;69157K(99008K), 0.0130965 secs] [Times: user=0.02 sys=0.00, real=0.01 secs] 
<writer thread='11267'/>
65.894: [CMS-concurrent-sweep: 0.068/0.082 secs] [Times: user=0.22 sys=0.02, real=0.09 secs] 
65.894: [CMS-concurrent-reset-start]
65.894: [CMS-concurrent-reset: 0.000/0.000 secs] [Times: user=0.00 sys=0.00, real=0.00 secs] 
<writer thread='11779'/>
65.938: [GC (Allocation Failure) 65.938: [ParNew: 30720K-&gt;3391K(30720K), 0.0119955 secs] 84145K-&gt;59303K(99008K), 0.0122550 secs] [Times: user=0.02 sys=0.00, real=0.02 secs] 
65.952: [GC (CMS Initial Mark) [1 CMS-initial-mark: 55911K(68288K)] 59427K(99008K), 0.0028544 secs] [Times: user=0.01 sys=0.00, real=0.00 secs] 
<writer thread='11267'/>
65.955: [CMS-concurrent-mark-start]
66.107: [CMS-concurrent-mark: 0.152/0.152 secs] [Times: user=0.42 sys=0.03, real=0.15 secs] 
66.107: [CMS-concurrent-preclean-start]
66.110: [CMS-concurrent-preclean: 0.003/0.003 secs] [Times: user=0.01 sys=0.00, real=0.01 secs] 
66.111: [CMS-concurrent-abortable-preclean-start]
<writer thread='11779'/>
66.133: [GC (Allocation Failure) 66.133: [ParNew: 30719K-&gt;3391K(30720K), 0.0119358 secs] 86631K-&gt;62364K(99008K), 0.0121463 secs] [Times: user=0.03 sys=0.00, real=0.01 secs] 
66.217: [GC (Allocation Failure) 66.217: [ParNew: 30719K-&gt;3392K(30720K), 0.0153340 secs] 89692K-&gt;65907K(99008K), 0.0155953 secs] [Times: user=0.03 sys=0.00, real=0.02 secs] 
<writer thread='11267'/>
66.235: [CMS-concurrent-abortable-preclean: 0.051/0.125 secs] [Times: user=0.33 sys=0.03, real=0.12 secs] 
<writer thread='11779'/>
66.236: [GC (CMS Final Remark) [YG occupancy: 4182 K (30720 K)]66.236: [Rescan (parallel) , 0.0075549 secs]66.244: [weak refs processing, 0.0023175 secs]66.246: [class unloading, 0.0188734 secs]66.265: [scrub symbol table, 0.0105815 secs]66.276: [scrub string table, 0.0007905 secs][1 CMS-remark: 62515K(68288K)] 66698K(99008K), 0.0405022 secs] [Times: user=0.05 sys=0.01, real=0.04 secs] 
<writer thread='11267'/>
66.346: [CMS-concurrent-sweep-start]
<writer thread='11779'/>
66.350: [GC (Allocation Failure) 66.350: [ParNew: 30720K-&gt;3391K(30720K), 0.0127121 secs] 93235K-&gt;68665K(99008K), 0.0129707 secs] [Times: user=0.03 sys=0.00, real=0.01 secs] 
<writer thread='11267'/>
66.488: [CMS-concurrent-sweep: 0.126/0.140 secs] [Times: user=0.44 sys=0.03, real=0.14 secs] 
66.489: [CMS-concurrent-reset-start]
66.489: [CMS-concurrent-reset: 0.000/0.000 secs] [Times: user=0.00 sys=0.00, real=0.00 secs] 
<writer thread='11779'/>
66.492: [GC (Allocation Failure) 66.492: [ParNew: 30719K-&gt;3392K(30720K), 0.0105848 secs] 78348K-&gt;53676K(99008K), 0.0108543 secs] [Times: user=0.04 sys=0.00, real=0.01 secs] 
66.503: [GC (CMS Initial Mark) [1 CMS-initial-mark: 50284K(68288K)] 53754K(99008K), 0.0029909 secs] [Times: user=0.01 sys=0.00, real=0.00 secs] 
<writer thread='11267'/>
66.507: [CMS-concurrent-mark-start]
<writer thread='11779'/>
66.594: [GC (Allocation Failure) 66.594: [ParNew: 30720K-&gt;3392K(30720K), 0.0115607 secs] 81004K-&gt;56625K(99008K), 0.0117827 secs] [Times: user=0.03 sys=0.00, real=0.01 secs] 
<writer thread='11267'/>
66.690: [CMS-concurrent-mark: 0.170/0.183 secs] [Times: user=0.55 sys=0.05, real=0.18 secs] 
66.690: [CMS-concurrent-preclean-start]
66.693: [CMS-concurrent-preclean: 0.003/0.003 secs] [Times: user=0.01 sys=0.00, real=0.01 secs] 
66.693: [CMS-concurrent-abortable-preclean-start]
<writer thread='11779'/>
66.705: [GC (Allocation Failure) 66.705: [ParNew: 30720K-&gt;3392K(30720K), 0.0125455 secs] 83953K-&gt;58967K(99008K), 0.0127752 secs] [Times: user=0.04 sys=0.00, real=0.01 secs] 
66.794: [GC (Allocation Failure) 66.794: [ParNew: 30720K-&gt;3392K(30720K), 0.0155701 secs] 86295K-&gt;61826K(99008K), 0.0158432 secs] [Times: user=0.05 sys=0.00, real=0.01 secs] 
<writer thread='11267'/>
66.883: [CMS-concurrent-abortable-preclean: 0.134/0.190 secs] [Times: user=0.56 sys=0.06, real=0.19 secs] 
<writer thread='11779'/>
66.888: [GC (CMS Final Remark) [YG occupancy: 30530 K (30720 K)]66.888: [Rescan (parallel) , 0.0109731 secs]66.899: [weak refs processing, 0.0037697 secs]66.903: [class unloading, 0.0263880 secs]66.929: [scrub symbol table, 0.0123690 secs]66.942: [scrub string table, 0.0007816 secs][1 CMS-remark: 58434K(68288K)] 88965K(99008K), 0.0546668 secs] [Times: user=0.15 sys=0.00, real=0.06 secs] 
<writer thread='11267'/>
66.943: [CMS-concurrent-sweep-start]
<writer thread='11779'/>
66.945: [GC (Allocation Failure) 66.945: [ParNew: 30720K-&gt;3392K(30720K), 0.0187989 secs] 89154K-&gt;64464K(99008K), 0.0190085 secs] [Times: user=0.05 sys=0.00, real=0.02 secs] 
67.047: [GC (Allocation Failure) 67.047: [ParNew: 30720K-&gt;3392K(30720K), 0.0130267 secs] 83820K-&gt;59134K(99008K), 0.0132994 secs] [Times: user=0.03 sys=0.00, real=0.02 secs] 
67.121: [GC (Allocation Failure) 67.121: [ParNew: 30720K-&gt;3391K(30720K), 0.0176134 secs] 83069K-&gt;58216K(99008K), 0.0178390 secs] [Times: user=0.03 sys=0.00, real=0.01 secs] 
<writer thread='11267'/>
67.140: [CMS-concurrent-sweep: 0.143/0.198 secs] [Times: user=0.55 sys=0.06, real=0.20 secs] 
67.141: [CMS-concurrent-reset-start]
67.141: [CMS-concurrent-reset: 0.000/0.000 secs] [Times: user=0.00 sys=0.00, real=0.00 secs] 
<writer thread='11779'/>
67.277: [GC (Allocation Failure) 67.277: [ParNew: 30719K-&gt;3392K(30720K), 0.0119111 secs] 85165K-&gt;60662K(99008K), 0.0121698 secs] [Times: user=0.02 sys=0.00, real=0.01 secs] 
67.290: [GC (CMS Initial Mark) [1 CMS-initial-mark: 57270K(68288K)] 60711K(99008K), 0.0040528 secs] [Times: user=0.00 sys=0.00, real=0.00 secs] 
<writer thread='11267'/>
67.295: [CMS-concurrent-mark-start]
<writer thread='11779'/>
67.376: [GC (Allocation Failure) 67.376: [ParNew: 30720K-&gt;3392K(30720K), 0.0159836 secs] 87990K-&gt;63907K(99008K), 0.0163456 secs] [Times: user=0.03 sys=0.00, real=0.02 secs] 
67.495: [GC (Allocation Failure) 67.495: [ParNew: 30707K-&gt;3392K(30720K), 0.0136046 secs] 91222K-&gt;66843K(99008K), 0.0138519 secs] [Times: user=0.03 sys=0.00, real=0.01 secs] 
67.609: [GC (Allocation Failure) 67.609: [ParNew: 30720K-&gt;3391K(30720K), 0.0125222 secs] 94171K-&gt;69677K(99008K), 0.0128252 secs] [Times: user=0.02 sys=0.00, real=0.02 secs] 
<writer thread='11267'/>
67.687: [CMS-concurrent-mark: 0.344/0.392 secs] [Times: user=1.10 sys=0.10, real=0.39 secs] 
67.688: [CMS-concurrent-preclean-start]
67.691: [CMS-concurrent-preclean: 0.003/0.003 secs] [Times: user=0.00 sys=0.00, real=0.01 secs] 
67.692: [CMS-concurrent-abortable-preclean-start]
67.692: [CMS-concurrent-abortable-preclean: 0.000/0.000 secs] [Times: user=0.00 sys=0.00, real=0.00 secs] 
<writer thread='11779'/>
67.693: [GC (CMS Final Remark) [YG occupancy: 20193 K (30720 K)]67.693: [Rescan (parallel) , 0.0090983 secs]67.702: [weak refs processing, 0.0033799 secs]67.706: [class unloading, 0.0178305 secs]67.723: [scrub symbol table, 0.0123761 secs]67.736: [scrub string table, 0.0011288 secs][1 CMS-remark: 66285K(68288K)] 86479K(99008K), 0.0442499 secs] [Times: user=0.07 sys=0.00, real=0.04 secs] 
<writer thread='11267'/>
67.738: [CMS-concurrent-sweep-start]
<writer thread='11779'/>
67.777: [GC (Allocation Failure) 67.777: [ParNew: 30719K-&gt;30719K(30720K), 0.0000621 secs]67.777: [CMS
<writer thread='11267'/>
67.813: [CMS-concurrent-sweep: 0.072/0.075 secs] [Times: user=0.13 sys=0.01, real=0.08 secs] 
<writer thread='11779'/>
 (concurrent mode failure): 66285K-&gt;42072K(68288K), 0.2440723 secs] 97005K-&gt;42072K(99008K), [Metaspace: 60879K-&gt;60879K(1105920K)], 0.2444476 secs] [Times: user=0.25 sys=0.01, real=0.25 secs] 
68.143: [GC (Allocation Failure) 68.143: [ParNew: 27328K-&gt;3391K(30720K), 0.0129320 secs] 69400K-&gt;47413K(99008K), 0.0131714 secs] [Times: user=0.02 sys=0.00, real=0.01 secs] 
68.310: [GC (Allocation Failure) 68.310: [ParNew: 30719K-&gt;3391K(30720K), 0.0118310 secs] 74741K-&gt;49947K(99008K), 0.0120828 secs] [Times: user=0.03 sys=0.00, real=0.02 secs] 
68.414: [GC (Allocation Failure) 68.414: [ParNew: 30719K-&gt;3391K(30720K), 0.0112628 secs] 77275K-&gt;52699K(99008K), 0.0114813 secs] [Times: user=0.03 sys=0.00, real=0.01 secs] 
68.536: [GC (Allocation Failure) 68.536: [ParNew: 30719K-&gt;3391K(30720K), 0.0142241 secs] 80027K-&gt;55253K(99008K), 0.0144338 secs] [Times: user=0.04 sys=0.00, real=0.02 secs] 
68.551: [GC (CMS Initial Mark) [1 CMS-initial-mark: 51861K(68288K)] 55295K(99008K), 0.0032732 secs] [Times: user=0.01 sys=0.00, real=0.00 secs] 
<writer thread='11267'/>
68.555: [CMS-concurrent-mark-start]
<writer thread='11779'/>
68.674: [GC (Allocation Failure) 68.674: [ParNew: 30719K-&gt;3391K(30720K), 0.0169738 secs] 82581K-&gt;58645K(99008K), 0.0172171 secs] [Times: user=0.04 sys=0.00, real=0.02 secs] 
<writer thread='11267'/>
68.784: [CMS-concurrent-mark: 0.211/0.229 secs] [Times: user=0.68 sys=0.06, real=0.23 secs] 
68.784: [CMS-concurrent-preclean-start]
68.787: [CMS-concurrent-preclean: 0.003/0.003 secs] [Times: user=0.01 sys=0.00, real=0.00 secs] 
68.787: [CMS-concurrent-abortable-preclean-start]
<writer thread='11779'/>
68.790: [GC (Allocation Failure) 68.790: [ParNew: 30719K-&gt;3392K(30720K), 0.0137973 secs] 85973K-&gt;60991K(99008K), 0.0140386 secs] [Times: user=0.02 sys=0.00, real=0.02 secs] 
<writer thread='11267'/>
68.901: [CMS-concurrent-abortable-preclean: 0.098/0.114 secs] [Times: user=0.29 sys=0.03, real=0.12 secs] 
<writer thread='11779'/>
68.904: [GC (CMS Final Remark) [YG occupancy: 25207 K (30720 K)]68.905: [Rescan (parallel) , 0.0090979 secs]68.914: [weak refs processing, 0.0006530 secs]68.914: [class unloading, 0.0185493 secs]68.933: [scrub symbol table, 0.0139839 secs]68.947: [scrub string table, 0.0016799 secs][1 CMS-remark: 57599K(68288K)] 82807K(99008K), 0.0443823 secs] [Times: user=0.06 sys=0.00, real=0.04 secs] 
<writer thread='11267'/>
68.970: [CMS-concurrent-sweep-start]
<writer thread='11779'/>
69.003: [GC (Allocation Failure) 69.003: [ParNew: 30720K-&gt;3392K(30720K), 0.0175264 secs] 88318K-&gt;63288K(99008K), 0.0177453 secs] [Times: user=0.05 sys=0.00, real=0.02 secs] 
69.101: [GC (Allocation Failure) 69.101: [ParNew: 30720K-&gt;3392K(30720K), 0.0115142 secs] 84158K-&gt;59600K(99008K), 0.0117273 secs] [Times: user=0.03 sys=0.00, real=0.01 secs] 
<writer thread='11267'/>
69.124: [CMS-concurrent-sweep: 0.115/0.147 secs] [Times: user=0.44 sys=0.03, real=0.16 secs] 
69.127: [CMS-concurrent-reset-start]
69.128: [CMS-concurrent-reset: 0.000/0.000 secs] [Times: user=0.01 sys=0.00, real=0.01 secs] 
<writer thread='11779'/>
69.213: [GC (Allocation Failure) 69.213: [ParNew: 30720K-&gt;3392K(30720K), 0.0165199 secs] 77939K-&gt;54565K(99008K), 0.0167427 secs] [Times: user=0.03 sys=0.00, real=0.01 secs] 
69.231: [GC (CMS Initial Mark) [1 CMS-initial-mark: 51173K(68288K)] 54614K(99008K), 0.0050799 secs] [Times: user=0.01 sys=0.00, real=0.00 secs] 
<writer thread='11267'/>
69.236: [CMS-concurrent-mark-start]
<writer thread='11779'/>
69.400: [GC (Allocation Failure) 69.401: [ParNew: 30720K-&gt;3392K(30720K), 0.0201977 secs] 81893K-&gt;57463K(99008K), 0.0204460 secs] [Times: user=0.07 sys=0.00, real=0.02 secs] 
69.503: [GC (Allocation Failure) 69.503: [ParNew: 30720K-&gt;3392K(30720K), 0.0149815 secs] 84791K-&gt;60655K(99008K), 0.0152123 secs] [Times: user=0.03 sys=0.00, real=0.01 secs] 
69.591: [GC (Allocation Failure) 69.591: [ParNew: 30720K-&gt;3391K(30720K), 0.0141874 secs] 87983K-&gt;63760K(99008K), 0.0144461 secs] [Times: user=0.03 sys=0.00, real=0.01 secs] 
<writer thread='11267'/>
69.695: [CMS-concurrent-mark: 0.355/0.459 secs] [Times: user=1.23 sys=0.09, real=0.46 secs] 
69.696: [CMS-concurrent-preclean-start]
69.699: [CMS-concurrent-preclean: 0.003/0.003 secs] [Times: user=0.01 sys=0.00, real=0.00 secs] 
69.699: [CMS-concurrent-abortable-preclean-start]
<writer thread='11779'/>
69.746: [GC (Allocation Failure) 69.746: [ParNew: 30719K-&gt;3391K(30720K), 0.0177633 secs] 91088K-&gt;66108K(99008K), 0.0180158 secs] [Times: user=0.03 sys=0.00, real=0.02 secs] 
69.836: [GC (Allocation Failure) 69.836: [ParNew: 30706K-&gt;3392K(30720K), 0.0224711 secs] 93422K-&gt;68863K(99008K), 0.0227002 secs] [Times: user=0.05 sys=0.00, real=0.02 secs] 
<writer thread='11267'/>
69.902: [CMS-concurrent-abortable-preclean: 0.152/0.203 secs] [Times: user=0.55 sys=0.05, real=0.21 secs] 
<writer thread='11779'/>
69.904: [GC (CMS Final Remark) [YG occupancy: 14512 K (30720 K)]69.904: [Rescan (parallel) , 0.0121943 secs]69.916: [weak refs processing, 0.0042734 secs]69.921: [class unloading, 0.0196231 secs]69.940: [scrub symbol table, 0.0097449 secs]69.950: [scrub string table, 0.0008822 secs][1 CMS-remark: 65471K(68288K)] 79984K(99008K), 0.0471567 secs] [Times: user=0.08 sys=0.00, real=0.05 secs] 
<writer thread='11267'/>
69.951: [CMS-concurrent-sweep-start]
<writer thread='11779'/>
70.010: [GC (Allocation Failure) 70.010: [ParNew: 30720K-&gt;30720K(30720K), 0.0000544 secs]70.010: [CMS
<writer thread='11267'/>
70.036: [CMS-concurrent-sweep: 0.082/0.085 secs] [Times: user=0.18 sys=0.02, real=0.08 secs] 
<writer thread='11779'/>
 (concurrent mode failure): 65471K-&gt;44205K(68288K), 0.2511355 secs] 96191K-&gt;44205K(99008K), [Metaspace: 60879K-&gt;60879K(1105920K)], 0.2514880 secs] [Times: user=0.24 sys=0.00, real=0.25 secs] 
70.456: [GC (Allocation Failure) 70.457: [ParNew: 27328K-&gt;3391K(30720K), 0.0108380 secs] 71533K-&gt;49650K(99008K), 0.0121343 secs] [Times: user=0.02 sys=0.00, real=0.01 secs] 
70.543: [GC (Allocation Failure) 70.543: [ParNew: 30719K-&gt;3392K(30720K), 0.0116791 secs] 76978K-&gt;52469K(99008K), 0.0119463 secs] [Times: user=0.02 sys=0.00, real=0.01 secs] 
70.623: [GC (Allocation Failure) 70.624: [ParNew: 30720K-&gt;3392K(30720K), 0.0157091 secs] 79797K-&gt;56310K(99008K), 0.0159421 secs] [Times: user=0.04 sys=0.00, real=0.01 secs] 
70.640: [GC (CMS Initial Mark) [1 CMS-initial-mark: 52918K(68288K)] 56409K(99008K), 0.0034076 secs] [Times: user=0.01 sys=0.00, real=0.00 secs] 
<writer thread='11267'/>
70.644: [CMS-concurrent-mark-start]
70.746: [CMS-concurrent-mark: 0.103/0.103 secs] [Times: user=0.28 sys=0.03, real=0.10 secs] 
70.747: [CMS-concurrent-preclean-start]
70.749: [CMS-concurrent-preclean: 0.002/0.002 secs] [Times: user=0.01 sys=0.00, real=0.00 secs] 
70.749: [CMS-concurrent-abortable-preclean-start]
<writer thread='11779'/>
70.750: [GC (Allocation Failure) 70.750: [ParNew: 30713K-&gt;3392K(30720K), 0.0144440 secs] 83631K-&gt;61135K(99008K), 0.0146783 secs] [Times: user=0.04 sys=0.00, real=0.01 secs] 
<writer thread='11267'/>
70.859: [CMS-concurrent-abortable-preclean: 0.094/0.110 secs] [Times: user=0.31 sys=0.03, real=0.11 secs] 
<writer thread='11779'/>
70.860: [GC (CMS Final Remark) [YG occupancy: 20736 K (30720 K)]70.860: [Rescan (parallel) , 0.0066299 secs]70.867: [weak refs processing, 0.0014846 secs]70.868: [class unloading, 0.0174502 secs]70.886: [scrub symbol table, 0.0114679 secs]70.897: [scrub string table, 0.0009388 secs][1 CMS-remark: 57743K(68288K)] 78479K(99008K), 0.0383792 secs] [Times: user=0.06 sys=0.00, real=0.04 secs] 
<writer thread='11267'/>
70.899: [CMS-concurrent-sweep-start]
<writer thread='11779'/>
70.941: [GC (Allocation Failure) 70.941: [ParNew: 30720K-&gt;3391K(30720K), 0.0108734 secs] 87255K-&gt;62633K(99008K), 0.0111633 secs] [Times: user=0.02 sys=0.00, real=0.01 secs] 
<writer thread='11267'/>
70.973: [CMS-concurrent-sweep: 0.062/0.074 secs] [Times: user=0.19 sys=0.02, real=0.08 secs] 
70.976: [CMS-concurrent-reset-start]
70.976: [CMS-concurrent-reset: 0.000/0.000 secs] [Times: user=0.00 sys=0.00, real=0.00 secs] 
<writer thread='11779'/>
71.049: [GC (Allocation Failure) 71.050: [ParNew: 30719K-&gt;3391K(30720K), 0.0121472 secs] 77216K-&gt;52426K(99008K), 0.0123666 secs] [Times: user=0.03 sys=0.00, real=0.02 secs] 
71.184: [GC (Allocation Failure) 71.184: [ParNew: 30704K-&gt;3392K(30720K), 0.0109438 secs] 79738K-&gt;55311K(99008K), 0.0111625 secs] [Times: user=0.03 sys=0.00, real=0.01 secs] 
71.196: [GC (CMS Initial Mark) [1 CMS-initial-mark: 51919K(68288K)] 55377K(99008K), 0.0027161 secs] [Times: user=0.01 sys=0.00, real=0.00 secs] 
<writer thread='11267'/>
71.199: [CMS-concurrent-mark-start]
<writer thread='11779'/>
71.287: [GC (Allocation Failure) 71.287: [ParNew: 30720K-&gt;3392K(30720K), 0.0127691 secs] 82639K-&gt;57848K(99008K), 0.0130428 secs] [Times: user=0.04 sys=0.00, real=0.02 secs] 
71.396: [GC (Allocation Failure) 71.396: [ParNew: 30720K-&gt;3392K(30720K), 0.0201112 secs] 85176K-&gt;60907K(99008K), 0.0204820 secs] [Times: user=0.06 sys=0.01, real=0.02 secs] 
<writer thread='11267'/>
71.427: [CMS-concurrent-mark: 0.189/0.227 secs] [Times: user=0.69 sys=0.06, real=0.23 secs] 
71.427: [CMS-concurrent-preclean-start]
71.435: [CMS-concurrent-preclean: 0.008/0.008 secs] [Times: user=0.02 sys=0.00, real=0.01 secs] 
<writer thread='11779'/>
71.436: [GC (CMS Final Remark) [YG occupancy: 4741 K (30720 K)]71.436: [Rescan (parallel) , 0.0041518 secs]71.441: [weak refs processing, 0.0019028 secs]71.443: [class unloading, 0.0277758 secs]71.470: [scrub symbol table, 0.0191577 secs]71.490: [scrub string table, 0.0011457 secs][1 CMS-remark: 57515K(68288K)] 62256K(99008K), 0.0544855 secs] [Times: user=0.10 sys=0.00, real=0.06 secs] 
<writer thread='11267'/>
71.491: [CMS-concurrent-sweep-start]
71.576: [CMS-concurrent-sweep: 0.085/0.085 secs] [Times: user=0.24 sys=0.03, real=0.08 secs] 
71.577: [CMS-concurrent-reset-start]
71.577: [CMS-concurrent-reset: 0.000/0.000 secs] [Times: user=0.01 sys=0.00, real=0.00 secs] 
<writer thread='11779'/>
71.579: [GC (Allocation Failure) 71.579: [ParNew: 30720K-&gt;3392K(30720K), 0.0180865 secs] 73448K-&gt;48927K(99008K), 0.0183129 secs] [Times: user=0.06 sys=0.00, real=0.02 secs] 
71.687: [GC (Allocation Failure) 71.687: [ParNew: 30720K-&gt;3391K(30720K), 0.0157823 secs] 76255K-&gt;52091K(99008K), 0.0160098 secs] [Times: user=0.04 sys=0.00, real=0.02 secs] 
71.821: [GC (Allocation Failure) 71.821: [ParNew: 30719K-&gt;3392K(30720K), 0.0106986 secs] 79419K-&gt;54315K(99008K), 0.0109110 secs] [Times: user=0.02 sys=0.00, real=0.01 secs] 
71.925: [GC (Allocation Failure) 71.925: [ParNew: 30720K-&gt;3392K(30720K), 0.0112513 secs] 81643K-&gt;56753K(99008K), 0.0114781 secs] [Times: user=0.03 sys=0.00, real=0.01 secs] 
71.937: [GC (CMS Initial Mark) [1 CMS-initial-mark: 53361K(68288K)] 56753K(99008K), 0.0029037 secs] [Times: user=0.01 sys=0.00, real=0.01 secs] 
<writer thread='11267'/>
71.940: [CMS-concurrent-mark-start]
<writer thread='11779'/>
72.048: [GC (Allocation Failure) 72.048: [ParNew: 30720K-&gt;3392K(30720K), 0.0121271 secs] 84081K-&gt;59914K(99008K), 0.0123573 secs] [Times: user=0.04 sys=0.00, real=0.02 secs] 
<writer thread='11267'/>
72.067: [CMS-concurrent-mark: 0.113/0.126 secs] [Times: user=0.40 sys=0.04, real=0.12 secs] 
72.067: [CMS-concurrent-preclean-start]
72.072: [CMS-concurrent-preclean: 0.005/0.005 secs] [Times: user=0.02 sys=0.00, real=0.01 secs] 
72.073: [CMS-concurrent-abortable-preclean-start]
72.114: [CMS-concurrent-abortable-preclean: 0.040/0.041 secs] [Times: user=0.11 sys=0.01, real=0.04 secs] 
<writer thread='11779'/>
72.115: [GC (CMS Final Remark) [YG occupancy: 18843 K (30720 K)]72.115: [Rescan (parallel) , 0.0089059 secs]72.124: [weak refs processing, 0.0037465 secs]72.128: [class unloading, 0.0178107 secs]72.146: [scrub symbol table, 0.0110896 secs]72.157: [scrub string table, 0.0009020 secs][1 CMS-remark: 56522K(68288K)] 75366K(99008K), 0.0428240 secs] [Times: user=0.10 sys=0.00, real=0.04 secs] 
<writer thread='11267'/>
72.158: [CMS-concurrent-sweep-start]
72.207: [CMS-concurrent-sweep: 0.049/0.049 secs] [Times: user=0.13 sys=0.01, real=0.05 secs] 
72.210: [CMS-concurrent-reset-start]
72.210: [CMS-concurrent-reset: 0.000/0.000 secs] [Times: user=0.00 sys=0.00, real=0.00 secs] 
<writer thread='11779'/>
72.212: [GC (Allocation Failure) 72.212: [ParNew: 30720K-&gt;3392K(30720K), 0.0122193 secs] 72847K-&gt;48211K(99008K), 0.0124425 secs] [Times: user=0.03 sys=0.00, real=0.01 secs] 
72.329: [GC (Allocation Failure) 72.329: [ParNew: 30720K-&gt;3392K(30720K), 0.0122271 secs] 75539K-&gt;51370K(99008K), 0.0124531 secs] [Times: user=0.03 sys=0.00, real=0.02 secs] 
72.454: [GC (Allocation Failure) 72.454: [ParNew: 30719K-&gt;3391K(30720K), 0.0127466 secs] 78698K-&gt;53884K(99008K), 0.0129908 secs] [Times: user=0.04 sys=0.00, real=0.01 secs] 
72.679: [GC (Allocation Failure) 72.679: [ParNew: 30719K-&gt;3391K(30720K), 0.0102893 secs] 81212K-&gt;56234K(99008K), 0.0105267 secs] [Times: user=0.02 sys=0.00, real=0.01 secs] 
72.915: [GC (Allocation Failure) 72.915: [ParNew: 30719K-&gt;3392K(30720K), 0.0106683 secs] 83562K-&gt;58648K(99008K), 0.0108966 secs] [Times: user=0.02 sys=0.00, real=0.01 secs] 
73.019: [Full GC (System.gc()) 73.019: [CMS: 55256K-&gt;38792K(68288K), 0.1997119 secs] 69516K-&gt;38792K(99008K), [Metaspace: 60894K-&gt;60894K(1105920K)], 0.1999177 secs] [Times: user=0.26 sys=0.00, real=0.20 secs] 
73.454: [GC (Allocation Failure) 73.455: [ParNew: 27328K-&gt;1755K(30720K), 0.0060537 secs] 66120K-&gt;40548K(99008K), 0.0062422 secs] [Times: user=0.02 sys=0.00, real=0.01 secs] 
73.545: [GC (Allocation Failure) 73.546: [ParNew: 29083K-&gt;1238K(30720K), 0.0136114 secs] 67876K-&gt;41839K(99008K), 0.0138719 secs] [Times: user=0.04 sys=0.00, real=0.01 secs] 
73.678: [GC (Allocation Failure) 73.678: [ParNew: 28566K-&gt;611K(30720K), 0.0028824 secs] 69167K-&gt;41212K(99008K), 0.0030816 secs] [Times: user=0.01 sys=0.00, real=0.01 secs] 
73.764: [GC (Allocation Failure) 73.764: [ParNew: 27939K-&gt;763K(30720K), 0.0031190 secs] 68540K-&gt;41364K(99008K), 0.0033769 secs] [Times: user=0.01 sys=0.00, real=0.00 secs] 
73.850: [GC (Allocation Failure) 73.850: [ParNew: 28091K-&gt;1052K(30720K), 0.0032145 secs] 68692K-&gt;41652K(99008K), 0.0034147 secs] [Times: user=0.02 sys=0.00, real=0.01 secs] 
73.935: [GC (Allocation Failure) 73.935: [ParNew: 28380K-&gt;1395K(30720K), 0.0045204 secs] 68980K-&gt;41996K(99008K), 0.0047145 secs] [Times: user=0.01 sys=0.00, real=0.00 secs] 
74.015: [GC (Allocation Failure) 74.015: [ParNew: 28723K-&gt;1534K(30720K), 0.0041468 secs] 69324K-&gt;42134K(99008K), 0.0043420 secs] [Times: user=0.02 sys=0.00, real=0.00 secs] 
74.093: [GC (Allocation Failure) 74.093: [ParNew: 28862K-&gt;1591K(30720K), 0.0042879 secs] 69462K-&gt;42373K(99008K), 0.0044650 secs] [Times: user=0.02 sys=0.00, real=0.00 secs] 
74.166: [GC (Allocation Failure) 74.166: [ParNew: 28919K-&gt;1638K(30720K), 0.0047212 secs] 69701K-&gt;42603K(99008K), 0.0049191 secs] [Times: user=0.01 sys=0.00, real=0.01 secs] 
74.240: [GC (Allocation Failure) 74.240: [ParNew: 28966K-&gt;1929K(30720K), 0.0041122 secs] 69931K-&gt;43082K(99008K), 0.0042998 secs] [Times: user=0.01 sys=0.00, real=0.01 secs] 
74.310: [GC (Allocation Failure) 74.310: [ParNew: 29257K-&gt;1556K(30720K), 0.0055111 secs] 70410K-&gt;42893K(99008K), 0.0056859 secs] [Times: user=0.01 sys=0.00, real=0.01 secs] 
74.379: [GC (Allocation Failure) 74.379: [ParNew: 28884K-&gt;1495K(30720K), 0.0055341 secs] 70221K-&gt;43011K(99008K), 0.0057164 secs] [Times: user=0.01 sys=0.00, real=0.01 secs] 
74.456: [GC (Allocation Failure) 74.456: [ParNew: 28823K-&gt;1347K(30720K), 0.0055299 secs] 70339K-&gt;43043K(99008K), 0.0057041 secs] [Times: user=0.01 sys=0.00, real=0.01 secs] 
74.526: [GC (Allocation Failure) 74.527: [ParNew: 28675K-&gt;1642K(30720K), 0.0062687 secs] 70371K-&gt;43517K(99008K), 0.0064555 secs] [Times: user=0.01 sys=0.00, real=0.01 secs] 
74.593: [GC (Allocation Failure) 74.594: [ParNew: 28970K-&gt;1920K(30720K), 0.0063077 secs] 70845K-&gt;43973K(99008K), 0.0064934 secs] [Times: user=0.02 sys=0.00, real=0.00 secs] 
74.663: [GC (Allocation Failure) 74.663: [ParNew: 29248K-&gt;1374K(30720K), 0.0063790 secs] 71301K-&gt;43609K(99008K), 0.0065666 secs] [Times: user=0.02 sys=0.00, real=0.00 secs] 
74.760: [GC (Allocation Failure) 74.760: [ParNew: 28702K-&gt;1507K(30720K), 0.0072725 secs] 70937K-&gt;43925K(99008K), 0.0074783 secs] [Times: user=0.01 sys=0.00, real=0.00 secs] 
74.838: [GC (Allocation Failure) 74.838: [ParNew: 28835K-&gt;1606K(30720K), 0.0041388 secs] 71253K-&gt;44207K(99008K), 0.0043167 secs] [Times: user=0.02 sys=0.00, real=0.01 secs] 
74.944: [GC (Allocation Failure) 74.944: [ParNew: 28931K-&gt;3392K(30720K), 0.0074502 secs] 71532K-&gt;46623K(99008K), 0.0076434 secs] [Times: user=0.03 sys=0.00, real=0.01 secs] 
75.062: [GC (Allocation Failure) 75.062: [ParNew: 30720K-&gt;3391K(30720K), 0.0190959 secs] 73951K-&gt;50486K(99008K), 0.0192936 secs] [Times: user=0.04 sys=0.00, real=0.02 secs] 
75.165: [GC (Allocation Failure) 75.165: [ParNew: 30719K-&gt;3391K(30720K), 0.0128474 secs] 77814K-&gt;53739K(99008K), 0.0130704 secs] [Times: user=0.02 sys=0.00, real=0.01 secs] 
75.179: [GC (CMS Initial Mark) [1 CMS-initial-mark: 50347K(68288K)] 53739K(99008K), 0.0025518 secs] [Times: user=0.01 sys=0.00, real=0.01 secs] 
<writer thread='11267'/>
75.182: [CMS-concurrent-mark-start]
75.289: [CMS-concurrent-mark: 0.108/0.108 secs] [Times: user=0.35 sys=0.03, real=0.10 secs] 
75.290: [CMS-concurrent-preclean-start]
<writer thread='11779'/>
75.295: [GC (Allocation Failure) 75.295: [ParNew: 30719K-&gt;3392K(30720K), 0.0144069 secs] 81067K-&gt;56136K(99008K), 0.0146189 secs] [Times: user=0.04 sys=0.00, real=0.01 secs] 
75.407: [GC (Allocation Failure) 75.407: [ParNew: 30720K-&gt;3392K(30720K), 0.0119083 secs] 83464K-&gt;58526K(99008K), 0.0121112 secs] [Times: user=0.02 sys=0.00, real=0.01 secs] 
<writer thread='11267'/>
75.426: [CMS-concurrent-preclean: 0.117/0.136 secs] [Times: user=0.60 sys=0.06, real=0.21 secs] 
<writer thread='11779'/>
75.499: [GC (Allocation Failure) 75.499: [ParNew: 30720K-&gt;3392K(30720K), 0.0108731 secs] 85854K-&gt;60712K(99008K), 0.0110463 secs] [Times: user=0.02 sys=0.00, real=0.01 secs] 
75.513: [GC (CMS Final Remark) [YG occupancy: 4011 K (30720 K)]75.513: [Rescan (parallel) , 0.0061185 secs]75.520: [weak refs processing, 0.0009581 secs]75.521: [class unloading, 0.0197379 secs]75.540: [scrub symbol table, 0.0107746 secs]75.551: [scrub string table, 0.0007507 secs][1 CMS-remark: 57320K(68288K)] 61331K(99008K), 0.0386367 secs] [Times: user=0.06 sys=0.00, real=0.04 secs] 
<writer thread='11267'/>
75.553: [CMS-concurrent-sweep-start]
<writer thread='11779'/>
75.625: [GC (Allocation Failure) 75.625: [ParNew: 30720K-&gt;3391K(30720K), 0.0144446 secs] 88034K-&gt;63521K(99008K), 0.0146503 secs] [Times: user=0.03 sys=0.00, real=0.01 secs] 
<writer thread='11267'/>
75.718: [CMS-concurrent-sweep: 0.149/0.165 secs] [Times: user=0.45 sys=0.04, real=0.16 secs] 
75.718: [CMS-concurrent-reset-start]
75.718: [CMS-concurrent-reset: 0.000/0.000 secs] [Times: user=0.00 sys=0.00, real=0.00 secs] 
<writer thread='11779'/>
75.738: [GC (Allocation Failure) 75.738: [ParNew: 30719K-&gt;3391K(30720K), 0.0111172 secs] 78744K-&gt;53869K(99008K), 0.0113337 secs] [Times: user=0.04 sys=0.00, real=0.01 secs] 
75.910: [GC (Allocation Failure) 75.910: [ParNew: 30719K-&gt;3391K(30720K), 0.0115182 secs] 81197K-&gt;57059K(99008K), 0.0117538 secs] [Times: user=0.02 sys=0.00, real=0.02 secs] 
75.923: [GC (CMS Initial Mark) [1 CMS-initial-mark: 53668K(68288K)] 57200K(99008K), 0.0030693 secs] [Times: user=0.01 sys=0.00, real=0.00 secs] 
<writer thread='11267'/>
75.926: [CMS-concurrent-mark-start]
<writer thread='11779'/>
76.011: [GC (Allocation Failure) 76.011: [ParNew: 30719K-&gt;3392K(30720K), 0.0129638 secs] 84387K-&gt;59727K(99008K), 0.0135878 secs] [Times: user=0.03 sys=0.01, real=0.01 secs] 
<writer thread='11267'/>
76.064: [CMS-concurrent-mark: 0.123/0.137 secs] [Times: user=0.40 sys=0.02, real=0.14 secs] 
76.064: [CMS-concurrent-preclean-start]
76.067: [CMS-concurrent-preclean: 0.002/0.002 secs] [Times: user=0.01 sys=0.00, real=0.00 secs] 
76.067: [CMS-concurrent-abortable-preclean-start]
<writer thread='11779'/>
76.141: [GC (Allocation Failure) 76.142: [ParNew: 30720K-&gt;3392K(30720K), 0.0136067 secs] 87055K-&gt;62489K(99008K), 0.0138117 secs] [Times: user=0.03 sys=0.00, real=0.01 secs] 
<writer thread='11267'/>
76.207: [CMS-concurrent-abortable-preclean: 0.111/0.140 secs] [Times: user=0.40 sys=0.04, real=0.14 secs] 
<writer thread='11779'/>
76.210: [GC (CMS Final Remark) [YG occupancy: 22734 K (30720 K)]76.211: [Rescan (parallel) , 0.0079392 secs]76.218: [weak refs processing, 0.0029811 secs]76.222: [class unloading, 0.0166827 secs]76.238: [scrub symbol table, 0.0105536 secs]76.249: [scrub string table, 0.0008075 secs][1 CMS-remark: 59097K(68288K)] 81831K(99008K), 0.0395706 secs] [Times: user=0.06 sys=0.00, real=0.03 secs] 
<writer thread='11267'/>
76.250: [CMS-concurrent-sweep-start]
<writer thread='11779'/>
76.270: [GC (Allocation Failure) 76.270: [ParNew: 30720K-&gt;3391K(30720K), 0.0152259 secs] 89813K-&gt;65683K(99008K), 0.0154429 secs] [Times: user=0.03 sys=0.00, real=0.01 secs] 
<writer thread='11267'/>
76.351: [CMS-concurrent-sweep: 0.084/0.101 secs] [Times: user=0.31 sys=0.03, real=0.10 secs] 
76.353: [CMS-concurrent-reset-start]
76.354: [CMS-concurrent-reset: 0.000/0.000 secs] [Times: user=0.00 sys=0.00, real=0.00 secs] 
<writer thread='11779'/>
76.396: [GC (Allocation Failure) 76.396: [ParNew: 30719K-&gt;3392K(30720K), 0.0157366 secs] 79061K-&gt;54739K(99008K), 0.0159603 secs] [Times: user=0.04 sys=0.00, real=0.02 secs] 
76.413: [GC (CMS Initial Mark) [1 CMS-initial-mark: 51347K(68288K)] 54784K(99008K), 0.0038428 secs] [Times: user=0.01 sys=0.00, real=0.00 secs] 
<writer thread='11267'/>
76.417: [CMS-concurrent-mark-start]
<writer thread='11779'/>
76.499: [GC (Allocation Failure) 76.499: [ParNew: 30720K-&gt;3392K(30720K), 0.0128164 secs] 82067K-&gt;57699K(99008K), 0.0132729 secs] [Times: user=0.02 sys=0.00, real=0.02 secs] 
76.606: [GC (Allocation Failure) 76.606: [ParNew: 30720K-&gt;3392K(30720K), 0.0141178 secs] 85027K-&gt;60486K(99008K), 0.0143553 secs] [Times: user=0.02 sys=0.00, real=0.02 secs] 
76.725: [GC (Allocation Failure) 76.726: [ParNew: 30719K-&gt;3392K(30720K), 0.0143471 secs] 87813K-&gt;63669K(99008K), 0.0146096 secs] [Times: user=0.03 sys=0.00, real=0.01 secs] 
<writer thread='11267'/>
76.827: [CMS-concurrent-mark: 0.363/0.409 secs] [Times: user=1.19 sys=0.11, real=0.41 secs] 
76.827: [CMS-concurrent-preclean-start]
76.835: [CMS-concurrent-preclean: 0.008/0.008 secs] [Times: user=0.02 sys=0.01, real=0.01 secs] 
76.835: [CMS-concurrent-abortable-preclean-start]
<writer thread='11779'/>
76.936: [GC (Allocation Failure) 76.936: [ParNew: 30720K-&gt;3391K(30720K), 0.0217161 secs] 90997K-&gt;66100K(99008K), 0.0219391 secs] [Times: user=0.04 sys=0.00, real=0.02 secs] 
77.021: [GC (Allocation Failure) 77.022: [ParNew: 30719K-&gt;3391K(30720K), 0.0159942 secs] 93428K-&gt;68703K(99008K), 0.0168164 secs] [Times: user=0.04 sys=0.00, real=0.01 secs] 
<writer thread='11267'/>
77.060: [CMS-concurrent-abortable-preclean: 0.119/0.224 secs] [Times: user=0.59 sys=0.04, real=0.22 secs] 
<writer thread='11779'/>
77.061: [GC (CMS Final Remark) [YG occupancy: 10917 K (30720 K)]77.061: [Rescan (parallel) , 0.0046605 secs]77.066: [weak refs processing, 0.0028601 secs]77.069: [class unloading, 0.0169616 secs]77.086: [scrub symbol table, 0.0105500 secs]77.096: [scrub string table, 0.0007759 secs][1 CMS-remark: 65311K(68288K)] 76228K(99008K), 0.0361361 secs] [Times: user=0.05 sys=0.00, real=0.03 secs] 
<writer thread='11267'/>
77.097: [CMS-concurrent-sweep-start]
<writer thread='11779'/>
77.146: [GC (Allocation Failure) 77.146: [ParNew: 30719K-&gt;30719K(30720K), 0.0003106 secs]77.147: [CMS
<writer thread='11267'/>
77.167: [CMS-concurrent-sweep: 0.066/0.069 secs] [Times: user=0.18 sys=0.01, real=0.07 secs] 
<writer thread='11779'/>
 (concurrent mode failure): 65309K-&gt;43347K(68288K), 0.2435785 secs] 96029K-&gt;43347K(99008K), [Metaspace: 60905K-&gt;60905K(1105920K)], 0.2442626 secs] [Times: user=0.24 sys=0.00, real=0.25 secs] 
77.468: [GC (Allocation Failure) 77.468: [ParNew: 27327K-&gt;3392K(30720K), 0.0119692 secs] 70674K-&gt;48799K(99008K), 0.0122010 secs] [Times: user=0.02 sys=0.00, real=0.02 secs] 
77.591: [GC (Allocation Failure) 77.591: [ParNew: 30720K-&gt;3391K(30720K), 0.0129718 secs] 76127K-&gt;52419K(99008K), 0.0131900 secs] [Times: user=0.02 sys=0.00, real=0.01 secs] 
77.701: [GC (Allocation Failure) 77.701: [ParNew: 30696K-&gt;3391K(30720K), 0.0115000 secs] 79723K-&gt;55039K(99008K), 0.0117058 secs] [Times: user=0.03 sys=0.00, real=0.01 secs] 
77.807: [GC (Allocation Failure) 77.807: [ParNew: 30719K-&gt;3391K(30720K), 0.0145526 secs] 82367K-&gt;58002K(99008K), 0.0148257 secs] [Times: user=0.02 sys=0.00, real=0.02 secs] 
77.823: [GC (CMS Initial Mark) [1 CMS-initial-mark: 54610K(68288K)] 58002K(99008K), 0.0028880 secs] [Times: user=0.00 sys=0.00, real=0.00 secs] 
<writer thread='11267'/>
77.826: [CMS-concurrent-mark-start]
77.926: [CMS-concurrent-mark: 0.100/0.100 secs] [Times: user=0.31 sys=0.03, real=0.10 secs] 
77.926: [CMS-concurrent-preclean-start]
77.928: [CMS-concurrent-preclean: 0.002/0.002 secs] [Times: user=0.00 sys=0.00, real=0.00 secs] 
77.929: [CMS-concurrent-abortable-preclean-start]
<writer thread='11779'/>
78.028: [GC (Allocation Failure) 78.028: [ParNew: 30719K-&gt;3392K(30720K), 0.0124495 secs] 85330K-&gt;61173K(99008K), 0.0131807 secs] [Times: user=0.02 sys=0.00, real=0.02 secs] 
<writer thread='11267'/>
78.114: [CMS-concurrent-abortable-preclean: 0.091/0.185 secs] [Times: user=0.43 sys=0.03, real=0.19 secs] 
<writer thread='11779'/>
78.117: [GC (CMS Final Remark) [YG occupancy: 22999 K (30720 K)]78.117: [Rescan (parallel) , 0.0087301 secs]78.126: [weak refs processing, 0.0023944 secs]78.128: [class unloading, 0.0179975 secs]78.146: [scrub symbol table, 0.0111863 secs]78.157: [scrub string table, 0.0009301 secs][1 CMS-remark: 57781K(68288K)] 80781K(99008K), 0.0416752 secs] [Times: user=0.06 sys=0.00, real=0.04 secs] 
<writer thread='11267'/>
78.159: [CMS-concurrent-sweep-start]
<writer thread='11779'/>
78.200: [GC (Allocation Failure) 78.201: [ParNew: 30720K-&gt;3391K(30720K), 0.0135954 secs] 88501K-&gt;63571K(99008K), 0.0140818 secs] [Times: user=0.03 sys=0.00, real=0.01 secs] 
78.309: [GC (Allocation Failure) 78.310: [ParNew: 30719K-&gt;3391K(30720K), 0.0132980 secs] 90899K-&gt;66045K(99008K), 0.0137523 secs] [Times: user=0.02 sys=0.00, real=0.02 secs] 
<writer thread='11267'/>
78.356: [CMS-concurrent-sweep: 0.167/0.197 secs] [Times: user=0.56 sys=0.05, real=0.20 secs] 
78.357: [CMS-concurrent-reset-start]
78.357: [CMS-concurrent-reset: 0.000/0.000 secs] [Times: user=0.00 sys=0.00, real=0.00 secs] 
<writer thread='11779'/>
78.402: [GC (Allocation Failure) 78.402: [ParNew: 30719K-&gt;3392K(30720K), 0.0162466 secs] 77655K-&gt;52878K(99008K), 0.0164945 secs] [Times: user=0.03 sys=0.00, real=0.01 secs] 
78.525: [GC (Allocation Failure) 78.525: [ParNew: 30720K-&gt;3392K(30720K), 0.0118416 secs] 80206K-&gt;55761K(99008K), 0.0122586 secs] [Times: user=0.02 sys=0.00, real=0.01 secs] 
78.539: [GC (CMS Initial Mark) [1 CMS-initial-mark: 52369K(68288K)] 55830K(99008K), 0.0029488 secs] [Times: user=0.01 sys=0.00, real=0.01 secs] 
<writer thread='11267'/>
78.542: [CMS-concurrent-mark-start]
<writer thread='11779'/>
78.644: [GC (Allocation Failure) 78.644: [ParNew: 30720K-&gt;3392K(30720K), 0.0103460 secs] 83089K-&gt;58245K(99008K), 0.0105604 secs] [Times: user=0.02 sys=0.00, real=0.01 secs] 
78.745: [GC (Allocation Failure) 78.745: [ParNew: 30720K-&gt;3392K(30720K), 0.0175034 secs] 85573K-&gt;61878K(99008K), 0.0179784 secs] [Times: user=0.04 sys=0.01, real=0.02 secs] 
<writer thread='11267'/>
78.833: [CMS-concurrent-mark: 0.216/0.291 secs] [Times: user=0.85 sys=0.06, real=0.29 secs] 
78.833: [CMS-concurrent-preclean-start]
<writer thread='11779'/>
78.858: [GC (Allocation Failure) 78.859: [ParNew: 30720K-&gt;3391K(30720K), 0.0125209 secs] 89206K-&gt;64555K(99008K), 0.0127468 secs] [Times: user=0.03 sys=0.00, real=0.02 secs] 
<writer thread='11267'/>
78.933: [CMS-concurrent-preclean: 0.087/0.101 secs] [Times: user=0.29 sys=0.03, real=0.10 secs] 
78.934: [CMS-concurrent-abortable-preclean-start]
78.962: [CMS-concurrent-abortable-preclean: 0.028/0.028 secs] [Times: user=0.08 sys=0.01, real=0.03 secs] 
<writer thread='11779'/>
78.963: [GC (CMS Final Remark) [YG occupancy: 28482 K (30720 K)]78.963: [Rescan (parallel) , 0.0118352 secs]78.975: [weak refs processing, 0.0023429 secs]78.977: [class unloading, 0.0162699 secs]78.993: [scrub symbol table, 0.0139297 secs]79.007: [scrub string table, 0.0012448 secs][1 CMS-remark: 61163K(68288K)] 89645K(99008K), 0.0460112 secs] [Times: user=0.07 sys=0.00, real=0.04 secs] 
<writer thread='11267'/>
79.009: [CMS-concurrent-sweep-start]
79.066: [CMS-concurrent-sweep: 0.056/0.056 secs] [Times: user=0.10 sys=0.00, real=0.06 secs] 
79.066: [CMS-concurrent-reset-start]
79.066: [CMS-concurrent-reset: 0.000/0.000 secs] [Times: user=0.00 sys=0.00, real=0.00 secs] 
<writer thread='11779'/>
79.084: [GC (Allocation Failure) 79.084: [ParNew: 30719K-&gt;3392K(30720K), 0.0101686 secs] 78040K-&gt;53810K(99008K), 0.0104083 secs] [Times: user=0.02 sys=0.00, real=0.01 secs] 
79.173: [GC (Allocation Failure) 79.173: [ParNew: 30720K-&gt;3392K(30720K), 0.0113752 secs] 81138K-&gt;56920K(99008K), 0.0116651 secs] [Times: user=0.03 sys=0.00, real=0.01 secs] 
79.231: [GC (CMS Initial Mark) [1 CMS-initial-mark: 53528K(68288K)] 68743K(99008K), 0.0087214 secs] [Times: user=0.02 sys=0.00, real=0.00 secs] 
<writer thread='11267'/>
79.240: [CMS-concurrent-mark-start]
<writer thread='11779'/>
79.279: [GC (Allocation Failure) 79.279: [ParNew: 30720K-&gt;3391K(30720K), 0.0104187 secs] 84248K-&gt;59587K(99008K), 0.0106655 secs] [Times: user=0.02 sys=0.00, real=0.01 secs] 
79.414: [GC (Allocation Failure) 79.414: [ParNew: 30719K-&gt;3392K(30720K), 0.0151756 secs] 86915K-&gt;62697K(99008K), 0.0153983 secs] [Times: user=0.03 sys=0.00, real=0.01 secs] 
79.530: [GC (Allocation Failure) 79.530: [ParNew: 30720K-&gt;3392K(30720K), 0.0148406 secs] 90025K-&gt;65414K(99008K), 0.0151160 secs] [Times: user=0.03 sys=0.00, real=0.02 secs] 
<writer thread='11267'/>
79.615: [CMS-concurrent-mark: 0.330/0.375 secs] [Times: user=1.05 sys=0.11, real=0.38 secs] 
79.616: [CMS-concurrent-preclean-start]
79.618: [CMS-concurrent-preclean: 0.002/0.002 secs] [Times: user=0.01 sys=0.00, real=0.00 secs] 
79.618: [CMS-concurrent-abortable-preclean-start]
<writer thread='11779'/>
79.681: [GC (Allocation Failure) 79.681: [ParNew: 30720K-&gt;3391K(30720K), 0.0171017 secs] 92742K-&gt;67963K(99008K), 0.0173773 secs] [Times: user=0.03 sys=0.00, real=0.01 secs] 
<writer thread='11267'/>
79.763: [CMS-concurrent-abortable-preclean: 0.125/0.145 secs] [Times: user=0.41 sys=0.03, real=0.15 secs] 
<writer thread='11779'/>
79.766: [GC (CMS Final Remark) [YG occupancy: 18330 K (30720 K)]79.766: [Rescan (parallel) , 0.0105184 secs]79.777: [weak refs processing, 0.0032966 secs]79.780: [class unloading, 0.0184822 secs]79.799: [scrub symbol table, 0.0117476 secs]79.811: [scrub string table, 0.0008160 secs][1 CMS-remark: 64571K(68288K)] 82902K(99008K), 0.0452642 secs] [Times: user=0.06 sys=0.00, real=0.05 secs] 
<writer thread='11267'/>
79.812: [CMS-concurrent-sweep-start]
79.865: [CMS-concurrent-sweep: 0.053/0.053 secs] [Times: user=0.14 sys=0.01, real=0.05 secs] 
79.866: [CMS-concurrent-reset-start]
79.866: [CMS-concurrent-reset: 0.000/0.000 secs] [Times: user=0.00 sys=0.00, real=0.00 secs] 
<writer thread='11779'/>
79.867: [GC (Allocation Failure) 79.867: [ParNew: 30719K-&gt;3391K(30720K), 0.0131258 secs] 80771K-&gt;56021K(99008K), 0.0133317 secs] [Times: user=0.02 sys=0.00, real=0.02 secs] 
79.881: [GC (CMS Initial Mark) [1 CMS-initial-mark: 52629K(68288K)] 56071K(99008K), 0.0035912 secs] [Times: user=0.01 sys=0.00, real=0.00 secs] 
<writer thread='11267'/>
79.885: [CMS-concurrent-mark-start]
<writer thread='128523'/>
<dependency_failed type='leaf_type' ctxk='org/apache/axis/SimpleTargetedChain' witness='org/apache/axis/handlers/soap/SOAPService' stamp='79.954'/>
<dependency_failed type='leaf_type' ctxk='org/apache/axis/SimpleTargetedChain' witness='org/apache/axis/handlers/soap/SOAPService' stamp='79.954'/>
<writer thread='11779'/>
80.012: [GC (Allocation Failure) 80.013: [ParNew: 30719K-&gt;3392K(30720K), 0.0131264 secs] 83349K-&gt;59116K(99008K), 0.0134088 secs] [Times: user=0.02 sys=0.00, real=0.01 secs] 
<writer thread='11267'/>
80.128: [CMS-concurrent-mark: 0.179/0.243 secs] [Times: user=0.60 sys=0.06, real=0.24 secs] 
80.128: [CMS-concurrent-preclean-start]
80.131: [CMS-concurrent-preclean: 0.002/0.002 secs] [Times: user=0.00 sys=0.00, real=0.01 secs] 
80.131: [CMS-concurrent-abortable-preclean-start]
<writer thread='11779'/>
80.169: [GC (Allocation Failure) 80.169: [ParNew: 30720K-&gt;3392K(30720K), 0.0151133 secs] 86444K-&gt;62012K(99008K), 0.0153330 secs] [Times: user=0.02 sys=0.00, real=0.02 secs] 
80.263: [GC (Allocation Failure) 80.263: [ParNew: 30720K-&gt;3392K(30720K), 0.0128351 secs] 89340K-&gt;64289K(99008K), 0.0131327 secs] [Times: user=0.02 sys=0.00, real=0.01 secs] 
80.376: [GC (Allocation Failure) 80.376: [ParNew: 30720K-&gt;3391K(30720K), 0.0120582 secs] 91617K-&gt;67131K(99008K), 0.0122753 secs] [Times: user=0.02 sys=0.00, real=0.01 secs] 
<writer thread='11267'/>
80.391: [CMS-concurrent-abortable-preclean: 0.175/0.260 secs] [Times: user=0.68 sys=0.08, real=0.26 secs] 
<writer thread='11779'/>
80.392: [GC (CMS Final Remark) [YG occupancy: 4395 K (30720 K)]80.392: [Rescan (parallel) , 0.0049256 secs]80.397: [weak refs processing, 0.0016882 secs]80.399: [class unloading, 0.0178990 secs]80.417: [scrub symbol table, 0.0106159 secs]80.428: [scrub string table, 0.0007596 secs][1 CMS-remark: 63739K(68288K)] 68134K(99008K), 0.0362009 secs] [Times: user=0.05 sys=0.00, real=0.03 secs] 
<writer thread='11267'/>
80.429: [CMS-concurrent-sweep-start]
<writer thread='11779'/>
80.512: [GC (Allocation Failure) 80.512: [ParNew: 30719K-&gt;3391K(30720K), 0.0122387 secs] 81550K-&gt;56799K(99008K), 0.0124666 secs] [Times: user=0.02 sys=0.00, real=0.01 secs] 
<writer thread='11267'/>
80.568: [CMS-concurrent-sweep: 0.119/0.139 secs] [Times: user=0.41 sys=0.05, real=0.15 secs] 
80.575: [CMS-concurrent-reset-start]
80.582: [CMS-concurrent-reset: 0.000/0.000 secs] [Times: user=0.06 sys=0.01, real=0.02 secs] 
<writer thread='11779'/>
80.614: [GC (Allocation Failure) 80.614: [ParNew: 30719K-&gt;3392K(30720K), 0.0182239 secs] 82540K-&gt;57678K(99008K), 0.0184349 secs] [Times: user=0.05 sys=0.00, real=0.02 secs] 
80.634: [GC (CMS Initial Mark) [1 CMS-initial-mark: 54286K(68288K)] 57831K(99008K), 0.0047275 secs] [Times: user=0.00 sys=0.00, real=0.00 secs] 
<writer thread='11267'/>
80.639: [CMS-concurrent-mark-start]
<writer thread='11779'/>
80.729: [GC (Allocation Failure) 80.729: [ParNew: 30711K-&gt;3392K(30720K), 0.0166476 secs] 84997K-&gt;60107K(99008K), 0.0168642 secs] [Times: user=0.05 sys=0.00, real=0.02 secs] 
<writer thread='11267'/>
80.806: [CMS-concurrent-mark: 0.146/0.167 secs] [Times: user=0.51 sys=0.05, real=0.17 secs] 
80.806: [CMS-concurrent-preclean-start]
80.810: [CMS-concurrent-preclean: 0.003/0.003 secs] [Times: user=0.01 sys=0.00, real=0.00 secs] 
80.810: [CMS-concurrent-abortable-preclean-start]
<writer thread='11779'/>
80.833: [GC (Allocation Failure) 80.833: [ParNew: 30720K-&gt;3392K(30720K), 0.0155886 secs] 87435K-&gt;62570K(99008K), 0.0158032 secs] [Times: user=0.04 sys=0.00, real=0.01 secs] 
80.912: [GC (Allocation Failure) 80.912: [ParNew: 30720K-&gt;3392K(30720K), 0.0164375 secs] 89898K-&gt;65921K(99008K), 0.0166641 secs] [Times: user=0.04 sys=0.00, real=0.01 secs] 
81.008: [GC (Allocation Failure) 81.008: [ParNew: 30720K-&gt;3391K(30720K), 0.0144201 secs] 93249K-&gt;68419K(99008K), 0.0146272 secs] [Times: user=0.03 sys=0.00, real=0.02 secs] 
<writer thread='11267'/>
81.070: [CMS-concurrent-abortable-preclean: 0.142/0.260 secs] [Times: user=0.72 sys=0.09, real=0.26 secs] 
<writer thread='11779'/>
81.071: [GC (CMS Final Remark) [YG occupancy: 19166 K (30720 K)]81.071: [Rescan (parallel) , 0.0067668 secs]81.078: [weak refs processing, 0.0018775 secs]81.079: [class unloading, 0.0209738 secs]81.101: [scrub symbol table, 0.0119144 secs]81.113: [scrub string table, 0.0007703 secs][1 CMS-remark: 65027K(68288K)] 84194K(99008K), 0.0426989 secs] [Times: user=0.09 sys=0.00, real=0.04 secs] 
<writer thread='11267'/>
81.116: [CMS-concurrent-sweep-start]
81.183: [CMS-concurrent-sweep: 0.067/0.067 secs] [Times: user=0.17 sys=0.01, real=0.07 secs] 
81.183: [CMS-concurrent-reset-start]
81.183: [CMS-concurrent-reset: 0.000/0.000 secs] [Times: user=0.00 sys=0.00, real=0.00 secs] 
<writer thread='11779'/>
81.229: [GC (Allocation Failure) 81.229: [ParNew: 30719K-&gt;3391K(30720K), 0.0113619 secs] 79358K-&gt;54618K(99008K), 0.0116057 secs] [Times: user=0.02 sys=0.00, real=0.02 secs] 
81.243: [GC (CMS Initial Mark) [1 CMS-initial-mark: 51226K(68288K)] 55528K(99008K), 0.0029909 secs] [Times: user=0.01 sys=0.00, real=0.00 secs] 
<writer thread='11267'/>
81.247: [CMS-concurrent-mark-start]
<writer thread='11779'/>
81.314: [GC (Allocation Failure) 81.315: [ParNew: 30719K-&gt;3392K(30720K), 0.0107804 secs] 81946K-&gt;57179K(99008K), 0.0109936 secs] [Times: user=0.02 sys=0.00, real=0.01 secs] 
81.424: [GC (Allocation Failure) 81.424: [ParNew: 30720K-&gt;3391K(30720K), 0.0110206 secs] 84507K-&gt;59303K(99008K), 0.0112307 secs] [Times: user=0.02 sys=0.00, real=0.01 secs] 
81.507: [GC (Allocation Failure) 81.507: [ParNew: 30714K-&gt;3392K(30720K), 0.0118546 secs] 86625K-&gt;61672K(99008K), 0.0121640 secs] [Times: user=0.03 sys=0.01, real=0.01 secs] 
<writer thread='11267'/>
81.617: [CMS-concurrent-mark: 0.259/0.368 secs] [Times: user=1.04 sys=0.11, real=0.37 secs] 
81.617: [CMS-concurrent-preclean-start]
81.620: [CMS-concurrent-preclean: 0.003/0.003 secs] [Times: user=0.01 sys=0.00, real=0.00 secs] 
81.620: [CMS-concurrent-abortable-preclean-start]
<writer thread='11779'/>
81.631: [GC (Allocation Failure) 81.631: [ParNew: 30720K-&gt;3391K(30720K), 0.0104585 secs] 89000K-&gt;64422K(99008K), 0.0107739 secs] [Times: user=0.02 sys=0.00, real=0.01 secs] 
81.752: [GC (Allocation Failure) 81.752: [ParNew: 30719K-&gt;3391K(30720K), 0.0108315 secs] 91750K-&gt;66689K(99008K), 0.0110559 secs] [Times: user=0.02 sys=0.00, real=0.01 secs] 
81.859: [GC (Allocation Failure) 81.859: [ParNew: 30719K-&gt;3391K(30720K), 0.0108508 secs] 94017K-&gt;68954K(99008K), 0.0111158 secs] [Times: user=0.02 sys=0.00, real=0.02 secs] 
<writer thread='11267'/>
81.884: [CMS-concurrent-abortable-preclean: 0.156/0.264 secs] [Times: user=0.75 sys=0.08, real=0.27 secs] 
<writer thread='11779'/>
81.885: [GC (CMS Final Remark) [YG occupancy: 7768 K (30720 K)]81.885: [Rescan (parallel) , 0.0043714 secs]81.890: [weak refs processing, 0.0016555 secs]81.891: [class unloading, 0.0173664 secs]81.909: [scrub symbol table, 0.0103375 secs]81.919: [scrub string table, 0.0007572 secs][1 CMS-remark: 65562K(68288K)] 73331K(99008K), 0.0348236 secs] [Times: user=0.05 sys=0.00, real=0.03 secs] 
<writer thread='11267'/>
81.920: [CMS-concurrent-sweep-start]
<writer thread='11779'/>
81.990: [GC (Allocation Failure) 81.990: [ParNew: 30719K-&gt;3392K(30720K), 0.0164365 secs] 96280K-&gt;71467K(99008K), 0.0166967 secs] [Times: user=0.03 sys=0.00, real=0.02 secs] 
82.115: [GC (Allocation Failure) 82.115: [ParNew: 30720K-&gt;3392K(30720K), 0.0157203 secs] 92065K-&gt;67141K(99008K), 0.0159343 secs] [Times: user=0.04 sys=0.00, real=0.02 secs] 
<writer thread='11267'/>
82.148: [CMS-concurrent-sweep: 0.187/0.228 secs] [Times: user=0.67 sys=0.07, real=0.23 secs] 
82.148: [CMS-concurrent-reset-start]
82.148: [CMS-concurrent-reset: 0.000/0.000 secs] [Times: user=0.00 sys=0.00, real=0.00 secs] 
<writer thread='11779'/>
82.219: [GC (Allocation Failure) 82.219: [ParNew: 30719K-&gt;3391K(30720K), 0.0238174 secs] 87660K-&gt;62951K(99008K), 0.0240518 secs] [Times: user=0.04 sys=0.00, real=0.03 secs] 
82.244: [GC (CMS Initial Mark) [1 CMS-initial-mark: 59559K(68288K)] 62965K(99008K), 0.0045774 secs] [Times: user=0.01 sys=0.00, real=0.00 secs] 
<writer thread='11267'/>
82.249: [CMS-concurrent-mark-start]
<writer thread='11779'/>
82.379: [GC (Allocation Failure) 82.379: [ParNew: 30719K-&gt;3391K(30720K), 0.0170767 secs] 90279K-&gt;65469K(99008K), 0.0173176 secs] [Times: user=0.03 sys=0.00, real=0.02 secs] 
82.490: [GC (Allocation Failure) 82.490: [ParNew: 30719K-&gt;3392K(30720K), 0.0153780 secs] 92797K-&gt;67892K(99008K), 0.0156089 secs] [Times: user=0.04 sys=0.00, real=0.02 secs] 
<writer thread='11267'/>
82.570: [CMS-concurrent-mark: 0.244/0.321 secs] [Times: user=0.91 sys=0.09, real=0.33 secs] 
82.571: [CMS-concurrent-preclean-start]
82.578: [CMS-concurrent-preclean: 0.007/0.007 secs] [Times: user=0.02 sys=0.00, real=0.00 secs] 
82.579: [CMS-concurrent-abortable-preclean-start]
<writer thread='11779'/>
82.617: [GC (Allocation Failure) 82.617: [ParNew: 30714K-&gt;3391K(30720K), 0.0113726 secs] 95214K-&gt;70556K(99008K), 0.0117162 secs] [Times: user=0.03 sys=0.00, real=0.01 secs] 
<writer thread='11267'/>
82.641: [CMS-concurrent-abortable-preclean: 0.048/0.062 secs] [Times: user=0.15 sys=0.01, real=0.07 secs] 
<writer thread='11779'/>
82.644: [GC (CMS Final Remark) [YG occupancy: 6118 K (30720 K)]82.644: [Rescan (parallel) , 0.0041308 secs]82.648: [weak refs processing, 0.0034916 secs]82.652: [class unloading, 0.0198024 secs]82.672: [scrub symbol table, 0.0108513 secs]82.683: [scrub string table, 0.0009639 secs][1 CMS-remark: 67164K(68288K)] 73282K(99008K), 0.0397027 secs] [Times: user=0.06 sys=0.00, real=0.04 secs] 
<writer thread='11267'/>
82.684: [CMS-concurrent-sweep-start]
<writer thread='11779'/>
82.749: [GC (Allocation Failure) 82.749: [ParNew: 30719K-&gt;30719K(30720K), 0.0000475 secs]82.749: [CMS
<writer thread='11267'/>
82.783: [CMS-concurrent-sweep: 0.095/0.098 secs] [Times: user=0.22 sys=0.03, real=0.10 secs] 
<writer thread='11779'/>
 (concurrent mode failure): 67163K-&gt;41225K(68288K), 0.2466286 secs] 97883K-&gt;41225K(99008K), [Metaspace: 60921K-&gt;60921K(1105920K)], 0.2469782 secs] [Times: user=0.25 sys=0.00, real=0.25 secs] 
83.077: [GC (Allocation Failure) 83.077: [ParNew: 27313K-&gt;3391K(30720K), 0.0110055 secs] 68538K-&gt;46532K(99008K), 0.0112427 secs] [Times: user=0.03 sys=0.00, real=0.01 secs] 
83.211: [GC (Allocation Failure) 83.211: [ParNew: 30719K-&gt;3391K(30720K), 0.0126954 secs] 73860K-&gt;49552K(99008K), 0.0129064 secs] [Times: user=0.03 sys=0.00, real=0.01 secs] 
83.302: [GC (Allocation Failure) 83.302: [ParNew: 30719K-&gt;3392K(30720K), 0.0156713 secs] 76880K-&gt;52032K(99008K), 0.0159056 secs] [Times: user=0.02 sys=0.00, real=0.01 secs] 
83.319: [GC (CMS Initial Mark) [1 CMS-initial-mark: 48640K(68288K)] 52084K(99008K), 0.0044623 secs] [Times: user=0.01 sys=0.00, real=0.01 secs] 
<writer thread='11267'/>
83.324: [CMS-concurrent-mark-start]
83.426: [CMS-concurrent-mark: 0.102/0.102 secs] [Times: user=0.27 sys=0.01, real=0.10 secs] 
83.426: [CMS-concurrent-preclean-start]
83.428: [CMS-concurrent-preclean: 0.002/0.002 secs] [Times: user=0.01 sys=0.01, real=0.00 secs] 
83.428: [CMS-concurrent-abortable-preclean-start]
<writer thread='11779'/>
83.447: [GC (Allocation Failure) 83.447: [ParNew: 30720K-&gt;3392K(30720K), 0.0110202 secs] 79360K-&gt;54252K(99008K), 0.0112737 secs] [Times: user=0.02 sys=0.00, real=0.01 secs] 
<writer thread='11267'/>
83.516: [CMS-concurrent-abortable-preclean: 0.075/0.088 secs] [Times: user=0.24 sys=0.02, real=0.09 secs] 
<writer thread='11779'/>
83.517: [GC (CMS Final Remark) [YG occupancy: 17562 K (30720 K)]83.517: [Rescan (parallel) , 0.0068543 secs]83.524: [weak refs processing, 0.0010309 secs]83.525: [class unloading, 0.0176356 secs]83.543: [scrub symbol table, 0.0097236 secs]83.553: [scrub string table, 0.0008294 secs][1 CMS-remark: 50860K(68288K)] 68422K(99008K), 0.0366654 secs] [Times: user=0.06 sys=0.00, real=0.04 secs] 
<writer thread='11267'/>
83.554: [CMS-concurrent-sweep-start]
<writer thread='11779'/>
83.624: [GC (Allocation Failure) 83.624: [ParNew: 30720K-&gt;3392K(30720K), 0.0168068 secs] 81580K-&gt;57158K(99008K), 0.0170915 secs] [Times: user=0.06 sys=0.00, real=0.02 secs] 
83.718: [GC (Allocation Failure) 83.718: [ParNew: 30720K-&gt;3391K(30720K), 0.0171408 secs] 78968K-&gt;53788K(99008K), 0.0175297 secs] [Times: user=0.04 sys=0.00, real=0.02 secs] 
<writer thread='11267'/>
83.745: [CMS-concurrent-sweep: 0.137/0.191 secs] [Times: user=0.55 sys=0.05, real=0.19 secs] 
83.746: [CMS-concurrent-reset-start]
83.746: [CMS-concurrent-reset: 0.000/0.000 secs] [Times: user=0.00 sys=0.00, real=0.00 secs] 
<writer thread='11779'/>
83.806: [GC (Allocation Failure) 83.806: [ParNew: 30719K-&gt;3391K(30720K), 0.0140189 secs] 74924K-&gt;49905K(99008K), 0.0142426 secs] [Times: user=0.03 sys=0.00, real=0.01 secs] 
83.916: [GC (Allocation Failure) 83.916: [ParNew: 30719K-&gt;3391K(30720K), 0.0122008 secs] 77233K-&gt;52938K(99008K), 0.0124278 secs] [Times: user=0.03 sys=0.00, real=0.01 secs] 
83.929: [GC (CMS Initial Mark) [1 CMS-initial-mark: 49546K(68288K)] 53098K(99008K), 0.0028452 secs] [Times: user=0.01 sys=0.00, real=0.01 secs] 
<writer thread='11267'/>
83.932: [CMS-concurrent-mark-start]
<writer thread='11779'/>
84.030: [GC (Allocation Failure) 84.031: [ParNew: 30719K-&gt;3392K(30720K), 0.0116387 secs] 80266K-&gt;55373K(99008K), 0.0118515 secs] [Times: user=0.03 sys=0.00, real=0.01 secs] 
<writer thread='11267'/>
84.056: [CMS-concurrent-mark: 0.111/0.124 secs] [Times: user=0.38 sys=0.03, real=0.12 secs] 
84.057: [CMS-concurrent-preclean-start]
84.060: [CMS-concurrent-preclean: 0.003/0.003 secs] [Times: user=0.01 sys=0.00, real=0.00 secs] 
84.060: [CMS-concurrent-abortable-preclean-start]
<writer thread='11779'/>
84.148: [GC (Allocation Failure) 84.148: [ParNew: 30720K-&gt;3392K(30720K), 0.0128104 secs] 82701K-&gt;57746K(99008K), 0.0130625 secs] [Times: user=0.05 sys=0.00, real=0.02 secs] 
<writer thread='11267'/>
84.227: [CMS-concurrent-abortable-preclean: 0.139/0.166 secs] [Times: user=0.47 sys=0.06, real=0.16 secs] 
<writer thread='11779'/>
84.228: [GC (CMS Final Remark) [YG occupancy: 22223 K (30720 K)]84.228: [Rescan (parallel) , 0.0101871 secs]84.239: [weak refs processing, 0.0031368 secs]84.242: [class unloading, 0.0179790 secs]84.260: [scrub symbol table, 0.0109993 secs]84.271: [scrub string table, 0.0011015 secs][1 CMS-remark: 54354K(68288K)] 76577K(99008K), 0.0437366 secs] [Times: user=0.10 sys=0.00, real=0.05 secs] 
<writer thread='11267'/>
84.272: [CMS-concurrent-sweep-start]
<writer thread='11779'/>
84.302: [GC (Allocation Failure) 84.302: [ParNew: 30720K-&gt;3392K(30720K), 0.0149871 secs] 85062K-&gt;60315K(99008K), 0.0152305 secs] [Times: user=0.03 sys=0.00, real=0.01 secs] 
<writer thread='11267'/>
84.403: [CMS-concurrent-sweep: 0.114/0.130 secs] [Times: user=0.34 sys=0.04, real=0.13 secs] 
84.403: [CMS-concurrent-reset-start]
84.403: [CMS-concurrent-reset: 0.000/0.000 secs] [Times: user=0.00 sys=0.00, real=0.00 secs] 
<writer thread='11779'/>
84.440: [GC (Allocation Failure) 84.440: [ParNew: 30714K-&gt;3391K(30720K), 0.0139911 secs] 76740K-&gt;51881K(99008K), 0.0142070 secs] [Times: user=0.04 sys=0.00, real=0.02 secs] 
84.522: [GC (Allocation Failure) 84.522: [ParNew: 30719K-&gt;3391K(30720K), 0.0129542 secs] 79209K-&gt;54493K(99008K), 0.0131604 secs] [Times: user=0.03 sys=0.00, real=0.01 secs] 
84.571: [GC (CMS Initial Mark) [1 CMS-initial-mark: 51101K(68288K)] 71734K(99008K), 0.0091584 secs] [Times: user=0.04 sys=0.00, real=0.00 secs] 
<writer thread='11267'/>
84.580: [CMS-concurrent-mark-start]
<writer thread='11779'/>
84.620: [GC (Allocation Failure) 84.620: [ParNew: 30719K-&gt;3392K(30720K), 0.0234576 secs] 81821K-&gt;57524K(99008K), 0.0236688 secs] [Times: user=0.06 sys=0.00, real=0.03 secs] 
84.747: [GC (Allocation Failure) 84.747: [ParNew: 30720K-&gt;3391K(30720K), 0.0177872 secs] 84852K-&gt;59971K(99008K), 0.0179987 secs] [Times: user=0.04 sys=0.00, real=0.02 secs] 
84.834: [GC (Allocation Failure) 84.834: [ParNew: 30719K-&gt;3392K(30720K), 0.0137136 secs] 87299K-&gt;62572K(99008K), 0.0139537 secs] [Times: user=0.05 sys=0.00, real=0.01 secs] 
<writer thread='11267'/>
84.892: [CMS-concurrent-mark: 0.213/0.312 secs] [Times: user=0.88 sys=0.09, real=0.32 secs] 
84.892: [CMS-concurrent-preclean-start]
84.900: [CMS-concurrent-preclean: 0.007/0.008 secs] [Times: user=0.03 sys=0.00, real=0.01 secs] 
84.901: [CMS-concurrent-abortable-preclean-start]
<writer thread='11779'/>
84.936: [GC (Allocation Failure) 84.936: [ParNew: 30720K-&gt;3392K(30720K), 0.0177105 secs] 89900K-&gt;65116K(99008K), 0.0185236 secs] [Times: user=0.05 sys=0.00, real=0.02 secs] 
<writer thread='11267'/>
85.012: [CMS-concurrent-abortable-preclean: 0.091/0.112 secs] [Times: user=0.29 sys=0.03, real=0.11 secs] 
<writer thread='11779'/>
85.014: [GC (CMS Final Remark) [YG occupancy: 18622 K (30720 K)]85.014: [Rescan (parallel) , 0.0106668 secs]85.025: [weak refs processing, 0.0012823 secs]85.026: [class unloading, 0.0170399 secs]85.043: [scrub symbol table, 0.0103926 secs]85.054: [scrub string table, 0.0011532 secs][1 CMS-remark: 61724K(68288K)] 80346K(99008K), 0.0408787 secs] [Times: user=0.08 sys=0.00, real=0.04 secs] 
<writer thread='11267'/>
85.055: [CMS-concurrent-sweep-start]
<writer thread='11779'/>
85.101: [GC (Allocation Failure) 85.101: [ParNew: 30720K-&gt;3391K(30720K), 0.0118727 secs] 92444K-&gt;67573K(99008K), 0.0121084 secs] [Times: user=0.03 sys=0.00, real=0.01 secs] 
85.217: [GC (Allocation Failure) 85.217: [ParNew: 30719K-&gt;3391K(30720K), 0.0153787 secs] 80832K-&gt;56831K(99008K), 0.0156221 secs] [Times: user=0.04 sys=0.00, real=0.02 secs] 
<writer thread='11267'/>
85.246: [CMS-concurrent-sweep: 0.161/0.191 secs] [Times: user=0.55 sys=0.05, real=0.20 secs] 
85.252: [CMS-concurrent-reset-start]
85.255: [CMS-concurrent-reset: 0.001/0.001 secs] [Times: user=0.01 sys=0.01, real=0.00 secs] 
<writer thread='11779'/>
85.299: [GC (Allocation Failure) 85.299: [ParNew: 30719K-&gt;3391K(30720K), 0.0115732 secs] 84159K-&gt;59470K(99008K), 0.0117685 secs] [Times: user=0.02 sys=0.00, real=0.02 secs] 
85.312: [GC (CMS Initial Mark) [1 CMS-initial-mark: 56078K(68288K)] 59470K(99008K), 0.0058514 secs] [Times: user=0.01 sys=0.00, real=0.00 secs] 
<writer thread='11267'/>
85.318: [CMS-concurrent-mark-start]
<writer thread='11779'/>
85.421: [GC (Allocation Failure) 85.421: [ParNew: 30719K-&gt;3392K(30720K), 0.0115872 secs] 86798K-&gt;61633K(99008K), 0.0117982 secs] [Times: user=0.02 sys=0.00, real=0.01 secs] 
85.524: [GC (Allocation Failure) 85.524: [ParNew: 30716K-&gt;3392K(30720K), 0.0121754 secs] 88957K-&gt;64245K(99008K), 0.0125227 secs] [Times: user=0.04 sys=0.00, real=0.01 secs] 
<writer thread='11267'/>
85.593: [CMS-concurrent-mark: 0.211/0.274 secs] [Times: user=0.76 sys=0.07, real=0.28 secs] 
85.593: [CMS-concurrent-preclean-start]
85.598: [CMS-concurrent-preclean: 0.004/0.005 secs] [Times: user=0.02 sys=0.00, real=0.00 secs] 
85.598: [CMS-concurrent-abortable-preclean-start]
<writer thread='11779'/>
85.634: [GC (Allocation Failure) 85.634: [ParNew: 30720K-&gt;3392K(30720K), 0.0142542 secs] 91573K-&gt;66621K(99008K), 0.0145054 secs] [Times: user=0.03 sys=0.00, real=0.01 secs] 
85.751: [GC (Allocation Failure) 85.751: [ParNew: 30720K-&gt;3392K(30720K), 0.0143172 secs] 93949K-&gt;68744K(99008K), 0.0145541 secs] [Times: user=0.03 sys=0.00, real=0.01 secs] 
<writer thread='11267'/>
85.839: [CMS-concurrent-abortable-preclean: 0.208/0.241 secs] [Times: user=0.71 sys=0.07, real=0.24 secs] 
<writer thread='11779'/>
85.841: [GC (CMS Final Remark) [YG occupancy: 28273 K (30720 K)]85.841: [Rescan (parallel) , 0.0128804 secs]85.854: [weak refs processing, 0.0031225 secs]85.857: [class unloading, 0.0172069 secs]85.874: [scrub symbol table, 0.0114732 secs]85.886: [scrub string table, 0.0014078 secs][1 CMS-remark: 65352K(68288K)] 93625K(99008K), 0.0465085 secs] [Times: user=0.07 sys=0.00, real=0.04 secs] 
<writer thread='11267'/>
85.888: [CMS-concurrent-sweep-start]
<writer thread='11779'/>
85.898: [GC (Allocation Failure) 85.899: [ParNew: 30720K-&gt;3392K(30720K), 0.0166236 secs] 96072K-&gt;70961K(99008K), 0.0169135 secs] [Times: user=0.03 sys=0.00, real=0.02 secs] 
85.997: [GC (Allocation Failure) 85.998: [ParNew: 30720K-&gt;3392K(30720K), 0.0130483 secs] 95315K-&gt;70127K(99008K), 0.0132755 secs] [Times: user=0.02 sys=0.00, real=0.02 secs] 
86.071: [GC (Allocation Failure) 86.071: [ParNew: 30720K-&gt;3392K(30720K), 0.0139203 secs] 96015K-&gt;70862K(99008K), 0.0141125 secs] [Times: user=0.02 sys=0.00, real=0.01 secs] 
<writer thread='11267'/>
86.101: [CMS-concurrent-sweep: 0.164/0.213 secs] [Times: user=0.58 sys=0.06, real=0.22 secs] 
86.102: [CMS-concurrent-reset-start]
86.102: [CMS-concurrent-reset: 0.000/0.000 secs] [Times: user=0.00 sys=0.00, real=0.00 secs] 
<writer thread='11779'/>
86.204: [GC (Allocation Failure) 86.204: [ParNew: 30720K-&gt;3392K(30720K), 0.0169662 secs] 85931K-&gt;61400K(99008K), 0.0171886 secs] [Times: user=0.02 sys=0.01, real=0.02 secs] 
86.223: [GC (CMS Initial Mark) [1 CMS-initial-mark: 58008K(68288K)] 61562K(99008K), 0.0047165 secs] [Times: user=0.01 sys=0.00, real=0.00 secs] 
<writer thread='11267'/>
86.227: [CMS-concurrent-mark-start]
<writer thread='11779'/>
86.320: [GC (Allocation Failure) 86.320: [ParNew: 30720K-&gt;3392K(30720K), 0.0138937 secs] 88728K-&gt;63662K(99008K), 0.0141137 secs] [Times: user=0.03 sys=0.00, real=0.02 secs] 
86.423: [GC (Allocation Failure) 86.423: [ParNew: 30712K-&gt;3392K(30720K), 0.0130339 secs] 90982K-&gt;66264K(99008K), 0.0133052 secs] [Times: user=0.02 sys=0.00, real=0.01 secs] 
86.539: [GC (Allocation Failure) 86.540: [ParNew: 30718K-&gt;3392K(30720K), 0.0147683 secs] 93590K-&gt;69163K(99008K), 0.0150027 secs] [Times: user=0.04 sys=0.00, real=0.02 secs] 
<writer thread='11267'/>
86.614: [CMS-concurrent-mark: 0.323/0.386 secs] [Times: user=1.07 sys=0.11, real=0.39 secs] 
86.614: [CMS-concurrent-preclean-start]
86.618: [CMS-concurrent-preclean: 0.003/0.003 secs] [Times: user=0.01 sys=0.00, real=0.00 secs] 
86.620: [CMS-concurrent-abortable-preclean-start]
86.620: [CMS-concurrent-abortable-preclean: 0.000/0.000 secs] [Times: user=0.00 sys=0.00, real=0.00 secs] 
<writer thread='11779'/>
86.622: [GC (CMS Final Remark) [YG occupancy: 19829 K (30720 K)]86.622: [Rescan (parallel) , 0.0072339 secs]86.629: [weak refs processing, 0.0030769 secs]86.632: [class unloading, 0.0213347 secs]86.653: [scrub symbol table, 0.0119344 secs]86.666: [scrub string table, 0.0007786 secs][1 CMS-remark: 65771K(68288K)] 85601K(99008K), 0.0449519 secs] [Times: user=0.10 sys=0.00, real=0.04 secs] 
<writer thread='11267'/>
86.676: [CMS-concurrent-sweep-start]
<writer thread='11779'/>
86.709: [GC (Allocation Failure) 86.709: [ParNew: 30720K-&gt;30720K(30720K), 0.0000541 secs]86.709: [CMS
<writer thread='11267'/>
86.740: [CMS-concurrent-sweep: 0.060/0.064 secs] [Times: user=0.13 sys=0.01, real=0.06 secs] 
<writer thread='11779'/>
 (concurrent mode failure): 65771K-&gt;41379K(68288K), 0.2408538 secs] 96491K-&gt;41379K(99008K), [Metaspace: 60928K-&gt;60928K(1105920K)], 0.2411604 secs] [Times: user=0.24 sys=0.01, real=0.24 secs] 
87.011: [GC (Allocation Failure) 87.011: [ParNew: 27328K-&gt;3392K(30720K), 0.0205043 secs] 68707K-&gt;46784K(99008K), 0.0211157 secs] [Times: user=0.05 sys=0.00, real=0.02 secs] 
87.118: [GC (Allocation Failure) 87.118: [ParNew: 30720K-&gt;3392K(30720K), 0.0140329 secs] 74112K-&gt;50231K(99008K), 0.0142326 secs] [Times: user=0.03 sys=0.01, real=0.02 secs] 
87.218: [GC (Allocation Failure) 87.218: [ParNew: 30714K-&gt;3391K(30720K), 0.0211615 secs] 77554K-&gt;52577K(99008K), 0.0213698 secs] [Times: user=0.06 sys=0.00, real=0.02 secs] 
87.240: [GC (CMS Initial Mark) [1 CMS-initial-mark: 49185K(68288K)] 52639K(99008K), 0.0032540 secs] [Times: user=0.01 sys=0.00, real=0.01 secs] 
<writer thread='11267'/>
87.244: [CMS-concurrent-mark-start]
<writer thread='11779'/>
87.337: [GC (Allocation Failure) 87.337: [ParNew: 30719K-&gt;3391K(30720K), 0.0129913 secs] 79905K-&gt;55348K(99008K), 0.0132032 secs] [Times: user=0.04 sys=0.00, real=0.01 secs] 
87.419: [GC (Allocation Failure) 87.420: [ParNew: 30712K-&gt;3391K(30720K), 0.0139987 secs] 82668K-&gt;57609K(99008K), 0.0142214 secs] [Times: user=0.04 sys=0.00, real=0.02 secs] 
<writer thread='11267'/>
87.478: [CMS-concurrent-mark: 0.193/0.234 secs] [Times: user=0.63 sys=0.06, real=0.23 secs] 
87.478: [CMS-concurrent-preclean-start]
87.481: [CMS-concurrent-preclean: 0.003/0.003 secs] [Times: user=0.01 sys=0.00, real=0.01 secs] 
87.481: [CMS-concurrent-abortable-preclean-start]
<writer thread='11779'/>
87.603: [GC (Allocation Failure) 87.603: [ParNew: 30719K-&gt;3392K(30720K), 0.0118869 secs] 84937K-&gt;60295K(99008K), 0.0120923 secs] [Times: user=0.03 sys=0.00, real=0.01 secs] 
<writer thread='11267'/>
87.668: [CMS-concurrent-abortable-preclean: 0.070/0.186 secs] [Times: user=0.47 sys=0.04, real=0.18 secs] 
<writer thread='11779'/>
87.669: [GC (CMS Final Remark) [YG occupancy: 19262 K (30720 K)]87.669: [Rescan (parallel) , 0.0094862 secs]87.678: [weak refs processing, 0.0011409 secs]87.680: [class unloading, 0.0171013 secs]87.697: [scrub symbol table, 0.0108781 secs]87.708: [scrub string table, 0.0009795 secs][1 CMS-remark: 56903K(68288K)] 76165K(99008K), 0.0399553 secs] [Times: user=0.07 sys=0.00, real=0.04 secs] 
<writer thread='11267'/>
87.709: [CMS-concurrent-sweep-start]
<writer thread='11779'/>
87.750: [GC (Allocation Failure) 87.750: [ParNew: 30720K-&gt;3391K(30720K), 0.0105460 secs] 78043K-&gt;53579K(99008K), 0.0108309 secs] [Times: user=0.02 sys=0.00, real=0.02 secs] 
<writer thread='11267'/>
87.767: [CMS-concurrent-sweep: 0.046/0.058 secs] [Times: user=0.15 sys=0.01, real=0.06 secs] 
87.768: [CMS-concurrent-reset-start]
87.768: [CMS-concurrent-reset: 0.000/0.000 secs] [Times: user=0.00 sys=0.00, real=0.00 secs] 
<writer thread='11779'/>
87.834: [GC (Allocation Failure) 87.834: [ParNew: 30716K-&gt;3392K(30720K), 0.0118070 secs] 78720K-&gt;54289K(99008K), 0.0120551 secs] [Times: user=0.03 sys=0.00, real=0.01 secs] 
87.848: [GC (CMS Initial Mark) [1 CMS-initial-mark: 50897K(68288K)] 54342K(99008K), 0.0027980 secs] [Times: user=0.01 sys=0.00, real=0.01 secs] 
<writer thread='11267'/>
87.851: [CMS-concurrent-mark-start]
<writer thread='11779'/>
87.954: [GC (Allocation Failure) 87.954: [ParNew: 30720K-&gt;3392K(30720K), 0.0110188 secs] 81617K-&gt;56895K(99008K), 0.0114021 secs] [Times: user=0.02 sys=0.00, real=0.01 secs] 
88.061: [GC (Allocation Failure) 88.061: [ParNew: 30719K-&gt;3392K(30720K), 0.0112837 secs] 84223K-&gt;59254K(99008K), 0.0115347 secs] [Times: user=0.02 sys=0.00, real=0.01 secs] 
88.150: [GC (Allocation Failure) 88.150: [ParNew: 30720K-&gt;3392K(30720K), 0.0112325 secs] 86582K-&gt;61680K(99008K), 0.0114668 secs] [Times: user=0.02 sys=0.00, real=0.02 secs] 
<writer thread='11267'/>
88.243: [CMS-concurrent-mark: 0.355/0.392 secs] [Times: user=1.11 sys=0.12, real=0.39 secs] 
88.244: [CMS-concurrent-preclean-start]
<writer thread='11779'/>
88.248: [GC (Allocation Failure) 88.249: [ParNew: 30720K-&gt;3391K(30720K), 0.0150164 secs] 89008K-&gt;64516K(99008K), 0.0152574 secs] [Times: user=0.03 sys=0.00, real=0.02 secs] 
<writer thread='11267'/>
88.264: [CMS-concurrent-preclean: 0.003/0.020 secs] [Times: user=0.05 sys=0.00, real=0.02 secs] 
<writer thread='11779'/>
88.265: [GC (CMS Final Remark) [YG occupancy: 3660 K (30720 K)]88.266: [Rescan (parallel) , 0.0068581 secs]88.272: [weak refs processing, 0.0016268 secs]88.274: [class unloading, 0.0172686 secs]88.291: [scrub symbol table, 0.0107550 secs]88.302: [scrub string table, 0.0007996 secs][1 CMS-remark: 61124K(68288K)] 64785K(99008K), 0.0376585 secs] [Times: user=0.06 sys=0.00, real=0.04 secs] 
<writer thread='11267'/>
88.304: [CMS-concurrent-sweep-start]
88.374: [CMS-concurrent-sweep: 0.071/0.071 secs] [Times: user=0.24 sys=0.02, real=0.07 secs] 
88.375: [CMS-concurrent-reset-start]
88.376: [CMS-concurrent-reset: 0.000/0.000 secs] [Times: user=0.00 sys=0.00, real=0.00 secs] 
<writer thread='11779'/>
88.381: [GC (Allocation Failure) 88.381: [ParNew: 30701K-&gt;3391K(30720K), 0.0177151 secs] 79227K-&gt;54998K(99008K), 0.0179645 secs] [Times: user=0.03 sys=0.00, real=0.01 secs] 
88.400: [GC (CMS Initial Mark) [1 CMS-initial-mark: 51606K(68288K)] 55123K(99008K), 0.0058207 secs] [Times: user=0.00 sys=0.00, real=0.01 secs] 
<writer thread='11267'/>
88.406: [CMS-concurrent-mark-start]
<writer thread='11779'/>
88.491: [GC (Allocation Failure) 88.491: [ParNew: 30719K-&gt;3392K(30720K), 0.0132691 secs] 82326K-&gt;57708K(99008K), 0.0134873 secs] [Times: user=0.03 sys=0.00, real=0.01 secs] 
<writer thread='11267'/>
88.632: [CMS-concurrent-mark: 0.160/0.226 secs] [Times: user=0.58 sys=0.05, real=0.23 secs] 
88.633: [CMS-concurrent-preclean-start]
88.635: [CMS-concurrent-preclean: 0.003/0.003 secs] [Times: user=0.01 sys=0.00, real=0.00 secs] 
88.636: [CMS-concurrent-abortable-preclean-start]
<writer thread='11779'/>
88.695: [GC (Allocation Failure) 88.695: [ParNew: 30720K-&gt;3391K(30720K), 0.0196006 secs] 85036K-&gt;61055K(99008K), 0.0198165 secs] [Times: user=0.05 sys=0.00, real=0.02 secs] 
88.784: [GC (Allocation Failure) 88.784: [ParNew: 30719K-&gt;3392K(30720K), 0.0195590 secs] 88383K-&gt;64754K(99008K), 0.0197838 secs] [Times: user=0.05 sys=0.00, real=0.02 secs] 
<writer thread='11267'/>
88.850: [CMS-concurrent-abortable-preclean: 0.130/0.214 secs] [Times: user=0.57 sys=0.07, real=0.21 secs] 
<writer thread='11779'/>
88.851: [GC (CMS Final Remark) [YG occupancy: 22385 K (30720 K)]88.851: [Rescan (parallel) , 0.0095169 secs]88.861: [weak refs processing, 0.0015958 secs]88.863: [class unloading, 0.0269409 secs]88.890: [scrub symbol table, 0.0129024 secs]88.903: [scrub string table, 0.0009266 secs][1 CMS-remark: 61362K(68288K)] 83747K(99008K), 0.0522728 secs] [Times: user=0.10 sys=0.00, real=0.05 secs] 
<writer thread='11267'/>
88.904: [CMS-concurrent-sweep-start]
<writer thread='11779'/>
88.938: [GC (Allocation Failure) 88.939: [ParNew: 30720K-&gt;3391K(30720K), 0.0170755 secs] 87036K-&gt;62564K(99008K), 0.0175086 secs] [Times: user=0.04 sys=0.00, real=0.02 secs] 
89.039: [GC (Allocation Failure) 89.039: [ParNew: 30719K-&gt;3391K(30720K), 0.0128011 secs] 88082K-&gt;63041K(99008K), 0.0130500 secs] [Times: user=0.03 sys=0.00, real=0.02 secs] 
<writer thread='11267'/>
89.081: [CMS-concurrent-sweep: 0.132/0.177 secs] [Times: user=0.53 sys=0.05, real=0.18 secs] 
89.083: [CMS-concurrent-reset-start]
89.083: [CMS-concurrent-reset: 0.000/0.000 secs] [Times: user=0.00 sys=0.00, real=0.00 secs] 
<writer thread='11779'/>
89.123: [GC (Allocation Failure) 89.123: [ParNew: 30719K-&gt;3392K(30720K), 0.0121861 secs] 84050K-&gt;59418K(99008K), 0.0124451 secs] [Times: user=0.04 sys=0.00, real=0.01 secs] 
89.138: [GC (CMS Initial Mark) [1 CMS-initial-mark: 56026K(68288K)] 59595K(99008K), 0.0047649 secs] [Times: user=0.02 sys=0.00, real=0.01 secs] 
<writer thread='11267'/>
89.155: [CMS-concurrent-mark-start]
<writer thread='11779'/>
89.197: [GC (Allocation Failure) 89.197: [ParNew: 30720K-&gt;3391K(30720K), 0.0162614 secs] 86746K-&gt;62104K(99008K), 0.0164691 secs] [Times: user=0.03 sys=0.00, real=0.02 secs] 
89.320: [GC (Allocation Failure) 89.320: [ParNew: 30706K-&gt;3392K(30720K), 0.0133457 secs] 89418K-&gt;65150K(99008K), 0.0135593 secs] [Times: user=0.04 sys=0.00, real=0.02 secs] 
89.421: [GC (Allocation Failure) 89.421: [ParNew: 30720K-&gt;3391K(30720K), 0.0109422 secs] 92478K-&gt;67594K(99008K), 0.0111458 secs] [Times: user=0.02 sys=0.00, real=0.01 secs] 
<writer thread='11267'/>
89.509: [CMS-concurrent-mark: 0.308/0.353 secs] [Times: user=1.01 sys=0.12, real=0.35 secs] 
89.510: [CMS-concurrent-preclean-start]
89.515: [CMS-concurrent-preclean: 0.004/0.004 secs] [Times: user=0.02 sys=0.00, real=0.01 secs] 
89.517: [CMS-concurrent-abortable-preclean-start]
<writer thread='11779'/>
89.520: [GC (Allocation Failure) 89.520: [ParNew: 30719K-&gt;3392K(30720K), 0.0111691 secs] 94922K-&gt;70345K(99008K), 0.0113980 secs] [Times: user=0.02 sys=0.00, real=0.02 secs] 
<writer thread='11267'/>
89.541: [CMS-concurrent-abortable-preclean: 0.011/0.024 secs] [Times: user=0.06 sys=0.01, real=0.03 secs] 
<writer thread='11779'/>
89.542: [GC (CMS Final Remark) [YG occupancy: 6680 K (30720 K)]89.542: [Rescan (parallel) , 0.0037147 secs]89.546: [weak refs processing, 0.0043856 secs]89.550: [class unloading, 0.0227070 secs]89.573: [scrub symbol table, 0.0112957 secs]89.584: [scrub string table, 0.0009843 secs][1 CMS-remark: 66953K(68288K)] 73634K(99008K), 0.0434389 secs] [Times: user=0.08 sys=0.00, real=0.04 secs] 
<writer thread='11267'/>
89.585: [CMS-concurrent-sweep-start]
89.638: [CMS-concurrent-sweep: 0.052/0.052 secs] [Times: user=0.15 sys=0.01, real=0.05 secs] 
89.638: [CMS-concurrent-reset-start]
89.638: [CMS-concurrent-reset: 0.000/0.000 secs] [Times: user=0.00 sys=0.00, real=0.00 secs] 
<writer thread='11779'/>
89.654: [GC (Allocation Failure) 89.654: [ParNew: 30720K-&gt;3392K(30720K), 0.0114362 secs] 81010K-&gt;55942K(99008K), 0.0120000 secs] [Times: user=0.02 sys=0.00, real=0.01 secs] 
89.671: [GC (CMS Initial Mark) [1 CMS-initial-mark: 52550K(68288K)] 56605K(99008K), 0.0059645 secs] [Times: user=0.01 sys=0.00, real=0.00 secs] 
<writer thread='11267'/>
89.677: [CMS-concurrent-mark-start]
89.780: [CMS-concurrent-mark: 0.102/0.102 secs] [Times: user=0.21 sys=0.00, real=0.10 secs] 
89.780: [CMS-concurrent-preclean-start]
89.781: [CMS-concurrent-preclean: 0.001/0.001 secs] [Times: user=0.00 sys=0.00, real=0.01 secs] 
<writer thread='11779'/>
89.782: [GC (CMS Final Remark) [YG occupancy: 4157 K (30720 K)]89.783: [Rescan (parallel) , 0.0037515 secs]89.787: [weak refs processing, 0.0034147 secs]89.791: [class unloading, 0.0207524 secs]89.811: [scrub symbol table, 0.0133887 secs]89.825: [scrub string table, 0.0016064 secs][1 CMS-remark: 52550K(68288K)] 56707K(99008K), 0.0441544 secs] [Times: user=0.11 sys=0.00, real=0.04 secs] 
<writer thread='11267'/>
89.827: [CMS-concurrent-sweep-start]
<writer thread='11779'/>
89.898: [GC (Allocation Failure) 89.898: [ParNew: 30706K-&gt;3391K(30720K), 0.0132619 secs] 83256K-&gt;59020K(99008K), 0.0135926 secs] [Times: user=0.02 sys=0.00, real=0.02 secs] 
<writer thread='11267'/>
90.022: [CMS-concurrent-sweep: 0.180/0.195 secs] [Times: user=0.57 sys=0.04, real=0.20 secs] 
90.023: [CMS-concurrent-reset-start]
90.024: [CMS-concurrent-reset: 0.000/0.000 secs] [Times: user=0.00 sys=0.01, real=0.00 secs] 
<writer thread='11779'/>
90.031: [GC (Allocation Failure) 90.031: [ParNew: 30719K-&gt;3392K(30720K), 0.0129889 secs] 71867K-&gt;47944K(99008K), 0.0132392 secs] [Times: user=0.04 sys=0.00, real=0.01 secs] 
90.103: [GC (Allocation Failure) 90.103: [ParNew: 30682K-&gt;3392K(30720K), 0.0200170 secs] 75234K-&gt;51400K(99008K), 0.0203353 secs] [Times: user=0.06 sys=0.00, real=0.02 secs] 
90.125: [GC (CMS Initial Mark) [1 CMS-initial-mark: 48008K(68288K)] 51589K(99008K), 0.0037672 secs] [Times: user=0.01 sys=0.00, real=0.00 secs] 
<writer thread='11267'/>
90.129: [CMS-concurrent-mark-start]
<writer thread='11779'/>
90.198: [GC (Allocation Failure) 90.198: [ParNew: 30720K-&gt;3392K(30720K), 0.0216245 secs] 78728K-&gt;54966K(99008K), 0.0218371 secs] [Times: user=0.07 sys=0.00, real=0.02 secs] 
90.277: [GC (Allocation Failure) 90.277: [ParNew: 30720K-&gt;3392K(30720K), 0.0218968 secs] 82294K-&gt;57950K(99008K), 0.0221024 secs] [Times: user=0.06 sys=0.00, real=0.02 secs] 
90.381: [GC (Allocation Failure) 90.381: [ParNew: 30720K-&gt;3392K(30720K), 0.0149563 secs] 85278K-&gt;61206K(99008K), 0.0151631 secs] [Times: user=0.04 sys=0.00, real=0.01 secs] 
<writer thread='11267'/>
90.444: [CMS-concurrent-mark: 0.218/0.315 secs] [Times: user=0.93 sys=0.08, real=0.32 secs] 
90.444: [CMS-concurrent-preclean-start]
90.447: [CMS-concurrent-preclean: 0.002/0.002 secs] [Times: user=0.00 sys=0.00, real=0.00 secs] 
90.447: [CMS-concurrent-abortable-preclean-start]
<writer thread='11779'/>
90.497: [GC (Allocation Failure) 90.497: [ParNew: 30720K-&gt;3392K(30720K), 0.0141442 secs] 88534K-&gt;64803K(99008K), 0.0143709 secs] [Times: user=0.02 sys=0.00, real=0.02 secs] 
90.568: [GC (Allocation Failure) 90.568: [ParNew: 30720K-&gt;3391K(30720K), 0.0157736 secs] 92131K-&gt;67110K(99008K), 0.0159753 secs] [Times: user=0.04 sys=0.01, real=0.02 secs] 
<writer thread='11267'/>
90.605: [CMS-concurrent-abortable-preclean: 0.116/0.158 secs] [Times: user=0.43 sys=0.05, real=0.16 secs] 
<writer thread='11779'/>
90.606: [GC (CMS Final Remark) [YG occupancy: 7004 K (30720 K)]90.606: [Rescan (parallel) , 0.0037148 secs]90.610: [weak refs processing, 0.0022557 secs]90.612: [class unloading, 0.0158265 secs]90.628: [scrub symbol table, 0.0100757 secs]90.638: [scrub string table, 0.0009337 secs][1 CMS-remark: 63718K(68288K)] 70723K(99008K), 0.0331605 secs] [Times: user=0.04 sys=0.00, real=0.03 secs] 
<writer thread='11267'/>
90.639: [CMS-concurrent-sweep-start]
90.687: [CMS-concurrent-sweep: 0.048/0.048 secs] [Times: user=0.15 sys=0.01, real=0.05 secs] 
90.687: [CMS-concurrent-reset-start]
90.687: [CMS-concurrent-reset: 0.000/0.000 secs] [Times: user=0.00 sys=0.00, real=0.00 secs] 
<writer thread='11779'/>
90.732: [GC (Allocation Failure) 90.732: [ParNew: 30719K-&gt;3392K(30720K), 0.0140216 secs] 84041K-&gt;59139K(99008K), 0.0142446 secs] [Times: user=0.03 sys=0.00, real=0.01 secs] 
90.785: [GC (CMS Initial Mark) [1 CMS-initial-mark: 55747K(68288K)] 72136K(99008K), 0.0114673 secs] [Times: user=0.03 sys=0.00, real=0.01 secs] 
<writer thread='11267'/>
90.799: [CMS-concurrent-mark-start]
90.908: [CMS-concurrent-mark: 0.109/0.109 secs] [Times: user=0.24 sys=0.01, real=0.11 secs] 
90.908: [CMS-concurrent-preclean-start]
90.911: [CMS-concurrent-preclean: 0.002/0.002 secs] [Times: user=0.00 sys=0.00, real=0.01 secs] 
90.911: [CMS-concurrent-abortable-preclean-start]
<writer thread='11779'/>
90.963: [GC (Allocation Failure) 90.963: [ParNew: 30720K-&gt;3392K(30720K), 0.0147660 secs] 86467K-&gt;61635K(99008K), 0.0149786 secs] [Times: user=0.04 sys=0.00, real=0.01 secs] 
91.045: [GC (Allocation Failure) 91.045: [ParNew: 30720K-&gt;3392K(30720K), 0.0119781 secs] 88963K-&gt;64294K(99008K), 0.0122077 secs] [Times: user=0.02 sys=0.00, real=0.01 secs] 
<writer thread='11267'/>
91.101: [CMS-concurrent-abortable-preclean: 0.126/0.191 secs] [Times: user=0.49 sys=0.06, real=0.19 secs] 
<writer thread='11779'/>
91.102: [GC (CMS Final Remark) [YG occupancy: 19583 K (30720 K)]91.102: [Rescan (parallel) , 0.0083733 secs]91.111: [weak refs processing, 0.0068781 secs]91.118: [class unloading, 0.0177385 secs]91.136: [scrub symbol table, 0.0113208 secs]91.147: [scrub string table, 0.0008985 secs][1 CMS-remark: 60902K(68288K)] 80485K(99008K), 0.0456650 secs] [Times: user=0.06 sys=0.00, real=0.04 secs] 
<writer thread='11267'/>
91.148: [CMS-concurrent-sweep-start]
<writer thread='11779'/>
91.204: [GC (Allocation Failure) 91.205: [ParNew: 30720K-&gt;3391K(30720K), 0.0114939 secs] 83851K-&gt;59120K(99008K), 0.0117122 secs] [Times: user=0.03 sys=0.00, real=0.01 secs] 
91.284: [GC (Allocation Failure) 91.284: [ParNew: 30719K-&gt;3392K(30720K), 0.0139927 secs] 86409K-&gt;61876K(99008K), 0.0142921 secs] [Times: user=0.05 sys=0.00, real=0.01 secs] 
<writer thread='11267'/>
91.351: [CMS-concurrent-sweep: 0.164/0.203 secs] [Times: user=0.56 sys=0.06, real=0.21 secs] 
91.351: [CMS-concurrent-reset-start]
91.351: [CMS-concurrent-reset: 0.000/0.000 secs] [Times: user=0.00 sys=0.00, real=0.00 secs] 
<writer thread='11779'/>
91.368: [GC (Allocation Failure) 91.368: [ParNew: 30720K-&gt;3392K(30720K), 0.0113107 secs] 81449K-&gt;56791K(99008K), 0.0115536 secs] [Times: user=0.03 sys=0.00, real=0.01 secs] 
91.381: [GC (CMS Initial Mark) [1 CMS-initial-mark: 53399K(68288K)] 56795K(99008K), 0.0034631 secs] [Times: user=0.01 sys=0.00, real=0.00 secs] 
<writer thread='11267'/>
91.385: [CMS-concurrent-mark-start]
<writer thread='11779'/>
91.459: [GC (Allocation Failure) 91.459: [ParNew: 30720K-&gt;3391K(30720K), 0.0203659 secs] 84119K-&gt;60103K(99008K), 0.0205819 secs] [Times: user=0.06 sys=0.00, real=0.02 secs] 
91.583: [GC (Allocation Failure) 91.583: [ParNew: 30719K-&gt;3391K(30720K), 0.0129914 secs] 87431K-&gt;62478K(99008K), 0.0132218 secs] [Times: user=0.04 sys=0.00, real=0.01 secs] 
91.685: [GC (Allocation Failure) 91.685: [ParNew: 30719K-&gt;3392K(30720K), 0.0125658 secs] 89806K-&gt;65402K(99008K), 0.0127983 secs] [Times: user=0.03 sys=0.00, real=0.01 secs] 
91.772: [GC (Allocation Failure) 91.772: [ParNew: 30720K-&gt;3392K(30720K), 0.0133318 secs] 92730K-&gt;68011K(99008K), 0.0135388 secs] [Times: user=0.04 sys=0.00, real=0.01 secs] 
91.856: [GC (Allocation Failure) 91.857: [ParNew: 30719K-&gt;3392K(30720K), 0.0153306 secs] 95338K-&gt;70643K(99008K), 0.0158186 secs] [Times: user=0.04 sys=0.00, real=0.02 secs] 
<writer thread='11267'/>
91.874: [CMS-concurrent-mark: 0.407/0.489 secs] [Times: user=1.40 sys=0.15, real=0.49 secs] 
91.874: [CMS-concurrent-preclean-start]
91.882: [CMS-concurrent-preclean: 0.008/0.008 secs] [Times: user=0.03 sys=0.01, real=0.01 secs] 
<writer thread='11779'/>
91.883: [GC (CMS Final Remark) [YG occupancy: 4774 K (30720 K)]91.883: [Rescan (parallel) , 0.0025733 secs]91.886: [weak refs processing, 0.0010847 secs]91.887: [class unloading, 0.0174472 secs]91.905: [scrub symbol table, 0.0119418 secs]91.917: [scrub string table, 0.0008623 secs][1 CMS-remark: 67251K(68288K)] 72026K(99008K), 0.0342528 secs] [Times: user=0.06 sys=0.00, real=0.03 secs] 
<writer thread='11267'/>
91.918: [CMS-concurrent-sweep-start]
91.984: [CMS-concurrent-sweep: 0.066/0.066 secs] [Times: user=0.15 sys=0.01, real=0.07 secs] 
91.984: [CMS-concurrent-reset-start]
91.984: [CMS-concurrent-reset: 0.000/0.000 secs] [Times: user=0.00 sys=0.00, real=0.00 secs] 
<writer thread='11779'/>
92.103: [GC (Allocation Failure) 92.103: [ParNew: 30720K-&gt;3391K(30720K), 0.0099290 secs] 82144K-&gt;57307K(99008K), 0.0101925 secs] [Times: user=0.02 sys=0.00, real=0.01 secs] 
92.114: [GC (CMS Initial Mark) [1 CMS-initial-mark: 53915K(68288K)] 57388K(99008K), 0.0028627 secs] [Times: user=0.01 sys=0.00, real=0.00 secs] 
<writer thread='11267'/>
92.118: [CMS-concurrent-mark-start]
<writer thread='11779'/>
92.192: [GC (Allocation Failure) 92.192: [ParNew: 30719K-&gt;3392K(30720K), 0.0121594 secs] 84635K-&gt;59902K(99008K), 0.0124056 secs] [Times: user=0.02 sys=0.00, real=0.01 secs] 
92.306: [GC (Allocation Failure) 92.306: [ParNew: 30720K-&gt;3391K(30720K), 0.0106087 secs] 87230K-&gt;62469K(99008K), 0.0108374 secs] [Times: user=0.02 sys=0.00, real=0.01 secs] 
92.406: [GC (Allocation Failure) 92.406: [ParNew: 30719K-&gt;3392K(30720K), 0.0119575 secs] 89797K-&gt;65183K(99008K), 0.0121737 secs] [Times: user=0.04 sys=0.00, real=0.01 secs] 
<writer thread='11267'/>
92.480: [CMS-concurrent-mark: 0.293/0.362 secs] [Times: user=1.03 sys=0.10, real=0.36 secs] 
92.481: [CMS-concurrent-preclean-start]
92.484: [CMS-concurrent-preclean: 0.003/0.004 secs] [Times: user=0.00 sys=0.00, real=0.01 secs] 
92.484: [CMS-concurrent-abortable-preclean-start]
<writer thread='11779'/>
92.515: [GC (Allocation Failure) 92.516: [ParNew: 30713K-&gt;3392K(30720K), 0.0117597 secs] 92504K-&gt;68464K(99008K), 0.0122389 secs] [Times: user=0.03 sys=0.00, real=0.01 secs] 
<writer thread='11267'/>
92.544: [CMS-concurrent-abortable-preclean: 0.046/0.060 secs] [Times: user=0.16 sys=0.01, real=0.06 secs] 
<writer thread='11779'/>
92.545: [GC (CMS Final Remark) [YG occupancy: 7976 K (30720 K)]92.545: [Rescan (parallel) , 0.0044625 secs]92.550: [weak refs processing, 0.0029778 secs]92.553: [class unloading, 0.0180687 secs]92.571: [scrub symbol table, 0.0107605 secs]92.582: [scrub string table, 0.0007951 secs][1 CMS-remark: 65072K(68288K)] 73048K(99008K), 0.0374588 secs] [Times: user=0.04 sys=0.01, real=0.04 secs] 
<writer thread='11267'/>
92.583: [CMS-concurrent-sweep-start]
<writer thread='11779'/>
92.665: [GC (Allocation Failure) 92.665: [ParNew: 30720K-&gt;30720K(30720K), 0.0000435 secs]92.665: [CMS
<writer thread='11267'/>
92.691: [CMS-concurrent-sweep: 0.105/0.108 secs] [Times: user=0.23 sys=0.02, real=0.11 secs] 
<writer thread='11779'/>
 (concurrent mode failure): 65072K-&gt;42353K(68288K), 0.2247381 secs] 95792K-&gt;42353K(99008K), [Metaspace: 60930K-&gt;60930K(1105920K)], 0.2250458 secs] [Times: user=0.23 sys=0.01, real=0.22 secs] 
93.007: [GC (Allocation Failure) 93.007: [ParNew: 27328K-&gt;3392K(30720K), 0.0189567 secs] 69681K-&gt;47691K(99008K), 0.0192037 secs] [Times: user=0.04 sys=0.00, real=0.02 secs] 
93.238: [GC (Allocation Failure) 93.238: [ParNew: 30720K-&gt;3391K(30720K), 0.0113867 secs] 75019K-&gt;49971K(99008K), 0.0116307 secs] [Times: user=0.03 sys=0.00, real=0.01 secs] 
93.350: [GC (Allocation Failure) 93.350: [ParNew: 30719K-&gt;3392K(30720K), 0.0108320 secs] 77299K-&gt;51771K(99008K), 0.0110332 secs] [Times: user=0.03 sys=0.00, real=0.02 secs] 
93.465: [GC (Allocation Failure) 93.465: [ParNew: 30720K-&gt;3391K(30720K), 0.0138039 secs] 79099K-&gt;54121K(99008K), 0.0140076 secs] [Times: user=0.05 sys=0.00, real=0.01 secs] 
93.695: [Full GC (System.gc()) 93.695: [CMS: 50729K-&gt;40400K(68288K), 0.1999082 secs] 79909K-&gt;40400K(99008K), [Metaspace: 60935K-&gt;60935K(1105920K)], 0.2001208 secs] [Times: user=0.20 sys=0.00, real=0.20 secs] 
94.073: [GC (Allocation Failure) 94.073: [ParNew: 27328K-&gt;1763K(30720K), 0.0050557 secs] 67728K-&gt;42164K(99008K), 0.0052385 secs] [Times: user=0.02 sys=0.00, real=0.00 secs] 
94.152: [GC (Allocation Failure) 94.152: [ParNew: 29091K-&gt;1269K(30720K), 0.0116088 secs] 69492K-&gt;43477K(99008K), 0.0117952 secs] [Times: user=0.04 sys=0.01, real=0.01 secs] 
94.257: [GC (Allocation Failure) 94.257: [ParNew: 28597K-&gt;536K(30720K), 0.0037642 secs] 70805K-&gt;42744K(99008K), 0.0039333 secs] [Times: user=0.01 sys=0.00, real=0.01 secs] 
94.339: [GC (Allocation Failure) 94.339: [ParNew: 27864K-&gt;767K(30720K), 0.0029573 secs] 70072K-&gt;42975K(99008K), 0.0031330 secs] [Times: user=0.01 sys=0.00, real=0.01 secs] 
94.403: [GC (Allocation Failure) 94.403: [ParNew: 28095K-&gt;1076K(30720K), 0.0042928 secs] 70303K-&gt;43284K(99008K), 0.0044567 secs] [Times: user=0.01 sys=0.00, real=0.00 secs] 
94.468: [GC (Allocation Failure) 94.469: [ParNew: 28404K-&gt;1073K(30720K), 0.0049369 secs] 70612K-&gt;43281K(99008K), 0.0051164 secs] [Times: user=0.01 sys=0.00, real=0.01 secs] 
94.535: [GC (Allocation Failure) 94.535: [ParNew: 28401K-&gt;1753K(30720K), 0.0042995 secs] 70609K-&gt;43962K(99008K), 0.0045192 secs] [Times: user=0.01 sys=0.00, real=0.00 secs] 
94.604: [GC (Allocation Failure) 94.604: [ParNew: 29081K-&gt;1578K(30720K), 0.0043618 secs] 71290K-&gt;43970K(99008K), 0.0045645 secs] [Times: user=0.02 sys=0.00, real=0.00 secs] 
94.676: [GC (Allocation Failure) 94.677: [ParNew: 28906K-&gt;1638K(30720K), 0.0056794 secs] 71298K-&gt;44215K(99008K), 0.0058573 secs] [Times: user=0.01 sys=0.00, real=0.01 secs] 
94.752: [GC (Allocation Failure) 94.752: [ParNew: 28966K-&gt;1638K(30720K), 0.0054710 secs] 71543K-&gt;44399K(99008K), 0.0056416 secs] [Times: user=0.01 sys=0.00, real=0.00 secs] 
94.820: [GC (Allocation Failure) 94.820: [ParNew: 28966K-&gt;1640K(30720K), 0.0055088 secs] 71727K-&gt;44584K(99008K), 0.0056971 secs] [Times: user=0.02 sys=0.00, real=0.01 secs] 
94.889: [GC (Allocation Failure) 94.889: [ParNew: 28968K-&gt;1641K(30720K), 0.0041839 secs] 71912K-&gt;44764K(99008K), 0.0043692 secs] [Times: user=0.01 sys=0.00, real=0.01 secs] 
94.955: [GC (Allocation Failure) 94.955: [ParNew: 28969K-&gt;1654K(30720K), 0.0042504 secs] 72092K-&gt;44956K(99008K), 0.0044367 secs] [Times: user=0.01 sys=0.00, real=0.00 secs] 
95.021: [GC (Allocation Failure) 95.021: [ParNew: 28982K-&gt;1921K(30720K), 0.0045401 secs] 72284K-&gt;45401K(99008K), 0.0047160 secs] [Times: user=0.01 sys=0.00, real=0.00 secs] 
95.092: [GC (Allocation Failure) 95.092: [ParNew: 29249K-&gt;1379K(30720K), 0.0042708 secs] 72729K-&gt;45041K(99008K), 0.0044435 secs] [Times: user=0.02 sys=0.00, real=0.00 secs] 
95.159: [GC (Allocation Failure) 95.160: [ParNew: 28707K-&gt;1495K(30720K), 0.0043017 secs] 72369K-&gt;45336K(99008K), 0.0044767 secs] [Times: user=0.01 sys=0.00, real=0.01 secs] 
95.229: [GC (Allocation Failure) 95.229: [ParNew: 28823K-&gt;1887K(30720K), 0.0049279 secs] 72664K-&gt;45914K(99008K), 0.0051037 secs] [Times: user=0.02 sys=0.00, real=0.01 secs] 
95.311: [GC (Allocation Failure) 95.312: [ParNew: 29215K-&gt;1361K(30720K), 0.0064543 secs] 73242K-&gt;45570K(99008K), 0.0066417 secs] [Times: user=0.02 sys=0.00, real=0.00 secs] 
95.426: [GC (Allocation Failure) 95.426: [ParNew: 28689K-&gt;3392K(30720K), 0.0114286 secs] 72898K-&gt;48141K(99008K), 0.0116346 secs] [Times: user=0.03 sys=0.01, real=0.01 secs] 
95.537: [GC (Allocation Failure) 95.537: [ParNew: 30720K-&gt;3392K(30720K), 0.0148349 secs] 75469K-&gt;52196K(99008K), 0.0150666 secs] [Times: user=0.04 sys=0.00, real=0.02 secs] 
95.553: [GC (CMS Initial Mark) [1 CMS-initial-mark: 48804K(68288K)] 52245K(99008K), 0.0027588 secs] [Times: user=0.01 sys=0.00, real=0.00 secs] 
<writer thread='11267'/>
95.556: [CMS-concurrent-mark-start]
<writer thread='11779'/>
95.639: [GC (Allocation Failure) 95.639: [ParNew: 30720K-&gt;3391K(30720K), 0.0121802 secs] 79524K-&gt;54674K(99008K), 0.0123777 secs] [Times: user=0.04 sys=0.00, real=0.02 secs] 
95.730: [GC (Allocation Failure) 95.730: [ParNew: 30719K-&gt;3392K(30720K), 0.0157458 secs] 82002K-&gt;58299K(99008K), 0.0159644 secs] [Times: user=0.04 sys=0.00, real=0.02 secs] 
<writer thread='11267'/>
95.765: [CMS-concurrent-mark: 0.179/0.209 secs] [Times: user=0.60 sys=0.05, real=0.21 secs] 
95.765: [CMS-concurrent-preclean-start]
95.768: [CMS-concurrent-preclean: 0.003/0.003 secs] [Times: user=0.01 sys=0.01, real=0.00 secs] 
95.768: [CMS-concurrent-abortable-preclean-start]
95.810: [CMS-concurrent-abortable-preclean: 0.041/0.042 secs] [Times: user=0.13 sys=0.01, real=0.04 secs] 
<writer thread='11779'/>
95.811: [GC (CMS Final Remark) [YG occupancy: 23618 K (30720 K)]95.811: [Rescan (parallel) , 0.0082099 secs]95.819: [weak refs processing, 0.0003885 secs]95.820: [class unloading, 0.0209833 secs]95.841: [scrub symbol table, 0.0110295 secs]95.852: [scrub string table, 0.0008675 secs][1 CMS-remark: 54907K(68288K)] 78525K(99008K), 0.0417956 secs] [Times: user=0.06 sys=0.00, real=0.04 secs] 
<writer thread='11267'/>
95.853: [CMS-concurrent-sweep-start]
<writer thread='11779'/>
95.872: [GC (Allocation Failure) 95.872: [ParNew: 30720K-&gt;3391K(30720K), 0.0113466 secs] 85625K-&gt;60461K(99008K), 0.0115803 secs] [Times: user=0.03 sys=0.00, real=0.01 secs] 
<writer thread='11267'/>
95.951: [CMS-concurrent-sweep: 0.083/0.097 secs] [Times: user=0.33 sys=0.03, real=0.10 secs] 
95.956: [CMS-concurrent-reset-start]
95.960: [CMS-concurrent-reset: 0.001/0.001 secs] [Times: user=0.02 sys=0.01, real=0.01 secs] 
<writer thread='11779'/>
95.967: [GC (Allocation Failure) 95.968: [ParNew: 30719K-&gt;3392K(30720K), 0.0135144 secs] 75854K-&gt;51379K(99008K), 0.0137321 secs] [Times: user=0.03 sys=0.00, real=0.02 secs] 
96.047: [GC (Allocation Failure) 96.048: [ParNew: 30720K-&gt;3391K(30720K), 0.0143798 secs] 78707K-&gt;53602K(99008K), 0.0146000 secs] [Times: user=0.03 sys=0.00, real=0.02 secs] 
96.065: [GC (CMS Initial Mark) [1 CMS-initial-mark: 50210K(68288K)] 54026K(99008K), 0.0035762 secs] [Times: user=0.01 sys=0.00, real=0.00 secs] 
<writer thread='11267'/>
96.069: [CMS-concurrent-mark-start]
<writer thread='11779'/>
96.137: [GC (Allocation Failure) 96.137: [ParNew: 30719K-&gt;3391K(30720K), 0.0144243 secs] 80930K-&gt;56135K(99008K), 0.0146405 secs] [Times: user=0.03 sys=0.00, real=0.02 secs] 
96.216: [GC (Allocation Failure) 96.216: [ParNew: 30715K-&gt;3392K(30720K), 0.0137263 secs] 83459K-&gt;57976K(99008K), 0.0139527 secs] [Times: user=0.03 sys=0.00, real=0.01 secs] 
<writer thread='11267'/>
96.271: [CMS-concurrent-mark: 0.171/0.202 secs] [Times: user=0.62 sys=0.06, real=0.21 secs] 
96.272: [CMS-concurrent-preclean-start]
96.276: [CMS-concurrent-preclean: 0.004/0.004 secs] [Times: user=0.01 sys=0.00, real=0.00 secs] 
96.276: [CMS-concurrent-abortable-preclean-start]
<writer thread='11779'/>
96.419: [GC (Allocation Failure) 96.419: [ParNew: 30720K-&gt;3392K(30720K), 0.0145883 secs] 85304K-&gt;60178K(99008K), 0.0148388 secs] [Times: user=0.04 sys=0.01, real=0.02 secs] 
96.484: [GC (Allocation Failure) 96.485: [ParNew: 30720K-&gt;3391K(30720K), 0.0148078 secs] 87506K-&gt;63117K(99008K), 0.0150427 secs] [Times: user=0.04 sys=0.00, real=0.01 secs] 
<writer thread='11267'/>
96.513: [CMS-concurrent-abortable-preclean: 0.101/0.237 secs] [Times: user=0.63 sys=0.05, real=0.24 secs] 
<writer thread='11779'/>
96.514: [GC (CMS Final Remark) [YG occupancy: 8116 K (30720 K)]96.514: [Rescan (parallel) , 0.0041189 secs]96.519: [weak refs processing, 0.0024665 secs]96.521: [class unloading, 0.0184746 secs]96.540: [scrub symbol table, 0.0121371 secs]96.552: [scrub string table, 0.0011851 secs][1 CMS-remark: 59725K(68288K)] 67841K(99008K), 0.0387316 secs] [Times: user=0.09 sys=0.00, real=0.04 secs] 
<writer thread='11267'/>
96.554: [CMS-concurrent-sweep-start]
<writer thread='11779'/>
96.593: [GC (Allocation Failure) 96.593: [ParNew: 30719K-&gt;3392K(30720K), 0.0126741 secs] 90445K-&gt;65369K(99008K), 0.0129222 secs] [Times: user=0.03 sys=0.00, real=0.01 secs] 
96.662: [GC (Allocation Failure) 96.662: [ParNew: 30720K-&gt;3392K(30720K), 0.0161609 secs] 92696K-&gt;67974K(99008K), 0.0163754 secs] [Times: user=0.04 sys=0.00, real=0.01 secs] 
96.733: [GC (Allocation Failure) 96.733: [ParNew (promotion failed): 30720K-&gt;30719K(30720K), 0.0202669 secs]96.753: [CMS
<writer thread='11267'/>
96.779: [CMS-concurrent-sweep: 0.166/0.224 secs] [Times: user=0.65 sys=0.06, real=0.22 secs] 
<writer thread='11779'/>
 (concurrent mode failure): 66534K-&gt;42061K(68288K), 0.2473062 secs] 95302K-&gt;42061K(99008K), [Metaspace: 60940K-&gt;60940K(1105920K)], 0.2678732 secs] [Times: user=0.31 sys=0.01, real=0.27 secs] 
97.063: [GC (Allocation Failure) 97.063: [ParNew: 27328K-&gt;3391K(30720K), 0.0113860 secs] 69389K-&gt;47799K(99008K), 0.0116074 secs] [Times: user=0.02 sys=0.00, real=0.01 secs] 
97.130: [GC (Allocation Failure) 97.130: [ParNew: 30719K-&gt;3392K(30720K), 0.0125788 secs] 75127K-&gt;51290K(99008K), 0.0127740 secs] [Times: user=0.03 sys=0.00, real=0.02 secs] 
97.224: [GC (Allocation Failure) 97.224: [ParNew: 30720K-&gt;3392K(30720K), 0.0208829 secs] 78618K-&gt;55066K(99008K), 0.0211057 secs] [Times: user=0.05 sys=0.00, real=0.02 secs] 
97.255: [GC (CMS Initial Mark) [1 CMS-initial-mark: 51674K(68288K)] 58860K(99008K), 0.0041744 secs] [Times: user=0.02 sys=0.00, real=0.00 secs] 
<writer thread='11267'/>
97.259: [CMS-concurrent-mark-start]
<writer thread='11779'/>
97.322: [GC (Allocation Failure) 97.322: [ParNew: 30720K-&gt;3392K(30720K), 0.0115784 secs] 82394K-&gt;57625K(99008K), 0.0118153 secs] [Times: user=0.03 sys=0.00, real=0.01 secs] 
<writer thread='11267'/>
97.399: [CMS-concurrent-mark: 0.127/0.140 secs] [Times: user=0.45 sys=0.06, real=0.14 secs] 
97.399: [CMS-concurrent-preclean-start]
97.404: [CMS-concurrent-preclean: 0.004/0.004 secs] [Times: user=0.03 sys=0.00, real=0.01 secs] 
97.411: [CMS-concurrent-abortable-preclean-start]
<writer thread='11779'/>
97.422: [GC (Allocation Failure) 97.422: [ParNew: 30720K-&gt;3391K(30720K), 0.0183989 secs] 84953K-&gt;60543K(99008K), 0.0186092 secs] [Times: user=0.04 sys=0.00, real=0.01 secs] 
<writer thread='11267'/>
97.480: [CMS-concurrent-abortable-preclean: 0.045/0.069 secs] [Times: user=0.20 sys=0.02, real=0.06 secs] 
<writer thread='11779'/>
97.481: [GC (CMS Final Remark) [YG occupancy: 19070 K (30720 K)]97.481: [Rescan (parallel) , 0.0073632 secs]97.489: [weak refs processing, 0.0017358 secs]97.490: [class unloading, 0.0186657 secs]97.509: [scrub symbol table, 0.0119137 secs]97.521: [scrub string table, 0.0008380 secs][1 CMS-remark: 57151K(68288K)] 76221K(99008K), 0.0408463 secs] [Times: user=0.07 sys=0.00, real=0.04 secs] 
<writer thread='11267'/>
97.522: [CMS-concurrent-sweep-start]
<writer thread='11779'/>
97.564: [GC (Allocation Failure) 97.564: [ParNew: 30719K-&gt;3392K(30720K), 0.0109263 secs] 76639K-&gt;51732K(99008K), 0.0111315 secs] [Times: user=0.03 sys=0.00, real=0.01 secs] 
<writer thread='11267'/>
97.580: [CMS-concurrent-sweep: 0.046/0.058 secs] [Times: user=0.19 sys=0.01, real=0.05 secs] 
97.580: [CMS-concurrent-reset-start]
97.580: [CMS-concurrent-reset: 0.000/0.000 secs] [Times: user=0.00 sys=0.00, real=0.00 secs] 
<writer thread='11779'/>
97.644: [GC (Allocation Failure) 97.645: [ParNew: 30720K-&gt;3392K(30720K), 0.0109871 secs] 76422K-&gt;51623K(99008K), 0.0111995 secs] [Times: user=0.04 sys=0.00, real=0.01 secs] 
97.717: [GC (Allocation Failure) 97.717: [ParNew: 30720K-&gt;3392K(30720K), 0.0128775 secs] 78951K-&gt;54815K(99008K), 0.0130926 secs] [Times: user=0.03 sys=0.00, real=0.01 secs] 
97.731: [GC (CMS Initial Mark) [1 CMS-initial-mark: 51423K(68288K)] 55017K(99008K), 0.0035403 secs] [Times: user=0.01 sys=0.00, real=0.00 secs] 
<writer thread='11267'/>
97.735: [CMS-concurrent-mark-start]
<writer thread='11779'/>
97.817: [GC (Allocation Failure) 97.819: [ParNew: 30720K-&gt;3392K(30720K), 0.0173182 secs] 82143K-&gt;57765K(99008K), 0.0190871 secs] [Times: user=0.05 sys=0.00, real=0.02 secs] 
97.897: [GC (Allocation Failure) 97.897: [ParNew: 30720K-&gt;3392K(30720K), 0.0199397 secs] 85093K-&gt;61495K(99008K), 0.0201512 secs] [Times: user=0.06 sys=0.00, real=0.02 secs] 
<writer thread='11267'/>
97.951: [CMS-concurrent-mark: 0.174/0.215 secs] [Times: user=0.69 sys=0.06, real=0.22 secs] 
97.952: [CMS-concurrent-preclean-start]
97.956: [CMS-concurrent-preclean: 0.004/0.004 secs] [Times: user=0.01 sys=0.01, real=0.00 secs] 
97.956: [CMS-concurrent-abortable-preclean-start]
<writer thread='11779'/>
97.983: [GC (Allocation Failure) 97.983: [ParNew: 30720K-&gt;3391K(30720K), 0.0133978 secs] 88823K-&gt;64779K(99008K), 0.0136132 secs] [Times: user=0.03 sys=0.00, real=0.01 secs] 
98.093: [GC (Allocation Failure) 98.093: [ParNew: 30719K-&gt;3391K(30720K), 0.0126676 secs] 92107K-&gt;67817K(99008K), 0.0128635 secs] [Times: user=0.04 sys=0.00, real=0.01 secs] 
<writer thread='11267'/>
98.157: [CMS-concurrent-abortable-preclean: 0.076/0.201 secs] [Times: user=0.65 sys=0.06, real=0.20 secs] 
<writer thread='11779'/>
98.158: [GC (CMS Final Remark) [YG occupancy: 22581 K (30720 K)]98.158: [Rescan (parallel) , 0.0086055 secs]98.167: [weak refs processing, 0.0024783 secs]98.169: [class unloading, 0.0167269 secs]98.186: [scrub symbol table, 0.0107670 secs]98.197: [scrub string table, 0.0009577 secs][1 CMS-remark: 64425K(68288K)] 87007K(99008K), 0.0398689 secs] [Times: user=0.10 sys=0.00, real=0.04 secs] 
<writer thread='11267'/>
98.198: [CMS-concurrent-sweep-start]
<writer thread='11779'/>
98.219: [GC (Allocation Failure) 98.219: [ParNew: 30719K-&gt;3392K(30720K), 0.0128648 secs] 95145K-&gt;71213K(99008K), 0.0131275 secs] [Times: user=0.03 sys=0.00, real=0.02 secs] 
98.292: [GC (Allocation Failure) 98.292: [ParNew: 30720K-&gt;3392K(30720K), 0.0123283 secs] 90934K-&gt;66174K(99008K), 0.0125355 secs] [Times: user=0.03 sys=0.00, real=0.01 secs] 
98.367: [GC (Allocation Failure) 98.367: [ParNew: 30720K-&gt;3391K(30720K), 0.0164598 secs] 88229K-&gt;63948K(99008K), 0.0166641 secs] [Times: user=0.04 sys=0.00, real=0.02 secs] 
<writer thread='11267'/>
98.394: [CMS-concurrent-sweep: 0.150/0.196 secs] [Times: user=0.59 sys=0.07, real=0.20 secs] 
98.394: [CMS-concurrent-reset-start]
98.394: [CMS-concurrent-reset: 0.000/0.000 secs] [Times: user=0.00 sys=0.00, real=0.00 secs] 
<writer thread='11779'/>
98.659: [GC (Allocation Failure) 98.659: [ParNew: 30719K-&gt;3391K(30720K), 0.0107516 secs] 90794K-&gt;66204K(99008K), 0.0109581 secs] [Times: user=0.03 sys=0.00, real=0.01 secs] 
98.671: [GC (CMS Initial Mark) [1 CMS-initial-mark: 62812K(68288K)] 66304K(99008K), 0.0027089 secs] [Times: user=0.01 sys=0.01, real=0.00 secs] 
<writer thread='11267'/>
98.674: [CMS-concurrent-mark-start]
<writer thread='11779'/>
98.758: [GC (Allocation Failure) 98.758: [ParNew: 30719K-&gt;3391K(30720K), 0.0109217 secs] 93532K-&gt;69045K(99008K), 0.0111469 secs] [Times: user=0.03 sys=0.00, real=0.01 secs] 
98.836: [GC (Allocation Failure) 98.836: [ParNew: 30719K-&gt;30719K(30720K), 0.0000452 secs]98.836: [CMS
<writer thread='11267'/>
98.851: [CMS-concurrent-mark: 0.161/0.177 secs] [Times: user=0.53 sys=0.05, real=0.18 secs] 
<writer thread='11779'/>
 (concurrent mode failure): 65653K-&gt;44794K(68288K), 0.2294985 secs] 96373K-&gt;44794K(99008K), [Metaspace: 60940K-&gt;60940K(1105920K)], 0.2297563 secs] [Times: user=0.23 sys=0.00, real=0.23 secs] 
99.118: [GC (Allocation Failure) 99.118: [ParNew: 27328K-&gt;3392K(30720K), 0.0127772 secs] 72122K-&gt;50289K(99008K), 0.0130225 secs] [Times: user=0.03 sys=0.00, real=0.02 secs] 
99.209: [GC (Allocation Failure) 99.209: [ParNew: 30720K-&gt;3392K(30720K), 0.0128112 secs] 77617K-&gt;53651K(99008K), 0.0130511 secs] [Times: user=0.04 sys=0.00, real=0.02 secs] 
99.282: [GC (Allocation Failure) 99.282: [ParNew: 30720K-&gt;3392K(30720K), 0.0124627 secs] 80979K-&gt;57313K(99008K), 0.0126780 secs] [Times: user=0.03 sys=0.00, real=0.01 secs] 
99.296: [GC (CMS Initial Mark) [1 CMS-initial-mark: 53921K(68288K)] 57337K(99008K), 0.0027715 secs] [Times: user=0.00 sys=0.00, real=0.00 secs] 
<writer thread='11267'/>
99.299: [CMS-concurrent-mark-start]
<writer thread='11779'/>
99.364: [GC (Allocation Failure) 99.364: [ParNew: 30720K-&gt;3392K(30720K), 0.0110115 secs] 84641K-&gt;59736K(99008K), 0.0112144 secs] [Times: user=0.02 sys=0.00, real=0.01 secs] 
99.460: [GC (Allocation Failure) 99.460: [ParNew: 30720K-&gt;3392K(30720K), 0.0129259 secs] 87064K-&gt;62689K(99008K), 0.0131279 secs] [Times: user=0.03 sys=0.00, real=0.02 secs] 
<writer thread='11267'/>
99.537: [CMS-concurrent-mark: 0.177/0.238 secs] [Times: user=0.77 sys=0.08, real=0.24 secs] 
99.537: [CMS-concurrent-preclean-start]
99.540: [CMS-concurrent-preclean: 0.003/0.003 secs] [Times: user=0.01 sys=0.00, real=0.00 secs] 
99.540: [CMS-concurrent-abortable-preclean-start]
<writer thread='11779'/>
99.550: [GC (Allocation Failure) 99.550: [ParNew: 30720K-&gt;3392K(30720K), 0.0147825 secs] 90017K-&gt;65974K(99008K), 0.0150300 secs] [Times: user=0.03 sys=0.00, real=0.02 secs] 
99.624: [GC (Allocation Failure) 99.625: [ParNew: 30720K-&gt;3392K(30720K), 0.0103278 secs] 93302K-&gt;68610K(99008K), 0.0107086 secs] [Times: user=0.01 sys=0.00, real=0.01 secs] 
99.689: [GC (Allocation Failure) 99.690: [ParNew: 30720K-&gt;30720K(30720K), 0.0000482 secs]99.690: [CMS
<writer thread='11267'/>
99.693: [CMS-concurrent-abortable-preclean: 0.119/0.153 secs] [Times: user=0.43 sys=0.07, real=0.16 secs] 
<writer thread='11779'/>
 (concurrent mode failure): 65218K-&gt;43383K(68288K), 0.2074744 secs] 95938K-&gt;43383K(99008K), [Metaspace: 60940K-&gt;60940K(1105920K)], 0.2077704 secs] [Times: user=0.21 sys=0.00, real=0.21 secs] 
99.962: [GC (Allocation Failure) 99.962: [ParNew: 27328K-&gt;3392K(30720K), 0.0108889 secs] 70711K-&gt;48815K(99008K), 0.0110931 secs] [Times: user=0.02 sys=0.00, real=0.01 secs] 
100.031: [GC (Allocation Failure) 100.031: [ParNew: 30720K-&gt;3392K(30720K), 0.0109902 secs] 76143K-&gt;51179K(99008K), 0.0112283 secs] [Times: user=0.02 sys=0.00, real=0.02 secs] 
100.107: [GC (Allocation Failure) 100.107: [ParNew: 30720K-&gt;3391K(30720K), 0.0120655 secs] 78507K-&gt;53746K(99008K), 0.0122788 secs] [Times: user=0.03 sys=0.00, real=0.01 secs] 
100.120: [GC (CMS Initial Mark) [1 CMS-initial-mark: 50354K(68288K)] 53827K(99008K), 0.0027481 secs] [Times: user=0.01 sys=0.00, real=0.01 secs] 
<writer thread='11267'/>
100.123: [CMS-concurrent-mark-start]
<writer thread='11779'/>
100.208: [GC (Allocation Failure) 100.208: [ParNew: 30719K-&gt;3392K(30720K), 0.0127186 secs] 81074K-&gt;56234K(99008K), 0.0129278 secs] [Times: user=0.04 sys=0.00, real=0.02 secs] 
<writer thread='11267'/>
100.254: [CMS-concurrent-mark: 0.117/0.131 secs] [Times: user=0.44 sys=0.04, real=0.13 secs] 
100.254: [CMS-concurrent-preclean-start]
100.257: [CMS-concurrent-preclean: 0.003/0.003 secs] [Times: user=0.00 sys=0.00, real=0.00 secs] 
100.257: [CMS-concurrent-abortable-preclean-start]
<writer thread='11779'/>
100.291: [GC (Allocation Failure) 100.291: [ParNew: 30720K-&gt;3392K(30720K), 0.0164290 secs] 83562K-&gt;58789K(99008K), 0.0166328 secs] [Times: user=0.05 sys=0.00, real=0.01 secs] 
100.360: [GC (Allocation Failure) 100.360: [ParNew: 30720K-&gt;3392K(30720K), 0.0141338 secs] 86117K-&gt;61801K(99008K), 0.0143373 secs] [Times: user=0.04 sys=0.00, real=0.02 secs] 
<writer thread='11267'/>
100.402: [CMS-concurrent-abortable-preclean: 0.098/0.145 secs] [Times: user=0.47 sys=0.05, real=0.15 secs] 
<writer thread='11779'/>
100.403: [GC (CMS Final Remark) [YG occupancy: 17670 K (30720 K)]100.403: [Rescan (parallel) , 0.0093918 secs]100.412: [weak refs processing, 0.0006787 secs]100.413: [class unloading, 0.0166669 secs]100.430: [scrub symbol table, 0.0100803 secs]100.440: [scrub string table, 0.0009978 secs][1 CMS-remark: 58409K(68288K)] 76080K(99008K), 0.0381410 secs] [Times: user=0.09 sys=0.00, real=0.03 secs] 
<writer thread='11267'/>
100.441: [CMS-concurrent-sweep-start]
<writer thread='11779'/>
100.475: [GC (Allocation Failure) 100.476: [ParNew: 30720K-&gt;3392K(30720K), 0.0141871 secs] 82474K-&gt;57959K(99008K), 0.0144051 secs] [Times: user=0.05 sys=0.00, real=0.01 secs] 
100.556: [GC (Allocation Failure) 100.557: [ParNew: 30720K-&gt;3392K(30720K), 0.0105728 secs] 79047K-&gt;54461K(99008K), 0.0107844 secs] [Times: user=0.03 sys=0.00, real=0.01 secs] 
<writer thread='11267'/>
100.572: [CMS-concurrent-sweep: 0.104/0.131 secs] [Times: user=0.41 sys=0.05, real=0.13 secs] 
100.572: [CMS-concurrent-reset-start]
100.573: [CMS-concurrent-reset: 0.000/0.000 secs] [Times: user=0.00 sys=0.00, real=0.00 secs] 
<writer thread='11779'/>
100.640: [GC (Allocation Failure) 100.641: [ParNew: 30720K-&gt;3392K(30720K), 0.0106839 secs] 81242K-&gt;56701K(99008K), 0.0109283 secs] [Times: user=0.03 sys=0.00, real=0.02 secs] 
100.653: [GC (CMS Initial Mark) [1 CMS-initial-mark: 53309K(68288K)] 56837K(99008K), 0.0031697 secs] [Times: user=0.01 sys=0.00, real=0.00 secs] 
<writer thread='11267'/>
100.656: [CMS-concurrent-mark-start]
<writer thread='11779'/>
100.751: [GC (Allocation Failure) 100.752: [ParNew: 30720K-&gt;3392K(30720K), 0.0128451 secs] 84029K-&gt;58652K(99008K), 0.0130925 secs] [Times: user=0.04 sys=0.00, real=0.01 secs] 
<writer thread='11267'/>
100.842: [CMS-concurrent-mark: 0.171/0.186 secs] [Times: user=0.63 sys=0.05, real=0.19 secs] 
100.842: [CMS-concurrent-preclean-start]
100.845: [CMS-concurrent-preclean: 0.003/0.003 secs] [Times: user=0.01 sys=0.00, real=0.00 secs] 
100.846: [CMS-concurrent-abortable-preclean-start]
<writer thread='11779'/>
100.853: [GC (Allocation Failure) 100.853: [ParNew: 30720K-&gt;3392K(30720K), 0.0130802 secs] 85980K-&gt;61288K(99008K), 0.0132779 secs] [Times: user=0.04 sys=0.00, real=0.01 secs] 
100.930: [GC (Allocation Failure) 100.930: [ParNew: 30720K-&gt;3392K(30720K), 0.0138328 secs] 88616K-&gt;64617K(99008K), 0.0140485 secs] [Times: user=0.03 sys=0.00, real=0.02 secs] 
100.998: [GC (Allocation Failure) 100.998: [ParNew: 30720K-&gt;3392K(30720K), 0.0106716 secs] 91945K-&gt;66937K(99008K), 0.0108810 secs] [Times: user=0.02 sys=0.00, real=0.01 secs] 
<writer thread='11267'/>
101.028: [CMS-concurrent-abortable-preclean: 0.139/0.182 secs] [Times: user=0.54 sys=0.08, real=0.18 secs] 
<writer thread='11779'/>
101.029: [GC (CMS Final Remark) [YG occupancy: 9343 K (30720 K)]101.029: [Rescan (parallel) , 0.0040288 secs]101.033: [weak refs processing, 0.0020466 secs]101.035: [class unloading, 0.0184793 secs]101.054: [scrub symbol table, 0.0116640 secs]101.065: [scrub string table, 0.0011934 secs][1 CMS-remark: 63545K(68288K)] 72888K(99008K), 0.0377320 secs] [Times: user=0.04 sys=0.00, real=0.04 secs] 
<writer thread='11267'/>
101.067: [CMS-concurrent-sweep-start]
<writer thread='11779'/>
101.142: [GC (Allocation Failure) 101.142: [ParNew: 30720K-&gt;3391K(30720K), 0.0139532 secs] 79804K-&gt;55092K(99008K), 0.0141946 secs] [Times: user=0.05 sys=0.00, real=0.01 secs] 
<writer thread='11267'/>
101.178: [CMS-concurrent-sweep: 0.092/0.111 secs] [Times: user=0.39 sys=0.03, real=0.11 secs] 
101.180: [CMS-concurrent-reset-start]
101.181: [CMS-concurrent-reset: 0.000/0.000 secs] [Times: user=0.00 sys=0.00, real=0.01 secs] 
<writer thread='11779'/>
101.210: [GC (Allocation Failure) 101.210: [ParNew: 30719K-&gt;3392K(30720K), 0.0129895 secs] 82420K-&gt;57847K(99008K), 0.0131885 secs] [Times: user=0.04 sys=0.00, real=0.02 secs] 
101.225: [GC (CMS Initial Mark) [1 CMS-initial-mark: 54455K(68288K)] 58494K(99008K), 0.0053831 secs] [Times: user=0.02 sys=0.00, real=0.00 secs] 
<writer thread='11267'/>
101.231: [CMS-concurrent-mark-start]
<writer thread='11779'/>
101.296: [GC (Allocation Failure) 101.296: [ParNew: 30720K-&gt;3392K(30720K), 0.0120331 secs] 85175K-&gt;60219K(99008K), 0.0122619 secs] [Times: user=0.03 sys=0.00, real=0.01 secs] 
101.377: [GC (Allocation Failure) 101.377: [ParNew: 30720K-&gt;3391K(30720K), 0.0122763 secs] 87547K-&gt;63122K(99008K), 0.0125123 secs] [Times: user=0.03 sys=0.00, real=0.01 secs] 
101.470: [GC (Allocation Failure) 101.471: [ParNew: 30719K-&gt;3392K(30720K), 0.0150059 secs] 90450K-&gt;65953K(99008K), 0.0152129 secs] [Times: user=0.05 sys=0.00, real=0.02 secs] 
<writer thread='11267'/>
101.505: [CMS-concurrent-mark: 0.226/0.269 secs] [Times: user=0.86 sys=0.11, real=0.27 secs] 
101.505: [CMS-concurrent-preclean-start]
101.510: [CMS-concurrent-preclean: 0.005/0.005 secs] [Times: user=0.01 sys=0.00, real=0.00 secs] 
101.511: [CMS-concurrent-abortable-preclean-start]
<writer thread='11779'/>
101.548: [GC (Allocation Failure) 101.548: [ParNew: 30720K-&gt;3392K(30720K), 0.0138139 secs] 93281K-&gt;68404K(99008K), 0.0140253 secs] [Times: user=0.04 sys=0.00, real=0.02 secs] 
101.613: [GC (Allocation Failure) 101.613: [ParNew: 30720K-&gt;3392K(30720K), 0.0132167 secs] 95732K-&gt;70915K(99008K), 0.0134320 secs] [Times: user=0.03 sys=0.00, real=0.01 secs] 
<writer thread='11267'/>
101.650: [CMS-concurrent-abortable-preclean: 0.107/0.139 secs] [Times: user=0.42 sys=0.06, real=0.14 secs] 
<writer thread='11779'/>
101.651: [GC (CMS Final Remark) [YG occupancy: 11851 K (30720 K)]101.651: [Rescan (parallel) , 0.0055179 secs]101.656: [weak refs processing, 0.0023214 secs]101.659: [class unloading, 0.0167367 secs]101.675: [scrub symbol table, 0.0100544 secs]101.686: [scrub string table, 0.0008128 secs][1 CMS-remark: 67523K(68288K)] 79374K(99008K), 0.0357519 secs] [Times: user=0.09 sys=0.00, real=0.04 secs] 
<writer thread='11267'/>
101.687: [CMS-concurrent-sweep-start]
101.733: [CMS-concurrent-sweep: 0.047/0.047 secs] [Times: user=0.15 sys=0.02, real=0.05 secs] 
101.733: [CMS-concurrent-reset-start]
101.734: [CMS-concurrent-reset: 0.000/0.000 secs] [Times: user=0.01 sys=0.00, real=0.00 secs] 
<writer thread='11779'/>
101.750: [GC (Allocation Failure) 101.750: [ParNew: 30720K-&gt;3391K(30720K), 0.0123356 secs] 82218K-&gt;57654K(99008K), 0.0125370 secs] [Times: user=0.03 sys=0.00, real=0.02 secs] 
101.764: [GC (CMS Initial Mark) [1 CMS-initial-mark: 54262K(68288K)] 57736K(99008K), 0.0031959 secs] [Times: user=0.01 sys=0.00, real=0.00 secs] 
<writer thread='11267'/>
101.767: [CMS-concurrent-mark-start]
<writer thread='11779'/>
101.863: [GC (Allocation Failure) 101.863: [ParNew: 30719K-&gt;3391K(30720K), 0.0100328 secs] 84982K-&gt;59895K(99008K), 0.0102769 secs] [Times: user=0.03 sys=0.00, real=0.01 secs] 
<writer thread='11267'/>
101.881: [CMS-concurrent-mark: 0.103/0.114 secs] [Times: user=0.39 sys=0.03, real=0.12 secs] 
101.881: [CMS-concurrent-preclean-start]
101.885: [CMS-concurrent-preclean: 0.003/0.003 secs] [Times: user=0.01 sys=0.00, real=0.00 secs] 
101.885: [CMS-concurrent-abortable-preclean-start]
101.928: [CMS-concurrent-abortable-preclean: 0.043/0.043 secs] [Times: user=0.15 sys=0.01, real=0.04 secs] 
<writer thread='11779'/>
101.929: [GC (CMS Final Remark) [YG occupancy: 20283 K (30720 K)]101.929: [Rescan (parallel) , 0.0092331 secs]101.938: [weak refs processing, 0.0027452 secs]101.941: [class unloading, 0.0168029 secs]101.958: [scrub symbol table, 0.0101257 secs]101.968: [scrub string table, 0.0009068 secs][1 CMS-remark: 56503K(68288K)] 76787K(99008K), 0.0401163 secs] [Times: user=0.10 sys=0.00, real=0.04 secs] 
<writer thread='11267'/>
101.969: [CMS-concurrent-sweep-start]
<writer thread='11779'/>
101.995: [GC (Allocation Failure) 101.995: [ParNew: 30719K-&gt;3392K(30720K), 0.0127821 secs] 87223K-&gt;62309K(99008K), 0.0129856 secs] [Times: user=0.04 sys=0.00, real=0.01 secs] 
102.064: [GC (Allocation Failure) 102.064: [ParNew: 30720K-&gt;3391K(30720K), 0.0112205 secs] 89626K-&gt;64494K(99008K), 0.0114195 secs] [Times: user=0.03 sys=0.00, real=0.01 secs] 
102.130: [GC (Allocation Failure) 102.130: [ParNew: 30719K-&gt;3391K(30720K), 0.0135202 secs] 91294K-&gt;66659K(99008K), 0.0138177 secs] [Times: user=0.03 sys=0.00, real=0.02 secs] 
102.196: [GC (Allocation Failure) 102.196: [ParNew: 30719K-&gt;3391K(30720K), 0.0112182 secs] 93127K-&gt;68444K(99008K), 0.0114265 secs] [Times: user=0.02 sys=0.00, real=0.01 secs] 
102.265: [GC (Allocation Failure) 102.265: [ParNew: 30719K-&gt;3392K(30720K), 0.0131575 secs] 94869K-&gt;70856K(99008K), 0.0133688 secs] [Times: user=0.03 sys=0.00, real=0.01 secs] 
<writer thread='11267'/>
102.295: [CMS-concurrent-sweep: 0.241/0.326 secs] [Times: user=0.98 sys=0.13, real=0.33 secs] 
102.296: [CMS-concurrent-reset-start]
102.296: [CMS-concurrent-reset: 0.000/0.000 secs] [Times: user=0.00 sys=0.00, real=0.00 secs] 
<writer thread='11779'/>
102.369: [GC (Allocation Failure) 102.369: [ParNew: 30720K-&gt;3392K(30720K), 0.0109171 secs] 85230K-&gt;60782K(99008K), 0.0111242 secs] [Times: user=0.02 sys=0.00, real=0.01 secs] 
102.382: [GC (CMS Initial Mark) [1 CMS-initial-mark: 57390K(68288K)] 60790K(99008K), 0.0030892 secs] [Times: user=0.00 sys=0.00, real=0.00 secs] 
<writer thread='11267'/>
102.385: [CMS-concurrent-mark-start]
<writer thread='11779'/>
102.479: [GC (Allocation Failure) 102.479: [ParNew: 30717K-&gt;3391K(30720K), 0.0114290 secs] 88107K-&gt;63269K(99008K), 0.0116317 secs] [Times: user=0.03 sys=0.00, real=0.01 secs] 
<writer thread='11267'/>
102.505: [CMS-concurrent-mark: 0.107/0.120 secs] [Times: user=0.39 sys=0.04, real=0.12 secs] 
102.505: [CMS-concurrent-preclean-start]
102.508: [CMS-concurrent-preclean: 0.003/0.003 secs] [Times: user=0.01 sys=0.00, real=0.00 secs] 
102.508: [CMS-concurrent-abortable-preclean-start]
<writer thread='11779'/>
102.559: [GC (Allocation Failure) 102.559: [ParNew: 30719K-&gt;3391K(30720K), 0.0112074 secs] 90597K-&gt;65880K(99008K), 0.0114506 secs] [Times: user=0.03 sys=0.01, real=0.01 secs] 
102.640: [GC (Allocation Failure) 102.640: [ParNew: 30719K-&gt;3392K(30720K), 0.0127877 secs] 93208K-&gt;68690K(99008K), 0.0130161 secs] [Times: user=0.04 sys=0.00, real=0.02 secs] 
102.728: [GC (Allocation Failure) 102.728: [ParNew: 30720K-&gt;30720K(30720K), 0.0000494 secs]102.728: [CMS
<writer thread='11267'/>
102.741: [CMS-concurrent-abortable-preclean: 0.168/0.233 secs] [Times: user=0.74 sys=0.07, real=0.24 secs] 
<writer thread='11779'/>
 (concurrent mode failure): 65298K-&gt;43975K(68288K), 0.2398183 secs] 96018K-&gt;43975K(99008K), [Metaspace: 60944K-&gt;60944K(1105920K)], 0.2401032 secs] [Times: user=0.43 sys=0.01, real=0.24 secs] 
103.035: [GC (Allocation Failure) 103.035: [ParNew: 27328K-&gt;3391K(30720K), 0.0108896 secs] 71303K-&gt;49398K(99008K), 0.0110929 secs] [Times: user=0.02 sys=0.00, real=0.01 secs] 
103.101: [GC (Allocation Failure) 103.101: [ParNew: 30719K-&gt;3391K(30720K), 0.0124324 secs] 76726K-&gt;52067K(99008K), 0.0126443 secs] [Times: user=0.03 sys=0.00, real=0.02 secs] 
103.169: [GC (Allocation Failure) 103.170: [ParNew: 30719K-&gt;3392K(30720K), 0.0115470 secs] 79395K-&gt;54577K(99008K), 0.0117543 secs] [Times: user=0.03 sys=0.00, real=0.02 secs] 
103.184: [GC (CMS Initial Mark) [1 CMS-initial-mark: 51185K(68288K)] 55546K(99008K), 0.0037070 secs] [Times: user=0.02 sys=0.00, real=0.00 secs] 
<writer thread='11267'/>
103.188: [CMS-concurrent-mark-start]
<writer thread='11779'/>
103.279: [GC (Allocation Failure) 103.279: [ParNew: 30720K-&gt;3392K(30720K), 0.0116058 secs] 81905K-&gt;56877K(99008K), 0.0118626 secs] [Times: user=0.03 sys=0.00, real=0.01 secs] 
<writer thread='11267'/>
103.315: [CMS-concurrent-mark: 0.114/0.127 secs] [Times: user=0.41 sys=0.05, real=0.13 secs] 
103.315: [CMS-concurrent-preclean-start]
103.319: [CMS-concurrent-preclean: 0.003/0.004 secs] [Times: user=0.01 sys=0.00, real=0.00 secs] 
103.319: [CMS-concurrent-abortable-preclean-start]
<writer thread='11779'/>
103.364: [GC (Allocation Failure) 103.365: [ParNew: 30720K-&gt;3392K(30720K), 0.0133518 secs] 84205K-&gt;59945K(99008K), 0.0135653 secs] [Times: user=0.04 sys=0.00, real=0.01 secs] 
103.440: [GC (Allocation Failure) 103.441: [ParNew: 30720K-&gt;3392K(30720K), 0.0132335 secs] 87273K-&gt;62392K(99008K), 0.0134772 secs] [Times: user=0.03 sys=0.00, real=0.02 secs] 
103.506: [GC (Allocation Failure) 103.506: [ParNew: 30720K-&gt;3392K(30720K), 0.0131510 secs] 89720K-&gt;64949K(99008K), 0.0133490 secs] [Times: user=0.04 sys=0.00, real=0.01 secs] 
<writer thread='11267'/>
103.523: [CMS-concurrent-abortable-preclean: 0.115/0.203 secs] [Times: user=0.63 sys=0.07, real=0.21 secs] 
<writer thread='11779'/>
103.524: [GC (CMS Final Remark) [YG occupancy: 4934 K (30720 K)]103.525: [Rescan (parallel) , 0.0061442 secs]103.531: [weak refs processing, 0.0004208 secs]103.531: [class unloading, 0.0167878 secs]103.548: [scrub symbol table, 0.0106887 secs]103.559: [scrub string table, 0.0008879 secs][1 CMS-remark: 61557K(68288K)] 66492K(99008K), 0.0352241 secs] [Times: user=0.08 sys=0.01, real=0.03 secs] 
<writer thread='11267'/>
103.560: [CMS-concurrent-sweep-start]
<writer thread='11779'/>
103.629: [GC (Allocation Failure) 103.629: [ParNew: 30720K-&gt;3392K(30720K), 0.0111463 secs] 92277K-&gt;67815K(99008K), 0.0113676 secs] [Times: user=0.02 sys=0.00, real=0.01 secs] 
<writer thread='11267'/>
103.680: [CMS-concurrent-sweep: 0.108/0.120 secs] [Times: user=0.37 sys=0.05, real=0.12 secs] 
103.680: [CMS-concurrent-reset-start]
103.681: [CMS-concurrent-reset: 0.000/0.000 secs] [Times: user=0.00 sys=0.00, real=0.00 secs] 
<writer thread='11779'/>
103.709: [GC (Allocation Failure) 103.709: [ParNew: 30720K-&gt;3392K(30720K), 0.0104831 secs] 79407K-&gt;54474K(99008K), 0.0106924 secs] [Times: user=0.02 sys=0.00, real=0.01 secs] 
103.721: [GC (CMS Initial Mark) [1 CMS-initial-mark: 51082K(68288K)] 54809K(99008K), 0.0028929 secs] [Times: user=0.01 sys=0.00, real=0.01 secs] 
<writer thread='11267'/>
103.724: [CMS-concurrent-mark-start]
<writer thread='11779'/>
103.800: [GC (Allocation Failure) 103.800: [ParNew: 30720K-&gt;3392K(30720K), 0.0106532 secs] 81802K-&gt;56718K(99008K), 0.0108971 secs] [Times: user=0.02 sys=0.00, real=0.02 secs] 
103.875: [GC (Allocation Failure) 103.875: [ParNew: 30720K-&gt;3392K(30720K), 0.0145908 secs] 84046K-&gt;59527K(99008K), 0.0148554 secs] [Times: user=0.03 sys=0.00, real=0.01 secs] 
103.983: [GC (Allocation Failure) 103.984: [ParNew: 30712K-&gt;3392K(30720K), 0.0130069 secs] 86847K-&gt;61752K(99008K), 0.0132124 secs] [Times: user=0.02 sys=0.00, real=0.01 secs] 
<writer thread='11267'/>
104.002: [CMS-concurrent-mark: 0.236/0.278 secs] [Times: user=0.86 sys=0.09, real=0.28 secs] 
104.005: [CMS-concurrent-preclean-start]
104.013: [CMS-concurrent-preclean: 0.008/0.009 secs] [Times: user=0.03 sys=0.01, real=0.01 secs] 
104.013: [CMS-concurrent-abortable-preclean-start]
<writer thread='11779'/>
104.088: [GC (Allocation Failure) 104.088: [ParNew: 30720K-&gt;3391K(30720K), 0.0116101 secs] 89080K-&gt;63897K(99008K), 0.0118391 secs] [Times: user=0.02 sys=0.00, real=0.01 secs] 
<writer thread='11267'/>
104.160: [CMS-concurrent-abortable-preclean: 0.134/0.147 secs] [Times: user=0.43 sys=0.04, real=0.14 secs] 
<writer thread='11779'/>
104.161: [GC (CMS Final Remark) [YG occupancy: 27005 K (30720 K)]104.161: [Rescan (parallel) , 0.0104506 secs]104.172: [weak refs processing, 0.0018492 secs]104.174: [class unloading, 0.0166894 secs]104.191: [scrub symbol table, 0.0101961 secs]104.201: [scrub string table, 0.0008742 secs][1 CMS-remark: 60505K(68288K)] 87511K(99008K), 0.0403739 secs] [Times: user=0.07 sys=0.00, real=0.04 secs] 
<writer thread='11267'/>
104.202: [CMS-concurrent-sweep-start]
<writer thread='11779'/>
104.215: [GC (Allocation Failure) 104.215: [ParNew: 30719K-&gt;3392K(30720K), 0.0138710 secs] 91225K-&gt;66539K(99008K), 0.0140709 secs] [Times: user=0.04 sys=0.00, real=0.01 secs] 
<writer thread='11267'/>
104.361: [CMS-concurrent-sweep: 0.143/0.158 secs] [Times: user=0.32 sys=0.04, real=0.15 secs] 
104.441: [CMS-concurrent-reset-start]
104.441: [CMS-concurrent-reset: 0.000/0.000 secs] [Times: user=0.00 sys=0.00, real=0.00 secs] 
<writer thread='11779'/>
105.240: [GC (Allocation Failure) 105.240: [ParNew: 30720K-&gt;3392K(30720K), 0.0102870 secs] 80636K-&gt;56049K(99008K), 0.0107792 secs] [Times: user=0.02 sys=0.01, real=0.01 secs] 
105.321: [GC (Allocation Failure) 105.321: [ParNew: 30720K-&gt;3391K(30720K), 0.0149096 secs] 83377K-&gt;58446K(99008K), 0.0151839 secs] [Times: user=0.02 sys=0.00, real=0.02 secs] 
105.430: [GC (Allocation Failure) 105.430: [ParNew: 30719K-&gt;3392K(30720K), 0.0105692 secs] 85774K-&gt;60878K(99008K), 0.0108628 secs] [Times: user=0.02 sys=0.00, real=0.02 secs] 
105.442: [GC (CMS Initial Mark) [1 CMS-initial-mark: 57486K(68288K)] 60886K(99008K), 0.0029471 secs] [Times: user=0.00 sys=0.01, real=0.00 secs] 
<writer thread='11267'/>
105.445: [CMS-concurrent-mark-start]
<writer thread='11779'/>
105.529: [GC (Allocation Failure) 105.529: [ParNew: 30720K-&gt;3391K(30720K), 0.0163240 secs] 88206K-&gt;63469K(99008K), 0.0165930 secs] [Times: user=0.03 sys=0.01, real=0.02 secs] 
105.626: [GC (Allocation Failure) 105.626: [ParNew: 30719K-&gt;3392K(30720K), 0.0164621 secs] 90797K-&gt;66511K(99008K), 0.0167430 secs] [Times: user=0.04 sys=0.00, real=0.02 secs] 
105.739: [GC (Allocation Failure) 105.739: [ParNew: 30720K-&gt;3392K(30720K), 0.0121841 secs] 93839K-&gt;69192K(99008K), 0.0124759 secs] [Times: user=0.02 sys=0.00, real=0.02 secs] 
<writer thread='11267'/>
105.788: [CMS-concurrent-mark: 0.293/0.342 secs] [Times: user=0.93 sys=0.11, real=0.34 secs] 
105.788: [CMS-concurrent-preclean-start]
105.794: [CMS-concurrent-preclean: 0.006/0.006 secs] [Times: user=0.01 sys=0.00, real=0.01 secs] 
105.794: [CMS-concurrent-abortable-preclean-start]
105.794: [CMS-concurrent-abortable-preclean: 0.000/0.000 secs] [Times: user=0.00 sys=0.00, real=0.00 secs] 
<writer thread='11779'/>
105.795: [GC (CMS Final Remark) [YG occupancy: 18110 K (30720 K)]105.795: [Rescan (parallel) , 0.0075481 secs]105.803: [weak refs processing, 0.0023865 secs]105.805: [class unloading, 0.0172568 secs]105.823: [scrub symbol table, 0.0106455 secs]105.833: [scrub string table, 0.0012685 secs][1 CMS-remark: 65800K(68288K)] 83911K(99008K), 0.0395298 secs] [Times: user=0.05 sys=0.00, real=0.04 secs] 
<writer thread='11267'/>
105.835: [CMS-concurrent-sweep-start]
<writer thread='11779'/>
105.883: [GC (Allocation Failure) 105.883: [ParNew: 30720K-&gt;3391K(30720K), 0.0118851 secs] 81647K-&gt;56778K(99008K), 0.0120990 secs] [Times: user=0.02 sys=0.00, real=0.01 secs] 
105.956: [GC (Allocation Failure) 105.956: [ParNew: 30719K-&gt;3392K(30720K), 0.0125150 secs] 84106K-&gt;59427K(99008K), 0.0127381 secs] [Times: user=0.02 sys=0.00, real=0.01 secs] 
106.027: [GC (Allocation Failure) 106.027: [ParNew: 30720K-&gt;3392K(30720K), 0.0142572 secs] 86074K-&gt;60988K(99008K), 0.0144676 secs] [Times: user=0.03 sys=0.00, real=0.02 secs] 
<writer thread='11267'/>
106.074: [CMS-concurrent-sweep: 0.136/0.239 secs] [Times: user=0.65 sys=0.08, real=0.24 secs] 
106.076: [CMS-concurrent-reset-start]
106.076: [CMS-concurrent-reset: 0.000/0.000 secs] [Times: user=0.00 sys=0.00, real=0.00 secs] 
<writer thread='11779'/>
106.124: [GC (Allocation Failure) 106.124: [ParNew: 30720K-&gt;3391K(30720K), 0.0106206 secs] 84877K-&gt;59972K(99008K), 0.0108510 secs] [Times: user=0.03 sys=0.00, real=0.01 secs] 
106.136: [GC (CMS Initial Mark) [1 CMS-initial-mark: 56580K(68288K)] 60035K(99008K), 0.0029516 secs] [Times: user=0.01 sys=0.00, real=0.00 secs] 
<writer thread='11267'/>
106.139: [CMS-concurrent-mark-start]
<writer thread='11779'/>
106.216: [GC (Allocation Failure) 106.216: [ParNew: 30719K-&gt;3391K(30720K), 0.0125200 secs] 87300K-&gt;62584K(99008K), 0.0127657 secs] [Times: user=0.02 sys=0.00, real=0.01 secs] 
<writer thread='11267'/>
106.283: [CMS-concurrent-mark: 0.131/0.144 secs] [Times: user=0.43 sys=0.03, real=0.15 secs] 
106.284: [CMS-concurrent-preclean-start]
106.287: [CMS-concurrent-preclean: 0.002/0.002 secs] [Times: user=0.00 sys=0.00, real=0.00 secs] 
106.287: [CMS-concurrent-abortable-preclean-start]
<writer thread='11779'/>
106.452: [GC (Allocation Failure) 106.452: [ParNew: 30719K-&gt;3392K(30720K), 0.0107641 secs] 89912K-&gt;65505K(99008K), 0.0109848 secs] [Times: user=0.02 sys=0.00, real=0.01 secs] 
106.517: [GC (Allocation Failure) 106.518: [ParNew: 30720K-&gt;3391K(30720K), 0.0111318 secs] 92833K-&gt;68109K(99008K), 0.0113178 secs] [Times: user=0.02 sys=0.01, real=0.01 secs] 
<writer thread='11267'/>
106.545: [CMS-concurrent-abortable-preclean: 0.093/0.258 secs] [Times: user=0.66 sys=0.06, real=0.26 secs] 
<writer thread='11779'/>
106.546: [GC (CMS Final Remark) [YG occupancy: 6457 K (30720 K)]106.546: [Rescan (parallel) , 0.0029875 secs]106.549: [weak refs processing, 0.0018520 secs]106.551: [class unloading, 0.0166256 secs]106.568: [scrub symbol table, 0.0097392 secs]106.578: [scrub string table, 0.0008902 secs][1 CMS-remark: 64717K(68288K)] 71174K(99008K), 0.0324229 secs] [Times: user=0.06 sys=0.00, real=0.03 secs] 
<writer thread='11267'/>
106.579: [CMS-concurrent-sweep-start]
<writer thread='11779'/>
106.631: [GC (Allocation Failure) 106.631: [ParNew: 30719K-&gt;3392K(30720K), 0.0109343 secs] 90534K-&gt;65830K(99008K), 0.0111564 secs] [Times: user=0.03 sys=0.00, real=0.02 secs] 
106.707: [GC (Allocation Failure) 106.707: [ParNew: 30720K-&gt;3391K(30720K), 0.0117667 secs] 82030K-&gt;57590K(99008K), 0.0119726 secs] [Times: user=0.04 sys=0.00, real=0.01 secs] 
<writer thread='11267'/>
106.725: [CMS-concurrent-sweep: 0.121/0.146 secs] [Times: user=0.49 sys=0.04, real=0.15 secs] 
106.726: [CMS-concurrent-reset-start]
106.726: [CMS-concurrent-reset: 0.000/0.000 secs] [Times: user=0.01 sys=0.00, real=0.00 secs] 
<writer thread='11779'/>
106.785: [GC (Allocation Failure) 106.785: [ParNew: 30719K-&gt;3391K(30720K), 0.0156379 secs] 82563K-&gt;57737K(99008K), 0.0159085 secs] [Times: user=0.03 sys=0.00, real=0.01 secs] 
106.802: [GC (CMS Initial Mark) [1 CMS-initial-mark: 54345K(68288K)] 57854K(99008K), 0.0032911 secs] [Times: user=0.00 sys=0.00, real=0.00 secs] 
<writer thread='11267'/>
106.806: [CMS-concurrent-mark-start]
<writer thread='11779'/>
106.893: [GC (Allocation Failure) 106.893: [ParNew: 30719K-&gt;3392K(30720K), 0.0122248 secs] 85065K-&gt;59966K(99008K), 0.0125034 secs] [Times: user=0.02 sys=0.00, real=0.01 secs] 
107.035: [GC (Allocation Failure) 107.035: [ParNew: 30720K-&gt;3392K(30720K), 0.0174319 secs] 87294K-&gt;63540K(99008K), 0.0176842 secs] [Times: user=0.05 sys=0.00, real=0.02 secs] 
<writer thread='11267'/>
107.105: [CMS-concurrent-mark: 0.140/0.299 secs] [Times: user=0.83 sys=0.09, real=0.30 secs] 
107.106: [CMS-concurrent-preclean-start]
107.109: [CMS-concurrent-preclean: 0.003/0.003 secs] [Times: user=0.01 sys=0.00, real=0.00 secs] 
107.109: [CMS-concurrent-abortable-preclean-start]
<writer thread='11779'/>
107.123: [GC (Allocation Failure) 107.123: [ParNew: 30720K-&gt;3392K(30720K), 0.0119724 secs] 90868K-&gt;65939K(99008K), 0.0121785 secs] [Times: user=0.03 sys=0.00, real=0.01 secs] 
107.192: [GC (Allocation Failure) 107.192: [ParNew: 30720K-&gt;3392K(30720K), 0.0129528 secs] 93267K-&gt;68847K(99008K), 0.0131770 secs] [Times: user=0.04 sys=0.01, real=0.01 secs] 
107.257: [GC (Allocation Failure) 107.257: [ParNew: 30720K-&gt;30720K(30720K), 0.0000462 secs]107.257: [CMS
<writer thread='11267'/>
107.260: [CMS-concurrent-abortable-preclean: 0.116/0.151 secs] [Times: user=0.45 sys=0.05, real=0.15 secs] 
<writer thread='11779'/>
 (concurrent mode failure): 65455K-&gt;45032K(68288K), 0.2374975 secs] 96175K-&gt;45032K(99008K), [Metaspace: 60944K-&gt;60944K(1105920K)], 0.2378470 secs] [Times: user=0.25 sys=0.01, real=0.24 secs] 
107.569: [GC (Allocation Failure) 107.569: [ParNew: 27328K-&gt;3392K(30720K), 0.0125125 secs] 72360K-&gt;50699K(99008K), 0.0127405 secs] [Times: user=0.03 sys=0.00, real=0.02 secs] 
107.646: [GC (Allocation Failure) 107.647: [ParNew: 30720K-&gt;3392K(30720K), 0.0117119 secs] 78027K-&gt;52928K(99008K), 0.0119536 secs] [Times: user=0.02 sys=0.00, real=0.01 secs] 
107.717: [GC (Allocation Failure) 107.718: [ParNew: 30717K-&gt;3392K(30720K), 0.0131681 secs] 80253K-&gt;55570K(99008K), 0.0133752 secs] [Times: user=0.04 sys=0.00, real=0.01 secs] 
107.734: [GC (CMS Initial Mark) [1 CMS-initial-mark: 52178K(68288K)] 57147K(99008K), 0.0029190 secs] [Times: user=0.01 sys=0.00, real=0.00 secs] 
<writer thread='11267'/>
107.738: [CMS-concurrent-mark-start]
<writer thread='11779'/>
107.795: [GC (Allocation Failure) 107.795: [ParNew: 30717K-&gt;3391K(30720K), 0.0111845 secs] 82895K-&gt;58243K(99008K), 0.0113917 secs] [Times: user=0.03 sys=0.00, real=0.01 secs] 
<writer thread='11267'/>
107.876: [CMS-concurrent-mark: 0.126/0.138 secs] [Times: user=0.44 sys=0.05, real=0.14 secs] 
107.876: [CMS-concurrent-preclean-start]
107.879: [CMS-concurrent-preclean: 0.002/0.002 secs] [Times: user=0.01 sys=0.00, real=0.00 secs] 
107.879: [CMS-concurrent-abortable-preclean-start]
<writer thread='11779'/>
107.905: [GC (Allocation Failure) 107.905: [ParNew: 30719K-&gt;3392K(30720K), 0.0138439 secs] 85571K-&gt;61176K(99008K), 0.0140580 secs] [Times: user=0.03 sys=0.00, real=0.01 secs] 
<writer thread='11267'/>
107.974: [CMS-concurrent-abortable-preclean: 0.078/0.095 secs] [Times: user=0.30 sys=0.02, real=0.10 secs] 
<writer thread='11779'/>
107.975: [GC (CMS Final Remark) [YG occupancy: 20712 K (30720 K)]107.975: [Rescan (parallel) , 0.0085549 secs]107.983: [weak refs processing, 0.0009223 secs]107.985: [class unloading, 0.0189305 secs]108.004: [scrub symbol table, 0.0116324 secs]108.015: [scrub string table, 0.0012680 secs][1 CMS-remark: 57784K(68288K)] 78496K(99008K), 0.0420321 secs] [Times: user=0.08 sys=0.00, real=0.04 secs] 
<writer thread='11267'/>
108.017: [CMS-concurrent-sweep-start]
<writer thread='11779'/>
108.049: [GC (Allocation Failure) 108.049: [ParNew: 30720K-&gt;3392K(30720K), 0.0121727 secs] 88504K-&gt;63929K(99008K), 0.0123910 secs] [Times: user=0.02 sys=0.01, real=0.02 secs] 
108.122: [GC (Allocation Failure) 108.122: [ParNew: 30720K-&gt;3392K(30720K), 0.0118522 secs] 91257K-&gt;66859K(99008K), 0.0120910 secs] [Times: user=0.02 sys=0.00, real=0.01 secs] 
<writer thread='11267'/>
108.193: [CMS-concurrent-sweep: 0.121/0.175 secs] [Times: user=0.50 sys=0.06, real=0.18 secs] 
108.195: [CMS-concurrent-reset-start]
108.195: [CMS-concurrent-reset: 0.000/0.000 secs] [Times: user=0.01 sys=0.01, real=0.00 secs] 
<writer thread='11779'/>
108.237: [GC (Allocation Failure) 108.237: [ParNew: 30720K-&gt;3391K(30720K), 0.0119888 secs] 78770K-&gt;54634K(99008K), 0.0122091 secs] [Times: user=0.03 sys=0.00, real=0.01 secs] 
108.250: [GC (CMS Initial Mark) [1 CMS-initial-mark: 51242K(68288K)] 54703K(99008K), 0.0032521 secs] [Times: user=0.01 sys=0.00, real=0.01 secs] 
<writer thread='11267'/>
108.254: [CMS-concurrent-mark-start]
<writer thread='11779'/>
108.327: [GC (Allocation Failure) 108.327: [ParNew: 30719K-&gt;3391K(30720K), 0.0130370 secs] 81962K-&gt;56892K(99008K), 0.0132508 secs] [Times: user=0.04 sys=0.00, real=0.01 secs] 
108.396: [GC (Allocation Failure) 108.396: [ParNew: 30719K-&gt;3392K(30720K), 0.0148366 secs] 84220K-&gt;59522K(99008K), 0.0150524 secs] [Times: user=0.04 sys=0.01, real=0.02 secs] 
108.483: [GC (Allocation Failure) 108.483: [ParNew: 30720K-&gt;3391K(30720K), 0.0166835 secs] 86850K-&gt;62236K(99008K), 0.0168996 secs] [Times: user=0.05 sys=0.00, real=0.01 secs] 
108.555: [GC (Allocation Failure) 108.555: [ParNew: 30719K-&gt;3392K(30720K), 0.0145935 secs] 89564K-&gt;65281K(99008K), 0.0148048 secs] [Times: user=0.04 sys=0.00, real=0.01 secs] 
<writer thread='11267'/>
108.599: [CMS-concurrent-mark: 0.280/0.345 secs] [Times: user=1.07 sys=0.12, real=0.34 secs] 
108.599: [CMS-concurrent-preclean-start]
108.603: [CMS-concurrent-preclean: 0.003/0.003 secs] [Times: user=0.01 sys=0.00, real=0.01 secs] 
108.603: [CMS-concurrent-abortable-preclean-start]
<writer thread='11779'/>
108.641: [GC (Allocation Failure) 108.641: [ParNew: 30720K-&gt;3391K(30720K), 0.0202239 secs] 92609K-&gt;68572K(99008K), 0.0204409 secs] [Times: user=0.05 sys=0.00, real=0.03 secs] 
108.740: [GC (Allocation Failure) 108.740: [ParNew: 30719K-&gt;30719K(30720K), 0.0000437 secs]108.740: [CMS
<writer thread='11267'/>
108.747: [CMS-concurrent-abortable-preclean: 0.119/0.144 secs] [Times: user=0.43 sys=0.04, real=0.14 secs] 
<writer thread='11779'/>
 (concurrent mode failure): 65180K-&gt;44850K(68288K), 0.2216177 secs] 95900K-&gt;44850K(99008K), [Metaspace: 60944K-&gt;60944K(1105920K)], 0.2219028 secs] [Times: user=0.25 sys=0.00, real=0.23 secs] 
109.037: [GC (Allocation Failure) 109.037: [ParNew: 27328K-&gt;3391K(30720K), 0.0116077 secs] 72178K-&gt;50707K(99008K), 0.0118398 secs] [Times: user=0.03 sys=0.00, real=0.01 secs] 
109.109: [GC (Allocation Failure) 109.109: [ParNew: 30719K-&gt;3391K(30720K), 0.0135323 secs] 78035K-&gt;54318K(99008K), 0.0137631 secs] [Times: user=0.03 sys=0.00, real=0.02 secs] 
109.124: [GC (CMS Initial Mark) [1 CMS-initial-mark: 50926K(68288K)] 54373K(99008K), 0.0029054 secs] [Times: user=0.01 sys=0.00, real=0.00 secs] 
<writer thread='11267'/>
109.128: [CMS-concurrent-mark-start]
<writer thread='11779'/>
109.195: [GC (Allocation Failure) 109.195: [ParNew: 30719K-&gt;3392K(30720K), 0.0148196 secs] 81646K-&gt;57254K(99008K), 0.0150326 secs] [Times: user=0.04 sys=0.00, real=0.01 secs] 
109.287: [GC (Allocation Failure) 109.287: [ParNew: 30718K-&gt;3392K(30720K), 0.0120779 secs] 84580K-&gt;59567K(99008K), 0.0122832 secs] [Times: user=0.04 sys=0.00, real=0.01 secs] 
<writer thread='11267'/>
109.323: [CMS-concurrent-mark: 0.120/0.150 secs] [Times: user=0.63 sys=0.05, real=0.20 secs] 
109.324: [CMS-concurrent-preclean-start]
109.327: [CMS-concurrent-preclean: 0.003/0.003 secs] [Times: user=0.01 sys=0.00, real=0.00 secs] 
109.327: [CMS-concurrent-abortable-preclean-start]
<writer thread='11779'/>
109.365: [GC (Allocation Failure) 109.365: [ParNew: 30720K-&gt;3392K(30720K), 0.0127857 secs] 86895K-&gt;62375K(99008K), 0.0130088 secs] [Times: user=0.03 sys=0.00, real=0.01 secs] 
<writer thread='11267'/>
109.409: [CMS-concurrent-abortable-preclean: 0.067/0.082 secs] [Times: user=0.26 sys=0.02, real=0.08 secs] 
<writer thread='11779'/>
109.411: [GC (CMS Final Remark) [YG occupancy: 18541 K (30720 K)]109.411: [Rescan (parallel) , 0.0072032 secs]109.418: [weak refs processing, 0.0010444 secs]109.419: [class unloading, 0.0167974 secs]109.436: [scrub symbol table, 0.0111410 secs]109.447: [scrub string table, 0.0009207 secs][1 CMS-remark: 58983K(68288K)] 77525K(99008K), 0.0374065 secs] [Times: user=0.09 sys=0.00, real=0.04 secs] 
<writer thread='11267'/>
109.448: [CMS-concurrent-sweep-start]
<writer thread='11779'/>
109.476: [GC (Allocation Failure) 109.476: [ParNew: 30720K-&gt;3391K(30720K), 0.0133153 secs] 89699K-&gt;65931K(99008K), 0.0135380 secs] [Times: user=0.04 sys=0.00, real=0.01 secs] 
<writer thread='11267'/>
109.519: [CMS-concurrent-sweep: 0.056/0.071 secs] [Times: user=0.22 sys=0.02, real=0.07 secs] 
109.519: [CMS-concurrent-reset-start]
109.519: [CMS-concurrent-reset: 0.000/0.000 secs] [Times: user=0.00 sys=0.00, real=0.00 secs] 
<writer thread='11779'/>
109.544: [GC (Allocation Failure) 109.544: [ParNew: 30719K-&gt;3392K(30720K), 0.0116239 secs] 79587K-&gt;55313K(99008K), 0.0118288 secs] [Times: user=0.03 sys=0.01, real=0.01 secs] 
109.557: [GC (CMS Initial Mark) [1 CMS-initial-mark: 51921K(68288K)] 55366K(99008K), 0.0032980 secs] [Times: user=0.01 sys=0.00, real=0.00 secs] 
<writer thread='11267'/>
109.561: [CMS-concurrent-mark-start]
<writer thread='11779'/>
109.618: [GC (Allocation Failure) 109.618: [ParNew: 30720K-&gt;3392K(30720K), 0.0122700 secs] 82641K-&gt;58676K(99008K), 0.0124722 secs] [Times: user=0.03 sys=0.00, real=0.01 secs] 
<writer thread='11267'/>
109.686: [CMS-concurrent-mark: 0.112/0.125 secs] [Times: user=0.42 sys=0.03, real=0.13 secs] 
109.687: [CMS-concurrent-preclean-start]
109.691: [CMS-concurrent-preclean: 0.003/0.003 secs] [Times: user=0.02 sys=0.00, real=0.01 secs] 
109.693: [CMS-concurrent-abortable-preclean-start]
<writer thread='11779'/>
109.704: [GC (Allocation Failure) 109.704: [ParNew: 30720K-&gt;3392K(30720K), 0.0133411 secs] 86004K-&gt;62340K(99008K), 0.0135395 secs] [Times: user=0.03 sys=0.00, real=0.01 secs] 
109.769: [GC (Allocation Failure) 109.769: [ParNew: 30720K-&gt;3392K(30720K), 0.0158987 secs] 89668K-&gt;65722K(99008K), 0.0161230 secs] [Times: user=0.05 sys=0.00, real=0.02 secs] 
<writer thread='11267'/>
109.802: [CMS-concurrent-abortable-preclean: 0.077/0.109 secs] [Times: user=0.33 sys=0.05, real=0.11 secs] 
<writer thread='11779'/>
109.803: [GC (CMS Final Remark) [YG occupancy: 12719 K (30720 K)]109.803: [Rescan (parallel) , 0.0085853 secs]109.812: [weak refs processing, 0.0048861 secs]109.817: [class unloading, 0.0167208 secs]109.834: [scrub symbol table, 0.0109957 secs]109.845: [scrub string table, 0.0010234 secs][1 CMS-remark: 62330K(68288K)] 75050K(99008K), 0.0425807 secs] [Times: user=0.10 sys=0.00, real=0.04 secs] 
<writer thread='11267'/>
109.859: [CMS-concurrent-sweep-start]
<writer thread='11779'/>
109.898: [GC (Allocation Failure) 109.898: [ParNew: 30720K-&gt;3391K(30720K), 0.0123738 secs] 88555K-&gt;63627K(99008K), 0.0126117 secs] [Times: user=0.04 sys=0.00, real=0.01 secs] 
<writer thread='11267'/>
109.919: [CMS-concurrent-sweep: 0.047/0.061 secs] [Times: user=0.19 sys=0.02, real=0.06 secs] 
109.920: [CMS-concurrent-reset-start]
109.921: [CMS-concurrent-reset: 0.000/0.000 secs] [Times: user=0.00 sys=0.00, real=0.00 secs] 
<writer thread='11779'/>
109.971: [GC (Allocation Failure) 109.971: [ParNew: 30719K-&gt;3392K(30720K), 0.0143995 secs] 82587K-&gt;57848K(99008K), 0.0149692 secs] [Times: user=0.04 sys=0.00, real=0.02 secs] 
109.990: [GC (CMS Initial Mark) [1 CMS-initial-mark: 54456K(68288K)] 59321K(99008K), 0.0043487 secs] [Times: user=0.02 sys=0.00, real=0.01 secs] 
<writer thread='11267'/>
109.995: [CMS-concurrent-mark-start]
<writer thread='11779'/>
110.051: [GC (Allocation Failure) 110.051: [ParNew: 30720K-&gt;3392K(30720K), 0.0136372 secs] 85176K-&gt;60621K(99008K), 0.0138462 secs] [Times: user=0.05 sys=0.01, real=0.02 secs] 
110.118: [GC (Allocation Failure) 110.118: [ParNew: 30720K-&gt;3392K(30720K), 0.0140346 secs] 87949K-&gt;63453K(99008K), 0.0142396 secs] [Times: user=0.05 sys=0.00, real=0.02 secs] 
110.201: [GC (Allocation Failure) 110.201: [ParNew: 30720K-&gt;3391K(30720K), 0.0115464 secs] 90781K-&gt;66301K(99008K), 0.0117661 secs] [Times: user=0.03 sys=0.00, real=0.02 secs] 
<writer thread='11267'/>
110.220: [CMS-concurrent-mark: 0.178/0.223 secs] [Times: user=0.72 sys=0.07, real=0.22 secs] 
110.221: [CMS-concurrent-preclean-start]
110.232: [CMS-concurrent-preclean: 0.010/0.010 secs] [Times: user=0.03 sys=0.01, real=0.02 secs] 
110.233: [CMS-concurrent-abortable-preclean-start]
110.258: [CMS-concurrent-abortable-preclean: 0.024/0.024 secs] [Times: user=0.08 sys=0.01, real=0.02 secs] 
<writer thread='11779'/>
110.261: [GC (CMS Final Remark) [YG occupancy: 22417 K (30720 K)]110.261: [Rescan (parallel) , 0.0069076 secs]110.268: [weak refs processing, 0.0029623 secs]110.271: [class unloading, 0.0166629 secs]110.288: [scrub symbol table, 0.0110162 secs]110.299: [scrub string table, 0.0010680 secs][1 CMS-remark: 62909K(68288K)] 85326K(99008K), 0.0389535 secs] [Times: user=0.09 sys=0.00, real=0.04 secs] 
<writer thread='11267'/>
110.300: [CMS-concurrent-sweep-start]
<writer thread='11779'/>
110.314: [GC (Allocation Failure) 110.315: [ParNew: 30716K-&gt;3392K(30720K), 0.0119599 secs] 93625K-&gt;69606K(99008K), 0.0122166 secs] [Times: user=0.03 sys=0.00, real=0.01 secs] 
110.379: [GC (Allocation Failure) 110.379: [ParNew: 30720K-&gt;30720K(30720K), 0.0000436 secs]110.379: [CMS
<writer thread='11267'/>
110.405: [CMS-concurrent-sweep: 0.088/0.104 secs] [Times: user=0.28 sys=0.04, real=0.11 secs] 
<writer thread='11779'/>
 (concurrent mode failure): 66214K-&gt;42884K(68288K), 0.2219010 secs] 96934K-&gt;42884K(99008K), [Metaspace: 60944K-&gt;60944K(1105920K)], 0.2222019 secs] [Times: user=0.29 sys=0.00, real=0.22 secs] 
110.666: [GC (Allocation Failure) 110.666: [ParNew: 27328K-&gt;3392K(30720K), 0.0106028 secs] 70212K-&gt;48445K(99008K), 0.0108830 secs] [Times: user=0.02 sys=0.00, real=0.01 secs] 
110.735: [GC (Allocation Failure) 110.735: [ParNew: 30720K-&gt;3392K(30720K), 0.0125476 secs] 75773K-&gt;50780K(99008K), 0.0127885 secs] [Times: user=0.03 sys=0.00, real=0.01 secs] 
110.802: [GC (Allocation Failure) 110.803: [ParNew: 30720K-&gt;3392K(30720K), 0.0115671 secs] 78108K-&gt;53256K(99008K), 0.0117825 secs] [Times: user=0.02 sys=0.00, real=0.01 secs] 
110.905: [GC (Allocation Failure) 110.905: [ParNew: 30720K-&gt;3391K(30720K), 0.0125429 secs] 80584K-&gt;55746K(99008K), 0.0127664 secs] [Times: user=0.03 sys=0.00, real=0.01 secs] 
110.919: [GC (CMS Initial Mark) [1 CMS-initial-mark: 52354K(68288K)] 55783K(99008K), 0.0028008 secs] [Times: user=0.01 sys=0.00, real=0.01 secs] 
<writer thread='11267'/>
110.922: [CMS-concurrent-mark-start]
<writer thread='11779'/>
110.988: [GC (Allocation Failure) 110.988: [ParNew: 30719K-&gt;3392K(30720K), 0.0137793 secs] 83074K-&gt;58468K(99008K), 0.0140240 secs] [Times: user=0.03 sys=0.00, real=0.02 secs] 
<writer thread='11267'/>
111.049: [CMS-concurrent-mark: 0.113/0.128 secs] [Times: user=0.40 sys=0.04, real=0.12 secs] 
111.050: [CMS-concurrent-preclean-start]
111.052: [CMS-concurrent-preclean: 0.003/0.003 secs] [Times: user=0.01 sys=0.01, real=0.01 secs] 
111.053: [CMS-concurrent-abortable-preclean-start]
<writer thread='11779'/>
111.074: [GC (Allocation Failure) 111.075: [ParNew: 30717K-&gt;3392K(30720K), 0.0164408 secs] 85794K-&gt;61175K(99008K), 0.0166461 secs] [Times: user=0.05 sys=0.00, real=0.01 secs] 
<writer thread='11267'/>
111.143: [CMS-concurrent-abortable-preclean: 0.066/0.090 secs] [Times: user=0.32 sys=0.01, real=0.09 secs] 
<writer thread='11779'/>
111.145: [GC (CMS Final Remark) [YG occupancy: 19211 K (30720 K)]111.145: [Rescan (parallel) , 0.0082233 secs]111.154: [weak refs processing, 0.0006837 secs]111.154: [class unloading, 0.0163717 secs]111.171: [scrub symbol table, 0.0096774 secs]111.180: [scrub string table, 0.0012014 secs][1 CMS-remark: 57783K(68288K)] 76995K(99008K), 0.0364852 secs] [Times: user=0.07 sys=0.00, real=0.04 secs] 
<writer thread='11267'/>
111.182: [CMS-concurrent-sweep-start]
<writer thread='11779'/>
111.223: [GC (Allocation Failure) 111.223: [ParNew: 30717K-&gt;3392K(30720K), 0.0110779 secs] 87125K-&gt;62177K(99008K), 0.0113052 secs] [Times: user=0.02 sys=0.00, real=0.01 secs] 
<writer thread='11267'/>
111.255: [CMS-concurrent-sweep: 0.059/0.071 secs] [Times: user=0.21 sys=0.03, real=0.07 secs] 
111.255: [CMS-concurrent-reset-start]
111.255: [CMS-concurrent-reset: 0.000/0.000 secs] [Times: user=0.00 sys=0.00, real=0.00 secs] 
<writer thread='11779'/>
111.350: [GC (Allocation Failure) 111.351: [ParNew: 30720K-&gt;3392K(30720K), 0.0095220 secs] 75542K-&gt;50511K(99008K), 0.0097545 secs] [Times: user=0.02 sys=0.00, real=0.01 secs] 
111.499: [GC (Allocation Failure) 111.499: [ParNew: 30720K-&gt;3391K(30720K), 0.0105871 secs] 77839K-&gt;53229K(99008K), 0.0108695 secs] [Times: user=0.02 sys=0.00, real=0.01 secs] 
111.569: [Full GC (System.gc()) 111.569: [CMS: 49837K-&gt;38462K(68288K), 0.1817762 secs] 65053K-&gt;38462K(99008K), [Metaspace: 60946K-&gt;60946K(1105920K)], 0.1819922 secs] [Times: user=0.18 sys=0.00, real=0.18 secs] 
111.926: [GC (Allocation Failure) 111.926: [ParNew: 27328K-&gt;1761K(30720K), 0.0054931 secs] 65790K-&gt;40223K(99008K), 0.0057073 secs] [Times: user=0.02 sys=0.00, real=0.01 secs] 
111.991: [GC (Allocation Failure) 111.991: [ParNew: 29089K-&gt;1235K(30720K), 0.0096988 secs] 67551K-&gt;41504K(99008K), 0.0099149 secs] [Times: user=0.03 sys=0.00, real=0.02 secs] 
112.074: [GC (Allocation Failure) 112.074: [ParNew: 28563K-&gt;612K(30720K), 0.0029488 secs] 68832K-&gt;40880K(99008K), 0.0031149 secs] [Times: user=0.01 sys=0.00, real=0.00 secs] 
112.138: [GC (Allocation Failure) 112.138: [ParNew: 27940K-&gt;775K(30720K), 0.0032923 secs] 68208K-&gt;41043K(99008K), 0.0034740 secs] [Times: user=0.01 sys=0.00, real=0.01 secs] 
112.202: [GC (Allocation Failure) 112.203: [ParNew: 28103K-&gt;1080K(30720K), 0.0033405 secs] 68371K-&gt;41349K(99008K), 0.0035067 secs] [Times: user=0.01 sys=0.00, real=0.00 secs] 
112.269: [GC (Allocation Failure) 112.269: [ParNew: 28408K-&gt;1420K(30720K), 0.0038593 secs] 68677K-&gt;41689K(99008K), 0.0040686 secs] [Times: user=0.01 sys=0.00, real=0.01 secs] 
112.330: [GC (Allocation Failure) 112.330: [ParNew: 28748K-&gt;1766K(30720K), 0.0036208 secs] 69017K-&gt;42034K(99008K), 0.0038031 secs] [Times: user=0.02 sys=0.00, real=0.01 secs] 
112.391: [GC (Allocation Failure) 112.391: [ParNew: 29094K-&gt;2108K(30720K), 0.0040647 secs] 69362K-&gt;42561K(99008K), 0.0042739 secs] [Times: user=0.01 sys=0.00, real=0.01 secs] 
112.454: [GC (Allocation Failure) 112.455: [ParNew: 29436K-&gt;1527K(30720K), 0.0050285 secs] 69889K-&gt;42165K(99008K), 0.0051974 secs] [Times: user=0.02 sys=0.00, real=0.00 secs] 
112.517: [GC (Allocation Failure) 112.517: [ParNew: 28855K-&gt;1752K(30720K), 0.0040789 secs] 69493K-&gt;42575K(99008K), 0.0042580 secs] [Times: user=0.01 sys=0.00, real=0.00 secs] 
112.579: [GC (Allocation Failure) 112.579: [ParNew: 29080K-&gt;1618K(30720K), 0.0041428 secs] 69903K-&gt;42626K(99008K), 0.0043249 secs] [Times: user=0.01 sys=0.00, real=0.01 secs] 
112.638: [GC (Allocation Failure) 112.638: [ParNew: 28946K-&gt;1648K(30720K), 0.0040974 secs] 69954K-&gt;42835K(99008K), 0.0042749 secs] [Times: user=0.02 sys=0.00, real=0.01 secs] 
112.697: [GC (Allocation Failure) 112.697: [ParNew: 28976K-&gt;1660K(30720K), 0.0046133 secs] 70163K-&gt;43029K(99008K), 0.0048021 secs] [Times: user=0.01 sys=0.00, real=0.01 secs] 
112.759: [GC (Allocation Failure) 112.759: [ParNew: 28988K-&gt;1659K(30720K), 0.0042358 secs] 70357K-&gt;43209K(99008K), 0.0044563 secs] [Times: user=0.01 sys=0.00, real=0.01 secs] 
112.824: [GC (Allocation Failure) 112.824: [ParNew: 28987K-&gt;1387K(30720K), 0.0043131 secs] 70537K-&gt;43117K(99008K), 0.0044860 secs] [Times: user=0.02 sys=0.00, real=0.00 secs] 
112.888: [GC (Allocation Failure) 112.888: [ParNew: 28715K-&gt;1951K(30720K), 0.0041638 secs] 70445K-&gt;43861K(99008K), 0.0043467 secs] [Times: user=0.02 sys=0.00, real=0.01 secs] 
112.948: [GC (Allocation Failure) 112.948: [ParNew: 29279K-&gt;1403K(30720K), 0.0043084 secs] 71189K-&gt;43501K(99008K), 0.0044880 secs] [Times: user=0.02 sys=0.00, real=0.01 secs] 
113.014: [GC (Allocation Failure) 113.014: [ParNew: 28731K-&gt;1509K(30720K), 0.0042928 secs] 70829K-&gt;43793K(99008K), 0.0044751 secs] [Times: user=0.02 sys=0.00, real=0.00 secs] 
113.081: [GC (Allocation Failure) 113.081: [ParNew: 28836K-&gt;3392K(30720K), 0.0082159 secs] 71119K-&gt;46661K(99008K), 0.0083993 secs] [Times: user=0.02 sys=0.00, real=0.00 secs] 
113.142: [GC (Allocation Failure) 113.142: [ParNew: 30720K-&gt;3392K(30720K), 0.0171504 secs] 73989K-&gt;50989K(99008K), 0.0173392 secs] [Times: user=0.03 sys=0.00, real=0.01 secs] 
113.161: [GC (CMS Initial Mark) [1 CMS-initial-mark: 47597K(68288K)] 51156K(99008K), 0.0032686 secs] [Times: user=0.01 sys=0.00, real=0.01 secs] 
<writer thread='11267'/>
113.164: [CMS-concurrent-mark-start]
<writer thread='11779'/>
113.229: [GC (Allocation Failure) 113.229: [ParNew: 30720K-&gt;3391K(30720K), 0.0135591 secs] 78317K-&gt;54527K(99008K), 0.0138391 secs] [Times: user=0.03 sys=0.00, real=0.02 secs] 
<writer thread='11267'/>
113.301: [CMS-concurrent-mark: 0.122/0.136 secs] [Times: user=0.42 sys=0.05, real=0.13 secs] 
113.301: [CMS-concurrent-preclean-start]
113.304: [CMS-concurrent-preclean: 0.003/0.003 secs] [Times: user=0.01 sys=0.00, real=0.01 secs] 
113.304: [CMS-concurrent-abortable-preclean-start]
<writer thread='11779'/>
113.307: [GC (Allocation Failure) 113.307: [ParNew: 30719K-&gt;3392K(30720K), 0.0132758 secs] 81855K-&gt;57195K(99008K), 0.0135441 secs] [Times: user=0.02 sys=0.00, real=0.01 secs] 
113.372: [GC (Allocation Failure) 113.372: [ParNew: 30720K-&gt;3391K(30720K), 0.0123431 secs] 84523K-&gt;59834K(99008K), 0.0126430 secs] [Times: user=0.02 sys=0.00, real=0.01 secs] 
113.433: [GC (Allocation Failure) 113.433: [ParNew: 30705K-&gt;3391K(30720K), 0.0122419 secs] 87148K-&gt;62232K(99008K), 0.0124659 secs] [Times: user=0.02 sys=0.00, real=0.01 secs] 
<writer thread='11267'/>
113.449: [CMS-concurrent-abortable-preclean: 0.100/0.144 secs] [Times: user=0.38 sys=0.05, real=0.14 secs] 
<writer thread='11779'/>
113.450: [GC (CMS Final Remark) [YG occupancy: 5201 K (30720 K)]113.450: [Rescan (parallel) , 0.0058325 secs]113.456: [weak refs processing, 0.0002836 secs]113.456: [class unloading, 0.0225074 secs]113.478: [scrub symbol table, 0.0093388 secs]113.488: [scrub string table, 0.0009529 secs][1 CMS-remark: 58840K(68288K)] 64042K(99008K), 0.0392812 secs] [Times: user=0.05 sys=0.00, real=0.04 secs] 
<writer thread='11267'/>
113.489: [CMS-concurrent-sweep-start]
113.539: [CMS-concurrent-sweep: 0.049/0.049 secs] [Times: user=0.16 sys=0.02, real=0.05 secs] 
113.539: [CMS-concurrent-reset-start]
113.540: [CMS-concurrent-reset: 0.000/0.000 secs] [Times: user=0.00 sys=0.00, real=0.00 secs] 
<writer thread='11779'/>
113.551: [GC (Allocation Failure) 113.551: [ParNew: 30719K-&gt;3392K(30720K), 0.0115515 secs] 79403K-&gt;55190K(99008K), 0.0117948 secs] [Times: user=0.02 sys=0.00, real=0.02 secs] 
113.564: [GC (CMS Initial Mark) [1 CMS-initial-mark: 51798K(68288K)] 55869K(99008K), 0.0031575 secs] [Times: user=0.01 sys=0.00, real=0.00 secs] 
<writer thread='11267'/>
113.568: [CMS-concurrent-mark-start]
<writer thread='11779'/>
113.624: [GC (Allocation Failure) 113.624: [ParNew: 30720K-&gt;3391K(30720K), 0.0130675 secs] 82518K-&gt;58230K(99008K), 0.0133003 secs] [Times: user=0.02 sys=0.00, real=0.01 secs] 
113.687: [GC (Allocation Failure) 113.687: [ParNew: 30719K-&gt;3392K(30720K), 0.0122269 secs] 85558K-&gt;60449K(99008K), 0.0124890 secs] [Times: user=0.02 sys=0.00, real=0.01 secs] 
113.757: [GC (Allocation Failure) 113.758: [ParNew: 30720K-&gt;3392K(30720K), 0.0119362 secs] 87777K-&gt;63393K(99008K), 0.0121863 secs] [Times: user=0.02 sys=0.00, real=0.01 secs] 
113.829: [GC (Allocation Failure) 113.829: [ParNew: 30720K-&gt;3392K(30720K), 0.0117735 secs] 90721K-&gt;66040K(99008K), 0.0120075 secs] [Times: user=0.03 sys=0.00, real=0.01 secs] 
113.888: [GC (Allocation Failure) 113.888: [ParNew: 30720K-&gt;3391K(30720K), 0.0143207 secs] 93368K-&gt;68647K(99008K), 0.0147419 secs] [Times: user=0.02 sys=0.01, real=0.02 secs] 
113.962: [GC (Allocation Failure) 113.962: [ParNew (promotion failed): 30719K-&gt;30719K(30720K), 0.0292783 secs]113.992: [CMS
<writer thread='11267'/>
114.002: [CMS-concurrent-mark: 0.309/0.434 secs] [Times: user=1.21 sys=0.13, real=0.44 secs] 
<writer thread='11779'/>
 (concurrent mode failure): 66600K-&gt;46138K(68288K), 0.2348057 secs] 95975K-&gt;46138K(99008K), [Metaspace: 60953K-&gt;60953K(1105920K)], 0.2644389 secs] [Times: user=0.27 sys=0.00, real=0.26 secs] 
114.299: [GC (Allocation Failure) 114.300: [ParNew: 27328K-&gt;3392K(30720K), 0.0180693 secs] 73466K-&gt;51680K(99008K), 0.0184003 secs] [Times: user=0.02 sys=0.00, real=0.02 secs] 
114.399: [GC (Allocation Failure) 114.399: [ParNew: 30720K-&gt;3392K(30720K), 0.0133743 secs] 79008K-&gt;55211K(99008K), 0.0135821 secs] [Times: user=0.03 sys=0.00, real=0.02 secs] 
115.829: [GC (Allocation Failure) 115.829: [ParNew: 30720K-&gt;3391K(30720K), 0.0143061 secs] 82539K-&gt;58246K(99008K), 0.0147621 secs] [Times: user=0.02 sys=0.01, real=0.02 secs] 
115.937: [GC (Allocation Failure) 115.937: [ParNew: 30719K-&gt;3392K(30720K), 0.0178980 secs] 85574K-&gt;60270K(99008K), 0.0181207 secs] [Times: user=0.05 sys=0.00, real=0.02 secs] 
116.027: [GC (Allocation Failure) 116.027: [ParNew: 30715K-&gt;3392K(30720K), 0.0118558 secs] 87594K-&gt;63100K(99008K), 0.0120770 secs] [Times: user=0.03 sys=0.00, real=0.01 secs] 
116.040: [GC (CMS Initial Mark) [1 CMS-initial-mark: 59708K(68288K)] 63186K(99008K), 0.0025812 secs] [Times: user=0.00 sys=0.00, real=0.01 secs] 
<writer thread='11267'/>
116.042: [CMS-concurrent-mark-start]
<writer thread='11779'/>
116.127: [GC (Allocation Failure) 116.127: [ParNew: 30720K-&gt;3392K(30720K), 0.0150691 secs] 90428K-&gt;65789K(99008K), 0.0152891 secs] [Times: user=0.03 sys=0.00, real=0.02 secs] 
<writer thread='11267'/>
116.176: [CMS-concurrent-mark: 0.117/0.133 secs] [Times: user=0.39 sys=0.04, real=0.13 secs] 
116.176: [CMS-concurrent-preclean-start]
116.179: [CMS-concurrent-preclean: 0.002/0.002 secs] [Times: user=0.00 sys=0.00, real=0.00 secs] 
116.179: [CMS-concurrent-abortable-preclean-start]
<writer thread='11779'/>
116.232: [GC (Allocation Failure) 116.232: [ParNew: 30720K-&gt;3392K(30720K), 0.0156403 secs] 93117K-&gt;68226K(99008K), 0.0158794 secs] [Times: user=0.04 sys=0.00, real=0.01 secs] 
116.334: [GC (Allocation Failure) 116.334: [ParNew: 30720K-&gt;3392K(30720K), 0.0128480 secs] 95554K-&gt;70935K(99008K), 0.0134247 secs] [Times: user=0.03 sys=0.00, real=0.01 secs] 
<writer thread='11267'/>
116.362: [CMS-concurrent-abortable-preclean: 0.067/0.184 secs] [Times: user=0.48 sys=0.04, real=0.19 secs] 
<writer thread='11779'/>
116.365: [GC (CMS Final Remark) [YG occupancy: 10148 K (30720 K)]116.365: [Rescan (parallel) , 0.0056772 secs]116.371: [weak refs processing, 0.0035255 secs]116.375: [class unloading, 0.0218585 secs]116.397: [scrub symbol table, 0.0125216 secs]116.409: [scrub string table, 0.0013408 secs][1 CMS-remark: 67543K(68288K)] 77691K(99008K), 0.0452876 secs] [Times: user=0.11 sys=0.00, real=0.04 secs] 
<writer thread='11267'/>
116.411: [CMS-concurrent-sweep-start]
<writer thread='11779'/>
116.451: [GC (Allocation Failure) 116.451: [ParNew: 30720K-&gt;30720K(30720K), 0.0001291 secs]116.452: [CMS
<writer thread='11267'/>
116.480: [CMS-concurrent-sweep: 0.066/0.069 secs] [Times: user=0.19 sys=0.02, real=0.07 secs] 
<writer thread='11779'/>
 (concurrent mode failure): 67543K-&gt;42196K(68288K), 0.2576652 secs] 98263K-&gt;42196K(99008K), [Metaspace: 60953K-&gt;60953K(1105920K)], 0.2584792 secs] [Times: user=0.43 sys=0.01, real=0.26 secs] 
116.772: [GC (Allocation Failure) 116.772: [ParNew: 27328K-&gt;3391K(30720K), 0.0107153 secs] 69524K-&gt;47475K(99008K), 0.0110151 secs] [Times: user=0.02 sys=0.00, real=0.01 secs] 
116.955: [GC (Allocation Failure) 116.955: [ParNew: 30704K-&gt;3392K(30720K), 0.0136189 secs] 74787K-&gt;51298K(99008K), 0.0138301 secs] [Times: user=0.03 sys=0.00, real=0.01 secs] 
117.018: [GC (Allocation Failure) 117.018: [ParNew: 30720K-&gt;3392K(30720K), 0.0130962 secs] 78626K-&gt;54278K(99008K), 0.0133557 secs] [Times: user=0.03 sys=0.00, real=0.02 secs] 
117.084: [GC (Allocation Failure) 117.084: [ParNew: 30720K-&gt;3392K(30720K), 0.0114808 secs] 81606K-&gt;56574K(99008K), 0.0117107 secs] [Times: user=0.02 sys=0.00, real=0.01 secs] 
117.096: [GC (CMS Initial Mark) [1 CMS-initial-mark: 53182K(68288K)] 56665K(99008K), 0.0029353 secs] [Times: user=0.00 sys=0.00, real=0.00 secs] 
<writer thread='11267'/>
117.100: [CMS-concurrent-mark-start]
<writer thread='11779'/>
117.167: [GC (Allocation Failure) 117.168: [ParNew: 30720K-&gt;3392K(30720K), 0.0119219 secs] 83902K-&gt;59411K(99008K), 0.0121091 secs] [Times: user=0.03 sys=0.00, real=0.01 secs] 
<writer thread='11267'/>
117.219: [CMS-concurrent-mark: 0.106/0.119 secs] [Times: user=0.43 sys=0.04, real=0.15 secs] 
<writer thread='11779'/>
117.242: [GC (Allocation Failure) 117.243: [ParNew: 30720K-&gt;3392K(30720K), 0.0115407 secs] 86739K-&gt;62055K(99008K), 0.0117750 secs] [Times: user=0.03 sys=0.00, real=0.01 secs] 
<writer thread='11267'/>
117.262: [CMS-concurrent-preclean-start]
<writer thread='11779'/>
117.310: [GC (Allocation Failure) 117.310: [ParNew: 30720K-&gt;3392K(30720K), 0.0123425 secs] 89383K-&gt;65222K(99008K), 0.0125935 secs] [Times: user=0.02 sys=0.00, real=0.02 secs] 
<writer thread='11267'/>
117.361: [CMS-concurrent-preclean: 0.073/0.090 secs] [Times: user=0.31 sys=0.05, real=0.09 secs] 
117.361: [CMS-concurrent-abortable-preclean-start]
<writer thread='11779'/>
117.375: [GC (Allocation Failure) 117.375: [ParNew: 30720K-&gt;3391K(30720K), 0.0125474 secs] 92550K-&gt;68162K(99008K), 0.0127890 secs] [Times: user=0.03 sys=0.00, real=0.01 secs] 
<writer thread='11267'/>
117.407: [CMS-concurrent-abortable-preclean: 0.031/0.046 secs] [Times: user=0.13 sys=0.01, real=0.05 secs] 
<writer thread='11779'/>
117.410: [GC (CMS Final Remark) [YG occupancy: 12479 K (30720 K)]117.410: [Rescan (parallel) , 0.0062704 secs]117.416: [weak refs processing, 0.0022966 secs]117.418: [class unloading, 0.0177951 secs]117.436: [scrub symbol table, 0.0118010 secs]117.448: [scrub string table, 0.0013175 secs][1 CMS-remark: 64770K(68288K)] 77249K(99008K), 0.0398366 secs] [Times: user=0.05 sys=0.00, real=0.04 secs] 
<writer thread='11267'/>
117.450: [CMS-concurrent-sweep-start]
<writer thread='11779'/>
117.486: [GC (Allocation Failure) 117.487: [ParNew: 30719K-&gt;3392K(30720K), 0.0125706 secs] 95490K-&gt;71532K(99008K), 0.0128201 secs] [Times: user=0.03 sys=0.00, real=0.01 secs] 
117.548: [GC (Allocation Failure) 117.548: [ParNew: 30720K-&gt;30720K(30720K), 0.0001033 secs]117.548: [CMS
<writer thread='11267'/>
117.561: [CMS-concurrent-sweep: 0.094/0.111 secs] [Times: user=0.31 sys=0.04, real=0.11 secs] 
<writer thread='11779'/>
 (concurrent mode failure): 67841K-&gt;42726K(68288K), 0.2265359 secs] 98561K-&gt;42726K(99008K), [Metaspace: 60953K-&gt;60953K(1105920K)], 0.2269560 secs] [Times: user=0.23 sys=0.00, real=0.23 secs] 
117.821: [GC (Allocation Failure) 117.822: [ParNew: 27328K-&gt;3391K(30720K), 0.0145742 secs] 70054K-&gt;48242K(99008K), 0.0148601 secs] [Times: user=0.02 sys=0.00, real=0.01 secs] 
117.884: [GC (Allocation Failure) 117.884: [ParNew: 30719K-&gt;3392K(30720K), 0.0114807 secs] 75570K-&gt;51104K(99008K), 0.0117297 secs] [Times: user=0.02 sys=0.00, real=0.01 secs] 
118.055: [GC (Allocation Failure) 118.055: [ParNew: 30720K-&gt;3391K(30720K), 0.0118658 secs] 78432K-&gt;53454K(99008K), 0.0121077 secs] [Times: user=0.01 sys=0.00, real=0.01 secs] 
118.116: [GC (Allocation Failure) 118.116: [ParNew: 30719K-&gt;3391K(30720K), 0.0110500 secs] 80782K-&gt;55976K(99008K), 0.0112566 secs] [Times: user=0.02 sys=0.00, real=0.01 secs] 
118.174: [GC (Allocation Failure) 118.174: [ParNew: 30719K-&gt;3392K(30720K), 0.0116034 secs] 83304K-&gt;58805K(99008K), 0.0118038 secs] [Times: user=0.02 sys=0.00, real=0.01 secs] 
118.187: [GC (CMS Initial Mark) [1 CMS-initial-mark: 55413K(68288K)] 58807K(99008K), 0.0024093 secs] [Times: user=0.01 sys=0.00, real=0.00 secs] 
<writer thread='11267'/>
118.189: [CMS-concurrent-mark-start]
<writer thread='11779'/>
118.263: [GC (Allocation Failure) 118.263: [ParNew: 30720K-&gt;3392K(30720K), 0.0116292 secs] 86133K-&gt;61322K(99008K), 0.0118348 secs] [Times: user=0.02 sys=0.00, real=0.01 secs] 
<writer thread='11267'/>
118.315: [CMS-concurrent-mark: 0.113/0.126 secs] [Times: user=0.35 sys=0.04, real=0.13 secs] 
118.316: [CMS-concurrent-preclean-start]
118.318: [CMS-concurrent-preclean: 0.002/0.003 secs] [Times: user=0.00 sys=0.00, real=0.00 secs] 
118.319: [CMS-concurrent-abortable-preclean-start]
<writer thread='11779'/>
118.335: [GC (Allocation Failure) 118.335: [ParNew: 30720K-&gt;3391K(30720K), 0.0136346 secs] 88650K-&gt;64707K(99008K), 0.0138484 secs] [Times: user=0.03 sys=0.00, real=0.01 secs] 
118.402: [GC (Allocation Failure) 118.402: [ParNew: 30719K-&gt;3392K(30720K), 0.0118992 secs] 92035K-&gt;67497K(99008K), 0.0121462 secs] [Times: user=0.03 sys=0.00, real=0.01 secs] 
118.472: [GC (Allocation Failure) 118.473: [ParNew: 30720K-&gt;3391K(30720K), 0.0116981 secs] 94825K-&gt;70127K(99008K), 0.0119717 secs] [Times: user=0.02 sys=0.00, real=0.01 secs] 
<writer thread='11267'/>
118.485: [CMS-concurrent-abortable-preclean: 0.122/0.166 secs] [Times: user=0.45 sys=0.07, real=0.17 secs] 
<writer thread='11779'/>
118.486: [GC (CMS Final Remark) [YG occupancy: 3733 K (30720 K)]118.486: [Rescan (parallel) , 0.0042681 secs]118.490: [weak refs processing, 0.0014363 secs]118.491: [class unloading, 0.0166519 secs]118.508: [scrub symbol table, 0.0112227 secs]118.519: [scrub string table, 0.0011026 secs][1 CMS-remark: 66735K(68288K)] 70468K(99008K), 0.0349566 secs] [Times: user=0.04 sys=0.00, real=0.03 secs] 
<writer thread='11267'/>
118.521: [CMS-concurrent-sweep-start]
118.573: [CMS-concurrent-sweep: 0.052/0.052 secs] [Times: user=0.17 sys=0.02, real=0.06 secs] 
118.573: [CMS-concurrent-reset-start]
118.573: [CMS-concurrent-reset: 0.000/0.000 secs] [Times: user=0.00 sys=0.00, real=0.00 secs] 
<writer thread='11779'/>
118.583: [GC (Allocation Failure) 118.583: [ParNew: 30719K-&gt;3392K(30720K), 0.0113084 secs] 80027K-&gt;55047K(99008K), 0.0115594 secs] [Times: user=0.01 sys=0.00, real=0.01 secs] 
118.596: [GC (CMS Initial Mark) [1 CMS-initial-mark: 51655K(68288K)] 55270K(99008K), 0.0027552 secs] [Times: user=0.00 sys=0.00, real=0.00 secs] 
<writer thread='11267'/>
118.599: [CMS-concurrent-mark-start]
<writer thread='11779'/>
118.653: [GC (Allocation Failure) 118.654: [ParNew: 30716K-&gt;3391K(30720K), 0.0111603 secs] 82372K-&gt;58161K(99008K), 0.0113789 secs] [Times: user=0.02 sys=0.00, real=0.01 secs] 
118.713: [GC (Allocation Failure) 118.713: [ParNew: 30719K-&gt;3391K(30720K), 0.0118192 secs] 85489K-&gt;60838K(99008K), 0.0120727 secs] [Times: user=0.02 sys=0.00, real=0.01 secs] 
118.778: [GC (Allocation Failure) 118.778: [ParNew: 30719K-&gt;3392K(30720K), 0.0118184 secs] 88166K-&gt;63617K(99008K), 0.0120643 secs] [Times: user=0.02 sys=0.00, real=0.01 secs] 
118.844: [GC (Allocation Failure) 118.844: [ParNew: 30720K-&gt;3392K(30720K), 0.0136856 secs] 90945K-&gt;66137K(99008K), 0.0139142 secs] [Times: user=0.03 sys=0.00, real=0.01 secs] 
118.911: [GC (Allocation Failure) 118.911: [ParNew: 30720K-&gt;3392K(30720K), 0.0114323 secs] 93465K-&gt;68535K(99008K), 0.0116477 secs] [Times: user=0.02 sys=0.00, real=0.02 secs] 
<writer thread='11267'/>
118.969: [CMS-concurrent-mark: 0.302/0.370 secs] [Times: user=1.07 sys=0.14, real=0.37 secs] 
118.970: [CMS-concurrent-preclean-start]
<writer thread='11779'/>
118.975: [GC (Allocation Failure) 118.975: [ParNew (promotion failed): 30720K-&gt;30720K(30720K), 0.0194862 secs]118.995: [CMS
<writer thread='11267'/>
119.003: [CMS-concurrent-preclean: 0.009/0.031 secs] [Times: user=0.05 sys=0.01, real=0.04 secs] 
<writer thread='11779'/>
 (concurrent mode failure): 68017K-&gt;43837K(68288K), 0.2438085 secs] 95863K-&gt;43837K(99008K), [Metaspace: 60953K-&gt;60953K(1105920K)], 0.2635492 secs] [Times: user=0.28 sys=0.00, real=0.26 secs] 
119.305: [GC (Allocation Failure) 119.305: [ParNew: 27328K-&gt;3392K(30720K), 0.0116594 secs] 71165K-&gt;49128K(99008K), 0.0118643 secs] [Times: user=0.02 sys=0.00, real=0.01 secs] 
119.376: [GC (Allocation Failure) 119.376: [ParNew: 30713K-&gt;3392K(30720K), 0.0147206 secs] 76450K-&gt;51892K(99008K), 0.0149001 secs] [Times: user=0.02 sys=0.00, real=0.01 secs] 
119.439: [GC (Allocation Failure) 119.439: [ParNew: 30720K-&gt;3391K(30720K), 0.0119202 secs] 79220K-&gt;54074K(99008K), 0.0121267 secs] [Times: user=0.03 sys=0.00, real=0.01 secs] 
119.498: [GC (Allocation Failure) 119.498: [ParNew: 30719K-&gt;3392K(30720K), 0.0118676 secs] 81402K-&gt;56555K(99008K), 0.0120931 secs] [Times: user=0.02 sys=0.00, real=0.01 secs] 
119.511: [GC (CMS Initial Mark) [1 CMS-initial-mark: 53163K(68288K)] 56717K(99008K), 0.0033995 secs] [Times: user=0.01 sys=0.00, real=0.01 secs] 
<writer thread='11267'/>
119.515: [CMS-concurrent-mark-start]
<writer thread='11779'/>
119.582: [GC (Allocation Failure) 119.582: [ParNew: 30719K-&gt;3391K(30720K), 0.0118394 secs] 83883K-&gt;58906K(99008K), 0.0120797 secs] [Times: user=0.02 sys=0.01, real=0.01 secs] 
119.650: [GC (Allocation Failure) 119.651: [ParNew: 30719K-&gt;3392K(30720K), 0.0117093 secs] 86234K-&gt;61505K(99008K), 0.0119431 secs] [Times: user=0.02 sys=0.00, real=0.02 secs] 
<writer thread='11267'/>
119.686: [CMS-concurrent-mark: 0.145/0.171 secs] [Times: user=0.49 sys=0.07, real=0.17 secs] 
119.688: [CMS-concurrent-preclean-start]
119.692: [CMS-concurrent-preclean: 0.004/0.004 secs] [Times: user=0.02 sys=0.01, real=0.01 secs] 
119.692: [CMS-concurrent-abortable-preclean-start]
<writer thread='11779'/>
119.723: [GC (Allocation Failure) 119.723: [ParNew: 30720K-&gt;3392K(30720K), 0.0107600 secs] 88833K-&gt;64019K(99008K), 0.0110157 secs] [Times: user=0.02 sys=0.00, real=0.01 secs] 
119.783: [GC (Allocation Failure) 119.783: [ParNew: 30720K-&gt;3392K(30720K), 0.0109402 secs] 91347K-&gt;66551K(99008K), 0.0111930 secs] [Times: user=0.02 sys=0.00, real=0.01 secs] 
119.842: [GC (Allocation Failure) 119.842: [ParNew: 30720K-&gt;3392K(30720K), 0.0113029 secs] 93879K-&gt;69090K(99008K), 0.0115406 secs] [Times: user=0.02 sys=0.00, real=0.01 secs] 
<writer thread='11267'/>
119.862: [CMS-concurrent-abortable-preclean: 0.124/0.169 secs] [Times: user=0.47 sys=0.07, real=0.17 secs] 
<writer thread='11779'/>
119.863: [GC (CMS Final Remark) [YG occupancy: 8044 K (30720 K)]119.863: [Rescan (parallel) , 0.0057584 secs]119.869: [weak refs processing, 0.0005233 secs]119.869: [class unloading, 0.0169887 secs]119.886: [scrub symbol table, 0.0109054 secs]119.897: [scrub string table, 0.0010973 secs][1 CMS-remark: 65698K(68288K)] 73742K(99008K), 0.0355818 secs] [Times: user=0.05 sys=0.00, real=0.03 secs] 
<writer thread='11267'/>
119.899: [CMS-concurrent-sweep-start]
<writer thread='11779'/>
119.949: [GC (Allocation Failure) 119.949: [ParNew: 30720K-&gt;3392K(30720K), 0.0111294 secs] 87097K-&gt;62530K(99008K), 0.0113814 secs] [Times: user=0.02 sys=0.00, real=0.01 secs] 
<writer thread='11267'/>
119.973: [CMS-concurrent-sweep: 0.062/0.075 secs] [Times: user=0.21 sys=0.03, real=0.08 secs] 
119.974: [CMS-concurrent-reset-start]
119.974: [CMS-concurrent-reset: 0.000/0.000 secs] [Times: user=0.00 sys=0.00, real=0.00 secs] 
<writer thread='11779'/>
120.013: [GC (Allocation Failure) 120.013: [ParNew: 30720K-&gt;3392K(30720K), 0.0103997 secs] 82840K-&gt;57929K(99008K), 0.0106244 secs] [Times: user=0.02 sys=0.00, real=0.01 secs] 
120.025: [GC (CMS Initial Mark) [1 CMS-initial-mark: 54537K(68288K)] 58223K(99008K), 0.0031281 secs] [Times: user=0.01 sys=0.00, real=0.00 secs] 
<writer thread='11267'/>
120.028: [CMS-concurrent-mark-start]
<writer thread='11779'/>
120.080: [GC (Allocation Failure) 120.080: [ParNew: 30720K-&gt;3391K(30720K), 0.0122724 secs] 85257K-&gt;61882K(99008K), 0.0125188 secs] [Times: user=0.02 sys=0.00, real=0.02 secs] 
<writer thread='11267'/>
120.184: [CMS-concurrent-mark: 0.139/0.154 secs] [Times: user=0.37 sys=0.05, real=0.16 secs] 
120.185: [CMS-concurrent-preclean-start]
120.186: [CMS-concurrent-preclean: 0.002/0.002 secs] [Times: user=0.00 sys=0.00, real=0.00 secs] 
120.187: [CMS-concurrent-abortable-preclean-start]
<writer thread='11779'/>
120.284: [GC (Allocation Failure) 120.285: [ParNew: 30719K-&gt;3392K(30720K), 0.0119498 secs] 89210K-&gt;64789K(99008K), 0.0121800 secs] [Times: user=0.02 sys=0.00, real=0.01 secs] 
<writer thread='11267'/>
120.350: [CMS-concurrent-abortable-preclean: 0.064/0.163 secs] [Times: user=0.21 sys=0.03, real=0.16 secs] 
<writer thread='11779'/>
120.351: [GC (CMS Final Remark) [YG occupancy: 23322 K (30720 K)]120.351: [Rescan (parallel) , 0.0085433 secs]120.360: [weak refs processing, 0.0018757 secs]120.361: [class unloading, 0.0177314 secs]120.379: [scrub symbol table, 0.0127955 secs]120.392: [scrub string table, 0.0011556 secs][1 CMS-remark: 61397K(68288K)] 84720K(99008K), 0.0425737 secs] [Times: user=0.06 sys=0.00, real=0.05 secs] 
<writer thread='11267'/>
120.394: [CMS-concurrent-sweep-start]
<writer thread='11779'/>
120.412: [GC (Allocation Failure) 120.412: [ParNew: 30720K-&gt;3392K(30720K), 0.0128232 secs] 92117K-&gt;67705K(99008K), 0.0130774 secs] [Times: user=0.03 sys=0.00, real=0.01 secs] 
<writer thread='11267'/>
120.473: [CMS-concurrent-sweep: 0.065/0.079 secs] [Times: user=0.23 sys=0.03, real=0.08 secs] 
120.473: [CMS-concurrent-reset-start]
120.474: [CMS-concurrent-reset: 0.000/0.000 secs] [Times: user=0.00 sys=0.00, real=0.00 secs] 
<writer thread='11779'/>
120.490: [GC (Allocation Failure) 120.490: [ParNew: 30720K-&gt;3392K(30720K), 0.0121410 secs] 78224K-&gt;53542K(99008K), 0.0123468 secs] [Times: user=0.03 sys=0.00, real=0.02 secs] 
120.505: [GC (CMS Initial Mark) [1 CMS-initial-mark: 50150K(68288K)] 53997K(99008K), 0.0030236 secs] [Times: user=0.01 sys=0.00, real=0.00 secs] 
<writer thread='11267'/>
120.508: [CMS-concurrent-mark-start]
<writer thread='11779'/>
120.566: [GC (Allocation Failure) 120.566: [ParNew: 30720K-&gt;3392K(30720K), 0.0120532 secs] 80870K-&gt;56160K(99008K), 0.0122364 secs] [Times: user=0.02 sys=0.00, real=0.01 secs] 
120.636: [GC (Allocation Failure) 120.636: [ParNew: 30720K-&gt;3392K(30720K), 0.0126320 secs] 83488K-&gt;59010K(99008K), 0.0129137 secs] [Times: user=0.02 sys=0.00, real=0.01 secs] 
120.703: [GC (Allocation Failure) 120.703: [ParNew: 30716K-&gt;3391K(30720K), 0.0132728 secs] 86335K-&gt;61395K(99008K), 0.0135384 secs] [Times: user=0.03 sys=0.00, real=0.01 secs] 
120.776: [GC (Allocation Failure) 120.776: [ParNew: 30719K-&gt;3392K(30720K), 0.0118565 secs] 88723K-&gt;63483K(99008K), 0.0121558 secs] [Times: user=0.02 sys=0.00, real=0.01 secs] 
<writer thread='11267'/>
120.829: [CMS-concurrent-mark: 0.251/0.321 secs] [Times: user=0.95 sys=0.12, real=0.32 secs] 
120.830: [CMS-concurrent-preclean-start]
<writer thread='11779'/>
120.844: [GC (Allocation Failure) 120.844: [ParNew: 30720K-&gt;3391K(30720K), 0.0116674 secs] 90811K-&gt;65827K(99008K), 0.0119328 secs] [Times: user=0.02 sys=0.00, real=0.01 secs] 
<writer thread='11267'/>
120.862: [CMS-concurrent-preclean: 0.014/0.031 secs] [Times: user=0.09 sys=0.01, real=0.04 secs] 
120.863: [CMS-concurrent-abortable-preclean-start]
120.894: [CMS-concurrent-abortable-preclean: 0.031/0.031 secs] [Times: user=0.11 sys=0.01, real=0.03 secs] 
<writer thread='11779'/>
120.895: [GC (CMS Final Remark) [YG occupancy: 22433 K (30720 K)]120.895: [Rescan (parallel) , 0.0090948 secs]120.904: [weak refs processing, 0.0020260 secs]120.907: [class unloading, 0.0153591 secs]120.922: [scrub symbol table, 0.0123032 secs]120.934: [scrub string table, 0.0010822 secs][1 CMS-remark: 62435K(68288K)] 84869K(99008K), 0.0401919 secs] [Times: user=0.06 sys=0.00, real=0.04 secs] 
<writer thread='11267'/>
120.936: [CMS-concurrent-sweep-start]
<writer thread='11779'/>
120.955: [GC (Allocation Failure) 120.955: [ParNew: 30719K-&gt;3391K(30720K), 0.0139000 secs] 93155K-&gt;68765K(99008K), 0.0141454 secs] [Times: user=0.03 sys=0.00, real=0.01 secs] 
121.017: [GC (Allocation Failure) 121.017: [ParNew: 30719K-&gt;30719K(30720K), 0.0001334 secs]121.018: [CMS
<writer thread='11267'/>
121.038: [CMS-concurrent-sweep: 0.085/0.102 secs] [Times: user=0.25 sys=0.04, real=0.10 secs] 
<writer thread='11779'/>
 (concurrent mode failure): 65373K-&gt;43100K(68288K), 0.2107475 secs] 96093K-&gt;43100K(99008K), [Metaspace: 60953K-&gt;60953K(1105920K)], 0.2111502 secs] [Times: user=0.21 sys=0.01, real=0.21 secs] 
121.277: [GC (Allocation Failure) 121.277: [ParNew: 27328K-&gt;3392K(30720K), 0.0147822 secs] 70428K-&gt;48207K(99008K), 0.0151029 secs] [Times: user=0.02 sys=0.00, real=0.02 secs] 
121.420: [GC (Allocation Failure) 121.420: [ParNew: 30720K-&gt;3392K(30720K), 0.0118676 secs] 75535K-&gt;50889K(99008K), 0.0121533 secs] [Times: user=0.02 sys=0.00, real=0.02 secs] 
121.495: [GC (Allocation Failure) 121.495: [ParNew: 30720K-&gt;3391K(30720K), 0.0123628 secs] 78217K-&gt;53864K(99008K), 0.0126226 secs] [Times: user=0.02 sys=0.00, real=0.01 secs] 
121.556: [GC (Allocation Failure) 121.556: [ParNew: 30719K-&gt;3392K(30720K), 0.0137668 secs] 81192K-&gt;56175K(99008K), 0.0140670 secs] [Times: user=0.03 sys=0.00, real=0.01 secs] 
121.571: [GC (CMS Initial Mark) [1 CMS-initial-mark: 52783K(68288K)] 56225K(99008K), 0.0027178 secs] [Times: user=0.00 sys=0.00, real=0.01 secs] 
<writer thread='11267'/>
121.574: [CMS-concurrent-mark-start]
<writer thread='11779'/>
121.636: [GC (Allocation Failure) 121.636: [ParNew: 30720K-&gt;3392K(30720K), 0.0118901 secs] 83503K-&gt;59144K(99008K), 0.0121637 secs] [Times: user=0.02 sys=0.00, real=0.01 secs] 
121.702: [GC (Allocation Failure) 121.702: [ParNew: 30720K-&gt;3392K(30720K), 0.0132287 secs] 86472K-&gt;61488K(99008K), 0.0135022 secs] [Times: user=0.03 sys=0.00, real=0.01 secs] 
<writer thread='11267'/>
121.754: [CMS-concurrent-mark: 0.152/0.179 secs] [Times: user=0.54 sys=0.07, real=0.18 secs] 
121.756: [CMS-concurrent-preclean-start]
121.761: [CMS-concurrent-preclean: 0.004/0.004 secs] [Times: user=0.02 sys=0.00, real=0.00 secs] 
121.761: [CMS-concurrent-abortable-preclean-start]
<writer thread='11779'/>
121.775: [GC (Allocation Failure) 121.775: [ParNew: 30720K-&gt;3392K(30720K), 0.0116078 secs] 88816K-&gt;63971K(99008K), 0.0118524 secs] [Times: user=0.02 sys=0.00, real=0.01 secs] 
<writer thread='11267'/>
121.818: [CMS-concurrent-abortable-preclean: 0.043/0.056 secs] [Times: user=0.16 sys=0.02, real=0.06 secs] 
<writer thread='11779'/>
121.820: [GC (CMS Final Remark) [YG occupancy: 18674 K (30720 K)]121.820: [Rescan (parallel) , 0.0072379 secs]121.827: [weak refs processing, 0.0016603 secs]121.829: [class unloading, 0.0163151 secs]121.845: [scrub symbol table, 0.0115425 secs]121.857: [scrub string table, 0.0010767 secs][1 CMS-remark: 60579K(68288K)] 79253K(99008K), 0.0381788 secs] [Times: user=0.06 sys=0.00, real=0.04 secs] 
<writer thread='11267'/>
121.858: [CMS-concurrent-sweep-start]
<writer thread='11779'/>
121.882: [GC (Allocation Failure) 121.882: [ParNew: 30720K-&gt;3392K(30720K), 0.0112544 secs] 91299K-&gt;66505K(99008K), 0.0115009 secs] [Times: user=0.02 sys=0.00, real=0.01 secs] 
121.945: [GC (Allocation Failure) 121.945: [ParNew: 30720K-&gt;3392K(30720K), 0.0116403 secs] 93832K-&gt;68869K(99008K), 0.0118820 secs] [Times: user=0.02 sys=0.00, real=0.01 secs] 
122.011: [GC (Allocation Failure) 122.011: [ParNew: 30720K-&gt;3392K(30720K), 0.0126102 secs] 81347K-&gt;56764K(99008K), 0.0128708 secs] [Times: user=0.02 sys=0.00, real=0.02 secs] 
<writer thread='11267'/>
122.028: [CMS-concurrent-sweep: 0.130/0.170 secs] [Times: user=0.47 sys=0.06, real=0.17 secs] 
122.028: [CMS-concurrent-reset-start]
122.029: [CMS-concurrent-reset: 0.000/0.000 secs] [Times: user=0.00 sys=0.00, real=0.00 secs] 
<writer thread='11779'/>
122.071: [GC (Allocation Failure) 122.071: [ParNew: 30720K-&gt;3392K(30720K), 0.0108672 secs] 84092K-&gt;59145K(99008K), 0.0111522 secs] [Times: user=0.02 sys=0.00, real=0.02 secs] 
122.083: [GC (CMS Initial Mark) [1 CMS-initial-mark: 55753K(68288K)] 59151K(99008K), 0.0029903 secs] [Times: user=0.01 sys=0.00, real=0.00 secs] 
<writer thread='11267'/>
122.087: [CMS-concurrent-mark-start]
<writer thread='11779'/>
122.144: [GC (Allocation Failure) 122.144: [ParNew: 30720K-&gt;3392K(30720K), 0.0109556 secs] 86473K-&gt;61638K(99008K), 0.0111888 secs] [Times: user=0.02 sys=0.00, real=0.01 secs] 
122.210: [GC (Allocation Failure) 122.210: [ParNew: 30720K-&gt;3391K(30720K), 0.0111562 secs] 88966K-&gt;63819K(99008K), 0.0114475 secs] [Times: user=0.02 sys=0.00, real=0.02 secs] 
122.277: [GC (Allocation Failure) 122.277: [ParNew: 30719K-&gt;3392K(30720K), 0.0116880 secs] 91147K-&gt;66165K(99008K), 0.0119271 secs] [Times: user=0.02 sys=0.00, real=0.01 secs] 
122.338: [GC (Allocation Failure) 122.338: [ParNew: 30720K-&gt;3391K(30720K), 0.0124392 secs] 93493K-&gt;68534K(99008K), 0.0127056 secs] [Times: user=0.02 sys=0.00, real=0.01 secs] 
<writer thread='11267'/>
122.380: [CMS-concurrent-mark: 0.241/0.293 secs] [Times: user=0.83 sys=0.11, real=0.29 secs] 
122.380: [CMS-concurrent-preclean-start]
122.383: [CMS-concurrent-preclean: 0.003/0.003 secs] [Times: user=0.00 sys=0.00, real=0.01 secs] 
122.384: [CMS-concurrent-abortable-preclean-start]
<writer thread='11779'/>
122.538: [GC (Allocation Failure) 122.538: [ParNew: 30719K-&gt;3391K(30720K), 0.0118200 secs] 95862K-&gt;70903K(99008K), 0.0120418 secs] [Times: user=0.02 sys=0.00, real=0.01 secs] 
<writer thread='11267'/>
122.561: [CMS-concurrent-abortable-preclean: 0.059/0.177 secs] [Times: user=0.19 sys=0.02, real=0.17 secs] 
<writer thread='11779'/>
122.562: [GC (CMS Final Remark) [YG occupancy: 7954 K (30720 K)]122.562: [Rescan (parallel) , 0.0037568 secs]122.565: [weak refs processing, 0.0019689 secs]122.567: [class unloading, 0.0155467 secs]122.583: [scrub symbol table, 0.0114433 secs]122.594: [scrub string table, 0.0010191 secs][1 CMS-remark: 67511K(68288K)] 75466K(99008K), 0.0340724 secs] [Times: user=0.05 sys=0.00, real=0.04 secs] 
<writer thread='11267'/>
122.596: [CMS-concurrent-sweep-start]
<writer thread='11779'/>
122.642: [GC (Allocation Failure) 122.642: [ParNew: 30719K-&gt;30719K(30720K), 0.0001424 secs]122.642: [CMS
<writer thread='11267'/>
122.662: [CMS-concurrent-sweep: 0.063/0.066 secs] [Times: user=0.15 sys=0.03, real=0.07 secs] 
<writer thread='11779'/>
 (concurrent mode failure): 67511K-&gt;41891K(68288K), 0.2267942 secs] 98231K-&gt;41891K(99008K), [Metaspace: 60953K-&gt;60953K(1105920K)], 0.2272335 secs] [Times: user=0.22 sys=0.00, real=0.22 secs] 
122.918: [GC (Allocation Failure) 122.919: [ParNew: 27326K-&gt;3392K(30720K), 0.0109666 secs] 69217K-&gt;47200K(99008K), 0.0112167 secs] [Times: user=0.02 sys=0.00, real=0.01 secs] 
122.978: [GC (Allocation Failure) 122.978: [ParNew: 30715K-&gt;3392K(30720K), 0.0117656 secs] 74523K-&gt;49516K(99008K), 0.0120465 secs] [Times: user=0.02 sys=0.00, real=0.01 secs] 
123.040: [GC (Allocation Failure) 123.040: [ParNew: 30720K-&gt;3391K(30720K), 0.0112115 secs] 76844K-&gt;51926K(99008K), 0.0114985 secs] [Times: user=0.03 sys=0.00, real=0.01 secs] 
123.099: [GC (Allocation Failure) 123.099: [ParNew: 30719K-&gt;3391K(30720K), 0.0116724 secs] 79254K-&gt;54753K(99008K), 0.0119548 secs] [Times: user=0.02 sys=0.00, real=0.01 secs] 
123.116: [GC (CMS Initial Mark) [1 CMS-initial-mark: 51361K(68288K)] 57147K(99008K), 0.0036787 secs] [Times: user=0.01 sys=0.00, real=0.00 secs] 
<writer thread='11267'/>
123.120: [CMS-concurrent-mark-start]
<writer thread='11779'/>
123.174: [GC (Allocation Failure) 123.174: [ParNew: 30719K-&gt;3392K(30720K), 0.0113562 secs] 82081K-&gt;57578K(99008K), 0.0116442 secs] [Times: user=0.02 sys=0.00, real=0.01 secs] 
123.244: [GC (Allocation Failure) 123.244: [ParNew: 30720K-&gt;3392K(30720K), 0.0120216 secs] 84906K-&gt;59920K(99008K), 0.0122720 secs] [Times: user=0.02 sys=0.00, real=0.01 secs] 
123.304: [GC (Allocation Failure) 123.304: [ParNew: 30720K-&gt;3391K(30720K), 0.0112093 secs] 87248K-&gt;62277K(99008K), 0.0114614 secs] [Times: user=0.02 sys=0.00, real=0.01 secs] 
123.363: [GC (Allocation Failure) 123.363: [ParNew: 30719K-&gt;3392K(30720K), 0.0140154 secs] 89605K-&gt;65231K(99008K), 0.0143031 secs] [Times: user=0.02 sys=0.00, real=0.01 secs] 
<writer thread='11267'/>
123.392: [CMS-concurrent-mark: 0.216/0.272 secs] [Times: user=0.80 sys=0.10, real=0.28 secs] 
123.392: [CMS-concurrent-preclean-start]
123.398: [CMS-concurrent-preclean: 0.005/0.006 secs] [Times: user=0.01 sys=0.00, real=0.00 secs] 
123.398: [CMS-concurrent-abortable-preclean-start]
<writer thread='11779'/>
123.440: [GC (Allocation Failure) 123.440: [ParNew: 30720K-&gt;3392K(30720K), 0.0138583 secs] 92559K-&gt;67902K(99008K), 0.0141006 secs] [Times: user=0.03 sys=0.00, real=0.02 secs] 
<writer thread='11267'/>
123.489: [CMS-concurrent-abortable-preclean: 0.075/0.091 secs] [Times: user=0.27 sys=0.04, real=0.10 secs] 
<writer thread='11779'/>
123.501: [GC (CMS Final Remark) [YG occupancy: 25144 K (30720 K)]123.501: [Rescan (parallel) , 0.0124636 secs]123.513: [weak refs processing, 0.0010682 secs]123.515: [class unloading, 0.0194875 secs]123.534: [scrub symbol table, 0.0132257 secs]123.547: [scrub string table, 0.0010985 secs][1 CMS-remark: 64510K(68288K)] 89654K(99008K), 0.0478785 secs] [Times: user=0.07 sys=0.00, real=0.05 secs] 
<writer thread='11267'/>
123.549: [CMS-concurrent-sweep-start]
123.584: [CMS-concurrent-sweep: 0.035/0.035 secs] [Times: user=0.03 sys=0.01, real=0.04 secs] 
123.584: [CMS-concurrent-reset-start]
123.584: [CMS-concurrent-reset: 0.000/0.000 secs] [Times: user=0.00 sys=0.00, real=0.00 secs] 
<writer thread='11779'/>
123.646: [GC (Allocation Failure) 123.646: [ParNew: 30720K-&gt;3392K(30720K), 0.0101048 secs] 80803K-&gt;56265K(99008K), 0.0103452 secs] [Times: user=0.02 sys=0.00, real=0.01 secs] 
123.658: [GC (CMS Initial Mark) [1 CMS-initial-mark: 52873K(68288K)] 56570K(99008K), 0.0026817 secs] [Times: user=0.01 sys=0.00, real=0.00 secs] 
<writer thread='11267'/>
123.661: [CMS-concurrent-mark-start]
<writer thread='11779'/>
123.709: [GC (Allocation Failure) 123.709: [ParNew: 30720K-&gt;3391K(30720K), 0.0100213 secs] 83593K-&gt;58865K(99008K), 0.0102590 secs] [Times: user=0.02 sys=0.00, real=0.01 secs] 
123.771: [GC (Allocation Failure) 123.771: [ParNew: 30719K-&gt;3392K(30720K), 0.0147273 secs] 86193K-&gt;61867K(99008K), 0.0149725 secs] [Times: user=0.02 sys=0.00, real=0.02 secs] 
123.839: [GC (Allocation Failure) 123.840: [ParNew: 30720K-&gt;3392K(30720K), 0.0112931 secs] 89195K-&gt;64457K(99008K), 0.0115728 secs] [Times: user=0.02 sys=0.00, real=0.01 secs] 
123.907: [GC (Allocation Failure) 123.907: [ParNew: 30720K-&gt;3391K(30720K), 0.0185724 secs] 91785K-&gt;68135K(99008K), 0.0188244 secs] [Times: user=0.04 sys=0.00, real=0.02 secs] 
<writer thread='11267'/>
123.951: [CMS-concurrent-mark: 0.226/0.287 secs] [Times: user=0.85 sys=0.10, real=0.29 secs] 
123.951: [CMS-concurrent-preclean-start]
123.956: [CMS-concurrent-preclean: 0.004/0.004 secs] [Times: user=0.02 sys=0.00, real=0.01 secs] 
123.957: [CMS-concurrent-abortable-preclean-start]
123.957: [CMS-concurrent-abortable-preclean: 0.000/0.000 secs] [Times: user=0.00 sys=0.00, real=0.00 secs] 
<writer thread='11779'/>
123.958: [GC (CMS Final Remark) [YG occupancy: 18802 K (30720 K)]123.958: [Rescan (parallel) , 0.0072985 secs]123.966: [weak refs processing, 0.0021434 secs]123.968: [class unloading, 0.0167118 secs]123.985: [scrub symbol table, 0.0117872 secs]123.997: [scrub string table, 0.0017408 secs][1 CMS-remark: 64743K(68288K)] 83546K(99008K), 0.0400216 secs] [Times: user=0.06 sys=0.00, real=0.04 secs] 
<writer thread='11267'/>
123.999: [CMS-concurrent-sweep-start]
<writer thread='11779'/>
124.026: [GC (Allocation Failure) 124.026: [ParNew: 30719K-&gt;30719K(30720K), 0.0001091 secs]124.026: [CMS
<writer thread='11267'/>
124.045: [CMS-concurrent-sweep: 0.043/0.046 secs] [Times: user=0.11 sys=0.01, real=0.05 secs] 
<writer thread='11779'/>
 (concurrent mode failure): 64743K-&gt;42752K(68288K), 0.2124452 secs] 95463K-&gt;42752K(99008K), [Metaspace: 60953K-&gt;60953K(1105920K)], 0.2128477 secs] [Times: user=0.21 sys=0.01, real=0.21 secs] 
124.293: [GC (Allocation Failure) 124.293: [ParNew: 27328K-&gt;3392K(30720K), 0.0107166 secs] 70080K-&gt;48177K(99008K), 0.0109682 secs] [Times: user=0.02 sys=0.00, real=0.01 secs] 
124.355: [GC (Allocation Failure) 124.356: [ParNew: 30717K-&gt;3391K(30720K), 0.0130504 secs] 75503K-&gt;51265K(99008K), 0.0137718 secs] [Times: user=0.02 sys=0.00, real=0.01 secs] 
124.418: [GC (Allocation Failure) 124.418: [ParNew: 30719K-&gt;3392K(30720K), 0.0111413 secs] 78593K-&gt;53959K(99008K), 0.0113664 secs] [Times: user=0.02 sys=0.00, real=0.01 secs] 
124.432: [GC (CMS Initial Mark) [1 CMS-initial-mark: 50567K(68288K)] 55032K(99008K), 0.0029082 secs] [Times: user=0.01 sys=0.01, real=0.01 secs] 
<writer thread='11267'/>
124.435: [CMS-concurrent-mark-start]
<writer thread='11779'/>
124.491: [GC (Allocation Failure) 124.491: [ParNew: 30720K-&gt;3392K(30720K), 0.0128184 secs] 81287K-&gt;56643K(99008K), 0.0130281 secs] [Times: user=0.02 sys=0.00, real=0.02 secs] 
<writer thread='11267'/>
124.556: [CMS-concurrent-mark: 0.106/0.120 secs] [Times: user=0.36 sys=0.02, real=0.12 secs] 
124.556: [CMS-concurrent-preclean-start]
124.558: [CMS-concurrent-preclean: 0.002/0.002 secs] [Times: user=0.01 sys=0.00, real=0.00 secs] 
124.559: [CMS-concurrent-abortable-preclean-start]
<writer thread='11779'/>
124.580: [GC (Allocation Failure) 124.580: [ParNew: 30720K-&gt;3391K(30720K), 0.0148191 secs] 83971K-&gt;59161K(99008K), 0.0150546 secs] [Times: user=0.03 sys=0.00, real=0.02 secs] 
<writer thread='11267'/>
124.650: [CMS-concurrent-abortable-preclean: 0.075/0.092 secs] [Times: user=0.21 sys=0.02, real=0.09 secs] 
<writer thread='11779'/>
124.651: [GC (CMS Final Remark) [YG occupancy: 19741 K (30720 K)]124.651: [Rescan (parallel) , 0.0098015 secs]124.661: [weak refs processing, 0.0008933 secs]124.662: [class unloading, 0.0224454 secs]124.685: [scrub symbol table, 0.0106368 secs]124.695: [scrub string table, 0.0009279 secs][1 CMS-remark: 55769K(68288K)] 75511K(99008K), 0.0450100 secs] [Times: user=0.06 sys=0.00, real=0.05 secs] 
<writer thread='11267'/>
124.697: [CMS-concurrent-sweep-start]
124.733: [CMS-concurrent-sweep: 0.037/0.037 secs] [Times: user=0.04 sys=0.00, real=0.04 secs] 
124.734: [CMS-concurrent-reset-start]
124.734: [CMS-concurrent-reset: 0.000/0.000 secs] [Times: user=0.00 sys=0.00, real=0.00 secs] 
<writer thread='11779'/>
124.775: [GC (Allocation Failure) 124.776: [ParNew: 30719K-&gt;3391K(30720K), 0.0112851 secs] 72615K-&gt;48379K(99008K), 0.0115291 secs] [Times: user=0.02 sys=0.00, real=0.01 secs] 
124.835: [GC (Allocation Failure) 124.835: [ParNew: 30719K-&gt;3392K(30720K), 0.0098271 secs] 75707K-&gt;50997K(99008K), 0.0100657 secs] [Times: user=0.01 sys=0.00, real=0.01 secs] 
124.892: [GC (Allocation Failure) 124.892: [ParNew: 30720K-&gt;3392K(30720K), 0.0107634 secs] 78325K-&gt;53788K(99008K), 0.0110334 secs] [Times: user=0.02 sys=0.00, real=0.01 secs] 
124.907: [GC (CMS Initial Mark) [1 CMS-initial-mark: 50396K(68288K)] 55811K(99008K), 0.0034253 secs] [Times: user=0.01 sys=0.00, real=0.00 secs] 
<writer thread='11267'/>
124.913: [CMS-concurrent-mark-start]
<writer thread='11779'/>
124.954: [GC (Allocation Failure) 124.955: [ParNew: 30720K-&gt;3392K(30720K), 0.0106507 secs] 81116K-&gt;56178K(99008K), 0.0108993 secs] [Times: user=0.02 sys=0.00, real=0.01 secs] 
125.018: [GC (Allocation Failure) 125.018: [ParNew: 30720K-&gt;3391K(30720K), 0.0121464 secs] 83506K-&gt;59088K(99008K), 0.0123698 secs] [Times: user=0.03 sys=0.00, real=0.01 secs] 
125.092: [GC (Allocation Failure) 125.092: [ParNew: 30719K-&gt;3391K(30720K), 0.0134310 secs] 86416K-&gt;62426K(99008K), 0.0136568 secs] [Times: user=0.02 sys=0.00, real=0.01 secs] 
125.156: [GC (Allocation Failure) 125.156: [ParNew: 30719K-&gt;3391K(30720K), 0.0111791 secs] 89754K-&gt;65090K(99008K), 0.0114305 secs] [Times: user=0.02 sys=0.00, real=0.01 secs] 
125.215: [GC (Allocation Failure) 125.215: [ParNew: 30719K-&gt;3391K(30720K), 0.0124748 secs] 92418K-&gt;68298K(99008K), 0.0126945 secs] [Times: user=0.02 sys=0.00, real=0.01 secs] 
<writer thread='11267'/>
125.270: [CMS-concurrent-mark: 0.285/0.353 secs] [Times: user=1.04 sys=0.14, real=0.35 secs] 
125.270: [CMS-concurrent-preclean-start]
125.275: [CMS-concurrent-preclean: 0.004/0.005 secs] [Times: user=0.01 sys=0.01, real=0.01 secs] 
125.275: [CMS-concurrent-abortable-preclean-start]
125.276: [CMS-concurrent-abortable-preclean: 0.000/0.000 secs] [Times: user=0.00 sys=0.00, real=0.00 secs] 
<writer thread='11779'/>
125.277: [GC (CMS Final Remark) [YG occupancy: 28543 K (30720 K)]125.277: [Rescan (parallel) , 0.0086505 secs]125.286: [weak refs processing, 0.0016586 secs]125.287: [class unloading, 0.0154899 secs]125.303: [scrub symbol table, 0.0115639 secs]125.314: [scrub string table, 0.0014194 secs][1 CMS-remark: 64906K(68288K)] 93449K(99008K), 0.0391227 secs] [Times: user=0.06 sys=0.00, real=0.04 secs] 
<writer thread='11267'/>
125.316: [CMS-concurrent-sweep-start]
<writer thread='11779'/>
125.322: [GC (Allocation Failure) 125.322: [ParNew: 30719K-&gt;30719K(30720K), 0.0000815 secs]125.322: [CMS
<writer thread='11267'/>
125.348: [CMS-concurrent-sweep: 0.029/0.032 secs] [Times: user=0.04 sys=0.00, real=0.03 secs] 
<writer thread='11779'/>
 (concurrent mode failure): 64905K-&gt;43505K(68288K), 0.2410949 secs] 95625K-&gt;43505K(99008K), [Metaspace: 60953K-&gt;60953K(1105920K)], 0.2414453 secs] [Times: user=0.24 sys=0.00, real=0.24 secs] 
125.609: [GC (Allocation Failure) 125.609: [ParNew: 27325K-&gt;3392K(30720K), 0.0117168 secs] 70830K-&gt;48907K(99008K), 0.0120240 secs] [Times: user=0.02 sys=0.00, real=0.01 secs] 
125.666: [GC (Allocation Failure) 125.667: [ParNew: 30720K-&gt;3391K(30720K), 0.0130826 secs] 76235K-&gt;51653K(99008K), 0.0133403 secs] [Times: user=0.02 sys=0.00, real=0.01 secs] 
125.726: [GC (Allocation Failure) 125.726: [ParNew: 30712K-&gt;3392K(30720K), 0.0121538 secs] 78973K-&gt;54261K(99008K), 0.0124422 secs] [Times: user=0.02 sys=0.00, real=0.01 secs] 
125.920: [GC (Allocation Failure) 125.920: [ParNew: 30720K-&gt;3392K(30720K), 0.0101811 secs] 81589K-&gt;56787K(99008K), 0.0104345 secs] [Times: user=0.02 sys=0.00, real=0.01 secs] 
125.976: [GC (Allocation Failure) 125.976: [ParNew: 30705K-&gt;3392K(30720K), 0.0153122 secs] 84100K-&gt;60982K(99008K), 0.0155861 secs] [Times: user=0.03 sys=0.00, real=0.02 secs] 
126.000: [GC (CMS Initial Mark) [1 CMS-initial-mark: 57590K(68288K)] 65390K(99008K), 0.0045318 secs] [Times: user=0.01 sys=0.00, real=0.01 secs] 
<writer thread='11267'/>
126.005: [CMS-concurrent-mark-start]
<writer thread='11779'/>
126.055: [GC (Allocation Failure) 126.055: [ParNew: 30720K-&gt;3392K(30720K), 0.0134011 secs] 88310K-&gt;64032K(99008K), 0.0136729 secs] [Times: user=0.03 sys=0.00, real=0.01 secs] 
126.123: [GC (Allocation Failure) 126.123: [ParNew: 30720K-&gt;3392K(30720K), 0.0106100 secs] 91360K-&gt;66419K(99008K), 0.0108773 secs] [Times: user=0.02 sys=0.00, real=0.01 secs] 
<writer thread='11267'/>
126.146: [CMS-concurrent-mark: 0.115/0.141 secs] [Times: user=0.44 sys=0.03, real=0.14 secs] 
126.146: [CMS-concurrent-preclean-start]
126.150: [CMS-concurrent-preclean: 0.003/0.003 secs] [Times: user=0.01 sys=0.00, real=0.00 secs] 
126.150: [CMS-concurrent-abortable-preclean-start]
<writer thread='11779'/>
126.193: [GC (Allocation Failure) 126.193: [ParNew: 30720K-&gt;3391K(30720K), 0.0135688 secs] 93747K-&gt;69770K(99008K), 0.0138064 secs] [Times: user=0.02 sys=0.00, real=0.01 secs] 
<writer thread='11267'/>
126.218: [CMS-concurrent-abortable-preclean: 0.053/0.068 secs] [Times: user=0.20 sys=0.02, real=0.07 secs] 
<writer thread='11779'/>
126.221: [GC (CMS Final Remark) [YG occupancy: 10011 K (30720 K)]126.221: [Rescan (parallel) , 0.0042055 secs]126.225: [weak refs processing, 0.0019460 secs]126.227: [class unloading, 0.0175023 secs]126.245: [scrub symbol table, 0.0117713 secs]126.257: [scrub string table, 0.0010703 secs][1 CMS-remark: 66378K(68288K)] 76390K(99008K), 0.0368097 secs] [Times: user=0.05 sys=0.00, real=0.04 secs] 
<writer thread='11267'/>
126.258: [CMS-concurrent-sweep-start]
<writer thread='11779'/>
126.304: [GC (Allocation Failure) 126.304: [ParNew: 30719K-&gt;3392K(30720K), 0.0103505 secs] 82138K-&gt;57585K(99008K), 0.0105589 secs] [Times: user=0.02 sys=0.00, real=0.01 secs] 
<writer thread='11267'/>
126.324: [CMS-concurrent-sweep: 0.054/0.065 secs] [Times: user=0.19 sys=0.03, real=0.07 secs] 
126.324: [CMS-concurrent-reset-start]
126.324: [CMS-concurrent-reset: 0.000/0.000 secs] [Times: user=0.00 sys=0.00, real=0.00 secs] 
<writer thread='11779'/>
126.364: [GC (Allocation Failure) 126.364: [ParNew: 30720K-&gt;3392K(30720K), 0.0105282 secs] 80632K-&gt;55828K(99008K), 0.0107297 secs] [Times: user=0.02 sys=0.00, real=0.01 secs] 
126.376: [GC (CMS Initial Mark) [1 CMS-initial-mark: 52436K(68288K)] 56088K(99008K), 0.0029131 secs] [Times: user=0.01 sys=0.00, real=0.00 secs] 
<writer thread='11267'/>
126.379: [CMS-concurrent-mark-start]
<writer thread='11779'/>
126.426: [GC (Allocation Failure) 126.426: [ParNew: 30720K-&gt;3392K(30720K), 0.0128764 secs] 83156K-&gt;58798K(99008K), 0.0131301 secs] [Times: user=0.02 sys=0.00, real=0.01 secs] 
126.487: [GC (Allocation Failure) 126.487: [ParNew: 30720K-&gt;3392K(30720K), 0.0110704 secs] 86126K-&gt;61977K(99008K), 0.0113176 secs] [Times: user=0.02 sys=0.00, real=0.01 secs] 
126.554: [GC (Allocation Failure) 126.554: [ParNew: 30720K-&gt;3392K(30720K), 0.0141218 secs] 89305K-&gt;65368K(99008K), 0.0144143 secs] [Times: user=0.02 sys=0.00, real=0.01 secs] 
126.619: [GC (Allocation Failure) 126.619: [ParNew: 30720K-&gt;3391K(30720K), 0.0120420 secs] 92696K-&gt;67456K(99008K), 0.0122437 secs] [Times: user=0.02 sys=0.00, real=0.01 secs] 
126.679: [GC (Allocation Failure) 126.679: [ParNew: 30719K-&gt;3391K(30720K), 0.0127160 secs] 94784K-&gt;69858K(99008K), 0.0129960 secs] [Times: user=0.02 sys=0.00, real=0.02 secs] 
126.743: [GC (Allocation Failure) 126.743: [ParNew: 30719K-&gt;30719K(30720K), 0.0000574 secs]126.743: [CMS
<writer thread='11267'/>
126.757: [CMS-concurrent-mark: 0.304/0.377 secs] [Times: user=1.08 sys=0.13, real=0.38 secs] 
<writer thread='11779'/>
 (concurrent mode failure): 66466K-&gt;45817K(68288K), 0.2277434 secs] 97186K-&gt;45817K(99008K), [Metaspace: 60953K-&gt;60953K(1105920K)], 0.2280550 secs] [Times: user=0.23 sys=0.00, real=0.22 secs] 
127.029: [GC (Allocation Failure) 127.030: [ParNew: 27319K-&gt;3391K(30720K), 0.0117355 secs] 73136K-&gt;51371K(99008K), 0.0119592 secs] [Times: user=0.02 sys=0.00, real=0.01 secs] 
127.091: [GC (Allocation Failure) 127.091: [ParNew: 30719K-&gt;3392K(30720K), 0.0112817 secs] 78699K-&gt;54805K(99008K), 0.0114902 secs] [Times: user=0.02 sys=0.00, real=0.02 secs] 
127.149: [GC (Allocation Failure) 127.150: [ParNew: 30720K-&gt;3391K(30720K), 0.0097468 secs] 82133K-&gt;57250K(99008K), 0.0099530 secs] [Times: user=0.02 sys=0.00, real=0.01 secs] 
127.161: [GC (CMS Initial Mark) [1 CMS-initial-mark: 53858K(68288K)] 57525K(99008K), 0.0026077 secs] [Times: user=0.01 sys=0.00, real=0.01 secs] 
<writer thread='11267'/>
127.163: [CMS-concurrent-mark-start]
<writer thread='11779'/>
127.220: [GC (Allocation Failure) 127.220: [ParNew: 30719K-&gt;3392K(30720K), 0.0118505 secs] 84578K-&gt;60057K(99008K), 0.0120320 secs] [Times: user=0.02 sys=0.00, real=0.02 secs] 
<writer thread='11267'/>
127.284: [CMS-concurrent-mark: 0.108/0.121 secs] [Times: user=0.38 sys=0.03, real=0.12 secs] 
127.284: [CMS-concurrent-preclean-start]
127.287: [CMS-concurrent-preclean: 0.002/0.002 secs] [Times: user=0.00 sys=0.01, real=0.00 secs] 
127.288: [CMS-concurrent-abortable-preclean-start]
<writer thread='11779'/>
127.293: [GC (Allocation Failure) 127.293: [ParNew: 30720K-&gt;3392K(30720K), 0.0144746 secs] 87385K-&gt;62751K(99008K), 0.0147440 secs] [Times: user=0.03 sys=0.00, real=0.01 secs] 
<writer thread='11267'/>
127.342: [CMS-concurrent-abortable-preclean: 0.038/0.054 secs] [Times: user=0.14 sys=0.01, real=0.06 secs] 
<writer thread='11779'/>
127.343: [GC (CMS Final Remark) [YG occupancy: 19533 K (30720 K)]127.343: [Rescan (parallel) , 0.0063671 secs]127.349: [weak refs processing, 0.0006157 secs]127.350: [class unloading, 0.0153909 secs]127.365: [scrub symbol table, 0.0111720 secs]127.377: [scrub string table, 0.0010877 secs][1 CMS-remark: 59359K(68288K)] 78893K(99008K), 0.0349558 secs] [Times: user=0.05 sys=0.00, real=0.03 secs] 
<writer thread='11267'/>
127.378: [CMS-concurrent-sweep-start]
<writer thread='11779'/>
127.404: [GC (Allocation Failure) 127.404: [ParNew: 30720K-&gt;3392K(30720K), 0.0111466 secs] 90079K-&gt;65100K(99008K), 0.0114049 secs] [Times: user=0.02 sys=0.00, real=0.01 secs] 
<writer thread='11267'/>
127.457: [CMS-concurrent-sweep: 0.066/0.078 secs] [Times: user=0.22 sys=0.03, real=0.08 secs] 
127.459: [CMS-concurrent-reset-start]
127.459: [CMS-concurrent-reset: 0.000/0.000 secs] [Times: user=0.00 sys=0.00, real=0.00 secs] 
<writer thread='11779'/>
127.474: [GC (Allocation Failure) 127.474: [ParNew: 30720K-&gt;3392K(30720K), 0.0102502 secs] 75476K-&gt;50671K(99008K), 0.0104966 secs] [Times: user=0.01 sys=0.00, real=0.01 secs] 
127.535: [GC (Allocation Failure) 127.535: [ParNew: 30720K-&gt;3392K(30720K), 0.0103183 secs] 77999K-&gt;53352K(99008K), 0.0106091 secs] [Times: user=0.02 sys=0.01, real=0.01 secs] 
127.547: [GC (CMS Initial Mark) [1 CMS-initial-mark: 49960K(68288K)] 53697K(99008K), 0.0027649 secs] [Times: user=0.01 sys=0.00, real=0.00 secs] 
<writer thread='11267'/>
127.550: [CMS-concurrent-mark-start]
<writer thread='11779'/>
127.609: [GC (Allocation Failure) 127.609: [ParNew: 30720K-&gt;3392K(30720K), 0.0120563 secs] 80680K-&gt;56174K(99008K), 0.0123141 secs] [Times: user=0.03 sys=0.00, real=0.01 secs] 
127.676: [GC (Allocation Failure) 127.677: [ParNew: 30720K-&gt;3392K(30720K), 0.0115026 secs] 83502K-&gt;58525K(99008K), 0.0117574 secs] [Times: user=0.02 sys=0.00, real=0.01 secs] 
<writer thread='11267'/>
127.745: [CMS-concurrent-mark: 0.168/0.195 secs] [Times: user=0.58 sys=0.07, real=0.20 secs] 
<writer thread='11779'/>
127.747: [GC (Allocation Failure) 127.747: [ParNew: 30720K-&gt;3391K(30720K), 0.0122854 secs] 85853K-&gt;61632K(99008K), 0.0125068 secs] [Times: user=0.02 sys=0.00, real=0.01 secs] 
<writer thread='11267'/>
127.760: [CMS-concurrent-preclean-start]
127.771: [CMS-concurrent-preclean: 0.011/0.011 secs] [Times: user=0.04 sys=0.01, real=0.01 secs] 
127.771: [CMS-concurrent-abortable-preclean-start]
127.793: [CMS-concurrent-abortable-preclean: 0.022/0.022 secs] [Times: user=0.07 sys=0.00, real=0.03 secs] 
<writer thread='11779'/>
127.794: [GC (CMS Final Remark) [YG occupancy: 19543 K (30720 K)]127.795: [Rescan (parallel) , 0.0081128 secs]127.803: [weak refs processing, 0.0015528 secs]127.804: [class unloading, 0.0164919 secs]127.821: [scrub symbol table, 0.0126534 secs]127.834: [scrub string table, 0.0010522 secs][1 CMS-remark: 58240K(68288K)] 77784K(99008K), 0.0402029 secs] [Times: user=0.06 sys=0.01, real=0.04 secs] 
<writer thread='11267'/>
127.835: [CMS-concurrent-sweep-start]
<writer thread='11779'/>
127.860: [GC (Allocation Failure) 127.861: [ParNew: 30719K-&gt;3392K(30720K), 0.0131010 secs] 88960K-&gt;64088K(99008K), 0.0133672 secs] [Times: user=0.02 sys=0.00, real=0.02 secs] 
<writer thread='11267'/>
127.902: [CMS-concurrent-sweep: 0.052/0.067 secs] [Times: user=0.19 sys=0.02, real=0.07 secs] 
127.902: [CMS-concurrent-reset-start]
127.902: [CMS-concurrent-reset: 0.000/0.000 secs] [Times: user=0.01 sys=0.00, real=0.00 secs] 
<writer thread='11779'/>
127.930: [GC (Allocation Failure) 127.930: [ParNew: 30671K-&gt;3392K(30720K), 0.0104972 secs] 79360K-&gt;54981K(99008K), 0.0106961 secs] [Times: user=0.02 sys=0.00, real=0.01 secs] 
127.942: [GC (CMS Initial Mark) [1 CMS-initial-mark: 51589K(68288K)] 55338K(99008K), 0.0025420 secs] [Times: user=0.01 sys=0.00, real=0.00 secs] 
<writer thread='11267'/>
127.945: [CMS-concurrent-mark-start]
<writer thread='11779'/>
128.011: [GC (Allocation Failure) 128.011: [ParNew: 30720K-&gt;3391K(30720K), 0.0104203 secs] 82309K-&gt;57702K(99008K), 0.0106814 secs] [Times: user=0.02 sys=0.00, real=0.01 secs] 
<writer thread='11267'/>
128.075: [CMS-concurrent-mark: 0.119/0.131 secs] [Times: user=0.37 sys=0.05, real=0.13 secs] 
128.076: [CMS-concurrent-preclean-start]
128.078: [CMS-concurrent-preclean: 0.002/0.002 secs] [Times: user=0.00 sys=0.00, real=0.00 secs] 
128.079: [CMS-concurrent-abortable-preclean-start]
<writer thread='11779'/>
128.090: [GC (Allocation Failure) 128.090: [ParNew: 30719K-&gt;3392K(30720K), 0.0105153 secs] 85030K-&gt;59750K(99008K), 0.0107603 secs] [Times: user=0.02 sys=0.00, real=0.01 secs] 
<writer thread='3079'/>
Heap
 par new generation   total 30720K, used 6949K [0x00000007b9c00000, 0x00000007bbd50000, 0x00000007bbd50000)
  eden space 27328K,  13% used [0x00000007b9c00000, 0x00000007b9f79498, 0x00000007bb6b0000)
  from space 3392K, 100% used [0x00000007bb6b0000, 0x00000007bba00000, 0x00000007bba00000)
  to   space 3392K,   0% used [0x00000007bba00000, 0x00000007bba00000, 0x00000007bbd50000)
 concurrent mark-sweep generation total 68288K, used 56358K [0x00000007bbd50000, 0x00000007c0000000, 0x00000007c0000000)
 Metaspace       used 60965K, capacity 63570K, committed 65536K, reserved 1105920K
  class space    used 7165K, capacity 7829K, committed 8192K, reserved 1048576K
<tty_done stamp='128.849'/>
</tty>
<hotspot_log_done stamp='128.849'/>
</hotspot_log>
